2025-12-04 16:04:38,558 - rf_experiment - INFO - Starting experiment: radioml2018_iqgrid_hrm_dcll_small_1
2025-12-04 16:04:38,558 - rf_experiment - INFO - Run name: radioml2018_iqgrid_hrm_dcll_small_1_20251204_160438
2025-12-04 16:04:38,558 - rf_experiment - INFO - Config file: configs/radioml2018_iqgrid_hrm_dcll_small_1.yaml
2025-12-04 16:04:38,558 - rf_experiment - INFO - Saved resolved config to: results/radioml2018_iqgrid_hrm_dcll_small_1_20251204_160438/config.yaml
2025-12-04 16:04:38,558 - rf_experiment - INFO - Run directory: results/radioml2018_iqgrid_hrm_dcll_small_1_20251204_160438
2025-12-04 16:04:38,558 - rf_experiment - INFO - Using device: cpu
2025-12-04 16:04:38,558 - rf_experiment - INFO - Torch version: 2.9.0
2025-12-04 16:04:38,558 - rf_experiment - INFO - Dataset config: {'path': 'data/GOLD_XYZ_OSC.0001_1024.hdf5', 'name': 'radioml2018_structured', 'frames_per_combo': 16, 'mods_to_use': [3, 4], 'snrs_to_use': [0, 10], 'train_frac': 0.8, 'val_frac': 0.1, 'test_frac': 0.1, 'shuffle': True, 'num_workers': 0}
2025-12-04 16:04:38,559 - rf_experiment - INFO - Encoding config: {'type': 'iq_grid', 'params': {'grid_size': 16, 'subsample': 4}}
2025-12-04 16:04:38,559 - rf_experiment - INFO - Total logical dataset size: 64 samples
2025-12-04 16:04:38,559 - rf_experiment - INFO - Num classes (from dataset): 2
2025-12-04 16:04:38,559 - rf_experiment - INFO - Splits: train=51, val=6, test=7
2025-12-04 16:04:38,559 - rf_experiment - INFO - Dataloader: batch_size=16, num_workers=0
2025-12-04 16:04:38,559 - rf_experiment - INFO - Building model: {'type': 'hrm_rf', 'params': {'input_channels': 1, 'grid_size': 16, 'low_dim': 128, 'high_dim': 128, 'num_cycles': 4, 'dropout': 0.1, 'agg': 'mean', 'num_classes': 2}}
2025-12-04 16:04:38,559 - rf_experiment - INFO - Building model with num_classes=2
2025-12-04 16:04:38,560 - rf_experiment - INFO - Building trainer: {'trainer': 'bptt', 'loss': 'cross_entropy', 'optimizer': 'adam', 'lr': 0.001, 'batch_size': 16, 'epochs': 10, 'max_time_steps': 256, 'grad_clip': 1.0, 'device': 'cpu'}
2025-12-04 16:04:39,087 - rf_experiment - INFO - Starting training loop...
2025-12-04 16:04:39,087 - rf_experiment - INFO - [epoch 1/10] training...
2025-12-04 16:04:39,834 - rf_experiment - INFO - [epoch 1] train_loss=0.7039, train_acc=0.5098
2025-12-04 16:04:39,859 - rf_experiment - INFO - [epoch 1] val_loss=0.6791, val_acc=0.6667
2025-12-04 16:04:39,859 - rf_experiment - INFO - [epoch 2/10] training...
2025-12-04 16:04:40,564 - rf_experiment - INFO - [epoch 2] train_loss=0.6853, train_acc=0.5686
2025-12-04 16:04:40,589 - rf_experiment - INFO - [epoch 2] val_loss=0.6967, val_acc=0.5000
2025-12-04 16:04:40,589 - rf_experiment - INFO - [epoch 3/10] training...
2025-12-04 16:04:41,304 - rf_experiment - INFO - [epoch 3] train_loss=0.6810, train_acc=0.5686
2025-12-04 16:04:41,329 - rf_experiment - INFO - [epoch 3] val_loss=0.7081, val_acc=0.3333
2025-12-04 16:04:41,329 - rf_experiment - INFO - [epoch 4/10] training...
2025-12-04 16:04:42,049 - rf_experiment - INFO - [epoch 4] train_loss=0.6740, train_acc=0.6078
2025-12-04 16:04:42,074 - rf_experiment - INFO - [epoch 4] val_loss=0.7046, val_acc=0.3333
2025-12-04 16:04:42,074 - rf_experiment - INFO - [epoch 5/10] training...
2025-12-04 16:04:42,815 - rf_experiment - INFO - [epoch 5] train_loss=0.6664, train_acc=0.7451
2025-12-04 16:04:42,839 - rf_experiment - INFO - [epoch 5] val_loss=0.7066, val_acc=0.3333
2025-12-04 16:04:42,839 - rf_experiment - INFO - [epoch 6/10] training...
2025-12-04 16:04:43,552 - rf_experiment - INFO - [epoch 6] train_loss=0.6538, train_acc=0.9608
2025-12-04 16:04:43,576 - rf_experiment - INFO - [epoch 6] val_loss=0.6994, val_acc=0.5000
2025-12-04 16:04:43,576 - rf_experiment - INFO - [epoch 7/10] training...
2025-12-04 16:04:44,302 - rf_experiment - INFO - [epoch 7] train_loss=0.6377, train_acc=1.0000
2025-12-04 16:04:44,327 - rf_experiment - INFO - [epoch 7] val_loss=0.7134, val_acc=0.3333
2025-12-04 16:04:44,327 - rf_experiment - INFO - [epoch 8/10] training...
2025-12-04 16:04:45,065 - rf_experiment - INFO - [epoch 8] train_loss=0.6173, train_acc=0.9804
2025-12-04 16:04:45,089 - rf_experiment - INFO - [epoch 8] val_loss=0.7276, val_acc=0.1667
2025-12-04 16:04:45,089 - rf_experiment - INFO - [epoch 9/10] training...
2025-12-04 16:04:45,817 - rf_experiment - INFO - [epoch 9] train_loss=0.5718, train_acc=1.0000
2025-12-04 16:04:45,841 - rf_experiment - INFO - [epoch 9] val_loss=0.7078, val_acc=0.6667
2025-12-04 16:04:45,841 - rf_experiment - INFO - [epoch 10/10] training...
2025-12-04 16:04:46,577 - rf_experiment - INFO - [epoch 10] train_loss=0.4801, train_acc=0.7843
2025-12-04 16:04:46,602 - rf_experiment - INFO - [epoch 10] val_loss=1.2386, val_acc=0.3333
2025-12-04 16:04:46,602 - rf_experiment - INFO - Evaluating on test set...
2025-12-04 16:04:46,628 - rf_experiment - INFO - Saved metrics to results/radioml2018_iqgrid_hrm_dcll_small_1_20251204_160438/metrics.json
2025-12-04 16:04:46,630 - rf_experiment - INFO - Finished experiment: radioml2018_iqgrid_hrm_dcll_small_1
2025-12-04 16:04:46,630 - rf_experiment - INFO - Best val metrics: {'loss': 0.6790816187858582, 'acc': 0.6666666666666666, 'per_snr_acc': {0: 0.6666666666666666, 10: 0.6666666666666666}}
2025-12-04 16:04:46,630 - rf_experiment - INFO - Test metrics: {'loss': 0.6106857657432556, 'acc': 0.7142857142857143, 'per_snr_acc': {0: 1.0, 10: 0.5}}
