2025-12-02 13:23:31,943 - rf_experiment - INFO - Starting experiment: radioml2018_iqgrid_conv2d_dcll_small
2025-12-02 13:23:31,943 - rf_experiment - INFO - Run name: radioml2018_iqgrid_conv2d_dcll_small_20251202_132331
2025-12-02 13:23:31,943 - rf_experiment - INFO - Config file: configs/radioml2018_iqgrid_conv2d_dcll_small_2_tf_events.yaml
2025-12-02 13:23:31,943 - rf_experiment - INFO - Saved resolved config to: results/radioml2018_iqgrid_conv2d_dcll_small_20251202_132331/config.yaml
2025-12-02 13:23:31,943 - rf_experiment - INFO - Run directory: results/radioml2018_iqgrid_conv2d_dcll_small_20251202_132331
2025-12-02 13:23:31,943 - rf_experiment - INFO - Using device: cpu
2025-12-02 13:23:31,943 - rf_experiment - INFO - Torch version: 2.9.0
2025-12-02 13:23:31,943 - rf_experiment - INFO - Dataset config: {'path': 'data/GOLD_XYZ_OSC.0001_1024.hdf5', 'name': 'radioml2018_structured', 'frames_per_combo': 1024, 'mods_to_use': [3, 4], 'snrs_to_use': [-4, 0, 4, 8, 12], 'train_frac': 0.8, 'val_frac': 0.1, 'test_frac': 0.1, 'shuffle': True, 'num_workers': 0}
2025-12-02 13:23:31,943 - rf_experiment - INFO - Encoding config: {'type': 'tf_events', 'params': {'grid_size': 8, 'subsample': 4}}
2025-12-02 13:23:31,944 - rf_experiment - INFO - Total logical dataset size: 10240 samples
2025-12-02 13:23:31,944 - rf_experiment - INFO - Splits: train=8192, val=1024, test=1024
2025-12-02 13:23:31,944 - rf_experiment - INFO - Dataloader: batch_size=16, num_workers=0
2025-12-02 13:23:31,944 - rf_experiment - INFO - Building model: {'type': 'conv2d_snn', 'params': {'input_channels': 1, 'conv_channels': [32, 64], 'kernel_sizes': [3, 3], 'grid_size': 16, 'lif_beta': 0.9, 'num_classes': 24, 'dropout': 0.1, 'pool': True}}
2025-12-02 13:23:31,945 - rf_experiment - INFO - Building trainer: {'trainer': 'dcll', 'loss': 'cross_entropy', 'optimizer': 'adam', 'lr': 0.001, 'batch_size': 16, 'epochs': 3, 'max_time_steps': 256, 'grad_clip': 1.0, 'device': 'cpu'}
2025-12-02 13:23:32,268 - rf_experiment - INFO - Starting training loop...
2025-12-02 13:23:32,268 - rf_experiment - INFO - [epoch 1/3] training...
2025-12-02 13:23:43,783 - rf_experiment - INFO - [epoch 1] train_loss=0.7556, train_acc=0.4952
2025-12-02 13:23:44,332 - rf_experiment - INFO - [epoch 1] val_loss=0.7499, val_acc=0.4795
2025-12-02 13:23:44,332 - rf_experiment - INFO - [epoch 2/3] training...
2025-12-02 13:23:56,113 - rf_experiment - INFO - [epoch 2] train_loss=0.6922, train_acc=0.5438
2025-12-02 13:23:56,700 - rf_experiment - INFO - [epoch 2] val_loss=0.6565, val_acc=0.5986
2025-12-02 13:23:56,700 - rf_experiment - INFO - [epoch 3/3] training...
2025-12-02 13:24:08,434 - rf_experiment - INFO - [epoch 3] train_loss=0.6657, train_acc=0.5933
2025-12-02 13:24:09,010 - rf_experiment - INFO - [epoch 3] val_loss=0.6390, val_acc=0.6309
2025-12-02 13:24:09,010 - rf_experiment - INFO - Evaluating on test set...
2025-12-02 13:24:09,588 - rf_experiment - INFO - Saved metrics to results/radioml2018_iqgrid_conv2d_dcll_small_20251202_132331/metrics.json
2025-12-02 13:24:09,588 - rf_experiment - INFO - Finished experiment: radioml2018_iqgrid_conv2d_dcll_small
2025-12-02 13:24:09,588 - rf_experiment - INFO - Best val metrics: {'loss': 0.6390215223655105, 'acc': 0.630859375, 'per_snr_acc': {4: 0.6915887850467289, 8: 0.7150537634408602, 0: 0.5643564356435643, -4: 0.49107142857142855, 12: 0.7121212121212122}}
2025-12-02 13:24:09,588 - rf_experiment - INFO - Test metrics: {'loss': 0.6439034971408546, 'acc': 0.6376953125, 'per_snr_acc': {0: 0.6134020618556701, -4: 0.5797872340425532, 12: 0.6555023923444976, 8: 0.711340206185567, 4: 0.6276150627615062}}
