2025-12-04 12:48:19,442 - rf_experiment - INFO - Starting experiment: radioml2018_iqgrid_conv2d_dcll_small
2025-12-04 12:48:19,442 - rf_experiment - INFO - Run name: radioml2018_iqgrid_conv2d_dcll_small_20251204_124819
2025-12-04 12:48:19,442 - rf_experiment - INFO - Config file: configs/radioml2018_iqgrid_lsm_dcll_small_2_tf_events.yaml
2025-12-04 12:48:19,442 - rf_experiment - INFO - Saved resolved config to: results/radioml2018_iqgrid_conv2d_dcll_small_20251204_124819/config.yaml
2025-12-04 12:48:19,442 - rf_experiment - INFO - Run directory: results/radioml2018_iqgrid_conv2d_dcll_small_20251204_124819
2025-12-04 12:48:19,442 - rf_experiment - INFO - Using device: cpu
2025-12-04 12:48:19,442 - rf_experiment - INFO - Torch version: 2.9.0
2025-12-04 12:48:19,442 - rf_experiment - INFO - Dataset config: {'path': 'data/GOLD_XYZ_OSC.0001_1024.hdf5', 'name': 'radioml2018_structured', 'frames_per_combo': 4096, 'mods_to_use': [1, 2, 3, 4, 5, 6, 7, 8, 9, 10, 11, 12, 13], 'snrs_to_use': [-4, 0, 4, 8, 12], 'train_frac': 0.8, 'val_frac': 0.1, 'test_frac': 0.1, 'shuffle': True, 'num_workers': 0}
2025-12-04 12:48:19,442 - rf_experiment - INFO - Encoding config: {'type': 'tf_events', 'params': {'grid_size': 16, 'subsample': 1}}
2025-12-04 12:48:19,444 - rf_experiment - INFO - Total logical dataset size: 266240 samples
2025-12-04 12:48:19,444 - rf_experiment - INFO - Num classes (from dataset): 13
2025-12-04 12:48:19,444 - rf_experiment - INFO - Splits: train=212992, val=26624, test=26624
2025-12-04 12:48:19,448 - rf_experiment - INFO - Dataloader: batch_size=16, num_workers=0
2025-12-04 12:48:19,448 - rf_experiment - INFO - Building model: {'type': 'lsm', 'params': {'reservoir_size': 512, 'leak': 0.9, 'spectral_radius': 0.9, 'input_scaling': 1.0, 'sparsity': 0.1, 'train_reservoir': False, 'readout_agg': 'mean', 'num_classes': 13}}
2025-12-04 12:48:19,448 - rf_experiment - INFO - Building model with num_classes=13
2025-12-04 12:48:19,448 - rf_experiment - INFO - Building trainer: {'trainer': 'dcll', 'loss': 'cross_entropy', 'optimizer': 'adam', 'lr': 0.001, 'batch_size': 16, 'epochs': 3, 'max_time_steps': 256, 'grad_clip': 1.0, 'device': 'cpu'}
2025-12-04 12:48:19,918 - rf_experiment - INFO - Starting training loop...
2025-12-04 12:48:19,918 - rf_experiment - INFO - [epoch 1/3] training...
2025-12-04 12:48:20,690 - rf_experiment - INFO - [epoch 1/3] batch 50/13312 loss=2.6310
2025-12-04 12:48:21,421 - rf_experiment - INFO - [epoch 1/3] batch 100/13312 loss=2.4810
2025-12-04 12:48:22,167 - rf_experiment - INFO - [epoch 1/3] batch 150/13312 loss=2.5610
2025-12-04 12:48:22,937 - rf_experiment - INFO - [epoch 1/3] batch 200/13312 loss=2.6639
2025-12-04 12:48:23,697 - rf_experiment - INFO - [epoch 1/3] batch 250/13312 loss=2.4281
2025-12-04 12:48:24,428 - rf_experiment - INFO - [epoch 1/3] batch 300/13312 loss=2.3037
2025-12-04 12:48:25,215 - rf_experiment - INFO - [epoch 1/3] batch 350/13312 loss=2.4845
2025-12-04 12:48:26,004 - rf_experiment - INFO - [epoch 1/3] batch 400/13312 loss=2.6468
2025-12-04 12:48:26,732 - rf_experiment - INFO - [epoch 1/3] batch 450/13312 loss=2.7310
2025-12-04 12:48:27,447 - rf_experiment - INFO - [epoch 1/3] batch 500/13312 loss=2.4809
2025-12-04 12:48:28,167 - rf_experiment - INFO - [epoch 1/3] batch 550/13312 loss=2.4608
2025-12-04 12:48:28,871 - rf_experiment - INFO - [epoch 1/3] batch 600/13312 loss=2.1589
2025-12-04 12:48:29,580 - rf_experiment - INFO - [epoch 1/3] batch 650/13312 loss=2.3582
2025-12-04 12:48:30,300 - rf_experiment - INFO - [epoch 1/3] batch 700/13312 loss=2.5316
2025-12-04 12:48:31,026 - rf_experiment - INFO - [epoch 1/3] batch 750/13312 loss=2.4118
2025-12-04 12:48:31,757 - rf_experiment - INFO - [epoch 1/3] batch 800/13312 loss=2.4103
2025-12-04 12:48:32,526 - rf_experiment - INFO - [epoch 1/3] batch 850/13312 loss=2.6113
2025-12-04 12:48:33,276 - rf_experiment - INFO - [epoch 1/3] batch 900/13312 loss=2.5893
2025-12-04 12:48:34,018 - rf_experiment - INFO - [epoch 1/3] batch 950/13312 loss=2.4751
2025-12-04 12:48:34,791 - rf_experiment - INFO - [epoch 1/3] batch 1000/13312 loss=2.2760
2025-12-04 12:48:35,524 - rf_experiment - INFO - [epoch 1/3] batch 1050/13312 loss=2.4798
2025-12-04 12:48:36,271 - rf_experiment - INFO - [epoch 1/3] batch 1100/13312 loss=2.5688
2025-12-04 12:48:37,025 - rf_experiment - INFO - [epoch 1/3] batch 1150/13312 loss=2.4568
2025-12-04 12:48:37,778 - rf_experiment - INFO - [epoch 1/3] batch 1200/13312 loss=2.4028
2025-12-04 12:48:38,581 - rf_experiment - INFO - [epoch 1/3] batch 1250/13312 loss=2.3420
2025-12-04 12:48:39,350 - rf_experiment - INFO - [epoch 1/3] batch 1300/13312 loss=2.5114
2025-12-04 12:48:40,127 - rf_experiment - INFO - [epoch 1/3] batch 1350/13312 loss=2.3270
2025-12-04 12:48:40,904 - rf_experiment - INFO - [epoch 1/3] batch 1400/13312 loss=2.0595
2025-12-04 12:48:41,660 - rf_experiment - INFO - [epoch 1/3] batch 1450/13312 loss=2.3075
2025-12-04 12:48:42,409 - rf_experiment - INFO - [epoch 1/3] batch 1500/13312 loss=2.4430
2025-12-04 12:48:43,148 - rf_experiment - INFO - [epoch 1/3] batch 1550/13312 loss=2.4373
2025-12-04 12:48:43,930 - rf_experiment - INFO - [epoch 1/3] batch 1600/13312 loss=2.4726
2025-12-04 12:48:44,714 - rf_experiment - INFO - [epoch 1/3] batch 1650/13312 loss=2.4436
2025-12-04 12:48:45,524 - rf_experiment - INFO - [epoch 1/3] batch 1700/13312 loss=2.2205
2025-12-04 12:48:46,304 - rf_experiment - INFO - [epoch 1/3] batch 1750/13312 loss=2.6524
2025-12-04 12:48:47,096 - rf_experiment - INFO - [epoch 1/3] batch 1800/13312 loss=2.4235
2025-12-04 12:48:47,884 - rf_experiment - INFO - [epoch 1/3] batch 1850/13312 loss=2.4848
2025-12-04 12:48:48,632 - rf_experiment - INFO - [epoch 1/3] batch 1900/13312 loss=2.5372
2025-12-04 12:48:49,464 - rf_experiment - INFO - [epoch 1/3] batch 1950/13312 loss=2.3138
2025-12-04 12:48:50,369 - rf_experiment - INFO - [epoch 1/3] batch 2000/13312 loss=2.2839
2025-12-04 12:48:51,177 - rf_experiment - INFO - [epoch 1/3] batch 2050/13312 loss=2.3991
2025-12-04 12:48:51,971 - rf_experiment - INFO - [epoch 1/3] batch 2100/13312 loss=2.3032
2025-12-04 12:48:52,740 - rf_experiment - INFO - [epoch 1/3] batch 2150/13312 loss=2.5645
2025-12-04 12:48:53,517 - rf_experiment - INFO - [epoch 1/3] batch 2200/13312 loss=2.4621
2025-12-04 12:48:54,298 - rf_experiment - INFO - [epoch 1/3] batch 2250/13312 loss=2.5220
2025-12-04 12:48:55,039 - rf_experiment - INFO - [epoch 1/3] batch 2300/13312 loss=2.1839
2025-12-04 12:48:55,795 - rf_experiment - INFO - [epoch 1/3] batch 2350/13312 loss=2.2566
2025-12-04 12:48:56,606 - rf_experiment - INFO - [epoch 1/3] batch 2400/13312 loss=2.3391
2025-12-04 12:48:57,455 - rf_experiment - INFO - [epoch 1/3] batch 2450/13312 loss=2.2627
2025-12-04 12:48:58,233 - rf_experiment - INFO - [epoch 1/3] batch 2500/13312 loss=2.3674
2025-12-04 12:48:59,002 - rf_experiment - INFO - [epoch 1/3] batch 2550/13312 loss=2.4978
2025-12-04 12:48:59,815 - rf_experiment - INFO - [epoch 1/3] batch 2600/13312 loss=2.2706
2025-12-04 12:49:00,612 - rf_experiment - INFO - [epoch 1/3] batch 2650/13312 loss=2.2476
2025-12-04 12:49:01,373 - rf_experiment - INFO - [epoch 1/3] batch 2700/13312 loss=2.4345
2025-12-04 12:49:02,128 - rf_experiment - INFO - [epoch 1/3] batch 2750/13312 loss=2.4357
2025-12-04 12:49:02,915 - rf_experiment - INFO - [epoch 1/3] batch 2800/13312 loss=2.5495
2025-12-04 12:49:03,762 - rf_experiment - INFO - [epoch 1/3] batch 2850/13312 loss=2.2772
2025-12-04 12:49:04,798 - rf_experiment - INFO - [epoch 1/3] batch 2900/13312 loss=2.2476
2025-12-04 12:49:05,621 - rf_experiment - INFO - [epoch 1/3] batch 2950/13312 loss=2.2755
2025-12-04 12:49:06,403 - rf_experiment - INFO - [epoch 1/3] batch 3000/13312 loss=2.1770
2025-12-04 12:49:07,193 - rf_experiment - INFO - [epoch 1/3] batch 3050/13312 loss=2.2666
2025-12-04 12:49:07,974 - rf_experiment - INFO - [epoch 1/3] batch 3100/13312 loss=2.2829
2025-12-04 12:49:08,719 - rf_experiment - INFO - [epoch 1/3] batch 3150/13312 loss=2.2406
2025-12-04 12:49:09,457 - rf_experiment - INFO - [epoch 1/3] batch 3200/13312 loss=2.5560
2025-12-04 12:49:10,209 - rf_experiment - INFO - [epoch 1/3] batch 3250/13312 loss=2.3193
2025-12-04 12:49:11,008 - rf_experiment - INFO - [epoch 1/3] batch 3300/13312 loss=2.3523
2025-12-04 12:49:11,780 - rf_experiment - INFO - [epoch 1/3] batch 3350/13312 loss=2.3198
2025-12-04 12:49:12,546 - rf_experiment - INFO - [epoch 1/3] batch 3400/13312 loss=2.4087
2025-12-04 12:49:13,307 - rf_experiment - INFO - [epoch 1/3] batch 3450/13312 loss=2.3939
2025-12-04 12:49:14,065 - rf_experiment - INFO - [epoch 1/3] batch 3500/13312 loss=2.4661
2025-12-04 12:49:14,825 - rf_experiment - INFO - [epoch 1/3] batch 3550/13312 loss=2.2136
2025-12-04 12:49:15,703 - rf_experiment - INFO - [epoch 1/3] batch 3600/13312 loss=2.3707
2025-12-04 12:49:16,520 - rf_experiment - INFO - [epoch 1/3] batch 3650/13312 loss=2.6345
2025-12-04 12:49:17,328 - rf_experiment - INFO - [epoch 1/3] batch 3700/13312 loss=2.2023
2025-12-04 12:49:18,134 - rf_experiment - INFO - [epoch 1/3] batch 3750/13312 loss=2.3544
2025-12-04 12:49:18,939 - rf_experiment - INFO - [epoch 1/3] batch 3800/13312 loss=2.4685
2025-12-04 12:49:19,774 - rf_experiment - INFO - [epoch 1/3] batch 3850/13312 loss=2.1712
2025-12-04 12:49:20,577 - rf_experiment - INFO - [epoch 1/3] batch 3900/13312 loss=2.4099
2025-12-04 12:49:21,345 - rf_experiment - INFO - [epoch 1/3] batch 3950/13312 loss=2.2638
2025-12-04 12:49:22,127 - rf_experiment - INFO - [epoch 1/3] batch 4000/13312 loss=2.5781
2025-12-04 12:49:22,847 - rf_experiment - INFO - [epoch 1/3] batch 4050/13312 loss=2.3877
2025-12-04 12:49:23,582 - rf_experiment - INFO - [epoch 1/3] batch 4100/13312 loss=2.4205
2025-12-04 12:49:24,304 - rf_experiment - INFO - [epoch 1/3] batch 4150/13312 loss=2.6644
2025-12-04 12:49:25,048 - rf_experiment - INFO - [epoch 1/3] batch 4200/13312 loss=2.3705
2025-12-04 12:49:25,823 - rf_experiment - INFO - [epoch 1/3] batch 4250/13312 loss=2.4704
2025-12-04 12:49:26,593 - rf_experiment - INFO - [epoch 1/3] batch 4300/13312 loss=2.5310
2025-12-04 12:49:27,432 - rf_experiment - INFO - [epoch 1/3] batch 4350/13312 loss=2.2904
2025-12-04 12:49:28,232 - rf_experiment - INFO - [epoch 1/3] batch 4400/13312 loss=2.4090
2025-12-04 12:49:29,033 - rf_experiment - INFO - [epoch 1/3] batch 4450/13312 loss=2.5444
2025-12-04 12:49:29,813 - rf_experiment - INFO - [epoch 1/3] batch 4500/13312 loss=2.4425
2025-12-04 12:49:30,629 - rf_experiment - INFO - [epoch 1/3] batch 4550/13312 loss=2.6105
2025-12-04 12:49:31,404 - rf_experiment - INFO - [epoch 1/3] batch 4600/13312 loss=2.3373
2025-12-04 12:49:32,165 - rf_experiment - INFO - [epoch 1/3] batch 4650/13312 loss=2.2328
2025-12-04 12:49:32,911 - rf_experiment - INFO - [epoch 1/3] batch 4700/13312 loss=2.4946
2025-12-04 12:49:33,705 - rf_experiment - INFO - [epoch 1/3] batch 4750/13312 loss=2.3891
2025-12-04 12:49:34,514 - rf_experiment - INFO - [epoch 1/3] batch 4800/13312 loss=2.2836
2025-12-04 12:49:35,292 - rf_experiment - INFO - [epoch 1/3] batch 4850/13312 loss=2.3983
2025-12-04 12:49:36,064 - rf_experiment - INFO - [epoch 1/3] batch 4900/13312 loss=2.4005
2025-12-04 12:49:36,837 - rf_experiment - INFO - [epoch 1/3] batch 4950/13312 loss=2.5446
2025-12-04 12:49:37,600 - rf_experiment - INFO - [epoch 1/3] batch 5000/13312 loss=2.2120
2025-12-04 12:49:38,347 - rf_experiment - INFO - [epoch 1/3] batch 5050/13312 loss=2.3580
2025-12-04 12:49:39,079 - rf_experiment - INFO - [epoch 1/3] batch 5100/13312 loss=2.3733
2025-12-04 12:49:39,802 - rf_experiment - INFO - [epoch 1/3] batch 5150/13312 loss=2.6145
2025-12-04 12:49:40,573 - rf_experiment - INFO - [epoch 1/3] batch 5200/13312 loss=2.3663
2025-12-04 12:49:41,366 - rf_experiment - INFO - [epoch 1/3] batch 5250/13312 loss=2.4809
2025-12-04 12:49:42,139 - rf_experiment - INFO - [epoch 1/3] batch 5300/13312 loss=2.4329
2025-12-04 12:49:42,932 - rf_experiment - INFO - [epoch 1/3] batch 5350/13312 loss=2.4301
2025-12-04 12:49:43,697 - rf_experiment - INFO - [epoch 1/3] batch 5400/13312 loss=2.2149
2025-12-04 12:49:44,441 - rf_experiment - INFO - [epoch 1/3] batch 5450/13312 loss=2.2257
2025-12-04 12:49:45,183 - rf_experiment - INFO - [epoch 1/3] batch 5500/13312 loss=2.4096
2025-12-04 12:49:45,929 - rf_experiment - INFO - [epoch 1/3] batch 5550/13312 loss=2.3132
2025-12-04 12:49:46,690 - rf_experiment - INFO - [epoch 1/3] batch 5600/13312 loss=2.2965
2025-12-04 12:49:47,455 - rf_experiment - INFO - [epoch 1/3] batch 5650/13312 loss=2.5251
2025-12-04 12:49:48,215 - rf_experiment - INFO - [epoch 1/3] batch 5700/13312 loss=2.1542
2025-12-04 12:49:48,944 - rf_experiment - INFO - [epoch 1/3] batch 5750/13312 loss=2.4386
2025-12-04 12:49:49,930 - rf_experiment - INFO - [epoch 1/3] batch 5800/13312 loss=2.3682
2025-12-04 12:49:50,686 - rf_experiment - INFO - [epoch 1/3] batch 5850/13312 loss=2.4420
2025-12-04 12:49:51,449 - rf_experiment - INFO - [epoch 1/3] batch 5900/13312 loss=2.4306
2025-12-04 12:49:52,168 - rf_experiment - INFO - [epoch 1/3] batch 5950/13312 loss=2.1818
2025-12-04 12:49:52,922 - rf_experiment - INFO - [epoch 1/3] batch 6000/13312 loss=2.1926
2025-12-04 12:49:53,717 - rf_experiment - INFO - [epoch 1/3] batch 6050/13312 loss=2.5059
2025-12-04 12:49:54,473 - rf_experiment - INFO - [epoch 1/3] batch 6100/13312 loss=2.4406
2025-12-04 12:49:55,227 - rf_experiment - INFO - [epoch 1/3] batch 6150/13312 loss=2.5141
2025-12-04 12:49:55,973 - rf_experiment - INFO - [epoch 1/3] batch 6200/13312 loss=2.5176
2025-12-04 12:49:56,759 - rf_experiment - INFO - [epoch 1/3] batch 6250/13312 loss=2.4716
2025-12-04 12:49:57,510 - rf_experiment - INFO - [epoch 1/3] batch 6300/13312 loss=2.5958
2025-12-04 12:49:58,253 - rf_experiment - INFO - [epoch 1/3] batch 6350/13312 loss=2.3300
2025-12-04 12:49:58,980 - rf_experiment - INFO - [epoch 1/3] batch 6400/13312 loss=2.3609
2025-12-04 12:49:59,756 - rf_experiment - INFO - [epoch 1/3] batch 6450/13312 loss=2.2847
2025-12-04 12:50:00,525 - rf_experiment - INFO - [epoch 1/3] batch 6500/13312 loss=2.3458
2025-12-04 12:50:01,294 - rf_experiment - INFO - [epoch 1/3] batch 6550/13312 loss=2.4303
2025-12-04 12:50:02,051 - rf_experiment - INFO - [epoch 1/3] batch 6600/13312 loss=2.3423
2025-12-04 12:50:02,800 - rf_experiment - INFO - [epoch 1/3] batch 6650/13312 loss=2.3361
2025-12-04 12:50:03,535 - rf_experiment - INFO - [epoch 1/3] batch 6700/13312 loss=2.1553
2025-12-04 12:50:04,271 - rf_experiment - INFO - [epoch 1/3] batch 6750/13312 loss=2.4859
2025-12-04 12:50:05,022 - rf_experiment - INFO - [epoch 1/3] batch 6800/13312 loss=2.4947
2025-12-04 12:50:05,843 - rf_experiment - INFO - [epoch 1/3] batch 6850/13312 loss=2.2913
2025-12-04 12:50:06,675 - rf_experiment - INFO - [epoch 1/3] batch 6900/13312 loss=2.6628
2025-12-04 12:50:07,468 - rf_experiment - INFO - [epoch 1/3] batch 6950/13312 loss=2.4609
2025-12-04 12:50:08,238 - rf_experiment - INFO - [epoch 1/3] batch 7000/13312 loss=2.3434
2025-12-04 12:50:08,997 - rf_experiment - INFO - [epoch 1/3] batch 7050/13312 loss=2.1889
2025-12-04 12:50:09,732 - rf_experiment - INFO - [epoch 1/3] batch 7100/13312 loss=2.3599
2025-12-04 12:50:10,450 - rf_experiment - INFO - [epoch 1/3] batch 7150/13312 loss=2.2361
2025-12-04 12:50:11,203 - rf_experiment - INFO - [epoch 1/3] batch 7200/13312 loss=2.4518
2025-12-04 12:50:11,932 - rf_experiment - INFO - [epoch 1/3] batch 7250/13312 loss=2.1061
2025-12-04 12:50:12,679 - rf_experiment - INFO - [epoch 1/3] batch 7300/13312 loss=2.5434
2025-12-04 12:50:13,418 - rf_experiment - INFO - [epoch 1/3] batch 7350/13312 loss=2.4155
2025-12-04 12:50:14,137 - rf_experiment - INFO - [epoch 1/3] batch 7400/13312 loss=2.5187
2025-12-04 12:50:14,869 - rf_experiment - INFO - [epoch 1/3] batch 7450/13312 loss=2.1051
2025-12-04 12:50:15,590 - rf_experiment - INFO - [epoch 1/3] batch 7500/13312 loss=2.4916
2025-12-04 12:50:16,307 - rf_experiment - INFO - [epoch 1/3] batch 7550/13312 loss=2.5616
2025-12-04 12:50:17,005 - rf_experiment - INFO - [epoch 1/3] batch 7600/13312 loss=2.4292
2025-12-04 12:50:17,699 - rf_experiment - INFO - [epoch 1/3] batch 7650/13312 loss=2.3879
2025-12-04 12:50:18,388 - rf_experiment - INFO - [epoch 1/3] batch 7700/13312 loss=2.4689
2025-12-04 12:50:19,057 - rf_experiment - INFO - [epoch 1/3] batch 7750/13312 loss=2.7664
2025-12-04 12:50:19,739 - rf_experiment - INFO - [epoch 1/3] batch 7800/13312 loss=1.9317
2025-12-04 12:50:20,406 - rf_experiment - INFO - [epoch 1/3] batch 7850/13312 loss=2.2753
2025-12-04 12:50:21,080 - rf_experiment - INFO - [epoch 1/3] batch 7900/13312 loss=2.2442
2025-12-04 12:50:21,764 - rf_experiment - INFO - [epoch 1/3] batch 7950/13312 loss=2.4099
2025-12-04 12:50:22,437 - rf_experiment - INFO - [epoch 1/3] batch 8000/13312 loss=2.5556
2025-12-04 12:50:23,102 - rf_experiment - INFO - [epoch 1/3] batch 8050/13312 loss=2.2811
2025-12-04 12:50:23,778 - rf_experiment - INFO - [epoch 1/3] batch 8100/13312 loss=2.3316
2025-12-04 12:50:24,412 - rf_experiment - INFO - [epoch 1/3] batch 8150/13312 loss=2.5518
2025-12-04 12:50:25,029 - rf_experiment - INFO - [epoch 1/3] batch 8200/13312 loss=2.3130
2025-12-04 12:50:25,635 - rf_experiment - INFO - [epoch 1/3] batch 8250/13312 loss=2.4195
2025-12-04 12:50:26,233 - rf_experiment - INFO - [epoch 1/3] batch 8300/13312 loss=2.3204
2025-12-04 12:50:26,835 - rf_experiment - INFO - [epoch 1/3] batch 8350/13312 loss=2.5526
2025-12-04 12:50:27,433 - rf_experiment - INFO - [epoch 1/3] batch 8400/13312 loss=2.5931
2025-12-04 12:50:28,022 - rf_experiment - INFO - [epoch 1/3] batch 8450/13312 loss=2.5073
2025-12-04 12:50:28,614 - rf_experiment - INFO - [epoch 1/3] batch 8500/13312 loss=2.3174
2025-12-04 12:50:29,205 - rf_experiment - INFO - [epoch 1/3] batch 8550/13312 loss=2.3304
2025-12-04 12:50:29,787 - rf_experiment - INFO - [epoch 1/3] batch 8600/13312 loss=2.1202
2025-12-04 12:50:30,369 - rf_experiment - INFO - [epoch 1/3] batch 8650/13312 loss=2.1330
2025-12-04 12:50:30,935 - rf_experiment - INFO - [epoch 1/3] batch 8700/13312 loss=2.4638
2025-12-04 12:50:31,508 - rf_experiment - INFO - [epoch 1/3] batch 8750/13312 loss=2.2892
2025-12-04 12:50:32,081 - rf_experiment - INFO - [epoch 1/3] batch 8800/13312 loss=2.4998
2025-12-04 12:50:32,670 - rf_experiment - INFO - [epoch 1/3] batch 8850/13312 loss=2.3662
2025-12-04 12:50:33,245 - rf_experiment - INFO - [epoch 1/3] batch 8900/13312 loss=2.4636
2025-12-04 12:50:33,818 - rf_experiment - INFO - [epoch 1/3] batch 8950/13312 loss=2.2954
2025-12-04 12:50:34,377 - rf_experiment - INFO - [epoch 1/3] batch 9000/13312 loss=2.4749
2025-12-04 12:50:34,935 - rf_experiment - INFO - [epoch 1/3] batch 9050/13312 loss=2.4713
2025-12-04 12:50:35,536 - rf_experiment - INFO - [epoch 1/3] batch 9100/13312 loss=2.2614
2025-12-04 12:50:36,105 - rf_experiment - INFO - [epoch 1/3] batch 9150/13312 loss=2.0537
2025-12-04 12:50:36,653 - rf_experiment - INFO - [epoch 1/3] batch 9200/13312 loss=2.4287
2025-12-04 12:50:37,199 - rf_experiment - INFO - [epoch 1/3] batch 9250/13312 loss=2.4593
2025-12-04 12:50:37,740 - rf_experiment - INFO - [epoch 1/3] batch 9300/13312 loss=2.3326
2025-12-04 12:50:38,276 - rf_experiment - INFO - [epoch 1/3] batch 9350/13312 loss=2.3811
2025-12-04 12:50:38,800 - rf_experiment - INFO - [epoch 1/3] batch 9400/13312 loss=2.4955
2025-12-04 12:50:39,319 - rf_experiment - INFO - [epoch 1/3] batch 9450/13312 loss=2.3938
2025-12-04 12:50:39,835 - rf_experiment - INFO - [epoch 1/3] batch 9500/13312 loss=2.4314
2025-12-04 12:50:40,372 - rf_experiment - INFO - [epoch 1/3] batch 9550/13312 loss=2.3845
2025-12-04 12:50:40,937 - rf_experiment - INFO - [epoch 1/3] batch 9600/13312 loss=2.5067
2025-12-04 12:50:41,505 - rf_experiment - INFO - [epoch 1/3] batch 9650/13312 loss=2.4173
2025-12-04 12:50:42,069 - rf_experiment - INFO - [epoch 1/3] batch 9700/13312 loss=2.2176
2025-12-04 12:50:42,639 - rf_experiment - INFO - [epoch 1/3] batch 9750/13312 loss=2.4921
2025-12-04 12:50:43,197 - rf_experiment - INFO - [epoch 1/3] batch 9800/13312 loss=2.2304
2025-12-04 12:50:43,744 - rf_experiment - INFO - [epoch 1/3] batch 9850/13312 loss=2.3724
2025-12-04 12:50:44,295 - rf_experiment - INFO - [epoch 1/3] batch 9900/13312 loss=2.2152
2025-12-04 12:50:44,817 - rf_experiment - INFO - [epoch 1/3] batch 9950/13312 loss=2.4076
2025-12-04 12:50:45,369 - rf_experiment - INFO - [epoch 1/3] batch 10000/13312 loss=2.4360
2025-12-04 12:50:45,914 - rf_experiment - INFO - [epoch 1/3] batch 10050/13312 loss=2.4163
2025-12-04 12:50:46,442 - rf_experiment - INFO - [epoch 1/3] batch 10100/13312 loss=2.5162
2025-12-04 12:50:46,994 - rf_experiment - INFO - [epoch 1/3] batch 10150/13312 loss=2.3163
2025-12-04 12:50:47,555 - rf_experiment - INFO - [epoch 1/3] batch 10200/13312 loss=2.3914
2025-12-04 12:50:48,100 - rf_experiment - INFO - [epoch 1/3] batch 10250/13312 loss=2.1024
2025-12-04 12:50:48,643 - rf_experiment - INFO - [epoch 1/3] batch 10300/13312 loss=2.3555
2025-12-04 12:50:49,200 - rf_experiment - INFO - [epoch 1/3] batch 10350/13312 loss=2.4405
2025-12-04 12:50:49,842 - rf_experiment - INFO - [epoch 1/3] batch 10400/13312 loss=2.2541
2025-12-04 12:50:50,488 - rf_experiment - INFO - [epoch 1/3] batch 10450/13312 loss=2.4532
2025-12-04 12:50:51,086 - rf_experiment - INFO - [epoch 1/3] batch 10500/13312 loss=2.4505
2025-12-04 12:50:51,710 - rf_experiment - INFO - [epoch 1/3] batch 10550/13312 loss=2.3029
2025-12-04 12:50:52,297 - rf_experiment - INFO - [epoch 1/3] batch 10600/13312 loss=2.5569
2025-12-04 12:50:52,881 - rf_experiment - INFO - [epoch 1/3] batch 10650/13312 loss=2.4282
2025-12-04 12:50:53,497 - rf_experiment - INFO - [epoch 1/3] batch 10700/13312 loss=2.5125
2025-12-04 12:50:54,110 - rf_experiment - INFO - [epoch 1/3] batch 10750/13312 loss=2.4229
2025-12-04 12:50:54,690 - rf_experiment - INFO - [epoch 1/3] batch 10800/13312 loss=2.4225
2025-12-04 12:50:55,255 - rf_experiment - INFO - [epoch 1/3] batch 10850/13312 loss=2.3170
2025-12-04 12:50:55,810 - rf_experiment - INFO - [epoch 1/3] batch 10900/13312 loss=2.4660
2025-12-04 12:50:56,463 - rf_experiment - INFO - [epoch 1/3] batch 10950/13312 loss=2.6582
2025-12-04 12:50:57,084 - rf_experiment - INFO - [epoch 1/3] batch 11000/13312 loss=2.4865
2025-12-04 12:50:57,739 - rf_experiment - INFO - [epoch 1/3] batch 11050/13312 loss=2.3742
2025-12-04 12:50:58,392 - rf_experiment - INFO - [epoch 1/3] batch 11100/13312 loss=2.4568
2025-12-04 12:50:59,089 - rf_experiment - INFO - [epoch 1/3] batch 11150/13312 loss=2.4052
2025-12-04 12:50:59,781 - rf_experiment - INFO - [epoch 1/3] batch 11200/13312 loss=2.3033
2025-12-04 12:51:00,485 - rf_experiment - INFO - [epoch 1/3] batch 11250/13312 loss=2.5102
2025-12-04 12:51:01,150 - rf_experiment - INFO - [epoch 1/3] batch 11300/13312 loss=2.4746
2025-12-04 12:51:01,809 - rf_experiment - INFO - [epoch 1/3] batch 11350/13312 loss=2.4150
2025-12-04 12:51:02,472 - rf_experiment - INFO - [epoch 1/3] batch 11400/13312 loss=2.5111
2025-12-04 12:51:03,116 - rf_experiment - INFO - [epoch 1/3] batch 11450/13312 loss=2.3363
2025-12-04 12:51:03,764 - rf_experiment - INFO - [epoch 1/3] batch 11500/13312 loss=2.4199
2025-12-04 12:51:04,401 - rf_experiment - INFO - [epoch 1/3] batch 11550/13312 loss=2.2580
2025-12-04 12:51:05,044 - rf_experiment - INFO - [epoch 1/3] batch 11600/13312 loss=2.4839
2025-12-04 12:51:05,736 - rf_experiment - INFO - [epoch 1/3] batch 11650/13312 loss=2.3802
2025-12-04 12:51:06,410 - rf_experiment - INFO - [epoch 1/3] batch 11700/13312 loss=2.4914
2025-12-04 12:51:07,066 - rf_experiment - INFO - [epoch 1/3] batch 11750/13312 loss=2.5367
2025-12-04 12:51:07,739 - rf_experiment - INFO - [epoch 1/3] batch 11800/13312 loss=2.3432
2025-12-04 12:51:08,390 - rf_experiment - INFO - [epoch 1/3] batch 11850/13312 loss=2.3449
2025-12-04 12:51:09,016 - rf_experiment - INFO - [epoch 1/3] batch 11900/13312 loss=2.5161
2025-12-04 12:51:09,652 - rf_experiment - INFO - [epoch 1/3] batch 11950/13312 loss=2.3920
2025-12-04 12:51:10,299 - rf_experiment - INFO - [epoch 1/3] batch 12000/13312 loss=2.1453
2025-12-04 12:51:10,951 - rf_experiment - INFO - [epoch 1/3] batch 12050/13312 loss=2.4554
2025-12-04 12:51:11,610 - rf_experiment - INFO - [epoch 1/3] batch 12100/13312 loss=2.2988
2025-12-04 12:51:12,284 - rf_experiment - INFO - [epoch 1/3] batch 12150/13312 loss=2.4993
2025-12-04 12:51:12,932 - rf_experiment - INFO - [epoch 1/3] batch 12200/13312 loss=2.3806
2025-12-04 12:51:13,583 - rf_experiment - INFO - [epoch 1/3] batch 12250/13312 loss=2.5656
2025-12-04 12:51:14,230 - rf_experiment - INFO - [epoch 1/3] batch 12300/13312 loss=2.5082
2025-12-04 12:51:14,860 - rf_experiment - INFO - [epoch 1/3] batch 12350/13312 loss=2.4817
2025-12-04 12:51:15,491 - rf_experiment - INFO - [epoch 1/3] batch 12400/13312 loss=2.5285
2025-12-04 12:51:16,121 - rf_experiment - INFO - [epoch 1/3] batch 12450/13312 loss=2.3377
2025-12-04 12:51:16,735 - rf_experiment - INFO - [epoch 1/3] batch 12500/13312 loss=2.1864
2025-12-04 12:51:17,369 - rf_experiment - INFO - [epoch 1/3] batch 12550/13312 loss=2.3616
2025-12-04 12:51:18,023 - rf_experiment - INFO - [epoch 1/3] batch 12600/13312 loss=2.7386
2025-12-04 12:51:18,660 - rf_experiment - INFO - [epoch 1/3] batch 12650/13312 loss=2.3829
2025-12-04 12:51:19,330 - rf_experiment - INFO - [epoch 1/3] batch 12700/13312 loss=2.3185
2025-12-04 12:51:19,999 - rf_experiment - INFO - [epoch 1/3] batch 12750/13312 loss=2.4052
2025-12-04 12:51:20,637 - rf_experiment - INFO - [epoch 1/3] batch 12800/13312 loss=2.4734
2025-12-04 12:51:21,261 - rf_experiment - INFO - [epoch 1/3] batch 12850/13312 loss=2.1681
2025-12-04 12:51:21,877 - rf_experiment - INFO - [epoch 1/3] batch 12900/13312 loss=2.5415
2025-12-04 12:51:22,492 - rf_experiment - INFO - [epoch 1/3] batch 12950/13312 loss=2.4190
2025-12-04 12:51:23,102 - rf_experiment - INFO - [epoch 1/3] batch 13000/13312 loss=2.4344
2025-12-04 12:51:23,809 - rf_experiment - INFO - [epoch 1/3] batch 13050/13312 loss=2.2010
2025-12-04 12:51:24,479 - rf_experiment - INFO - [epoch 1/3] batch 13100/13312 loss=2.3064
2025-12-04 12:51:25,143 - rf_experiment - INFO - [epoch 1/3] batch 13150/13312 loss=2.4279
2025-12-04 12:51:25,799 - rf_experiment - INFO - [epoch 1/3] batch 13200/13312 loss=2.3301
2025-12-04 12:51:26,455 - rf_experiment - INFO - [epoch 1/3] batch 13250/13312 loss=2.3887
2025-12-04 12:51:27,086 - rf_experiment - INFO - [epoch 1/3] batch 13300/13312 loss=2.2815
2025-12-04 12:51:27,245 - rf_experiment - INFO - [epoch 1] train_loss=2.3982, train_acc=0.1740
2025-12-04 12:51:27,245 - rf_experiment - INFO - [epoch 1] train_loss=2.3982, train_acc=0.1740
2025-12-04 12:51:47,030 - rf_experiment - INFO - [epoch 1] val_loss=2.2649, val_acc=0.1600
2025-12-04 12:51:47,031 - rf_experiment - INFO - [epoch 2/3] training...
2025-12-04 12:51:47,717 - rf_experiment - INFO - [epoch 2/3] batch 50/13312 loss=2.4670
2025-12-04 12:51:48,399 - rf_experiment - INFO - [epoch 2/3] batch 100/13312 loss=2.1897
2025-12-04 12:51:49,054 - rf_experiment - INFO - [epoch 2/3] batch 150/13312 loss=2.3100
2025-12-04 12:51:49,801 - rf_experiment - INFO - [epoch 2/3] batch 200/13312 loss=2.5510
2025-12-04 12:51:50,498 - rf_experiment - INFO - [epoch 2/3] batch 250/13312 loss=2.4727
2025-12-04 12:51:51,135 - rf_experiment - INFO - [epoch 2/3] batch 300/13312 loss=2.2958
2025-12-04 12:51:51,748 - rf_experiment - INFO - [epoch 2/3] batch 350/13312 loss=2.4577
2025-12-04 12:51:52,355 - rf_experiment - INFO - [epoch 2/3] batch 400/13312 loss=2.4841
2025-12-04 12:51:52,953 - rf_experiment - INFO - [epoch 2/3] batch 450/13312 loss=2.2152
2025-12-04 12:51:53,559 - rf_experiment - INFO - [epoch 2/3] batch 500/13312 loss=2.3413
2025-12-04 12:51:54,166 - rf_experiment - INFO - [epoch 2/3] batch 550/13312 loss=2.4066
2025-12-04 12:51:54,822 - rf_experiment - INFO - [epoch 2/3] batch 600/13312 loss=2.3940
2025-12-04 12:51:55,456 - rf_experiment - INFO - [epoch 2/3] batch 650/13312 loss=2.6092
2025-12-04 12:51:56,082 - rf_experiment - INFO - [epoch 2/3] batch 700/13312 loss=2.3221
2025-12-04 12:51:56,713 - rf_experiment - INFO - [epoch 2/3] batch 750/13312 loss=2.2636
2025-12-04 12:51:57,325 - rf_experiment - INFO - [epoch 2/3] batch 800/13312 loss=2.6039
2025-12-04 12:51:57,922 - rf_experiment - INFO - [epoch 2/3] batch 850/13312 loss=2.2886
2025-12-04 12:51:58,500 - rf_experiment - INFO - [epoch 2/3] batch 900/13312 loss=2.3464
2025-12-04 12:51:59,072 - rf_experiment - INFO - [epoch 2/3] batch 950/13312 loss=2.3484
2025-12-04 12:51:59,648 - rf_experiment - INFO - [epoch 2/3] batch 1000/13312 loss=2.3618
2025-12-04 12:52:00,240 - rf_experiment - INFO - [epoch 2/3] batch 1050/13312 loss=2.4526
2025-12-04 12:52:00,874 - rf_experiment - INFO - [epoch 2/3] batch 1100/13312 loss=2.3206
2025-12-04 12:52:01,504 - rf_experiment - INFO - [epoch 2/3] batch 1150/13312 loss=2.3379
2025-12-04 12:52:02,140 - rf_experiment - INFO - [epoch 2/3] batch 1200/13312 loss=2.3836
2025-12-04 12:52:02,744 - rf_experiment - INFO - [epoch 2/3] batch 1250/13312 loss=2.4605
2025-12-04 12:52:03,351 - rf_experiment - INFO - [epoch 2/3] batch 1300/13312 loss=2.4660
2025-12-04 12:52:03,950 - rf_experiment - INFO - [epoch 2/3] batch 1350/13312 loss=2.3543
2025-12-04 12:52:04,564 - rf_experiment - INFO - [epoch 2/3] batch 1400/13312 loss=2.2618
2025-12-04 12:52:05,168 - rf_experiment - INFO - [epoch 2/3] batch 1450/13312 loss=2.2720
2025-12-04 12:52:05,772 - rf_experiment - INFO - [epoch 2/3] batch 1500/13312 loss=2.2100
2025-12-04 12:52:06,375 - rf_experiment - INFO - [epoch 2/3] batch 1550/13312 loss=2.3335
2025-12-04 12:52:06,982 - rf_experiment - INFO - [epoch 2/3] batch 1600/13312 loss=2.3305
2025-12-04 12:52:07,629 - rf_experiment - INFO - [epoch 2/3] batch 1650/13312 loss=2.5683
2025-12-04 12:52:08,271 - rf_experiment - INFO - [epoch 2/3] batch 1700/13312 loss=2.2493
2025-12-04 12:52:08,897 - rf_experiment - INFO - [epoch 2/3] batch 1750/13312 loss=2.3615
2025-12-04 12:52:09,538 - rf_experiment - INFO - [epoch 2/3] batch 1800/13312 loss=2.3264
2025-12-04 12:52:10,167 - rf_experiment - INFO - [epoch 2/3] batch 1850/13312 loss=2.4635
2025-12-04 12:52:10,779 - rf_experiment - INFO - [epoch 2/3] batch 1900/13312 loss=2.3912
2025-12-04 12:52:11,373 - rf_experiment - INFO - [epoch 2/3] batch 1950/13312 loss=2.1604
2025-12-04 12:52:11,990 - rf_experiment - INFO - [epoch 2/3] batch 2000/13312 loss=2.2300
2025-12-04 12:52:12,603 - rf_experiment - INFO - [epoch 2/3] batch 2050/13312 loss=2.6173
2025-12-04 12:52:13,248 - rf_experiment - INFO - [epoch 2/3] batch 2100/13312 loss=2.3448
2025-12-04 12:52:13,873 - rf_experiment - INFO - [epoch 2/3] batch 2150/13312 loss=2.4063
2025-12-04 12:52:14,542 - rf_experiment - INFO - [epoch 2/3] batch 2200/13312 loss=2.3358
2025-12-04 12:52:15,201 - rf_experiment - INFO - [epoch 2/3] batch 2250/13312 loss=2.5295
2025-12-04 12:52:15,838 - rf_experiment - INFO - [epoch 2/3] batch 2300/13312 loss=2.6309
2025-12-04 12:52:16,480 - rf_experiment - INFO - [epoch 2/3] batch 2350/13312 loss=2.4306
2025-12-04 12:52:17,107 - rf_experiment - INFO - [epoch 2/3] batch 2400/13312 loss=2.5640
2025-12-04 12:52:17,720 - rf_experiment - INFO - [epoch 2/3] batch 2450/13312 loss=2.5054
2025-12-04 12:52:18,339 - rf_experiment - INFO - [epoch 2/3] batch 2500/13312 loss=2.4104
2025-12-04 12:52:18,948 - rf_experiment - INFO - [epoch 2/3] batch 2550/13312 loss=2.3273
2025-12-04 12:52:19,593 - rf_experiment - INFO - [epoch 2/3] batch 2600/13312 loss=2.3670
2025-12-04 12:52:20,213 - rf_experiment - INFO - [epoch 2/3] batch 2650/13312 loss=2.2969
2025-12-04 12:52:20,846 - rf_experiment - INFO - [epoch 2/3] batch 2700/13312 loss=2.3953
2025-12-04 12:52:21,510 - rf_experiment - INFO - [epoch 2/3] batch 2750/13312 loss=2.4161
2025-12-04 12:52:22,170 - rf_experiment - INFO - [epoch 2/3] batch 2800/13312 loss=2.3392
2025-12-04 12:52:22,845 - rf_experiment - INFO - [epoch 2/3] batch 2850/13312 loss=2.4398
2025-12-04 12:52:23,496 - rf_experiment - INFO - [epoch 2/3] batch 2900/13312 loss=2.3448
2025-12-04 12:52:24,149 - rf_experiment - INFO - [epoch 2/3] batch 2950/13312 loss=2.2555
2025-12-04 12:52:24,791 - rf_experiment - INFO - [epoch 2/3] batch 3000/13312 loss=2.3719
2025-12-04 12:52:25,443 - rf_experiment - INFO - [epoch 2/3] batch 3050/13312 loss=2.3472
2025-12-04 12:52:26,073 - rf_experiment - INFO - [epoch 2/3] batch 3100/13312 loss=2.4867
2025-12-04 12:52:26,685 - rf_experiment - INFO - [epoch 2/3] batch 3150/13312 loss=2.3636
2025-12-04 12:52:27,312 - rf_experiment - INFO - [epoch 2/3] batch 3200/13312 loss=2.3851
2025-12-04 12:52:27,962 - rf_experiment - INFO - [epoch 2/3] batch 3250/13312 loss=2.3092
2025-12-04 12:52:28,641 - rf_experiment - INFO - [epoch 2/3] batch 3300/13312 loss=2.4329
2025-12-04 12:52:29,287 - rf_experiment - INFO - [epoch 2/3] batch 3350/13312 loss=2.2784
2025-12-04 12:52:29,971 - rf_experiment - INFO - [epoch 2/3] batch 3400/13312 loss=2.2710
2025-12-04 12:52:30,613 - rf_experiment - INFO - [epoch 2/3] batch 3450/13312 loss=2.3101
2025-12-04 12:52:31,263 - rf_experiment - INFO - [epoch 2/3] batch 3500/13312 loss=2.4081
2025-12-04 12:52:31,881 - rf_experiment - INFO - [epoch 2/3] batch 3550/13312 loss=2.1852
2025-12-04 12:52:32,486 - rf_experiment - INFO - [epoch 2/3] batch 3600/13312 loss=2.5509
2025-12-04 12:52:33,080 - rf_experiment - INFO - [epoch 2/3] batch 3650/13312 loss=2.6504
2025-12-04 12:52:33,691 - rf_experiment - INFO - [epoch 2/3] batch 3700/13312 loss=2.4472
2025-12-04 12:52:34,292 - rf_experiment - INFO - [epoch 2/3] batch 3750/13312 loss=2.2435
2025-12-04 12:52:34,945 - rf_experiment - INFO - [epoch 2/3] batch 3800/13312 loss=2.0918
2025-12-04 12:52:35,649 - rf_experiment - INFO - [epoch 2/3] batch 3850/13312 loss=2.3325
2025-12-04 12:52:36,318 - rf_experiment - INFO - [epoch 2/3] batch 3900/13312 loss=2.4288
2025-12-04 12:52:37,019 - rf_experiment - INFO - [epoch 2/3] batch 3950/13312 loss=2.4081
2025-12-04 12:52:37,648 - rf_experiment - INFO - [epoch 2/3] batch 4000/13312 loss=2.4662
2025-12-04 12:52:38,282 - rf_experiment - INFO - [epoch 2/3] batch 4050/13312 loss=2.4465
2025-12-04 12:52:38,899 - rf_experiment - INFO - [epoch 2/3] batch 4100/13312 loss=2.4225
2025-12-04 12:52:39,500 - rf_experiment - INFO - [epoch 2/3] batch 4150/13312 loss=2.3874
2025-12-04 12:52:40,086 - rf_experiment - INFO - [epoch 2/3] batch 4200/13312 loss=2.5754
2025-12-04 12:52:40,686 - rf_experiment - INFO - [epoch 2/3] batch 4250/13312 loss=2.3031
2025-12-04 12:52:41,296 - rf_experiment - INFO - [epoch 2/3] batch 4300/13312 loss=2.5428
2025-12-04 12:52:41,898 - rf_experiment - INFO - [epoch 2/3] batch 4350/13312 loss=2.3631
2025-12-04 12:52:42,520 - rf_experiment - INFO - [epoch 2/3] batch 4400/13312 loss=2.4371
2025-12-04 12:52:43,162 - rf_experiment - INFO - [epoch 2/3] batch 4450/13312 loss=2.4106
2025-12-04 12:52:43,838 - rf_experiment - INFO - [epoch 2/3] batch 4500/13312 loss=2.2498
2025-12-04 12:52:44,478 - rf_experiment - INFO - [epoch 2/3] batch 4550/13312 loss=2.4606
2025-12-04 12:52:45,135 - rf_experiment - INFO - [epoch 2/3] batch 4600/13312 loss=2.4926
2025-12-04 12:52:45,789 - rf_experiment - INFO - [epoch 2/3] batch 4650/13312 loss=2.3489
2025-12-04 12:52:46,399 - rf_experiment - INFO - [epoch 2/3] batch 4700/13312 loss=2.4637
2025-12-04 12:52:46,989 - rf_experiment - INFO - [epoch 2/3] batch 4750/13312 loss=2.2628
2025-12-04 12:52:47,605 - rf_experiment - INFO - [epoch 2/3] batch 4800/13312 loss=2.4851
2025-12-04 12:52:48,218 - rf_experiment - INFO - [epoch 2/3] batch 4850/13312 loss=2.3406
2025-12-04 12:52:48,810 - rf_experiment - INFO - [epoch 2/3] batch 4900/13312 loss=2.5868
2025-12-04 12:52:49,469 - rf_experiment - INFO - [epoch 2/3] batch 4950/13312 loss=2.3897
2025-12-04 12:52:50,216 - rf_experiment - INFO - [epoch 2/3] batch 5000/13312 loss=2.6174
2025-12-04 12:52:50,930 - rf_experiment - INFO - [epoch 2/3] batch 5050/13312 loss=2.3055
2025-12-04 12:52:51,565 - rf_experiment - INFO - [epoch 2/3] batch 5100/13312 loss=2.5068
2025-12-04 12:52:52,189 - rf_experiment - INFO - [epoch 2/3] batch 5150/13312 loss=2.2247
2025-12-04 12:52:52,825 - rf_experiment - INFO - [epoch 2/3] batch 5200/13312 loss=2.2819
2025-12-04 12:52:53,453 - rf_experiment - INFO - [epoch 2/3] batch 5250/13312 loss=2.6917
2025-12-04 12:52:54,069 - rf_experiment - INFO - [epoch 2/3] batch 5300/13312 loss=2.4784
2025-12-04 12:52:54,686 - rf_experiment - INFO - [epoch 2/3] batch 5350/13312 loss=2.3410
2025-12-04 12:52:55,280 - rf_experiment - INFO - [epoch 2/3] batch 5400/13312 loss=2.5154
2025-12-04 12:52:55,891 - rf_experiment - INFO - [epoch 2/3] batch 5450/13312 loss=2.5190
2025-12-04 12:52:56,494 - rf_experiment - INFO - [epoch 2/3] batch 5500/13312 loss=2.3975
2025-12-04 12:52:57,092 - rf_experiment - INFO - [epoch 2/3] batch 5550/13312 loss=2.4355
2025-12-04 12:52:57,711 - rf_experiment - INFO - [epoch 2/3] batch 5600/13312 loss=2.3581
2025-12-04 12:52:58,370 - rf_experiment - INFO - [epoch 2/3] batch 5650/13312 loss=2.5538
2025-12-04 12:52:59,000 - rf_experiment - INFO - [epoch 2/3] batch 5700/13312 loss=2.2479
2025-12-04 12:52:59,623 - rf_experiment - INFO - [epoch 2/3] batch 5750/13312 loss=2.3349
2025-12-04 12:53:00,264 - rf_experiment - INFO - [epoch 2/3] batch 5800/13312 loss=2.1755
2025-12-04 12:53:00,884 - rf_experiment - INFO - [epoch 2/3] batch 5850/13312 loss=2.5390
2025-12-04 12:53:01,486 - rf_experiment - INFO - [epoch 2/3] batch 5900/13312 loss=2.3227
2025-12-04 12:53:02,076 - rf_experiment - INFO - [epoch 2/3] batch 5950/13312 loss=2.3752
2025-12-04 12:53:02,664 - rf_experiment - INFO - [epoch 2/3] batch 6000/13312 loss=2.3193
2025-12-04 12:53:03,265 - rf_experiment - INFO - [epoch 2/3] batch 6050/13312 loss=2.3374
2025-12-04 12:53:03,861 - rf_experiment - INFO - [epoch 2/3] batch 6100/13312 loss=2.2492
2025-12-04 12:53:04,456 - rf_experiment - INFO - [epoch 2/3] batch 6150/13312 loss=2.1986
2025-12-04 12:53:05,066 - rf_experiment - INFO - [epoch 2/3] batch 6200/13312 loss=2.5377
2025-12-04 12:53:05,719 - rf_experiment - INFO - [epoch 2/3] batch 6250/13312 loss=2.2662
2025-12-04 12:53:06,354 - rf_experiment - INFO - [epoch 2/3] batch 6300/13312 loss=2.3250
2025-12-04 12:53:06,951 - rf_experiment - INFO - [epoch 2/3] batch 6350/13312 loss=2.4890
2025-12-04 12:53:07,579 - rf_experiment - INFO - [epoch 2/3] batch 6400/13312 loss=2.2989
2025-12-04 12:53:08,210 - rf_experiment - INFO - [epoch 2/3] batch 6450/13312 loss=2.3207
2025-12-04 12:53:08,840 - rf_experiment - INFO - [epoch 2/3] batch 6500/13312 loss=2.5702
2025-12-04 12:53:09,436 - rf_experiment - INFO - [epoch 2/3] batch 6550/13312 loss=2.3566
2025-12-04 12:53:10,027 - rf_experiment - INFO - [epoch 2/3] batch 6600/13312 loss=2.2731
2025-12-04 12:53:10,639 - rf_experiment - INFO - [epoch 2/3] batch 6650/13312 loss=2.5578
2025-12-04 12:53:11,232 - rf_experiment - INFO - [epoch 2/3] batch 6700/13312 loss=2.3606
2025-12-04 12:53:11,809 - rf_experiment - INFO - [epoch 2/3] batch 6750/13312 loss=2.1891
2025-12-04 12:53:12,424 - rf_experiment - INFO - [epoch 2/3] batch 6800/13312 loss=2.5612
2025-12-04 12:53:13,077 - rf_experiment - INFO - [epoch 2/3] batch 6850/13312 loss=2.5292
2025-12-04 12:53:13,695 - rf_experiment - INFO - [epoch 2/3] batch 6900/13312 loss=2.4222
2025-12-04 12:53:14,332 - rf_experiment - INFO - [epoch 2/3] batch 6950/13312 loss=2.4762
2025-12-04 12:53:14,984 - rf_experiment - INFO - [epoch 2/3] batch 7000/13312 loss=2.4324
2025-12-04 12:53:15,642 - rf_experiment - INFO - [epoch 2/3] batch 7050/13312 loss=2.4503
2025-12-04 12:53:16,281 - rf_experiment - INFO - [epoch 2/3] batch 7100/13312 loss=2.2935
2025-12-04 12:53:16,879 - rf_experiment - INFO - [epoch 2/3] batch 7150/13312 loss=2.2597
2025-12-04 12:53:17,475 - rf_experiment - INFO - [epoch 2/3] batch 7200/13312 loss=2.2774
2025-12-04 12:53:18,100 - rf_experiment - INFO - [epoch 2/3] batch 7250/13312 loss=2.5146
2025-12-04 12:53:18,737 - rf_experiment - INFO - [epoch 2/3] batch 7300/13312 loss=2.4575
2025-12-04 12:53:19,390 - rf_experiment - INFO - [epoch 2/3] batch 7350/13312 loss=2.3738
2025-12-04 12:53:20,024 - rf_experiment - INFO - [epoch 2/3] batch 7400/13312 loss=2.2247
2025-12-04 12:53:20,682 - rf_experiment - INFO - [epoch 2/3] batch 7450/13312 loss=2.3583
2025-12-04 12:53:21,328 - rf_experiment - INFO - [epoch 2/3] batch 7500/13312 loss=2.2151
2025-12-04 12:53:21,967 - rf_experiment - INFO - [epoch 2/3] batch 7550/13312 loss=2.4123
2025-12-04 12:53:22,609 - rf_experiment - INFO - [epoch 2/3] batch 7600/13312 loss=2.4951
2025-12-04 12:53:23,242 - rf_experiment - INFO - [epoch 2/3] batch 7650/13312 loss=2.5440
2025-12-04 12:53:23,854 - rf_experiment - INFO - [epoch 2/3] batch 7700/13312 loss=2.3280
2025-12-04 12:53:24,452 - rf_experiment - INFO - [epoch 2/3] batch 7750/13312 loss=2.1446
2025-12-04 12:53:25,072 - rf_experiment - INFO - [epoch 2/3] batch 7800/13312 loss=2.3903
2025-12-04 12:53:25,738 - rf_experiment - INFO - [epoch 2/3] batch 7850/13312 loss=2.3465
2025-12-04 12:53:26,364 - rf_experiment - INFO - [epoch 2/3] batch 7900/13312 loss=2.5253
2025-12-04 12:53:27,007 - rf_experiment - INFO - [epoch 2/3] batch 7950/13312 loss=2.3869
2025-12-04 12:53:27,652 - rf_experiment - INFO - [epoch 2/3] batch 8000/13312 loss=2.3894
2025-12-04 12:53:28,306 - rf_experiment - INFO - [epoch 2/3] batch 8050/13312 loss=2.4787
2025-12-04 12:53:28,946 - rf_experiment - INFO - [epoch 2/3] batch 8100/13312 loss=2.4244
2025-12-04 12:53:29,609 - rf_experiment - INFO - [epoch 2/3] batch 8150/13312 loss=2.3708
2025-12-04 12:53:30,308 - rf_experiment - INFO - [epoch 2/3] batch 8200/13312 loss=2.3706
2025-12-04 12:53:30,938 - rf_experiment - INFO - [epoch 2/3] batch 8250/13312 loss=2.3633
2025-12-04 12:53:31,564 - rf_experiment - INFO - [epoch 2/3] batch 8300/13312 loss=2.3478
2025-12-04 12:53:32,179 - rf_experiment - INFO - [epoch 2/3] batch 8350/13312 loss=2.2864
2025-12-04 12:53:32,779 - rf_experiment - INFO - [epoch 2/3] batch 8400/13312 loss=2.5200
2025-12-04 12:53:33,407 - rf_experiment - INFO - [epoch 2/3] batch 8450/13312 loss=2.4735
2025-12-04 12:53:34,023 - rf_experiment - INFO - [epoch 2/3] batch 8500/13312 loss=2.3906
2025-12-04 12:53:34,632 - rf_experiment - INFO - [epoch 2/3] batch 8550/13312 loss=2.4283
2025-12-04 12:53:35,271 - rf_experiment - INFO - [epoch 2/3] batch 8600/13312 loss=2.4322
2025-12-04 12:53:35,953 - rf_experiment - INFO - [epoch 2/3] batch 8650/13312 loss=2.3828
2025-12-04 12:53:36,592 - rf_experiment - INFO - [epoch 2/3] batch 8700/13312 loss=2.3432
2025-12-04 12:53:37,217 - rf_experiment - INFO - [epoch 2/3] batch 8750/13312 loss=2.4667
2025-12-04 12:53:37,874 - rf_experiment - INFO - [epoch 2/3] batch 8800/13312 loss=2.5495
2025-12-04 12:53:38,525 - rf_experiment - INFO - [epoch 2/3] batch 8850/13312 loss=2.3089
2025-12-04 12:53:39,156 - rf_experiment - INFO - [epoch 2/3] batch 8900/13312 loss=2.3776
2025-12-04 12:53:39,759 - rf_experiment - INFO - [epoch 2/3] batch 8950/13312 loss=2.4921
2025-12-04 12:53:40,344 - rf_experiment - INFO - [epoch 2/3] batch 9000/13312 loss=2.4340
2025-12-04 12:53:40,941 - rf_experiment - INFO - [epoch 2/3] batch 9050/13312 loss=2.5380
2025-12-04 12:53:41,539 - rf_experiment - INFO - [epoch 2/3] batch 9100/13312 loss=2.3036
2025-12-04 12:53:42,136 - rf_experiment - INFO - [epoch 2/3] batch 9150/13312 loss=2.4508
2025-12-04 12:53:42,746 - rf_experiment - INFO - [epoch 2/3] batch 9200/13312 loss=2.4227
2025-12-04 12:53:43,412 - rf_experiment - INFO - [epoch 2/3] batch 9250/13312 loss=2.4491
2025-12-04 12:53:44,066 - rf_experiment - INFO - [epoch 2/3] batch 9300/13312 loss=2.3095
2025-12-04 12:53:44,707 - rf_experiment - INFO - [epoch 2/3] batch 9350/13312 loss=2.5194
2025-12-04 12:53:45,345 - rf_experiment - INFO - [epoch 2/3] batch 9400/13312 loss=2.3684
2025-12-04 12:53:45,981 - rf_experiment - INFO - [epoch 2/3] batch 9450/13312 loss=2.3561
2025-12-04 12:53:46,601 - rf_experiment - INFO - [epoch 2/3] batch 9500/13312 loss=2.3908
2025-12-04 12:53:47,203 - rf_experiment - INFO - [epoch 2/3] batch 9550/13312 loss=2.1828
2025-12-04 12:53:47,787 - rf_experiment - INFO - [epoch 2/3] batch 9600/13312 loss=2.2961
2025-12-04 12:53:48,392 - rf_experiment - INFO - [epoch 2/3] batch 9650/13312 loss=2.2378
2025-12-04 12:53:48,988 - rf_experiment - INFO - [epoch 2/3] batch 9700/13312 loss=2.3601
2025-12-04 12:53:49,740 - rf_experiment - INFO - [epoch 2/3] batch 9750/13312 loss=2.4359
2025-12-04 12:53:50,479 - rf_experiment - INFO - [epoch 2/3] batch 9800/13312 loss=2.3080
2025-12-04 12:53:51,199 - rf_experiment - INFO - [epoch 2/3] batch 9850/13312 loss=2.4036
2025-12-04 12:53:51,853 - rf_experiment - INFO - [epoch 2/3] batch 9900/13312 loss=2.5013
2025-12-04 12:53:52,490 - rf_experiment - INFO - [epoch 2/3] batch 9950/13312 loss=2.4500
2025-12-04 12:53:53,122 - rf_experiment - INFO - [epoch 2/3] batch 10000/13312 loss=2.4084
2025-12-04 12:53:53,758 - rf_experiment - INFO - [epoch 2/3] batch 10050/13312 loss=2.2786
2025-12-04 12:53:54,372 - rf_experiment - INFO - [epoch 2/3] batch 10100/13312 loss=2.4319
2025-12-04 12:53:54,983 - rf_experiment - INFO - [epoch 2/3] batch 10150/13312 loss=2.5282
2025-12-04 12:53:55,580 - rf_experiment - INFO - [epoch 2/3] batch 10200/13312 loss=2.4009
2025-12-04 12:53:56,186 - rf_experiment - INFO - [epoch 2/3] batch 10250/13312 loss=2.2902
2025-12-04 12:53:56,800 - rf_experiment - INFO - [epoch 2/3] batch 10300/13312 loss=2.5680
2025-12-04 12:53:57,405 - rf_experiment - INFO - [epoch 2/3] batch 10350/13312 loss=2.3445
2025-12-04 12:53:58,015 - rf_experiment - INFO - [epoch 2/3] batch 10400/13312 loss=2.4263
2025-12-04 12:53:58,667 - rf_experiment - INFO - [epoch 2/3] batch 10450/13312 loss=2.2106
2025-12-04 12:53:59,324 - rf_experiment - INFO - [epoch 2/3] batch 10500/13312 loss=2.3744
2025-12-04 12:53:59,944 - rf_experiment - INFO - [epoch 2/3] batch 10550/13312 loss=2.4082
2025-12-04 12:54:00,575 - rf_experiment - INFO - [epoch 2/3] batch 10600/13312 loss=2.3955
2025-12-04 12:54:01,225 - rf_experiment - INFO - [epoch 2/3] batch 10650/13312 loss=2.4627
2025-12-04 12:54:01,856 - rf_experiment - INFO - [epoch 2/3] batch 10700/13312 loss=2.5482
2025-12-04 12:54:02,454 - rf_experiment - INFO - [epoch 2/3] batch 10750/13312 loss=2.3140
2025-12-04 12:54:03,045 - rf_experiment - INFO - [epoch 2/3] batch 10800/13312 loss=2.5797
2025-12-04 12:54:03,644 - rf_experiment - INFO - [epoch 2/3] batch 10850/13312 loss=2.3102
2025-12-04 12:54:04,238 - rf_experiment - INFO - [epoch 2/3] batch 10900/13312 loss=2.3185
2025-12-04 12:54:04,839 - rf_experiment - INFO - [epoch 2/3] batch 10950/13312 loss=2.3303
2025-12-04 12:54:05,432 - rf_experiment - INFO - [epoch 2/3] batch 11000/13312 loss=2.4596
2025-12-04 12:54:06,037 - rf_experiment - INFO - [epoch 2/3] batch 11050/13312 loss=2.4815
2025-12-04 12:54:06,696 - rf_experiment - INFO - [epoch 2/3] batch 11100/13312 loss=2.4075
2025-12-04 12:54:07,333 - rf_experiment - INFO - [epoch 2/3] batch 11150/13312 loss=2.4012
2025-12-04 12:54:07,940 - rf_experiment - INFO - [epoch 2/3] batch 11200/13312 loss=2.2776
2025-12-04 12:54:08,539 - rf_experiment - INFO - [epoch 2/3] batch 11250/13312 loss=2.5759
2025-12-04 12:54:09,174 - rf_experiment - INFO - [epoch 2/3] batch 11300/13312 loss=2.1559
2025-12-04 12:54:09,794 - rf_experiment - INFO - [epoch 2/3] batch 11350/13312 loss=2.2514
2025-12-04 12:54:10,399 - rf_experiment - INFO - [epoch 2/3] batch 11400/13312 loss=2.2801
2025-12-04 12:54:11,000 - rf_experiment - INFO - [epoch 2/3] batch 11450/13312 loss=2.6635
2025-12-04 12:54:11,581 - rf_experiment - INFO - [epoch 2/3] batch 11500/13312 loss=2.4046
2025-12-04 12:54:12,182 - rf_experiment - INFO - [epoch 2/3] batch 11550/13312 loss=2.4131
2025-12-04 12:54:12,791 - rf_experiment - INFO - [epoch 2/3] batch 11600/13312 loss=2.4308
2025-12-04 12:54:13,387 - rf_experiment - INFO - [epoch 2/3] batch 11650/13312 loss=2.4424
2025-12-04 12:54:13,986 - rf_experiment - INFO - [epoch 2/3] batch 11700/13312 loss=2.4749
2025-12-04 12:54:14,628 - rf_experiment - INFO - [epoch 2/3] batch 11750/13312 loss=2.0543
2025-12-04 12:54:15,299 - rf_experiment - INFO - [epoch 2/3] batch 11800/13312 loss=2.4005
2025-12-04 12:54:15,928 - rf_experiment - INFO - [epoch 2/3] batch 11850/13312 loss=2.3388
2025-12-04 12:54:16,570 - rf_experiment - INFO - [epoch 2/3] batch 11900/13312 loss=2.4717
2025-12-04 12:54:17,200 - rf_experiment - INFO - [epoch 2/3] batch 11950/13312 loss=2.2484
2025-12-04 12:54:17,813 - rf_experiment - INFO - [epoch 2/3] batch 12000/13312 loss=2.5143
2025-12-04 12:54:18,424 - rf_experiment - INFO - [epoch 2/3] batch 12050/13312 loss=2.2813
2025-12-04 12:54:19,022 - rf_experiment - INFO - [epoch 2/3] batch 12100/13312 loss=2.5265
2025-12-04 12:54:19,604 - rf_experiment - INFO - [epoch 2/3] batch 12150/13312 loss=2.3726
2025-12-04 12:54:20,217 - rf_experiment - INFO - [epoch 2/3] batch 12200/13312 loss=2.4283
2025-12-04 12:54:20,824 - rf_experiment - INFO - [epoch 2/3] batch 12250/13312 loss=2.4254
2025-12-04 12:54:21,401 - rf_experiment - INFO - [epoch 2/3] batch 12300/13312 loss=2.4488
2025-12-04 12:54:21,982 - rf_experiment - INFO - [epoch 2/3] batch 12350/13312 loss=2.5488
2025-12-04 12:54:22,591 - rf_experiment - INFO - [epoch 2/3] batch 12400/13312 loss=2.6445
2025-12-04 12:54:23,215 - rf_experiment - INFO - [epoch 2/3] batch 12450/13312 loss=2.3257
2025-12-04 12:54:23,811 - rf_experiment - INFO - [epoch 2/3] batch 12500/13312 loss=2.4637
2025-12-04 12:54:24,406 - rf_experiment - INFO - [epoch 2/3] batch 12550/13312 loss=2.4016
2025-12-04 12:54:25,027 - rf_experiment - INFO - [epoch 2/3] batch 12600/13312 loss=2.2536
2025-12-04 12:54:25,640 - rf_experiment - INFO - [epoch 2/3] batch 12650/13312 loss=2.3609
2025-12-04 12:54:26,242 - rf_experiment - INFO - [epoch 2/3] batch 12700/13312 loss=2.3217
2025-12-04 12:54:26,826 - rf_experiment - INFO - [epoch 2/3] batch 12750/13312 loss=2.3309
2025-12-04 12:54:27,426 - rf_experiment - INFO - [epoch 2/3] batch 12800/13312 loss=2.3013
2025-12-04 12:54:28,041 - rf_experiment - INFO - [epoch 2/3] batch 12850/13312 loss=2.4593
2025-12-04 12:54:28,670 - rf_experiment - INFO - [epoch 2/3] batch 12900/13312 loss=2.4292
2025-12-04 12:54:29,280 - rf_experiment - INFO - [epoch 2/3] batch 12950/13312 loss=2.3894
2025-12-04 12:54:29,885 - rf_experiment - INFO - [epoch 2/3] batch 13000/13312 loss=2.4139
2025-12-04 12:54:30,528 - rf_experiment - INFO - [epoch 2/3] batch 13050/13312 loss=2.3855
2025-12-04 12:54:31,193 - rf_experiment - INFO - [epoch 2/3] batch 13100/13312 loss=2.2604
2025-12-04 12:54:31,824 - rf_experiment - INFO - [epoch 2/3] batch 13150/13312 loss=2.3155
2025-12-04 12:54:32,464 - rf_experiment - INFO - [epoch 2/3] batch 13200/13312 loss=2.5335
2025-12-04 12:54:33,100 - rf_experiment - INFO - [epoch 2/3] batch 13250/13312 loss=2.3191
2025-12-04 12:54:33,713 - rf_experiment - INFO - [epoch 2/3] batch 13300/13312 loss=2.5224
2025-12-04 12:54:33,863 - rf_experiment - INFO - [epoch 2] train_loss=2.3926, train_acc=0.1744
2025-12-04 12:54:33,863 - rf_experiment - INFO - [epoch 2] train_loss=2.3926, train_acc=0.1744
2025-12-04 12:54:52,619 - rf_experiment - INFO - [epoch 2] val_loss=2.2742, val_acc=0.1789
2025-12-04 12:54:52,619 - rf_experiment - INFO - [epoch 3/3] training...
2025-12-04 12:54:53,207 - rf_experiment - INFO - [epoch 3/3] batch 50/13312 loss=2.3339
2025-12-04 12:54:53,809 - rf_experiment - INFO - [epoch 3/3] batch 100/13312 loss=2.3442
2025-12-04 12:54:54,387 - rf_experiment - INFO - [epoch 3/3] batch 150/13312 loss=2.2045
2025-12-04 12:54:54,962 - rf_experiment - INFO - [epoch 3/3] batch 200/13312 loss=2.4829
2025-12-04 12:54:55,535 - rf_experiment - INFO - [epoch 3/3] batch 250/13312 loss=2.5843
2025-12-04 12:54:56,109 - rf_experiment - INFO - [epoch 3/3] batch 300/13312 loss=2.3067
2025-12-04 12:54:56,678 - rf_experiment - INFO - [epoch 3/3] batch 350/13312 loss=2.2923
2025-12-04 12:54:57,234 - rf_experiment - INFO - [epoch 3/3] batch 400/13312 loss=2.3768
2025-12-04 12:54:57,795 - rf_experiment - INFO - [epoch 3/3] batch 450/13312 loss=2.2799
2025-12-04 12:54:58,358 - rf_experiment - INFO - [epoch 3/3] batch 500/13312 loss=2.5954
2025-12-04 12:54:58,927 - rf_experiment - INFO - [epoch 3/3] batch 550/13312 loss=2.4138
2025-12-04 12:54:59,501 - rf_experiment - INFO - [epoch 3/3] batch 600/13312 loss=2.3959
2025-12-04 12:55:00,073 - rf_experiment - INFO - [epoch 3/3] batch 650/13312 loss=2.4775
2025-12-04 12:55:00,650 - rf_experiment - INFO - [epoch 3/3] batch 700/13312 loss=2.4375
2025-12-04 12:55:01,221 - rf_experiment - INFO - [epoch 3/3] batch 750/13312 loss=2.4649
2025-12-04 12:55:01,767 - rf_experiment - INFO - [epoch 3/3] batch 800/13312 loss=2.4337
2025-12-04 12:55:02,336 - rf_experiment - INFO - [epoch 3/3] batch 850/13312 loss=2.4694
2025-12-04 12:55:02,930 - rf_experiment - INFO - [epoch 3/3] batch 900/13312 loss=2.4495
2025-12-04 12:55:03,516 - rf_experiment - INFO - [epoch 3/3] batch 950/13312 loss=2.2515
2025-12-04 12:55:04,093 - rf_experiment - INFO - [epoch 3/3] batch 1000/13312 loss=2.4616
2025-12-04 12:55:04,681 - rf_experiment - INFO - [epoch 3/3] batch 1050/13312 loss=2.5522
2025-12-04 12:55:05,296 - rf_experiment - INFO - [epoch 3/3] batch 1100/13312 loss=2.3018
2025-12-04 12:55:05,919 - rf_experiment - INFO - [epoch 3/3] batch 1150/13312 loss=2.2601
2025-12-04 12:55:06,540 - rf_experiment - INFO - [epoch 3/3] batch 1200/13312 loss=2.5380
2025-12-04 12:55:07,172 - rf_experiment - INFO - [epoch 3/3] batch 1250/13312 loss=2.3443
2025-12-04 12:55:07,831 - rf_experiment - INFO - [epoch 3/3] batch 1300/13312 loss=2.4980
2025-12-04 12:55:08,469 - rf_experiment - INFO - [epoch 3/3] batch 1350/13312 loss=2.4052
2025-12-04 12:55:09,092 - rf_experiment - INFO - [epoch 3/3] batch 1400/13312 loss=2.2928
2025-12-04 12:55:09,711 - rf_experiment - INFO - [epoch 3/3] batch 1450/13312 loss=2.4847
2025-12-04 12:55:10,339 - rf_experiment - INFO - [epoch 3/3] batch 1500/13312 loss=2.3500
2025-12-04 12:55:10,938 - rf_experiment - INFO - [epoch 3/3] batch 1550/13312 loss=2.3758
2025-12-04 12:55:11,524 - rf_experiment - INFO - [epoch 3/3] batch 1600/13312 loss=2.3880
2025-12-04 12:55:12,108 - rf_experiment - INFO - [epoch 3/3] batch 1650/13312 loss=2.2710
2025-12-04 12:55:12,702 - rf_experiment - INFO - [epoch 3/3] batch 1700/13312 loss=2.4794
2025-12-04 12:55:13,306 - rf_experiment - INFO - [epoch 3/3] batch 1750/13312 loss=2.3191
2025-12-04 12:55:13,909 - rf_experiment - INFO - [epoch 3/3] batch 1800/13312 loss=2.4529
2025-12-04 12:55:14,499 - rf_experiment - INFO - [epoch 3/3] batch 1850/13312 loss=2.5984
2025-12-04 12:55:15,098 - rf_experiment - INFO - [epoch 3/3] batch 1900/13312 loss=2.3555
2025-12-04 12:55:15,738 - rf_experiment - INFO - [epoch 3/3] batch 1950/13312 loss=2.2131
2025-12-04 12:55:16,391 - rf_experiment - INFO - [epoch 3/3] batch 2000/13312 loss=2.3742
2025-12-04 12:55:17,025 - rf_experiment - INFO - [epoch 3/3] batch 2050/13312 loss=1.9731
2025-12-04 12:55:17,636 - rf_experiment - INFO - [epoch 3/3] batch 2100/13312 loss=2.4176
2025-12-04 12:55:18,260 - rf_experiment - INFO - [epoch 3/3] batch 2150/13312 loss=2.4688
2025-12-04 12:55:18,886 - rf_experiment - INFO - [epoch 3/3] batch 2200/13312 loss=2.4123
2025-12-04 12:55:19,490 - rf_experiment - INFO - [epoch 3/3] batch 2250/13312 loss=2.4354
2025-12-04 12:55:20,076 - rf_experiment - INFO - [epoch 3/3] batch 2300/13312 loss=2.1443
2025-12-04 12:55:20,666 - rf_experiment - INFO - [epoch 3/3] batch 2350/13312 loss=2.3909
2025-12-04 12:55:21,251 - rf_experiment - INFO - [epoch 3/3] batch 2400/13312 loss=2.2612
2025-12-04 12:55:21,843 - rf_experiment - INFO - [epoch 3/3] batch 2450/13312 loss=2.3793
2025-12-04 12:55:22,426 - rf_experiment - INFO - [epoch 3/3] batch 2500/13312 loss=2.1069
2025-12-04 12:55:23,016 - rf_experiment - INFO - [epoch 3/3] batch 2550/13312 loss=2.3496
2025-12-04 12:55:23,601 - rf_experiment - INFO - [epoch 3/3] batch 2600/13312 loss=2.4665
2025-12-04 12:55:24,238 - rf_experiment - INFO - [epoch 3/3] batch 2650/13312 loss=2.4027
2025-12-04 12:55:24,860 - rf_experiment - INFO - [epoch 3/3] batch 2700/13312 loss=2.4356
2025-12-04 12:55:25,491 - rf_experiment - INFO - [epoch 3/3] batch 2750/13312 loss=2.3318
2025-12-04 12:55:26,120 - rf_experiment - INFO - [epoch 3/3] batch 2800/13312 loss=2.3677
2025-12-04 12:55:26,728 - rf_experiment - INFO - [epoch 3/3] batch 2850/13312 loss=2.2287
2025-12-04 12:55:27,323 - rf_experiment - INFO - [epoch 3/3] batch 2900/13312 loss=2.3395
2025-12-04 12:55:27,921 - rf_experiment - INFO - [epoch 3/3] batch 2950/13312 loss=2.1850
2025-12-04 12:55:28,513 - rf_experiment - INFO - [epoch 3/3] batch 3000/13312 loss=2.2600
2025-12-04 12:55:29,099 - rf_experiment - INFO - [epoch 3/3] batch 3050/13312 loss=2.2144
2025-12-04 12:55:29,678 - rf_experiment - INFO - [epoch 3/3] batch 3100/13312 loss=2.3434
2025-12-04 12:55:30,288 - rf_experiment - INFO - [epoch 3/3] batch 3150/13312 loss=2.2663
2025-12-04 12:55:30,886 - rf_experiment - INFO - [epoch 3/3] batch 3200/13312 loss=2.5584
2025-12-04 12:55:31,468 - rf_experiment - INFO - [epoch 3/3] batch 3250/13312 loss=2.5164
2025-12-04 12:55:32,086 - rf_experiment - INFO - [epoch 3/3] batch 3300/13312 loss=2.3122
2025-12-04 12:55:32,730 - rf_experiment - INFO - [epoch 3/3] batch 3350/13312 loss=2.4096
2025-12-04 12:55:33,356 - rf_experiment - INFO - [epoch 3/3] batch 3400/13312 loss=2.5027
2025-12-04 12:55:33,969 - rf_experiment - INFO - [epoch 3/3] batch 3450/13312 loss=2.3547
2025-12-04 12:55:34,582 - rf_experiment - INFO - [epoch 3/3] batch 3500/13312 loss=2.4093
2025-12-04 12:55:35,180 - rf_experiment - INFO - [epoch 3/3] batch 3550/13312 loss=2.3165
2025-12-04 12:55:35,761 - rf_experiment - INFO - [epoch 3/3] batch 3600/13312 loss=2.2335
2025-12-04 12:55:36,342 - rf_experiment - INFO - [epoch 3/3] batch 3650/13312 loss=2.5082
2025-12-04 12:55:36,927 - rf_experiment - INFO - [epoch 3/3] batch 3700/13312 loss=2.2748
2025-12-04 12:55:37,512 - rf_experiment - INFO - [epoch 3/3] batch 3750/13312 loss=2.4706
2025-12-04 12:55:38,105 - rf_experiment - INFO - [epoch 3/3] batch 3800/13312 loss=2.2559
2025-12-04 12:55:38,694 - rf_experiment - INFO - [epoch 3/3] batch 3850/13312 loss=2.4021
2025-12-04 12:55:39,342 - rf_experiment - INFO - [epoch 3/3] batch 3900/13312 loss=2.4150
2025-12-04 12:55:39,961 - rf_experiment - INFO - [epoch 3/3] batch 3950/13312 loss=2.4381
2025-12-04 12:55:40,611 - rf_experiment - INFO - [epoch 3/3] batch 4000/13312 loss=2.3780
2025-12-04 12:55:41,227 - rf_experiment - INFO - [epoch 3/3] batch 4050/13312 loss=2.3716
2025-12-04 12:55:41,833 - rf_experiment - INFO - [epoch 3/3] batch 4100/13312 loss=2.2261
2025-12-04 12:55:42,462 - rf_experiment - INFO - [epoch 3/3] batch 4150/13312 loss=2.4472
2025-12-04 12:55:43,054 - rf_experiment - INFO - [epoch 3/3] batch 4200/13312 loss=2.2766
2025-12-04 12:55:43,628 - rf_experiment - INFO - [epoch 3/3] batch 4250/13312 loss=2.3464
2025-12-04 12:55:44,210 - rf_experiment - INFO - [epoch 3/3] batch 4300/13312 loss=2.5065
2025-12-04 12:55:44,791 - rf_experiment - INFO - [epoch 3/3] batch 4350/13312 loss=2.2837
2025-12-04 12:55:45,396 - rf_experiment - INFO - [epoch 3/3] batch 4400/13312 loss=2.3611
2025-12-04 12:55:45,969 - rf_experiment - INFO - [epoch 3/3] batch 4450/13312 loss=2.5087
2025-12-04 12:55:46,551 - rf_experiment - INFO - [epoch 3/3] batch 4500/13312 loss=2.2574
2025-12-04 12:55:47,131 - rf_experiment - INFO - [epoch 3/3] batch 4550/13312 loss=2.6288
2025-12-04 12:55:47,746 - rf_experiment - INFO - [epoch 3/3] batch 4600/13312 loss=2.4256
2025-12-04 12:55:48,365 - rf_experiment - INFO - [epoch 3/3] batch 4650/13312 loss=2.4256
2025-12-04 12:55:48,999 - rf_experiment - INFO - [epoch 3/3] batch 4700/13312 loss=2.3540
2025-12-04 12:55:49,733 - rf_experiment - INFO - [epoch 3/3] batch 4750/13312 loss=2.5055
2025-12-04 12:55:50,478 - rf_experiment - INFO - [epoch 3/3] batch 4800/13312 loss=2.4163
2025-12-04 12:55:51,119 - rf_experiment - INFO - [epoch 3/3] batch 4850/13312 loss=2.4415
2025-12-04 12:55:51,729 - rf_experiment - INFO - [epoch 3/3] batch 4900/13312 loss=2.5142
2025-12-04 12:55:52,331 - rf_experiment - INFO - [epoch 3/3] batch 4950/13312 loss=2.3774
2025-12-04 12:55:52,912 - rf_experiment - INFO - [epoch 3/3] batch 5000/13312 loss=2.5107
2025-12-04 12:55:53,511 - rf_experiment - INFO - [epoch 3/3] batch 5050/13312 loss=2.5311
2025-12-04 12:55:54,107 - rf_experiment - INFO - [epoch 3/3] batch 5100/13312 loss=2.3990
2025-12-04 12:55:54,708 - rf_experiment - INFO - [epoch 3/3] batch 5150/13312 loss=2.2850
2025-12-04 12:55:55,304 - rf_experiment - INFO - [epoch 3/3] batch 5200/13312 loss=2.3585
2025-12-04 12:55:55,942 - rf_experiment - INFO - [epoch 3/3] batch 5250/13312 loss=2.3264
2025-12-04 12:55:56,613 - rf_experiment - INFO - [epoch 3/3] batch 5300/13312 loss=2.3529
2025-12-04 12:55:57,284 - rf_experiment - INFO - [epoch 3/3] batch 5350/13312 loss=2.1795
2025-12-04 12:55:57,926 - rf_experiment - INFO - [epoch 3/3] batch 5400/13312 loss=2.4612
2025-12-04 12:55:58,568 - rf_experiment - INFO - [epoch 3/3] batch 5450/13312 loss=2.4471
2025-12-04 12:55:59,207 - rf_experiment - INFO - [epoch 3/3] batch 5500/13312 loss=2.2078
2025-12-04 12:55:59,829 - rf_experiment - INFO - [epoch 3/3] batch 5550/13312 loss=2.3039
2025-12-04 12:56:00,433 - rf_experiment - INFO - [epoch 3/3] batch 5600/13312 loss=2.2077
2025-12-04 12:56:01,029 - rf_experiment - INFO - [epoch 3/3] batch 5650/13312 loss=2.4852
2025-12-04 12:56:01,609 - rf_experiment - INFO - [epoch 3/3] batch 5700/13312 loss=2.4055
2025-12-04 12:56:02,198 - rf_experiment - INFO - [epoch 3/3] batch 5750/13312 loss=2.2085
2025-12-04 12:56:02,805 - rf_experiment - INFO - [epoch 3/3] batch 5800/13312 loss=2.5844
2025-12-04 12:56:03,390 - rf_experiment - INFO - [epoch 3/3] batch 5850/13312 loss=2.1583
2025-12-04 12:56:03,984 - rf_experiment - INFO - [epoch 3/3] batch 5900/13312 loss=2.4869
2025-12-04 12:56:04,617 - rf_experiment - INFO - [epoch 3/3] batch 5950/13312 loss=2.4092
2025-12-04 12:56:05,262 - rf_experiment - INFO - [epoch 3/3] batch 6000/13312 loss=2.4721
2025-12-04 12:56:05,891 - rf_experiment - INFO - [epoch 3/3] batch 6050/13312 loss=2.2933
2025-12-04 12:56:06,520 - rf_experiment - INFO - [epoch 3/3] batch 6100/13312 loss=2.3985
2025-12-04 12:56:07,172 - rf_experiment - INFO - [epoch 3/3] batch 6150/13312 loss=2.3714
2025-12-04 12:56:07,800 - rf_experiment - INFO - [epoch 3/3] batch 6200/13312 loss=2.2493
2025-12-04 12:56:08,399 - rf_experiment - INFO - [epoch 3/3] batch 6250/13312 loss=2.5375
2025-12-04 12:56:08,997 - rf_experiment - INFO - [epoch 3/3] batch 6300/13312 loss=2.4417
2025-12-04 12:56:09,602 - rf_experiment - INFO - [epoch 3/3] batch 6350/13312 loss=2.4711
2025-12-04 12:56:10,193 - rf_experiment - INFO - [epoch 3/3] batch 6400/13312 loss=2.3262
2025-12-04 12:56:10,780 - rf_experiment - INFO - [epoch 3/3] batch 6450/13312 loss=2.4208
2025-12-04 12:56:11,367 - rf_experiment - INFO - [epoch 3/3] batch 6500/13312 loss=2.4550
2025-12-04 12:56:11,969 - rf_experiment - INFO - [epoch 3/3] batch 6550/13312 loss=2.3602
2025-12-04 12:56:12,595 - rf_experiment - INFO - [epoch 3/3] batch 6600/13312 loss=2.1705
2025-12-04 12:56:13,253 - rf_experiment - INFO - [epoch 3/3] batch 6650/13312 loss=2.3251
2025-12-04 12:56:13,882 - rf_experiment - INFO - [epoch 3/3] batch 6700/13312 loss=2.4870
2025-12-04 12:56:14,505 - rf_experiment - INFO - [epoch 3/3] batch 6750/13312 loss=2.1481
2025-12-04 12:56:15,157 - rf_experiment - INFO - [epoch 3/3] batch 6800/13312 loss=2.1646
2025-12-04 12:56:15,780 - rf_experiment - INFO - [epoch 3/3] batch 6850/13312 loss=2.4153
2025-12-04 12:56:16,388 - rf_experiment - INFO - [epoch 3/3] batch 6900/13312 loss=2.2900
2025-12-04 12:56:17,000 - rf_experiment - INFO - [epoch 3/3] batch 6950/13312 loss=2.4173
2025-12-04 12:56:17,598 - rf_experiment - INFO - [epoch 3/3] batch 7000/13312 loss=2.2215
2025-12-04 12:56:18,255 - rf_experiment - INFO - [epoch 3/3] batch 7050/13312 loss=2.4988
2025-12-04 12:56:18,884 - rf_experiment - INFO - [epoch 3/3] batch 7100/13312 loss=2.1540
2025-12-04 12:56:19,507 - rf_experiment - INFO - [epoch 3/3] batch 7150/13312 loss=2.4395
2025-12-04 12:56:20,111 - rf_experiment - INFO - [epoch 3/3] batch 7200/13312 loss=2.2496
2025-12-04 12:56:20,716 - rf_experiment - INFO - [epoch 3/3] batch 7250/13312 loss=2.4133
2025-12-04 12:56:21,377 - rf_experiment - INFO - [epoch 3/3] batch 7300/13312 loss=2.1217
2025-12-04 12:56:22,009 - rf_experiment - INFO - [epoch 3/3] batch 7350/13312 loss=2.2861
2025-12-04 12:56:22,623 - rf_experiment - INFO - [epoch 3/3] batch 7400/13312 loss=2.4896
2025-12-04 12:56:23,259 - rf_experiment - INFO - [epoch 3/3] batch 7450/13312 loss=2.1459
2025-12-04 12:56:23,890 - rf_experiment - INFO - [epoch 3/3] batch 7500/13312 loss=2.4117
2025-12-04 12:56:24,528 - rf_experiment - INFO - [epoch 3/3] batch 7550/13312 loss=2.3857
2025-12-04 12:56:25,131 - rf_experiment - INFO - [epoch 3/3] batch 7600/13312 loss=2.3305
2025-12-04 12:56:25,735 - rf_experiment - INFO - [epoch 3/3] batch 7650/13312 loss=2.3118
2025-12-04 12:56:26,339 - rf_experiment - INFO - [epoch 3/3] batch 7700/13312 loss=2.4685
2025-12-04 12:56:26,933 - rf_experiment - INFO - [epoch 3/3] batch 7750/13312 loss=2.5385
2025-12-04 12:56:27,535 - rf_experiment - INFO - [epoch 3/3] batch 7800/13312 loss=2.3109
2025-12-04 12:56:28,145 - rf_experiment - INFO - [epoch 3/3] batch 7850/13312 loss=2.3742
2025-12-04 12:56:28,757 - rf_experiment - INFO - [epoch 3/3] batch 7900/13312 loss=2.3353
2025-12-04 12:56:29,393 - rf_experiment - INFO - [epoch 3/3] batch 7950/13312 loss=2.3881
2025-12-04 12:56:30,054 - rf_experiment - INFO - [epoch 3/3] batch 8000/13312 loss=2.4103
2025-12-04 12:56:30,691 - rf_experiment - INFO - [epoch 3/3] batch 8050/13312 loss=2.2924
2025-12-04 12:56:31,309 - rf_experiment - INFO - [epoch 3/3] batch 8100/13312 loss=2.3844
2025-12-04 12:56:31,955 - rf_experiment - INFO - [epoch 3/3] batch 8150/13312 loss=2.2961
2025-12-04 12:56:32,556 - rf_experiment - INFO - [epoch 3/3] batch 8200/13312 loss=2.5072
2025-12-04 12:56:33,134 - rf_experiment - INFO - [epoch 3/3] batch 8250/13312 loss=2.4681
2025-12-04 12:56:33,694 - rf_experiment - INFO - [epoch 3/3] batch 8300/13312 loss=2.4098
2025-12-04 12:56:34,261 - rf_experiment - INFO - [epoch 3/3] batch 8350/13312 loss=2.2221
2025-12-04 12:56:34,819 - rf_experiment - INFO - [epoch 3/3] batch 8400/13312 loss=2.4520
2025-12-04 12:56:35,390 - rf_experiment - INFO - [epoch 3/3] batch 8450/13312 loss=2.4146
2025-12-04 12:56:35,972 - rf_experiment - INFO - [epoch 3/3] batch 8500/13312 loss=2.3246
2025-12-04 12:56:36,545 - rf_experiment - INFO - [epoch 3/3] batch 8550/13312 loss=2.3591
2025-12-04 12:56:37,130 - rf_experiment - INFO - [epoch 3/3] batch 8600/13312 loss=2.4890
2025-12-04 12:56:37,746 - rf_experiment - INFO - [epoch 3/3] batch 8650/13312 loss=2.4269
2025-12-04 12:56:38,359 - rf_experiment - INFO - [epoch 3/3] batch 8700/13312 loss=2.2891
2025-12-04 12:56:38,957 - rf_experiment - INFO - [epoch 3/3] batch 8750/13312 loss=2.3906
2025-12-04 12:56:39,575 - rf_experiment - INFO - [epoch 3/3] batch 8800/13312 loss=2.4328
2025-12-04 12:56:40,180 - rf_experiment - INFO - [epoch 3/3] batch 8850/13312 loss=2.4432
2025-12-04 12:56:40,761 - rf_experiment - INFO - [epoch 3/3] batch 8900/13312 loss=2.3660
2025-12-04 12:56:41,339 - rf_experiment - INFO - [epoch 3/3] batch 8950/13312 loss=2.3833
2025-12-04 12:56:41,898 - rf_experiment - INFO - [epoch 3/3] batch 9000/13312 loss=2.5169
2025-12-04 12:56:42,463 - rf_experiment - INFO - [epoch 3/3] batch 9050/13312 loss=2.5173
2025-12-04 12:56:43,022 - rf_experiment - INFO - [epoch 3/3] batch 9100/13312 loss=2.1828
2025-12-04 12:56:43,595 - rf_experiment - INFO - [epoch 3/3] batch 9150/13312 loss=2.2113
2025-12-04 12:56:44,181 - rf_experiment - INFO - [epoch 3/3] batch 9200/13312 loss=2.4609
2025-12-04 12:56:44,742 - rf_experiment - INFO - [epoch 3/3] batch 9250/13312 loss=2.2038
2025-12-04 12:56:45,331 - rf_experiment - INFO - [epoch 3/3] batch 9300/13312 loss=2.3786
2025-12-04 12:56:45,952 - rf_experiment - INFO - [epoch 3/3] batch 9350/13312 loss=2.5603
2025-12-04 12:56:46,567 - rf_experiment - INFO - [epoch 3/3] batch 9400/13312 loss=2.2955
2025-12-04 12:56:47,159 - rf_experiment - INFO - [epoch 3/3] batch 9450/13312 loss=2.5249
2025-12-04 12:56:47,758 - rf_experiment - INFO - [epoch 3/3] batch 9500/13312 loss=2.4715
2025-12-04 12:56:48,369 - rf_experiment - INFO - [epoch 3/3] batch 9550/13312 loss=2.2705
2025-12-04 12:56:48,963 - rf_experiment - INFO - [epoch 3/3] batch 9600/13312 loss=2.4269
2025-12-04 12:56:49,778 - rf_experiment - INFO - [epoch 3/3] batch 9650/13312 loss=2.1702
2025-12-04 12:56:50,422 - rf_experiment - INFO - [epoch 3/3] batch 9700/13312 loss=2.2691
2025-12-04 12:56:51,007 - rf_experiment - INFO - [epoch 3/3] batch 9750/13312 loss=2.5460
2025-12-04 12:56:51,608 - rf_experiment - INFO - [epoch 3/3] batch 9800/13312 loss=2.4002
2025-12-04 12:56:52,210 - rf_experiment - INFO - [epoch 3/3] batch 9850/13312 loss=2.4654
2025-12-04 12:56:52,792 - rf_experiment - INFO - [epoch 3/3] batch 9900/13312 loss=2.4904
2025-12-04 12:56:53,410 - rf_experiment - INFO - [epoch 3/3] batch 9950/13312 loss=2.4370
2025-12-04 12:56:54,042 - rf_experiment - INFO - [epoch 3/3] batch 10000/13312 loss=2.5546
2025-12-04 12:56:54,679 - rf_experiment - INFO - [epoch 3/3] batch 10050/13312 loss=2.1660
2025-12-04 12:56:55,313 - rf_experiment - INFO - [epoch 3/3] batch 10100/13312 loss=2.3816
2025-12-04 12:56:55,923 - rf_experiment - INFO - [epoch 3/3] batch 10150/13312 loss=2.4800
2025-12-04 12:56:56,558 - rf_experiment - INFO - [epoch 3/3] batch 10200/13312 loss=2.3369
2025-12-04 12:56:57,161 - rf_experiment - INFO - [epoch 3/3] batch 10250/13312 loss=2.3934
2025-12-04 12:56:57,749 - rf_experiment - INFO - [epoch 3/3] batch 10300/13312 loss=2.2332
2025-12-04 12:56:58,323 - rf_experiment - INFO - [epoch 3/3] batch 10350/13312 loss=2.3554
2025-12-04 12:56:58,891 - rf_experiment - INFO - [epoch 3/3] batch 10400/13312 loss=2.4757
2025-12-04 12:56:59,476 - rf_experiment - INFO - [epoch 3/3] batch 10450/13312 loss=2.1913
2025-12-04 12:57:00,079 - rf_experiment - INFO - [epoch 3/3] batch 10500/13312 loss=2.3798
2025-12-04 12:57:00,682 - rf_experiment - INFO - [epoch 3/3] batch 10550/13312 loss=2.4477
2025-12-04 12:57:01,265 - rf_experiment - INFO - [epoch 3/3] batch 10600/13312 loss=2.4756
2025-12-04 12:57:01,858 - rf_experiment - INFO - [epoch 3/3] batch 10650/13312 loss=2.3373
2025-12-04 12:57:02,487 - rf_experiment - INFO - [epoch 3/3] batch 10700/13312 loss=2.3833
2025-12-04 12:57:03,081 - rf_experiment - INFO - [epoch 3/3] batch 10750/13312 loss=2.3432
2025-12-04 12:57:03,675 - rf_experiment - INFO - [epoch 3/3] batch 10800/13312 loss=2.4894
2025-12-04 12:57:04,279 - rf_experiment - INFO - [epoch 3/3] batch 10850/13312 loss=2.4566
2025-12-04 12:57:04,877 - rf_experiment - INFO - [epoch 3/3] batch 10900/13312 loss=2.3310
2025-12-04 12:57:05,482 - rf_experiment - INFO - [epoch 3/3] batch 10950/13312 loss=2.1650
2025-12-04 12:57:06,057 - rf_experiment - INFO - [epoch 3/3] batch 11000/13312 loss=2.4562
2025-12-04 12:57:06,628 - rf_experiment - INFO - [epoch 3/3] batch 11050/13312 loss=2.4032
2025-12-04 12:57:07,183 - rf_experiment - INFO - [epoch 3/3] batch 11100/13312 loss=2.3417
2025-12-04 12:57:07,749 - rf_experiment - INFO - [epoch 3/3] batch 11150/13312 loss=2.4197
2025-12-04 12:57:08,328 - rf_experiment - INFO - [epoch 3/3] batch 11200/13312 loss=2.4353
2025-12-04 12:57:08,903 - rf_experiment - INFO - [epoch 3/3] batch 11250/13312 loss=2.4759
2025-12-04 12:57:09,508 - rf_experiment - INFO - [epoch 3/3] batch 11300/13312 loss=2.4704
2025-12-04 12:57:10,121 - rf_experiment - INFO - [epoch 3/3] batch 11350/13312 loss=2.3588
2025-12-04 12:57:10,769 - rf_experiment - INFO - [epoch 3/3] batch 11400/13312 loss=2.2424
2025-12-04 12:57:11,373 - rf_experiment - INFO - [epoch 3/3] batch 11450/13312 loss=2.2565
2025-12-04 12:57:11,969 - rf_experiment - INFO - [epoch 3/3] batch 11500/13312 loss=2.4668
2025-12-04 12:57:12,621 - rf_experiment - INFO - [epoch 3/3] batch 11550/13312 loss=2.3365
2025-12-04 12:57:13,224 - rf_experiment - INFO - [epoch 3/3] batch 11600/13312 loss=2.4857
2025-12-04 12:57:13,801 - rf_experiment - INFO - [epoch 3/3] batch 11650/13312 loss=2.3502
2025-12-04 12:57:14,391 - rf_experiment - INFO - [epoch 3/3] batch 11700/13312 loss=2.5452
2025-12-04 12:57:14,956 - rf_experiment - INFO - [epoch 3/3] batch 11750/13312 loss=2.3517
2025-12-04 12:57:15,540 - rf_experiment - INFO - [epoch 3/3] batch 11800/13312 loss=2.0623
2025-12-04 12:57:16,129 - rf_experiment - INFO - [epoch 3/3] batch 11850/13312 loss=2.4496
2025-12-04 12:57:16,694 - rf_experiment - INFO - [epoch 3/3] batch 11900/13312 loss=2.1336
2025-12-04 12:57:17,261 - rf_experiment - INFO - [epoch 3/3] batch 11950/13312 loss=2.4564
2025-12-04 12:57:17,833 - rf_experiment - INFO - [epoch 3/3] batch 12000/13312 loss=2.3756
2025-12-04 12:57:18,457 - rf_experiment - INFO - [epoch 3/3] batch 12050/13312 loss=2.3547
2025-12-04 12:57:19,072 - rf_experiment - INFO - [epoch 3/3] batch 12100/13312 loss=2.4692
2025-12-04 12:57:19,686 - rf_experiment - INFO - [epoch 3/3] batch 12150/13312 loss=2.5844
2025-12-04 12:57:20,282 - rf_experiment - INFO - [epoch 3/3] batch 12200/13312 loss=2.4063
2025-12-04 12:57:20,891 - rf_experiment - INFO - [epoch 3/3] batch 12250/13312 loss=2.4190
2025-12-04 12:57:21,474 - rf_experiment - INFO - [epoch 3/3] batch 12300/13312 loss=2.1645
2025-12-04 12:57:22,042 - rf_experiment - INFO - [epoch 3/3] batch 12350/13312 loss=2.4252
2025-12-04 12:57:22,603 - rf_experiment - INFO - [epoch 3/3] batch 12400/13312 loss=2.2713
2025-12-04 12:57:23,182 - rf_experiment - INFO - [epoch 3/3] batch 12450/13312 loss=2.4404
2025-12-04 12:57:23,764 - rf_experiment - INFO - [epoch 3/3] batch 12500/13312 loss=2.5287
2025-12-04 12:57:24,340 - rf_experiment - INFO - [epoch 3/3] batch 12550/13312 loss=2.5566
2025-12-04 12:57:24,911 - rf_experiment - INFO - [epoch 3/3] batch 12600/13312 loss=2.2987
2025-12-04 12:57:25,503 - rf_experiment - INFO - [epoch 3/3] batch 12650/13312 loss=2.3485
2025-12-04 12:57:26,104 - rf_experiment - INFO - [epoch 3/3] batch 12700/13312 loss=2.5572
2025-12-04 12:57:26,735 - rf_experiment - INFO - [epoch 3/3] batch 12750/13312 loss=2.4599
2025-12-04 12:57:27,329 - rf_experiment - INFO - [epoch 3/3] batch 12800/13312 loss=2.2714
2025-12-04 12:57:27,915 - rf_experiment - INFO - [epoch 3/3] batch 12850/13312 loss=2.4244
2025-12-04 12:57:28,508 - rf_experiment - INFO - [epoch 3/3] batch 12900/13312 loss=2.4055
2025-12-04 12:57:29,104 - rf_experiment - INFO - [epoch 3/3] batch 12950/13312 loss=2.3722
2025-12-04 12:57:29,675 - rf_experiment - INFO - [epoch 3/3] batch 13000/13312 loss=2.4900
2025-12-04 12:57:30,238 - rf_experiment - INFO - [epoch 3/3] batch 13050/13312 loss=2.3491
2025-12-04 12:57:30,796 - rf_experiment - INFO - [epoch 3/3] batch 13100/13312 loss=2.5710
2025-12-04 12:57:31,397 - rf_experiment - INFO - [epoch 3/3] batch 13150/13312 loss=2.6326
2025-12-04 12:57:31,982 - rf_experiment - INFO - [epoch 3/3] batch 13200/13312 loss=2.3414
2025-12-04 12:57:32,556 - rf_experiment - INFO - [epoch 3/3] batch 13250/13312 loss=2.3974
2025-12-04 12:57:33,125 - rf_experiment - INFO - [epoch 3/3] batch 13300/13312 loss=2.2894
2025-12-04 12:57:33,266 - rf_experiment - INFO - [epoch 3] train_loss=2.3922, train_acc=0.1750
2025-12-04 12:57:33,267 - rf_experiment - INFO - [epoch 3] train_loss=2.3922, train_acc=0.1750
2025-12-04 12:57:52,375 - rf_experiment - INFO - [epoch 3] val_loss=2.2639, val_acc=0.1628
2025-12-04 12:57:52,376 - rf_experiment - INFO - Evaluating on test set...
2025-12-04 12:58:11,197 - rf_experiment - INFO - Saved metrics to results/radioml2018_iqgrid_conv2d_dcll_small_20251204_124819/metrics.json
2025-12-04 12:58:11,198 - rf_experiment - INFO - Finished experiment: radioml2018_iqgrid_conv2d_dcll_small
2025-12-04 12:58:11,199 - rf_experiment - INFO - Best val metrics: {'loss': 2.2742057115269394, 'acc': 0.17889873798076922, 'per_snr_acc': {8: 0.20310765815760268, 4: 0.1576271186440678, 12: 0.1962991224723388, 0: 0.19075895342364074, -4: 0.14610574189880615}}
2025-12-04 12:58:11,199 - rf_experiment - INFO - Test metrics: {'loss': 2.261371156845528, 'acc': 0.16669170673076922, 'per_snr_acc': {0: 0.19128466327108093, -4: 0.15159676798768756, 8: 0.17197924388435878, 4: 0.15929528353826392, 12: 0.1590909090909091}}
