2025-12-04 14:34:20,189 - rf_experiment - INFO - Starting experiment: radioml2018_iqgrid_hrm_dcll_small
2025-12-04 14:34:20,189 - rf_experiment - INFO - Run name: radioml2018_iqgrid_hrm_dcll_small_20251204_143420
2025-12-04 14:34:20,189 - rf_experiment - INFO - Config file: configs/radioml2018_iqgrid_hrm_dcll_small.yaml
2025-12-04 14:34:20,189 - rf_experiment - INFO - Saved resolved config to: results/radioml2018_iqgrid_hrm_dcll_small_20251204_143420/config.yaml
2025-12-04 14:34:20,189 - rf_experiment - INFO - Run directory: results/radioml2018_iqgrid_hrm_dcll_small_20251204_143420
2025-12-04 14:34:20,189 - rf_experiment - INFO - Using device: cpu
2025-12-04 14:34:20,189 - rf_experiment - INFO - Torch version: 2.9.0
2025-12-04 14:34:20,189 - rf_experiment - INFO - Dataset config: {'path': 'data/GOLD_XYZ_OSC.0001_1024.hdf5', 'name': 'radioml2018_structured', 'frames_per_combo': 256, 'mods_to_use': [3, 4], 'snrs_to_use': [0, 10], 'train_frac': 0.8, 'val_frac': 0.1, 'test_frac': 0.1, 'shuffle': True, 'num_workers': 0}
2025-12-04 14:34:20,189 - rf_experiment - INFO - Encoding config: {'type': 'iq_grid', 'params': {'grid_size': 16, 'subsample': 4}}
2025-12-04 14:34:20,189 - rf_experiment - INFO - Total logical dataset size: 1024 samples
2025-12-04 14:34:20,189 - rf_experiment - INFO - Num classes (from dataset): 2
2025-12-04 14:34:20,189 - rf_experiment - INFO - Splits: train=819, val=102, test=103
2025-12-04 14:34:20,190 - rf_experiment - INFO - Dataloader: batch_size=16, num_workers=0
2025-12-04 14:34:20,190 - rf_experiment - INFO - Building model: {'type': 'hrm_rf', 'params': {'input_channels': 1, 'grid_size': 16, 'low_dim': 128, 'high_dim': 128, 'num_cycles': 4, 'dropout': 0.1, 'agg': 'mean', 'num_classes': 2}}
2025-12-04 14:34:20,190 - rf_experiment - INFO - Building model with num_classes=2
2025-12-04 14:34:20,191 - rf_experiment - INFO - Building trainer: {'trainer': 'bptt', 'loss': 'cross_entropy', 'optimizer': 'adam', 'lr': 0.001, 'batch_size': 16, 'epochs': 10, 'max_time_steps': 256, 'grad_clip': 1.0, 'device': 'cpu'}
2025-12-04 14:34:20,675 - rf_experiment - INFO - Starting training loop...
2025-12-04 14:34:20,675 - rf_experiment - INFO - [epoch 1/10] training...
2025-12-04 14:34:31,309 - rf_experiment - INFO - [epoch 1] train_loss=0.6949, train_acc=0.5287
2025-12-04 14:34:31,598 - rf_experiment - INFO - [epoch 1] val_loss=0.6923, val_acc=0.4804
2025-12-04 14:34:31,598 - rf_experiment - INFO - [epoch 2/10] training...
2025-12-04 14:34:42,292 - rf_experiment - INFO - [epoch 2] train_loss=0.6830, train_acc=0.5592
2025-12-04 14:34:42,570 - rf_experiment - INFO - [epoch 2] val_loss=0.6914, val_acc=0.4706
2025-12-04 14:34:42,571 - rf_experiment - INFO - [epoch 3/10] training...
2025-12-04 14:34:53,638 - rf_experiment - INFO - [epoch 3] train_loss=0.6554, train_acc=0.6422
2025-12-04 14:34:53,922 - rf_experiment - INFO - [epoch 3] val_loss=0.6912, val_acc=0.5490
2025-12-04 14:34:53,922 - rf_experiment - INFO - [epoch 4/10] training...
2025-12-04 14:35:04,601 - rf_experiment - INFO - [epoch 4] train_loss=0.5543, train_acc=0.7338
2025-12-04 14:35:04,888 - rf_experiment - INFO - [epoch 4] val_loss=0.5096, val_acc=0.7353
2025-12-04 14:35:04,888 - rf_experiment - INFO - [epoch 5/10] training...
2025-12-04 14:35:15,343 - rf_experiment - INFO - [epoch 5] train_loss=0.4238, train_acc=0.7900
2025-12-04 14:35:15,624 - rf_experiment - INFO - [epoch 5] val_loss=0.5071, val_acc=0.8235
2025-12-04 14:35:15,624 - rf_experiment - INFO - [epoch 6/10] training...
2025-12-04 14:35:26,371 - rf_experiment - INFO - [epoch 6] train_loss=0.3655, train_acc=0.8315
2025-12-04 14:35:26,652 - rf_experiment - INFO - [epoch 6] val_loss=0.5462, val_acc=0.7255
2025-12-04 14:35:26,653 - rf_experiment - INFO - [epoch 7/10] training...
2025-12-04 14:35:37,361 - rf_experiment - INFO - [epoch 7] train_loss=0.3242, train_acc=0.8828
2025-12-04 14:35:37,648 - rf_experiment - INFO - [epoch 7] val_loss=0.5395, val_acc=0.7451
2025-12-04 14:35:37,648 - rf_experiment - INFO - [epoch 8/10] training...
2025-12-04 14:35:48,519 - rf_experiment - INFO - [epoch 8] train_loss=0.2991, train_acc=0.8657
2025-12-04 14:35:48,817 - rf_experiment - INFO - [epoch 8] val_loss=1.0996, val_acc=0.7255
2025-12-04 14:35:48,817 - rf_experiment - INFO - [epoch 9/10] training...
2025-12-04 14:35:59,969 - rf_experiment - INFO - [epoch 9] train_loss=0.3037, train_acc=0.8645
2025-12-04 14:36:00,264 - rf_experiment - INFO - [epoch 9] val_loss=0.4630, val_acc=0.7941
2025-12-04 14:36:00,265 - rf_experiment - INFO - [epoch 10/10] training...
2025-12-04 14:36:10,960 - rf_experiment - INFO - [epoch 10] train_loss=0.2032, train_acc=0.9194
2025-12-04 14:36:11,262 - rf_experiment - INFO - [epoch 10] val_loss=0.5511, val_acc=0.7549
2025-12-04 14:36:11,262 - rf_experiment - INFO - Evaluating on test set...
2025-12-04 14:36:11,562 - rf_experiment - INFO - Saved metrics to results/radioml2018_iqgrid_hrm_dcll_small_20251204_143420/metrics.json
2025-12-04 14:36:11,563 - rf_experiment - INFO - Finished experiment: radioml2018_iqgrid_hrm_dcll_small
2025-12-04 14:36:11,563 - rf_experiment - INFO - Best val metrics: {'loss': 0.507123636264427, 'acc': 0.8235294117647058, 'per_snr_acc': {10: 0.9464285714285714, 0: 0.6739130434782609}}
2025-12-04 14:36:11,563 - rf_experiment - INFO - Test metrics: {'loss': 0.6358604014498516, 'acc': 0.7572815533980582, 'per_snr_acc': {0: 0.5531914893617021, 10: 0.9285714285714286}}
