2025-12-05 09:12:30,363 - rf_experiment - INFO - Starting experiment: radioml2018_small_hrm_bptt_1
2025-12-05 09:12:30,363 - rf_experiment - INFO - Run name: radioml2018_small_hrm_bptt_1_20251205_091230
2025-12-05 09:12:30,363 - rf_experiment - INFO - Config file: configs/radioml2018_small_hrm_bptt_1.yaml
2025-12-05 09:12:30,363 - rf_experiment - INFO - Saved resolved config to: results/radioml2018_small_hrm_bptt_1_20251205_091230/config.yaml
2025-12-05 09:12:30,363 - rf_experiment - INFO - Run directory: results/radioml2018_small_hrm_bptt_1_20251205_091230
2025-12-05 09:12:30,363 - rf_experiment - INFO - Using device: cpu
2025-12-05 09:12:30,363 - rf_experiment - INFO - Torch version: 2.9.0
2025-12-05 09:12:30,363 - rf_experiment - INFO - Dataset config: {'path': 'data/GOLD_XYZ_OSC.0001_1024.hdf5', 'name': 'radioml2018_structured', 'frames_per_combo': 256, 'mods_to_use': [3, 4], 'snrs_to_use': [30], 'train_frac': 0.8, 'val_frac': 0.1, 'test_frac': 0.1, 'shuffle': True, 'num_workers': 0}
2025-12-05 09:12:30,363 - rf_experiment - INFO - Encoding config: {'type': 'iq_grid', 'params': {'grid_size': 16, 'subsample': 4}}
2025-12-05 09:12:30,363 - rf_experiment - INFO - Total logical dataset size: 512 samples
2025-12-05 09:12:30,363 - rf_experiment - INFO - Num classes (from dataset): 2
2025-12-05 09:12:30,363 - rf_experiment - INFO - Splits: train=409, val=51, test=52
2025-12-05 09:12:30,363 - rf_experiment - INFO - Dataloader: batch_size=64, num_workers=0
2025-12-05 09:12:30,364 - rf_experiment - INFO - Building model: {'type': 'hrm_rf', 'params': {'input_channels': 1, 'grid_size': 16, 'low_dim': 256, 'high_dim': 256, 'num_cycles': 8, 'num_classes': 2, 'dropout': 0.1, 'agg': 'mean'}}
2025-12-05 09:12:30,364 - rf_experiment - INFO - Building model with num_classes=2
2025-12-05 09:12:30,365 - rf_experiment - INFO - Building trainer: {'trainer': 'bptt', 'loss': 'cross_entropy', 'optimizer': 'adam', 'lr': 0.001, 'batch_size': 64, 'epochs': 5, 'max_time_steps': 256, 'grad_clip': 1.0, 'device': 'cpu'}
2025-12-05 09:12:30,803 - rf_experiment - INFO - Starting training loop...
2025-12-05 09:12:30,803 - rf_experiment - INFO - [epoch 1/5] training...
2025-12-05 09:12:39,694 - rf_experiment - INFO - [epoch 1] train_loss=0.6924, train_acc=0.5477
2025-12-05 09:12:40,686 - rf_experiment - INFO - [epoch 1] val_loss=0.7039, val_acc=0.4314
2025-12-05 09:12:40,686 - rf_experiment - INFO - [epoch 2/5] training...
2025-12-05 09:12:50,470 - rf_experiment - INFO - [epoch 2] train_loss=0.6800, train_acc=0.5990
2025-12-05 09:12:51,852 - rf_experiment - INFO - [epoch 2] val_loss=0.6639, val_acc=0.5882
2025-12-05 09:12:51,852 - rf_experiment - INFO - [epoch 3/5] training...
2025-12-05 09:13:01,737 - rf_experiment - INFO - [epoch 3] train_loss=0.5835, train_acc=0.7311
2025-12-05 09:13:03,143 - rf_experiment - INFO - [epoch 3] val_loss=0.2528, val_acc=0.9412
2025-12-05 09:13:03,143 - rf_experiment - INFO - [epoch 4/5] training...
2025-12-05 09:13:12,850 - rf_experiment - INFO - [epoch 4] train_loss=0.2829, train_acc=0.9340
2025-12-05 09:13:14,275 - rf_experiment - INFO - [epoch 4] val_loss=0.1607, val_acc=0.9608
2025-12-05 09:13:14,276 - rf_experiment - INFO - [epoch 5/5] training...
2025-12-05 09:13:23,808 - rf_experiment - INFO - [epoch 5] train_loss=0.1767, train_acc=0.9511
2025-12-05 09:13:25,153 - rf_experiment - INFO - [epoch 5] val_loss=0.0386, val_acc=1.0000
2025-12-05 09:13:25,153 - rf_experiment - INFO - Evaluating on test set...
2025-12-05 09:13:26,721 - rf_experiment - INFO - Saved metrics to results/radioml2018_small_hrm_bptt_1_20251205_091230/metrics.json
2025-12-05 09:13:26,726 - rf_experiment - INFO - Finished experiment: radioml2018_small_hrm_bptt_1
2025-12-05 09:13:26,726 - rf_experiment - INFO - Best val metrics: {'loss': 0.03858054056763649, 'acc': 1.0, 'per_snr_acc': {30: 1.0}}
2025-12-05 09:13:26,726 - rf_experiment - INFO - Test metrics: {'loss': 0.08640053868293762, 'acc': 0.9807692307692307, 'per_snr_acc': {30: 0.9807692307692307}}
