2025-12-02 12:48:53,144 - rf_experiment - INFO - Starting experiment: radioml2018_iqgrid_conv2d_dcll_small
2025-12-02 12:48:53,144 - rf_experiment - INFO - Run name: radioml2018_iqgrid_conv2d_dcll_small_20251202_124853
2025-12-02 12:48:53,144 - rf_experiment - INFO - Config file: configs/radioml2018_iqgrid_conv2d_dcll_small.yaml
2025-12-02 12:48:53,144 - rf_experiment - INFO - Saved resolved config to: results/radioml2018_iqgrid_conv2d_dcll_small_20251202_124853/config.yaml
2025-12-02 12:48:53,144 - rf_experiment - INFO - Run directory: results/radioml2018_iqgrid_conv2d_dcll_small_20251202_124853
2025-12-02 12:48:53,144 - rf_experiment - INFO - Using device: cpu
2025-12-02 12:48:53,144 - rf_experiment - INFO - Torch version: 2.9.0
2025-12-02 12:48:53,144 - rf_experiment - INFO - Dataset config: {'path': 'data/GOLD_XYZ_OSC.0001_1024.hdf5', 'name': 'radioml2018_structured', 'frames_per_combo': 32, 'mods_to_use': [3, 4], 'snrs_to_use': [0, 10], 'train_frac': 0.8, 'val_frac': 0.1, 'test_frac': 0.1, 'shuffle': True, 'num_workers': 0}
2025-12-02 12:48:53,144 - rf_experiment - INFO - Encoding config: {'type': 'iq_grid', 'params': {'grid_size': 16, 'subsample': 4}}
2025-12-02 12:48:53,145 - rf_experiment - INFO - Total logical dataset size: 128 samples
2025-12-02 12:48:53,145 - rf_experiment - INFO - Splits: train=102, val=12, test=14
2025-12-02 12:48:53,145 - rf_experiment - INFO - Dataloader: batch_size=16, num_workers=0
2025-12-02 12:48:53,145 - rf_experiment - INFO - Building model: {'type': 'conv2d_snn', 'params': {'input_channels': 1, 'conv_channels': [32, 64], 'kernel_sizes': [3, 3], 'grid_size': 16, 'lif_beta': 0.9, 'num_classes': 24, 'dropout': 0.1, 'pool': True}}
2025-12-02 12:48:53,146 - rf_experiment - INFO - Building trainer: {'trainer': 'dcll', 'loss': 'cross_entropy', 'optimizer': 'adam', 'lr': 0.001, 'batch_size': 16, 'epochs': 3, 'max_time_steps': 256, 'grad_clip': 1.0, 'device': 'cpu'}
2025-12-02 12:48:53,661 - rf_experiment - INFO - Starting training loop...
2025-12-02 12:48:53,661 - rf_experiment - INFO - [epoch 1/3] training...
2025-12-02 12:49:05,782 - rf_experiment - INFO - [epoch 1] train_loss=13.7728, train_acc=0.3922
2025-12-02 12:49:06,707 - rf_experiment - INFO - [epoch 1] val_loss=10.6343, val_acc=0.5000
2025-12-02 12:49:06,707 - rf_experiment - INFO - [epoch 2/3] training...
2025-12-02 12:49:19,086 - rf_experiment - INFO - [epoch 2] train_loss=7.1417, train_acc=0.5588
2025-12-02 12:49:19,839 - rf_experiment - INFO - [epoch 2] val_loss=1.6107, val_acc=0.8333
2025-12-02 12:49:19,839 - rf_experiment - INFO - [epoch 3/3] training...
2025-12-02 12:49:31,820 - rf_experiment - INFO - [epoch 3] train_loss=5.8609, train_acc=0.5000
2025-12-02 12:49:32,664 - rf_experiment - INFO - [epoch 3] val_loss=2.1047, val_acc=0.7500
2025-12-02 12:49:32,664 - rf_experiment - INFO - Evaluating on test set...
2025-12-02 12:49:33,456 - rf_experiment - INFO - Saved metrics to results/radioml2018_iqgrid_conv2d_dcll_small_20251202_124853/metrics.json
2025-12-02 12:49:33,456 - rf_experiment - INFO - Finished experiment: radioml2018_iqgrid_conv2d_dcll_small
2025-12-02 12:49:33,456 - rf_experiment - INFO - Best val metrics: {'loss': 1.6106816530227661, 'acc': 0.8333333333333334, 'per_snr_acc': {10: 1.0, 0: 0.6666666666666666}}
2025-12-02 12:49:33,456 - rf_experiment - INFO - Test metrics: {'loss': 2.3917410373687744, 'acc': 0.7857142857142857, 'per_snr_acc': {0: 0.5, 10: 1.0}}
