2026-01-06 14:39:31,497 - rf_experiment - INFO - Starting experiment: project_runs_1_conv2d_.iqgrid_bptt
2026-01-06 14:39:31,497 - rf_experiment - INFO - Run name: project_runs_1_conv2d_.iqgrid_bptt_20260106_143931
2026-01-06 14:39:31,497 - rf_experiment - INFO - Config file: configs/project_runs_1_conv2d_iqgrid_bptt.yaml
2026-01-06 14:39:31,497 - rf_experiment - INFO - Saved resolved config to: results/project_runs_1_conv2d_.iqgrid_bptt_20260106_143931/config.yaml
2026-01-06 14:39:31,497 - rf_experiment - INFO - Run directory: results/project_runs_1_conv2d_.iqgrid_bptt_20260106_143931
2026-01-06 14:39:31,514 - rf_experiment - INFO - Using device: mps
2026-01-06 14:39:31,514 - rf_experiment - INFO - Using device: mps
2026-01-06 14:39:31,514 - rf_experiment - INFO - Torch version: 2.9.0
2026-01-06 14:39:31,514 - rf_experiment - INFO - Dataset config: {'path': 'data/GOLD_XYZ_OSC.0001_1024.hdf5', 'name': 'radioml2018_structured', 'frames_per_combo': 512, 'mods_to_use': [1, 2], 'snrs_to_use': [0, 10, 20, 30], 'train_frac': 0.8, 'val_frac': 0.1, 'test_frac': 0.1, 'shuffle': True, 'num_workers': 0}
2026-01-06 14:39:31,514 - rf_experiment - INFO - Encoding config: {'type': 'iq_grid', 'params': {'grid_size': 16, 'subsample': 4}}
2026-01-06 14:39:31,515 - rf_experiment - INFO - Total logical dataset size: 4096 samples
2026-01-06 14:39:31,515 - rf_experiment - INFO - Num classes (from dataset): 2
2026-01-06 14:39:31,515 - rf_experiment - INFO - Splits: train=3276, val=409, test=411
2026-01-06 14:39:31,520 - rf_experiment - INFO - Full dataset labels: {0: 2048, 1: 2048}
2026-01-06 14:39:31,520 - rf_experiment - INFO - Full dataset SNRs: {0: 1024, 10: 1024, 20: 1024, 30: 1024}
2026-01-06 14:39:31,520 - rf_experiment - INFO - Dataloader: batch_size=64, num_workers=0
2026-01-06 14:39:31,520 - rf_experiment - INFO - Building model: {'type': 'conv2d_snn', 'params': {'input_channels': 1, 'conv_channels': [32, 64], 'kernel_sizes': [3, 3], 'grid_size': 16, 'lif_beta': 0.9, 'dropout': 0.0, 'pool': True, 'num_classes': 2}}
2026-01-06 14:39:31,520 - rf_experiment - INFO - Building model with num_classes=2
2026-01-06 14:39:31,538 - rf_experiment - INFO - Building trainer: {'trainer': 'bptt', 'loss': 'cross_entropy', 'optimizer': 'adam', 'lr': 0.0003, 'batch_size': 64, 'epochs': 5, 'max_time_steps': 256, 'grad_clip': 1.0, 'device': 'mps', 'early_stopping_patience': 5, 'early_stopping_min_delta': 0.01}
2026-01-06 14:39:32,073 - rf_experiment - INFO - Starting training loop...
2026-01-06 14:39:32,073 - rf_experiment - INFO - [epoch 1/5] training...
2026-01-06 14:40:00,733 - rf_experiment - INFO - Epoch 1 [50/52] loss=0.7362[epoch 1] lr=0.000300
2026-01-06 14:40:01,614 - rf_experiment - INFO - [epoch 1] train_loss=1.0636, train_acc=0.4768
2026-01-06 14:40:02,727 - rf_experiment - INFO - [epoch 1] val_loss=0.7618, val_acc=0.4474
2026-01-06 14:40:02,727 - rf_experiment - INFO - [epoch 1] new best val_acc=0.4474
2026-01-06 14:40:02,727 - rf_experiment - INFO - [epoch 2/5] training...
2026-01-06 14:40:33,929 - rf_experiment - INFO - Epoch 2 [50/52] loss=0.6869[epoch 2] lr=0.000300
2026-01-06 14:40:34,768 - rf_experiment - INFO - [epoch 2] train_loss=0.8281, train_acc=0.4786
2026-01-06 14:40:35,794 - rf_experiment - INFO - [epoch 2] val_loss=0.7230, val_acc=0.5037
2026-01-06 14:40:35,795 - rf_experiment - INFO - [epoch 2] new best val_acc=0.5037
2026-01-06 14:40:35,795 - rf_experiment - INFO - [epoch 3/5] training...
2026-01-06 14:41:04,271 - rf_experiment - INFO - Epoch 3 [50/52] loss=0.7617[epoch 3] lr=0.000300
2026-01-06 14:41:05,087 - rf_experiment - INFO - [epoch 3] train_loss=0.7788, train_acc=0.5000
2026-01-06 14:41:06,098 - rf_experiment - INFO - [epoch 3] val_loss=0.7107, val_acc=0.5037
2026-01-06 14:41:06,098 - rf_experiment - INFO - [epoch 3] no improvement in val_acc (streak=1)
2026-01-06 14:41:06,098 - rf_experiment - INFO - [epoch 4/5] training...
2026-01-06 14:41:34,729 - rf_experiment - INFO - Epoch 4 [50/52] loss=0.9024[epoch 4] lr=0.000300
2026-01-06 14:41:35,542 - rf_experiment - INFO - [epoch 4] train_loss=0.7500, train_acc=0.5211
2026-01-06 14:41:39,287 - rf_experiment - INFO - [epoch 4] val_loss=0.6919, val_acc=0.5403
2026-01-06 14:41:39,287 - rf_experiment - INFO - [epoch 4] new best val_acc=0.5403
2026-01-06 14:41:39,287 - rf_experiment - INFO - [epoch 5/5] training...
2026-01-06 14:42:18,485 - rf_experiment - INFO - Epoch 5 [50/52] loss=0.9153[epoch 5] lr=0.000300
2026-01-06 14:42:19,345 - rf_experiment - INFO - [epoch 5] train_loss=0.7163, train_acc=0.5452
2026-01-06 14:42:20,372 - rf_experiment - INFO - [epoch 5] val_loss=0.7093, val_acc=0.6039
2026-01-06 14:42:20,372 - rf_experiment - INFO - [epoch 5] new best val_acc=0.6039
2026-01-06 14:42:20,372 - rf_experiment - INFO - Evaluating on test set with best-val checkpoint...
2026-01-06 14:42:21,544 - rf_experiment - INFO - Saved test predictions to results/project_runs_1_conv2d_.iqgrid_bptt_20260106_143931/test_predictions_test_final.npz
2026-01-06 14:42:21,751 - rf_experiment - INFO - Saved confusion matrix to results/project_runs_1_conv2d_.iqgrid_bptt_20260106_143931/confusion_matrix.png
2026-01-06 14:42:21,751 - rf_experiment - INFO - Saved metrics to results/project_runs_1_conv2d_.iqgrid_bptt_20260106_143931/metrics.json
2026-01-06 14:42:21,751 - rf_experiment - INFO - Finished experiment: project_runs_1_conv2d_.iqgrid_bptt
2026-01-06 14:42:21,751 - rf_experiment - INFO - Best val metrics: {'loss': 0.709337789446917, 'acc': 0.6039119804400978, 'per_snr_acc': {20: 0.711340206185567, 0: 0.4845360824742268, 30: 0.6635514018691588, 10: 0.5555555555555556}, 'per_snr_loss': {20: 0.621351501683599, 0: 0.881734218102755, 30: 0.6392283258594085, 10: 0.7029851933044416}, 'epoch': 5}
2026-01-06 14:42:21,751 - rf_experiment - INFO - Test metrics: {'loss': 0.7411318915893852, 'acc': 0.5523114355231143, 'per_snr_acc': {30: 0.5740740740740741, 10: 0.5252525252525253, 0: 0.5247524752475248, 20: 0.5825242718446602}, 'per_snr_loss': {30: 0.676326860708219, 10: 0.7305559910307027, 0: 0.8788017601807518, 20: 0.6842513839596683}}
2026-01-06 14:42:21,751 - rf_experiment - INFO - Finished experiment: project_runs_1_conv2d_.iqgrid_bptt
2026-01-06 14:42:21,751 - rf_experiment - INFO - Best val metrics: {'loss': 0.709337789446917, 'acc': 0.6039119804400978, 'per_snr_acc': {20: 0.711340206185567, 0: 0.4845360824742268, 30: 0.6635514018691588, 10: 0.5555555555555556}, 'per_snr_loss': {20: 0.621351501683599, 0: 0.881734218102755, 30: 0.6392283258594085, 10: 0.7029851933044416}, 'epoch': 5}
2026-01-06 14:42:21,751 - rf_experiment - INFO - Test metrics: {'loss': 0.7411318915893852, 'acc': 0.5523114355231143, 'per_snr_acc': {30: 0.5740740740740741, 10: 0.5252525252525253, 0: 0.5247524752475248, 20: 0.5825242718446602}, 'per_snr_loss': {30: 0.676326860708219, 10: 0.7305559910307027, 0: 0.8788017601807518, 20: 0.6842513839596683}}
