2025-12-04 13:31:22,099 - rf_experiment - INFO - Starting experiment: radioml2018_iqgrid_conv2d_dcll_small_3
2025-12-04 13:31:22,099 - rf_experiment - INFO - Run name: radioml2018_iqgrid_conv2d_dcll_small_3_20251204_133122
2025-12-04 13:31:22,099 - rf_experiment - INFO - Config file: configs/radioml2018_iqgrid_conv2d_dcll_small_3.yaml
2025-12-04 13:31:22,099 - rf_experiment - INFO - Saved resolved config to: results/radioml2018_iqgrid_conv2d_dcll_small_3_20251204_133122/config.yaml
2025-12-04 13:31:22,099 - rf_experiment - INFO - Run directory: results/radioml2018_iqgrid_conv2d_dcll_small_3_20251204_133122
2025-12-04 13:31:22,099 - rf_experiment - INFO - Using device: cpu
2025-12-04 13:31:22,099 - rf_experiment - INFO - Torch version: 2.9.0
2025-12-04 13:31:22,099 - rf_experiment - INFO - Dataset config: {'path': 'data/GOLD_XYZ_OSC.0001_1024.hdf5', 'name': 'radioml2018_structured', 'frames_per_combo': 32, 'mods_to_use': [3, 4], 'snrs_to_use': [0, 10], 'train_frac': 0.8, 'val_frac': 0.1, 'test_frac': 0.1, 'shuffle': True, 'num_workers': 0}
2025-12-04 13:31:22,099 - rf_experiment - INFO - Encoding config: {'type': 'iq_grid', 'params': {'grid_size': 16, 'subsample': 4}}
2025-12-04 13:31:22,100 - rf_experiment - INFO - Total logical dataset size: 128 samples
2025-12-04 13:31:22,100 - rf_experiment - INFO - Num classes (from dataset): 2
2025-12-04 13:31:22,100 - rf_experiment - INFO - Splits: train=102, val=12, test=14
2025-12-04 13:31:22,100 - rf_experiment - INFO - Dataloader: batch_size=16, num_workers=0
2025-12-04 13:31:22,100 - rf_experiment - INFO - Building model: {'type': 'conv2d_snn', 'params': {'input_channels': 1, 'conv_channels': [32, 64], 'kernel_sizes': [3, 3], 'grid_size': 16, 'lif_beta': 0.9, 'dropout': 0.1, 'pool': True, 'num_classes': 2}}
2025-12-04 13:31:22,100 - rf_experiment - INFO - Building model with num_classes=2
2025-12-04 13:31:22,101 - rf_experiment - INFO - Building trainer: {'trainer': 'dcll', 'loss': 'cross_entropy', 'optimizer': 'adam', 'lr': 0.001, 'batch_size': 16, 'epochs': 3, 'max_time_steps': 256, 'grad_clip': 1.0, 'device': 'cpu'}
2025-12-04 13:31:22,586 - rf_experiment - INFO - Starting training loop...
2025-12-04 13:31:22,586 - rf_experiment - INFO - [epoch 1/3] training...
2025-12-04 13:31:33,703 - rf_experiment - INFO - [epoch 1] train_loss=3.4924, train_acc=0.5392
2025-12-04 13:31:33,704 - rf_experiment - INFO - [epoch 1] train_loss=3.4924, train_acc=0.5392
2025-12-04 13:31:34,466 - rf_experiment - INFO - [epoch 1] val_loss=2.2040, val_acc=0.3333
2025-12-04 13:31:34,466 - rf_experiment - INFO - [epoch 2/3] training...
2025-12-04 13:31:45,913 - rf_experiment - INFO - [epoch 2] train_loss=1.7349, train_acc=0.5000
2025-12-04 13:31:45,915 - rf_experiment - INFO - [epoch 2] train_loss=1.7349, train_acc=0.5000
2025-12-04 13:31:46,712 - rf_experiment - INFO - [epoch 2] val_loss=1.1042, val_acc=0.3333
2025-12-04 13:31:46,712 - rf_experiment - INFO - [epoch 3/3] training...
2025-12-04 13:31:59,485 - rf_experiment - INFO - [epoch 3] train_loss=1.1139, train_acc=0.3922
2025-12-04 13:31:59,486 - rf_experiment - INFO - [epoch 3] train_loss=1.1139, train_acc=0.3922
2025-12-04 13:32:00,356 - rf_experiment - INFO - [epoch 3] val_loss=1.0273, val_acc=0.5000
2025-12-04 13:32:00,356 - rf_experiment - INFO - Evaluating on test set...
2025-12-04 13:32:01,261 - rf_experiment - INFO - Saved metrics to results/radioml2018_iqgrid_conv2d_dcll_small_3_20251204_133122/metrics.json
2025-12-04 13:32:01,261 - rf_experiment - INFO - Finished experiment: radioml2018_iqgrid_conv2d_dcll_small_3
2025-12-04 13:32:01,261 - rf_experiment - INFO - Best val metrics: {'loss': 1.0273380279541016, 'acc': 0.5, 'per_snr_acc': {10: 0.3333333333333333, 0: 0.6666666666666666}}
2025-12-04 13:32:01,261 - rf_experiment - INFO - Test metrics: {'loss': 1.078808069229126, 'acc': 0.5, 'per_snr_acc': {0: 0.5, 10: 0.5}}
