2026-01-07 19:36:16,202 - rf_experiment - INFO - Starting experiment: project_runs_1_conv2d_latency_ttfs_bptt
2026-01-07 19:36:16,202 - rf_experiment - INFO - Run name: project_runs_1_conv2d_latency_ttfs_bptt_20260107_193616
2026-01-07 19:36:16,202 - rf_experiment - INFO - Config file: configs/project_runs_1_conv2d_latency_ttfs_bptt.yaml
2026-01-07 19:36:16,202 - rf_experiment - INFO - Saved resolved config to: results/project_runs_1_conv2d_latency_ttfs_bptt_20260107_193616/config.yaml
2026-01-07 19:36:16,202 - rf_experiment - INFO - Run directory: results/project_runs_1_conv2d_latency_ttfs_bptt_20260107_193616
2026-01-07 19:36:16,219 - rf_experiment - INFO - Using device: mps
2026-01-07 19:36:16,219 - rf_experiment - INFO - Using device: mps
2026-01-07 19:36:16,219 - rf_experiment - INFO - Torch version: 2.9.0
2026-01-07 19:36:16,219 - rf_experiment - INFO - Dataset config: {'path': 'data/GOLD_XYZ_OSC.0001_1024.hdf5', 'name': 'radioml2018_structured', 'frames_per_combo': 512, 'mods_to_use': [0, 1, 2, 3, 4, 5], 'snrs_to_use': [-20, -10, 0, 10, 20, 30], 'train_frac': 0.8, 'val_frac': 0.1, 'test_frac': 0.1, 'shuffle': True, 'num_workers': 0}
2026-01-07 19:36:16,219 - rf_experiment - INFO - Encoding config: {'type': 'latency_ttfs', 'params': {'subsample': 4, 'use_sign': True, 'pool': 'max', 'grid_size': 16}}
2026-01-07 19:36:16,220 - rf_experiment - INFO - Total logical dataset size: 18432 samples
2026-01-07 19:36:16,220 - rf_experiment - INFO - Num classes (from dataset): 6
2026-01-07 19:36:16,220 - rf_experiment - INFO - Splits: train=14745, val=1843, test=1844
2026-01-07 19:36:16,220 - rf_experiment - INFO - Full dataset labels: {0: 3072, 1: 3072, 2: 3072, 3: 3072, 4: 3072, 5: 3072}
2026-01-07 19:36:16,220 - rf_experiment - INFO - Full dataset SNRs: {-20: 3072, -10: 3072, 0: 3072, 10: 3072, 20: 3072, 30: 3072}
2026-01-07 19:36:16,220 - rf_experiment - INFO - Dataloader: batch_size=64, num_workers=0
2026-01-07 19:36:16,221 - rf_experiment - INFO - Building model: {'type': 'conv2d_snn', 'params': {'input_channels': 1, 'conv_channels': [64, 128], 'kernel_sizes': [3, 3], 'grid_size': 16, 'lif_beta': 0.9, 'dropout': 0.0, 'pool': True, 'num_classes': 6}}
2026-01-07 19:36:16,221 - rf_experiment - INFO - Building model with num_classes=6
2026-01-07 19:36:16,232 - rf_experiment - INFO - Building trainer: {'trainer': 'bptt', 'loss': 'cross_entropy', 'optimizer': 'adam', 'lr': 0.0003, 'lr_scheduler': {'type': 'step', 'step_size': 5, 'gamma': 0.5}, 'batch_size': 64, 'epochs': 50, 'max_time_steps': 256, 'grad_clip': 1.0, 'device': 'mps', 'early_stopping_patience': 5, 'early_stopping_min_delta': 0.005}
2026-01-07 19:36:16,750 - rf_experiment - INFO - Starting training loop...
2026-01-07 19:36:16,750 - rf_experiment - INFO - [epoch 1/50] training...
2026-01-07 19:37:00,654 - rf_experiment - INFO - Epoch 1 [50/231] loss=2.2907[epoch 1] lr=0.000300
2026-01-07 19:37:44,659 - rf_experiment - INFO - Epoch 1 [100/231] loss=1.7061[epoch 1] lr=0.000300
2026-01-07 19:38:28,674 - rf_experiment - INFO - Epoch 1 [150/231] loss=1.6794[epoch 1] lr=0.000300
2026-01-07 19:39:16,300 - rf_experiment - INFO - Epoch 1 [200/231] loss=1.6592[epoch 1] lr=0.000300
2026-01-07 19:39:53,378 - rf_experiment - INFO - [epoch 1] train_loss=2.2821, train_acc=0.2302
2026-01-07 19:40:04,638 - rf_experiment - INFO - [epoch 1] val_loss=1.6473, val_acc=0.3082
2026-01-07 19:40:04,638 - rf_experiment - INFO - [epoch 1] new best val_acc=0.3082
2026-01-07 19:40:04,638 - rf_experiment - INFO - [epoch 2/50] training...
2026-01-07 19:41:03,649 - rf_experiment - INFO - Epoch 2 [50/231] loss=1.4808[epoch 2] lr=0.000300
2026-01-07 19:42:03,271 - rf_experiment - INFO - Epoch 2 [100/231] loss=1.5978[epoch 2] lr=0.000300
2026-01-07 19:43:02,965 - rf_experiment - INFO - Epoch 2 [150/231] loss=1.6086[epoch 2] lr=0.000300
2026-01-07 19:44:01,232 - rf_experiment - INFO - Epoch 2 [200/231] loss=1.5460[epoch 2] lr=0.000300
2026-01-07 19:44:37,572 - rf_experiment - INFO - [epoch 2] train_loss=1.6184, train_acc=0.2935
2026-01-07 19:44:48,541 - rf_experiment - INFO - [epoch 2] val_loss=1.6474, val_acc=0.3087
2026-01-07 19:44:48,542 - rf_experiment - INFO - [epoch 2] no improvement in val_acc (streak=1)
2026-01-07 19:44:48,542 - rf_experiment - INFO - [epoch 3/50] training...
2026-01-07 19:46:03,486 - rf_experiment - INFO - Epoch 3 [50/231] loss=1.8949[epoch 3] lr=0.000300
2026-01-07 19:47:21,448 - rf_experiment - INFO - Epoch 3 [100/231] loss=1.5800[epoch 3] lr=0.000300
2026-01-07 19:48:39,029 - rf_experiment - INFO - Epoch 3 [150/231] loss=1.5257[epoch 3] lr=0.000300
2026-01-07 19:49:55,401 - rf_experiment - INFO - Epoch 3 [200/231] loss=1.6694[epoch 3] lr=0.000300
2026-01-07 19:50:42,853 - rf_experiment - INFO - [epoch 3] train_loss=1.5953, train_acc=0.2958
2026-01-07 19:50:59,564 - rf_experiment - INFO - [epoch 3] val_loss=1.5702, val_acc=0.2995
2026-01-07 19:50:59,564 - rf_experiment - INFO - [epoch 3] no improvement in val_acc (streak=2)
2026-01-07 19:50:59,564 - rf_experiment - INFO - [epoch 4/50] training...
2026-01-07 19:52:14,305 - rf_experiment - INFO - Epoch 4 [50/231] loss=1.5485[epoch 4] lr=0.000300
2026-01-07 19:53:32,582 - rf_experiment - INFO - Epoch 4 [100/231] loss=1.3942[epoch 4] lr=0.000300
2026-01-07 19:54:50,690 - rf_experiment - INFO - Epoch 4 [150/231] loss=1.7085[epoch 4] lr=0.000300
2026-01-07 19:56:07,327 - rf_experiment - INFO - Epoch 4 [200/231] loss=1.4291[epoch 4] lr=0.000300
2026-01-07 19:56:54,853 - rf_experiment - INFO - [epoch 4] train_loss=1.5491, train_acc=0.3036
2026-01-07 19:57:09,736 - rf_experiment - INFO - [epoch 4] val_loss=1.6037, val_acc=0.3109
2026-01-07 19:57:09,737 - rf_experiment - INFO - [epoch 4] no improvement in val_acc (streak=3)
2026-01-07 19:57:09,737 - rf_experiment - INFO - [epoch 5/50] training...
2026-01-07 19:58:25,713 - rf_experiment - INFO - Epoch 5 [50/231] loss=1.7455[epoch 5] lr=0.000300
2026-01-07 19:59:44,037 - rf_experiment - INFO - Epoch 5 [100/231] loss=1.5593[epoch 5] lr=0.000300
2026-01-07 20:01:02,560 - rf_experiment - INFO - Epoch 5 [150/231] loss=1.4883[epoch 5] lr=0.000300
2026-01-07 20:02:19,501 - rf_experiment - INFO - Epoch 5 [200/231] loss=1.5276[epoch 5] lr=0.000300
2026-01-07 20:03:06,865 - rf_experiment - INFO - [epoch 5] train_loss=1.5499, train_acc=0.3065
2026-01-07 20:03:21,643 - rf_experiment - INFO - [epoch 5] val_loss=1.5084, val_acc=0.3256
2026-01-07 20:03:21,644 - rf_experiment - INFO - [epoch 5] new best val_acc=0.3256
2026-01-07 20:03:21,644 - rf_experiment - INFO - [epoch 6/50] training...
2026-01-07 20:04:38,207 - rf_experiment - INFO - Epoch 6 [50/231] loss=1.4360[epoch 6] lr=0.000150
2026-01-07 20:05:58,697 - rf_experiment - INFO - Epoch 6 [100/231] loss=1.5026[epoch 6] lr=0.000150
2026-01-07 20:07:21,169 - rf_experiment - INFO - Epoch 6 [150/231] loss=1.4248[epoch 6] lr=0.000150
2026-01-07 20:08:42,094 - rf_experiment - INFO - Epoch 6 [200/231] loss=1.5393[epoch 6] lr=0.000150
2026-01-07 20:09:30,965 - rf_experiment - INFO - [epoch 6] train_loss=1.5112, train_acc=0.3156
2026-01-07 20:09:47,077 - rf_experiment - INFO - [epoch 6] val_loss=1.5059, val_acc=0.3174
2026-01-07 20:09:47,077 - rf_experiment - INFO - [epoch 6] no improvement in val_acc (streak=1)
2026-01-07 20:09:47,077 - rf_experiment - INFO - [epoch 7/50] training...
2026-01-07 20:11:08,012 - rf_experiment - INFO - Epoch 7 [50/231] loss=1.4781[epoch 7] lr=0.000150
2026-01-07 20:12:28,934 - rf_experiment - INFO - Epoch 7 [100/231] loss=1.4456[epoch 7] lr=0.000150
2026-01-07 20:13:50,968 - rf_experiment - INFO - Epoch 7 [150/231] loss=1.5017[epoch 7] lr=0.000150
2026-01-07 20:15:13,964 - rf_experiment - INFO - Epoch 7 [200/231] loss=1.5473[epoch 7] lr=0.000150
2026-01-07 20:16:02,752 - rf_experiment - INFO - [epoch 7] train_loss=1.5075, train_acc=0.3179
2026-01-07 20:16:18,689 - rf_experiment - INFO - [epoch 7] val_loss=1.5194, val_acc=0.3201
2026-01-07 20:16:18,689 - rf_experiment - INFO - [epoch 7] no improvement in val_acc (streak=2)
2026-01-07 20:16:18,689 - rf_experiment - INFO - [epoch 8/50] training...
2026-01-07 20:17:37,910 - rf_experiment - INFO - Epoch 8 [50/231] loss=1.5940[epoch 8] lr=0.000150
2026-01-07 20:18:57,759 - rf_experiment - INFO - Epoch 8 [100/231] loss=1.5950[epoch 8] lr=0.000150
2026-01-07 20:20:18,187 - rf_experiment - INFO - Epoch 8 [150/231] loss=1.4660[epoch 8] lr=0.000150
2026-01-07 20:21:39,161 - rf_experiment - INFO - Epoch 8 [200/231] loss=1.5230[epoch 8] lr=0.000150
2026-01-07 20:22:27,230 - rf_experiment - INFO - [epoch 8] train_loss=1.5119, train_acc=0.3071
2026-01-07 20:22:43,272 - rf_experiment - INFO - [epoch 8] val_loss=1.4761, val_acc=0.3212
2026-01-07 20:22:43,273 - rf_experiment - INFO - [epoch 8] no improvement in val_acc (streak=3)
2026-01-07 20:22:43,273 - rf_experiment - INFO - [epoch 9/50] training...
2026-01-07 20:24:03,170 - rf_experiment - INFO - Epoch 9 [50/231] loss=1.6237[epoch 9] lr=0.000150
2026-01-07 20:25:24,796 - rf_experiment - INFO - Epoch 9 [100/231] loss=1.4545[epoch 9] lr=0.000150
2026-01-07 20:26:44,919 - rf_experiment - INFO - Epoch 9 [150/231] loss=1.5783[epoch 9] lr=0.000150
2026-01-07 20:28:06,884 - rf_experiment - INFO - Epoch 9 [200/231] loss=1.3463[epoch 9] lr=0.000150
2026-01-07 20:28:54,530 - rf_experiment - INFO - [epoch 9] train_loss=1.5040, train_acc=0.3151
2026-01-07 20:29:11,014 - rf_experiment - INFO - [epoch 9] val_loss=1.5032, val_acc=0.3082
2026-01-07 20:29:11,015 - rf_experiment - INFO - [epoch 9] no improvement in val_acc (streak=4)
2026-01-07 20:29:11,015 - rf_experiment - INFO - [epoch 10/50] training...
2026-01-07 20:30:32,316 - rf_experiment - INFO - Epoch 10 [50/231] loss=1.4704[epoch 10] lr=0.000150
2026-01-07 20:31:54,185 - rf_experiment - INFO - Epoch 10 [100/231] loss=1.4744[epoch 10] lr=0.000150
2026-01-07 20:33:14,396 - rf_experiment - INFO - Epoch 10 [150/231] loss=1.4848[epoch 10] lr=0.000150
2026-01-07 20:34:37,085 - rf_experiment - INFO - Epoch 10 [200/231] loss=1.5351[epoch 10] lr=0.000150
2026-01-07 20:35:25,392 - rf_experiment - INFO - [epoch 10] train_loss=1.5118, train_acc=0.3141
2026-01-07 20:35:41,673 - rf_experiment - INFO - [epoch 10] val_loss=1.5536, val_acc=0.2561
2026-01-07 20:35:41,674 - rf_experiment - INFO - [epoch 10] no improvement in val_acc (streak=5)
2026-01-07 20:35:41,674 - rf_experiment - INFO - [epoch 10] early stopping triggered (patience=5)
2026-01-07 20:35:41,690 - rf_experiment - INFO - Saved best model checkpoint to results/project_runs_1_conv2d_latency_ttfs_bptt_20260107_193616/best_model.pt
2026-01-07 20:35:41,690 - rf_experiment - INFO - Evaluating on test set with best-val checkpoint...
2026-01-07 20:35:58,379 - rf_experiment - INFO - Saved predictions to results/project_runs_1_conv2d_latency_ttfs_bptt_20260107_193616/test_predictions_test_final.npz
2026-01-07 20:36:14,165 - rf_experiment - INFO - Saved predictions to results/project_runs_1_conv2d_latency_ttfs_bptt_20260107_193616/test_predictions_test_dropout_30.npz
2026-01-07 20:36:14,166 - rf_experiment - INFO - Test metrics with 30% time-step dropout: {'loss': 2.6881365951902176, 'acc': 0.2901301518438178, 'latency_ms_per_sample': 6.95761456255298, 'energy_j_per_sample': 1.043642184382947, 'per_snr_acc': {0: 0.18446601941747573, 10: 0.37142857142857144, -20: 0.1901639344262295, -10: 0.2261904761904762, 20: 0.3815789473684211, 30: 0.4036363636363636}, 'per_snr_loss': {0: 3.2038332019423206, 10: 2.2153484281802935, -20: 3.230084330918359, -10: 3.0539215164525166, 20: 2.155823658588097, 30: 2.1906944160840727}}
2026-01-07 20:36:29,125 - rf_experiment - INFO - Saved predictions to results/project_runs_1_conv2d_latency_ttfs_bptt_20260107_193616/test_predictions_test_shuffled_time.npz
2026-01-07 20:36:29,126 - rf_experiment - INFO - Test metrics with shuffled time dimension: {'loss': 2.88224394874821, 'acc': 0.2418655097613883, 'latency_ms_per_sample': 6.631527409546376, 'energy_j_per_sample': 0.9947291114319564, 'per_snr_acc': {0: 0.18770226537216828, 10: 0.2761904761904762, -20: 0.18032786885245902, -10: 0.19047619047619047, 20: 0.3157894736842105, 30: 0.31272727272727274}, 'per_snr_loss': {0: 3.3079001118932343, 10: 2.403102414735726, -20: 3.219876888052362, -10: 3.3263641964156356, 20: 2.506285650802678, 30: 2.4513013062151994}}
2026-01-07 20:36:29,357 - rf_experiment - INFO - Saved confusion matrix to results/project_runs_1_conv2d_latency_ttfs_bptt_20260107_193616/confusion_matrix.png
2026-01-07 20:36:29,358 - rf_experiment - INFO - Saved metrics to results/project_runs_1_conv2d_latency_ttfs_bptt_20260107_193616/metrics.json
2026-01-07 20:36:29,358 - rf_experiment - INFO - Finished experiment: project_runs_1_conv2d_latency_ttfs_bptt
2026-01-07 20:36:29,358 - rf_experiment - INFO - Best val metrics: {'loss': 1.5083514962323128, 'acc': 0.32555615843733043, 'latency_ms_per_sample': 6.52459255665767, 'energy_j_per_sample': 0.9786888834986506, 'per_snr_acc': {20: 0.45751633986928103, 10: 0.47368421052631576, -20: 0.1949685534591195, 30: 0.49056603773584906, -10: 0.15034965034965034, 0: 0.17684887459807075}, 'per_snr_loss': {20: 1.145195424154985, 10: 1.0837586631042588, -20: 1.8839110465919446, 30: 1.0977728617898885, -10: 1.9566748867501746, 0: 1.9042279139592333}, 'epoch': 5}
2026-01-07 20:36:29,358 - rf_experiment - INFO - Test metrics: {'loss': 1.5001776523548713, 'acc': 0.3378524945770065, 'latency_ms_per_sample': 7.393949410833677, 'energy_j_per_sample': 1.1090924116250516, 'per_snr_acc': {0: 0.18446601941747573, 10: 0.48253968253968255, -20: 0.1901639344262295, -10: 0.2261904761904762, 20: 0.48026315789473684, 30: 0.48727272727272725}, 'per_snr_loss': {0: 1.8599162404591212, 10: 1.1157088135324773, -20: 1.9149260919602191, -10: 1.8673095085791178, 20: 1.0813674986435984, 30: 1.0907674213972958}}
2026-01-07 20:36:29,358 - rf_experiment - INFO - Finished experiment: project_runs_1_conv2d_latency_ttfs_bptt
2026-01-07 20:36:29,358 - rf_experiment - INFO - Best val metrics: {'loss': 1.5083514962323128, 'acc': 0.32555615843733043, 'latency_ms_per_sample': 6.52459255665767, 'energy_j_per_sample': 0.9786888834986506, 'per_snr_acc': {20: 0.45751633986928103, 10: 0.47368421052631576, -20: 0.1949685534591195, 30: 0.49056603773584906, -10: 0.15034965034965034, 0: 0.17684887459807075}, 'per_snr_loss': {20: 1.145195424154985, 10: 1.0837586631042588, -20: 1.8839110465919446, 30: 1.0977728617898885, -10: 1.9566748867501746, 0: 1.9042279139592333}, 'epoch': 5}
2026-01-07 20:36:29,358 - rf_experiment - INFO - Test metrics: {'loss': 1.5001776523548713, 'acc': 0.3378524945770065, 'latency_ms_per_sample': 7.393949410833677, 'energy_j_per_sample': 1.1090924116250516, 'per_snr_acc': {0: 0.18446601941747573, 10: 0.48253968253968255, -20: 0.1901639344262295, -10: 0.2261904761904762, 20: 0.48026315789473684, 30: 0.48727272727272725}, 'per_snr_loss': {0: 1.8599162404591212, 10: 1.1157088135324773, -20: 1.9149260919602191, -10: 1.8673095085791178, 20: 1.0813674986435984, 30: 1.0907674213972958}}
