2025-12-02 11:30:24,899 - rf_experiment - INFO - Starting experiment: radioml2018_iqgrid_conv2d_dcll_medium
2025-12-02 11:30:24,899 - rf_experiment - INFO - Run name: radioml2018_iqgrid_conv2d_dcll_medium_20251202_113024
2025-12-02 11:30:24,899 - rf_experiment - INFO - Config file: configs/radioml2018_iqgrid_conv2d_dcll_medium.yaml
2025-12-02 11:30:24,899 - rf_experiment - INFO - Saved resolved config to: results/radioml2018_iqgrid_conv2d_dcll_medium_20251202_113024/config.yaml
2025-12-02 11:30:24,899 - rf_experiment - INFO - Run directory: results/radioml2018_iqgrid_conv2d_dcll_medium_20251202_113024
2025-12-02 11:30:24,899 - rf_experiment - INFO - Using device: cpu
2025-12-02 11:30:24,899 - rf_experiment - INFO - Torch version: 2.9.0
2025-12-02 11:30:24,899 - rf_experiment - INFO - Dataset config: {'path': 'data/GOLD_XYZ_OSC.0001_1024.hdf5', 'name': 'radioml2018_structured', 'frames_per_combo': 64, 'mods_to_use': [3, 4, 12], 'snrs_to_use': [0, 4, 8], 'train_frac': 0.7, 'val_frac': 0.15, 'test_frac': 0.15, 'shuffle': True, 'num_workers': 0}
2025-12-02 11:30:24,899 - rf_experiment - INFO - Encoding config: {'type': 'iq_grid', 'params': {'grid_size': 16, 'subsample': 4}}
2025-12-02 11:30:24,900 - rf_experiment - INFO - Total logical dataset size: 576 samples
2025-12-02 11:30:24,900 - rf_experiment - INFO - Splits: train=403, val=86, test=87
2025-12-02 11:30:24,900 - rf_experiment - INFO - Dataloader: batch_size=16, num_workers=0
2025-12-02 11:30:24,900 - rf_experiment - INFO - Building model: {'type': 'conv2d_snn', 'params': {'input_channels': 1, 'conv_channels': [32, 64], 'kernel_sizes': [3, 3], 'grid_size': 16, 'lif_beta': 0.9, 'num_classes': 24, 'dropout': 0.1, 'pool': True}}
2025-12-02 11:30:24,901 - rf_experiment - INFO - Building trainer: {'trainer': 'dcll', 'loss': 'cross_entropy', 'optimizer': 'adam', 'lr': 0.001, 'batch_size': 16, 'epochs': 3, 'max_time_steps': 256, 'grad_clip': 1.0, 'device': 'cpu'}
2025-12-02 11:30:25,301 - rf_experiment - INFO - Starting training loop...
2025-12-02 11:30:25,301 - rf_experiment - INFO - [epoch 1/3] training...
2025-12-02 11:31:06,460 - rf_experiment - INFO - [epoch 1] train_loss=14.8021, train_acc=0.1960
2025-12-02 11:31:11,640 - rf_experiment - INFO - [epoch 1] val_loss=5.0786, val_acc=0.1395
2025-12-02 11:31:11,640 - rf_experiment - INFO - [epoch 2/3] training...
2025-12-02 11:31:53,561 - rf_experiment - INFO - [epoch 2] train_loss=4.5799, train_acc=0.2531
2025-12-02 11:31:58,719 - rf_experiment - INFO - [epoch 2] val_loss=4.3559, val_acc=0.3372
2025-12-02 11:31:58,719 - rf_experiment - INFO - [epoch 3/3] training...
2025-12-02 11:32:41,395 - rf_experiment - INFO - [epoch 3] train_loss=3.1315, train_acc=0.2779
2025-12-02 11:32:46,793 - rf_experiment - INFO - [epoch 3] val_loss=2.5765, val_acc=0.3372
2025-12-02 11:32:46,793 - rf_experiment - INFO - Evaluating on test set...
2025-12-02 11:32:52,206 - rf_experiment - INFO - Saved metrics to results/radioml2018_iqgrid_conv2d_dcll_medium_20251202_113024/metrics.json
2025-12-02 11:32:52,206 - rf_experiment - INFO - Finished experiment: radioml2018_iqgrid_conv2d_dcll_medium
2025-12-02 11:32:52,206 - rf_experiment - INFO - Best val metrics: {'loss': 4.3559135836224225, 'acc': 0.3372093023255814, 'per_snr_acc': {8: 0.2727272727272727, 0: 0.37142857142857144, 4: 0.3448275862068966}}
2025-12-02 11:32:52,206 - rf_experiment - INFO - Test metrics: {'loss': 2.5620598834136437, 'acc': 0.3218390804597701, 'per_snr_acc': {0: 0.2692307692307692, 4: 0.3448275862068966, 8: 0.34375}}
