2025-12-05 09:32:42,467 - rf_experiment - INFO - Starting experiment: radioml2018_small_hrm_bptt_1
2025-12-05 09:32:42,467 - rf_experiment - INFO - Run name: radioml2018_small_hrm_bptt_1_20251205_093242
2025-12-05 09:32:42,467 - rf_experiment - INFO - Config file: configs/radioml2018_small_hrm_bptt_1.yaml
2025-12-05 09:32:42,467 - rf_experiment - INFO - Saved resolved config to: results/radioml2018_small_hrm_bptt_1_20251205_093242/config.yaml
2025-12-05 09:32:42,467 - rf_experiment - INFO - Run directory: results/radioml2018_small_hrm_bptt_1_20251205_093242
2025-12-05 09:32:42,467 - rf_experiment - INFO - Using device: cpu
2025-12-05 09:32:42,467 - rf_experiment - INFO - Torch version: 2.9.0
2025-12-05 09:32:42,467 - rf_experiment - INFO - Dataset config: {'path': 'data/GOLD_XYZ_OSC.0001_1024.hdf5', 'name': 'radioml2018_structured', 'frames_per_combo': 2048, 'mods_to_use': [1, 2, 3, 4], 'snrs_to_use': [30], 'train_frac': 0.8, 'val_frac': 0.1, 'test_frac': 0.1, 'shuffle': True, 'num_workers': 0}
2025-12-05 09:32:42,467 - rf_experiment - INFO - Encoding config: {'type': 'iq_grid', 'params': {'grid_size': 16, 'subsample': 4}}
2025-12-05 09:32:42,467 - rf_experiment - INFO - Total logical dataset size: 8192 samples
2025-12-05 09:32:42,467 - rf_experiment - INFO - Num classes (from dataset): 4
2025-12-05 09:32:42,467 - rf_experiment - INFO - Splits: train=6553, val=819, test=820
2025-12-05 09:32:42,468 - rf_experiment - INFO - Dataloader: batch_size=64, num_workers=0
2025-12-05 09:32:42,468 - rf_experiment - INFO - Building model: {'type': 'hrm_rf', 'params': {'input_channels': 1, 'grid_size': 16, 'low_dim': 256, 'high_dim': 256, 'num_cycles': 8, 'num_classes': 4, 'dropout': 0.1, 'agg': 'mean'}}
2025-12-05 09:32:42,468 - rf_experiment - INFO - Building model with num_classes=4
2025-12-05 09:32:42,470 - rf_experiment - INFO - Building trainer: {'trainer': 'bptt', 'loss': 'cross_entropy', 'optimizer': 'adam', 'lr': 0.0003, 'batch_size': 64, 'epochs': 20, 'max_time_steps': 256, 'grad_clip': 1.0, 'device': 'cpu'}
2025-12-05 09:32:42,966 - rf_experiment - INFO - Starting training loop...
2025-12-05 09:32:42,966 - rf_experiment - INFO - [epoch 1/20] training...
2025-12-05 09:34:53,251 - rf_experiment - INFO - [epoch 1] train_loss=1.0615, train_acc=0.4171
2025-12-05 09:35:05,945 - rf_experiment - INFO - [epoch 1] val_loss=0.7523, val_acc=0.4921
2025-12-05 09:35:05,945 - rf_experiment - INFO - [epoch 2/20] training...
2025-12-05 09:37:16,964 - rf_experiment - INFO - [epoch 2] train_loss=0.7419, train_acc=0.5478
2025-12-05 09:37:32,594 - rf_experiment - INFO - [epoch 2] val_loss=0.6312, val_acc=0.6752
2025-12-05 09:37:32,595 - rf_experiment - INFO - [epoch 3/20] training...
2025-12-05 09:39:41,195 - rf_experiment - INFO - [epoch 3] train_loss=0.5108, train_acc=0.7053
2025-12-05 09:39:55,530 - rf_experiment - INFO - [epoch 3] val_loss=0.5304, val_acc=0.7082
2025-12-05 09:39:55,530 - rf_experiment - INFO - [epoch 4/20] training...
2025-12-05 09:42:02,630 - rf_experiment - INFO - [epoch 4] train_loss=0.4185, train_acc=0.7412
2025-12-05 09:42:15,975 - rf_experiment - INFO - [epoch 4] val_loss=0.3925, val_acc=0.7326
2025-12-05 09:42:15,975 - rf_experiment - INFO - [epoch 5/20] training...
2025-12-05 09:44:26,733 - rf_experiment - INFO - [epoch 5] train_loss=0.4151, train_acc=0.7577
2025-12-05 09:44:38,823 - rf_experiment - INFO - [epoch 5] val_loss=0.3890, val_acc=0.8120
2025-12-05 09:44:38,824 - rf_experiment - INFO - [epoch 6/20] training...
2025-12-05 09:46:47,393 - rf_experiment - INFO - [epoch 6] train_loss=0.3680, train_acc=0.8071
2025-12-05 09:47:02,461 - rf_experiment - INFO - [epoch 6] val_loss=0.3569, val_acc=0.8400
2025-12-05 09:47:02,461 - rf_experiment - INFO - [epoch 7/20] training...
2025-12-05 09:49:10,701 - rf_experiment - INFO - [epoch 7] train_loss=0.3019, train_acc=0.8613
2025-12-05 09:49:24,362 - rf_experiment - INFO - [epoch 7] val_loss=0.3135, val_acc=0.8730
2025-12-05 09:49:24,362 - rf_experiment - INFO - [epoch 8/20] training...
2025-12-05 09:51:35,194 - rf_experiment - INFO - [epoch 8] train_loss=0.2939, train_acc=0.8701
2025-12-05 09:51:49,944 - rf_experiment - INFO - [epoch 8] val_loss=0.2811, val_acc=0.8803
2025-12-05 09:51:49,945 - rf_experiment - INFO - [epoch 9/20] training...
2025-12-05 09:54:38,696 - rf_experiment - INFO - [epoch 9] train_loss=0.2863, train_acc=0.8782
2025-12-05 09:54:57,242 - rf_experiment - INFO - [epoch 9] val_loss=0.2962, val_acc=0.8718
2025-12-05 09:54:57,243 - rf_experiment - INFO - [epoch 10/20] training...
2025-12-05 09:57:37,531 - rf_experiment - INFO - [epoch 10] train_loss=0.2673, train_acc=0.8817
2025-12-05 09:57:55,882 - rf_experiment - INFO - [epoch 10] val_loss=0.3390, val_acc=0.8681
2025-12-05 09:57:55,883 - rf_experiment - INFO - [epoch 11/20] training...
2025-12-05 10:00:49,194 - rf_experiment - INFO - [epoch 11] train_loss=0.2707, train_acc=0.8831
2025-12-05 10:01:08,964 - rf_experiment - INFO - [epoch 11] val_loss=0.2714, val_acc=0.8852
2025-12-05 10:01:08,964 - rf_experiment - INFO - [epoch 12/20] training...
2025-12-05 10:05:07,758 - rf_experiment - INFO - [epoch 12] train_loss=0.2480, train_acc=0.8953
2025-12-05 10:05:24,685 - rf_experiment - INFO - [epoch 12] val_loss=0.3034, val_acc=0.8584
2025-12-05 10:05:24,685 - rf_experiment - INFO - [epoch 13/20] training...
2025-12-05 10:08:24,016 - rf_experiment - INFO - [epoch 13] train_loss=0.2494, train_acc=0.8947
2025-12-05 10:08:45,237 - rf_experiment - INFO - [epoch 13] val_loss=0.2680, val_acc=0.8816
2025-12-05 10:08:45,238 - rf_experiment - INFO - [epoch 14/20] training...
2025-12-05 10:11:44,895 - rf_experiment - INFO - [epoch 14] train_loss=0.2534, train_acc=0.8942
2025-12-05 10:12:04,747 - rf_experiment - INFO - [epoch 14] val_loss=0.2739, val_acc=0.8877
2025-12-05 10:12:04,747 - rf_experiment - INFO - [epoch 15/20] training...
2025-12-05 10:14:29,289 - rf_experiment - INFO - [epoch 15] train_loss=0.2414, train_acc=0.8961
2025-12-05 10:14:48,034 - rf_experiment - INFO - [epoch 15] val_loss=0.2706, val_acc=0.8828
2025-12-05 10:14:48,034 - rf_experiment - INFO - [epoch 16/20] training...
2025-12-05 10:16:56,535 - rf_experiment - INFO - [epoch 16] train_loss=0.2464, train_acc=0.8971
2025-12-05 10:17:14,674 - rf_experiment - INFO - [epoch 16] val_loss=0.2836, val_acc=0.8816
2025-12-05 10:17:14,674 - rf_experiment - INFO - [epoch 17/20] training...
2025-12-05 10:19:24,988 - rf_experiment - INFO - [epoch 17] train_loss=0.2390, train_acc=0.8939
2025-12-05 10:19:39,719 - rf_experiment - INFO - [epoch 17] val_loss=0.2854, val_acc=0.8755
2025-12-05 10:19:39,719 - rf_experiment - INFO - [epoch 18/20] training...
2025-12-05 10:21:48,965 - rf_experiment - INFO - [epoch 18] train_loss=0.2301, train_acc=0.9013
2025-12-05 10:22:04,033 - rf_experiment - INFO - [epoch 18] val_loss=0.2819, val_acc=0.8840
2025-12-05 10:22:04,034 - rf_experiment - INFO - [epoch 19/20] training...
2025-12-05 10:24:16,954 - rf_experiment - INFO - [epoch 19] train_loss=0.2330, train_acc=0.9040
2025-12-05 10:24:33,984 - rf_experiment - INFO - [epoch 19] val_loss=0.2615, val_acc=0.8913
2025-12-05 10:24:33,985 - rf_experiment - INFO - [epoch 20/20] training...
2025-12-05 10:26:39,816 - rf_experiment - INFO - [epoch 20] train_loss=0.2305, train_acc=0.9026
2025-12-05 10:26:50,152 - rf_experiment - INFO - [epoch 20] val_loss=0.3497, val_acc=0.8706
2025-12-05 10:26:50,152 - rf_experiment - INFO - Evaluating on test set...
2025-12-05 10:27:00,736 - rf_experiment - INFO - Saved metrics to results/radioml2018_small_hrm_bptt_1_20251205_093242/metrics.json
2025-12-05 10:27:00,744 - rf_experiment - INFO - Finished experiment: radioml2018_small_hrm_bptt_1
2025-12-05 10:27:00,744 - rf_experiment - INFO - Best val metrics: {'loss': 0.2614577048354679, 'acc': 0.8913308913308914, 'per_snr_acc': {30: 0.8913308913308914}}
2025-12-05 10:27:00,744 - rf_experiment - INFO - Test metrics: {'loss': 0.327007874919147, 'acc': 0.8646341463414634, 'per_snr_acc': {30: 0.8646341463414634}}
