2025-12-05 09:15:30,623 - rf_experiment - INFO - Starting experiment: radioml2018_small_hrm_bptt_1
2025-12-05 09:15:30,623 - rf_experiment - INFO - Run name: radioml2018_small_hrm_bptt_1_20251205_091530
2025-12-05 09:15:30,623 - rf_experiment - INFO - Config file: configs/radioml2018_small_hrm_bptt_1.yaml
2025-12-05 09:15:30,623 - rf_experiment - INFO - Saved resolved config to: results/radioml2018_small_hrm_bptt_1_20251205_091530/config.yaml
2025-12-05 09:15:30,623 - rf_experiment - INFO - Run directory: results/radioml2018_small_hrm_bptt_1_20251205_091530
2025-12-05 09:15:30,623 - rf_experiment - INFO - Using device: cpu
2025-12-05 09:15:30,623 - rf_experiment - INFO - Torch version: 2.9.0
2025-12-05 09:15:30,623 - rf_experiment - INFO - Dataset config: {'path': 'data/GOLD_XYZ_OSC.0001_1024.hdf5', 'name': 'radioml2018_structured', 'frames_per_combo': 256, 'mods_to_use': [1, 2, 3, 4], 'snrs_to_use': [30], 'train_frac': 0.8, 'val_frac': 0.1, 'test_frac': 0.1, 'shuffle': True, 'num_workers': 0}
2025-12-05 09:15:30,623 - rf_experiment - INFO - Encoding config: {'type': 'iq_grid', 'params': {'grid_size': 16, 'subsample': 4}}
2025-12-05 09:15:30,623 - rf_experiment - INFO - Total logical dataset size: 1024 samples
2025-12-05 09:15:30,623 - rf_experiment - INFO - Num classes (from dataset): 4
2025-12-05 09:15:30,623 - rf_experiment - INFO - Splits: train=819, val=102, test=103
2025-12-05 09:15:30,624 - rf_experiment - INFO - Dataloader: batch_size=64, num_workers=0
2025-12-05 09:15:30,624 - rf_experiment - INFO - Building model: {'type': 'hrm_rf', 'params': {'input_channels': 1, 'grid_size': 16, 'low_dim': 256, 'high_dim': 256, 'num_cycles': 8, 'num_classes': 4, 'dropout': 0.1, 'agg': 'mean'}}
2025-12-05 09:15:30,624 - rf_experiment - INFO - Building model with num_classes=4
2025-12-05 09:15:30,626 - rf_experiment - INFO - Building trainer: {'trainer': 'bptt', 'loss': 'cross_entropy', 'optimizer': 'adam', 'lr': 0.001, 'batch_size': 64, 'epochs': 5, 'max_time_steps': 256, 'grad_clip': 1.0, 'device': 'cpu'}
2025-12-05 09:15:31,095 - rf_experiment - INFO - Starting training loop...
2025-12-05 09:15:31,095 - rf_experiment - INFO - [epoch 1/5] training...
2025-12-05 09:15:49,001 - rf_experiment - INFO - [epoch 1] train_loss=1.3609, train_acc=0.2991
2025-12-05 09:15:52,245 - rf_experiment - INFO - [epoch 1] val_loss=1.2449, val_acc=0.3137
2025-12-05 09:15:52,246 - rf_experiment - INFO - [epoch 2/5] training...
2025-12-05 09:16:09,689 - rf_experiment - INFO - [epoch 2] train_loss=1.3329, train_acc=0.4298
2025-12-05 09:16:12,595 - rf_experiment - INFO - [epoch 2] val_loss=1.0743, val_acc=0.5098
2025-12-05 09:16:12,595 - rf_experiment - INFO - [epoch 3/5] training...
2025-12-05 09:16:29,506 - rf_experiment - INFO - [epoch 3] train_loss=0.9173, train_acc=0.4689
2025-12-05 09:16:32,394 - rf_experiment - INFO - [epoch 3] val_loss=0.9038, val_acc=0.5294
2025-12-05 09:16:32,394 - rf_experiment - INFO - [epoch 4/5] training...
2025-12-05 09:16:50,797 - rf_experiment - INFO - [epoch 4] train_loss=0.8804, train_acc=0.4969
2025-12-05 09:16:53,440 - rf_experiment - INFO - [epoch 4] val_loss=1.1068, val_acc=0.3529
2025-12-05 09:16:53,440 - rf_experiment - INFO - [epoch 5/5] training...
2025-12-05 09:17:10,454 - rf_experiment - INFO - [epoch 5] train_loss=0.8665, train_acc=0.4640
2025-12-05 09:17:13,315 - rf_experiment - INFO - [epoch 5] val_loss=0.7405, val_acc=0.6078
2025-12-05 09:17:13,315 - rf_experiment - INFO - Evaluating on test set...
2025-12-05 09:17:16,053 - rf_experiment - INFO - Saved metrics to results/radioml2018_small_hrm_bptt_1_20251205_091530/metrics.json
2025-12-05 09:17:16,066 - rf_experiment - INFO - Finished experiment: radioml2018_small_hrm_bptt_1
2025-12-05 09:17:16,066 - rf_experiment - INFO - Best val metrics: {'loss': 0.7404674221487606, 'acc': 0.6078431372549019, 'per_snr_acc': {30: 0.6078431372549019}}
2025-12-05 09:17:16,066 - rf_experiment - INFO - Test metrics: {'loss': 0.7741716295770071, 'acc': 0.5145631067961165, 'per_snr_acc': {30: 0.5145631067961165}}
