2026-01-07 19:23:37,705 - rf_experiment - INFO - Starting experiment: project_runs_1_conv2d_ann_iqgrid_bptt
2026-01-07 19:23:37,705 - rf_experiment - INFO - Run name: project_runs_1_conv2d_ann_iqgrid_bptt_20260107_192337
2026-01-07 19:23:37,705 - rf_experiment - INFO - Config file: configs/project_runs_1_conv2d_ann_iqgrid_bptt.yaml
2026-01-07 19:23:37,705 - rf_experiment - INFO - Saved resolved config to: results/project_runs_1_conv2d_ann_iqgrid_bptt_20260107_192337/config.yaml
2026-01-07 19:23:37,705 - rf_experiment - INFO - Run directory: results/project_runs_1_conv2d_ann_iqgrid_bptt_20260107_192337
2026-01-07 19:23:37,726 - rf_experiment - INFO - Using device: mps
2026-01-07 19:23:37,726 - rf_experiment - INFO - Using device: mps
2026-01-07 19:23:37,726 - rf_experiment - INFO - Torch version: 2.9.0
2026-01-07 19:23:37,726 - rf_experiment - INFO - Dataset config: {'path': 'data/GOLD_XYZ_OSC.0001_1024.hdf5', 'name': 'radioml2018_structured', 'frames_per_combo': 512, 'mods_to_use': [0, 1, 2, 3, 4, 5], 'snrs_to_use': [-20, -10, 0, 10, 20, 30], 'train_frac': 0.8, 'val_frac': 0.1, 'test_frac': 0.1, 'shuffle': True, 'num_workers': 0}
2026-01-07 19:23:37,726 - rf_experiment - INFO - Encoding config: {'type': 'iq_grid', 'params': {'grid_size': 16, 'subsample': 4}}
2026-01-07 19:23:37,727 - rf_experiment - INFO - Total logical dataset size: 18432 samples
2026-01-07 19:23:37,727 - rf_experiment - INFO - Num classes (from dataset): 6
2026-01-07 19:23:37,727 - rf_experiment - INFO - Splits: train=14745, val=1843, test=1844
2026-01-07 19:23:37,730 - rf_experiment - INFO - Full dataset labels: {0: 3072, 1: 3072, 2: 3072, 3: 3072, 4: 3072, 5: 3072}
2026-01-07 19:23:37,730 - rf_experiment - INFO - Full dataset SNRs: {-20: 3072, -10: 3072, 0: 3072, 10: 3072, 20: 3072, 30: 3072}
2026-01-07 19:23:37,730 - rf_experiment - INFO - Dataloader: batch_size=64, num_workers=0
2026-01-07 19:23:37,731 - rf_experiment - INFO - Building model: {'type': 'conv2d_ann', 'params': {'input_channels': 1, 'conv_channels': [64, 128], 'kernel_sizes': [3, 3], 'grid_size': 16, 'lif_beta': 0.9, 'dropout': 0.0, 'pool': True, 'num_classes': 6}}
2026-01-07 19:23:37,731 - rf_experiment - INFO - Building model with num_classes=6
2026-01-07 19:23:37,750 - rf_experiment - INFO - Building trainer: {'trainer': 'bptt', 'loss': 'cross_entropy', 'optimizer': 'adam', 'lr': 0.0003, 'lr_scheduler': {'type': 'step', 'step_size': 5, 'gamma': 0.5}, 'batch_size': 64, 'epochs': 50, 'max_time_steps': 256, 'grad_clip': 1.0, 'device': 'mps', 'early_stopping_patience': 5, 'early_stopping_min_delta': 0.005}
2026-01-07 19:23:38,256 - rf_experiment - INFO - Starting training loop...
2026-01-07 19:23:38,256 - rf_experiment - INFO - [epoch 1/50] training...
2026-01-07 19:24:11,626 - rf_experiment - INFO - Epoch 1 [50/231] loss=3.8203[epoch 1] lr=0.000300
2026-01-07 19:24:44,838 - rf_experiment - INFO - Epoch 1 [100/231] loss=1.9500[epoch 1] lr=0.000300
2026-01-07 19:25:17,687 - rf_experiment - INFO - Epoch 1 [150/231] loss=1.9751[epoch 1] lr=0.000300
2026-01-07 19:25:50,406 - rf_experiment - INFO - Epoch 1 [200/231] loss=1.7649[epoch 1] lr=0.000300
2026-01-07 19:26:10,615 - rf_experiment - INFO - [epoch 1] train_loss=2.9282, train_acc=0.2364
2026-01-07 19:26:15,852 - rf_experiment - INFO - [epoch 1] val_loss=1.7212, val_acc=0.2621
2026-01-07 19:26:15,852 - rf_experiment - INFO - [epoch 1] new best val_acc=0.2621
2026-01-07 19:26:15,852 - rf_experiment - INFO - [epoch 2/50] training...
2026-01-07 19:26:48,480 - rf_experiment - INFO - Epoch 2 [50/231] loss=1.7248[epoch 2] lr=0.000300
2026-01-07 19:27:20,710 - rf_experiment - INFO - Epoch 2 [100/231] loss=1.9395[epoch 2] lr=0.000300
2026-01-07 19:27:53,389 - rf_experiment - INFO - Epoch 2 [150/231] loss=1.7283[epoch 2] lr=0.000300
2026-01-07 19:28:26,128 - rf_experiment - INFO - Epoch 2 [200/231] loss=1.7154[epoch 2] lr=0.000300
2026-01-07 19:28:46,082 - rf_experiment - INFO - [epoch 2] train_loss=1.6642, train_acc=0.3149
2026-01-07 19:28:51,522 - rf_experiment - INFO - [epoch 2] val_loss=1.6061, val_acc=0.2930
2026-01-07 19:28:51,522 - rf_experiment - INFO - [epoch 2] new best val_acc=0.2930
2026-01-07 19:28:51,522 - rf_experiment - INFO - [epoch 3/50] training...
2026-01-07 19:29:24,195 - rf_experiment - INFO - Epoch 3 [50/231] loss=1.4476[epoch 3] lr=0.000300
2026-01-07 19:29:56,789 - rf_experiment - INFO - Epoch 3 [100/231] loss=1.6510[epoch 3] lr=0.000300
2026-01-07 19:30:29,553 - rf_experiment - INFO - Epoch 3 [150/231] loss=1.2680[epoch 3] lr=0.000300
2026-01-07 19:31:02,249 - rf_experiment - INFO - Epoch 3 [200/231] loss=1.3784[epoch 3] lr=0.000300
2026-01-07 19:31:22,156 - rf_experiment - INFO - [epoch 3] train_loss=1.4975, train_acc=0.3923
2026-01-07 19:31:27,169 - rf_experiment - INFO - [epoch 3] val_loss=1.3540, val_acc=0.4346
2026-01-07 19:31:27,169 - rf_experiment - INFO - [epoch 3] new best val_acc=0.4346
2026-01-07 19:31:27,169 - rf_experiment - INFO - [epoch 4/50] training...
2026-01-07 19:31:59,870 - rf_experiment - INFO - Epoch 4 [50/231] loss=1.4274[epoch 4] lr=0.000300
2026-01-07 19:32:32,450 - rf_experiment - INFO - Epoch 4 [100/231] loss=1.4985[epoch 4] lr=0.000300
2026-01-07 19:33:05,228 - rf_experiment - INFO - Epoch 4 [150/231] loss=1.3553[epoch 4] lr=0.000300
2026-01-07 19:33:37,837 - rf_experiment - INFO - Epoch 4 [200/231] loss=1.4320[epoch 4] lr=0.000300
2026-01-07 19:33:57,926 - rf_experiment - INFO - [epoch 4] train_loss=1.4087, train_acc=0.4148
2026-01-07 19:34:03,274 - rf_experiment - INFO - [epoch 4] val_loss=1.3645, val_acc=0.4433
2026-01-07 19:34:03,274 - rf_experiment - INFO - [epoch 4] new best val_acc=0.4433
2026-01-07 19:34:03,274 - rf_experiment - INFO - [epoch 5/50] training...
2026-01-07 19:34:35,866 - rf_experiment - INFO - Epoch 5 [50/231] loss=1.3081[epoch 5] lr=0.000300
2026-01-07 19:35:08,350 - rf_experiment - INFO - Epoch 5 [100/231] loss=1.2732[epoch 5] lr=0.000300
2026-01-07 19:35:40,806 - rf_experiment - INFO - Epoch 5 [150/231] loss=1.6912[epoch 5] lr=0.000300
2026-01-07 19:36:13,587 - rf_experiment - INFO - Epoch 5 [200/231] loss=1.3362[epoch 5] lr=0.000300
2026-01-07 19:36:38,927 - rf_experiment - INFO - [epoch 5] train_loss=1.3457, train_acc=0.4431
2026-01-07 19:36:46,073 - rf_experiment - INFO - [epoch 5] val_loss=1.4980, val_acc=0.3934
2026-01-07 19:36:46,073 - rf_experiment - INFO - [epoch 5] no improvement in val_acc (streak=1)
2026-01-07 19:36:46,073 - rf_experiment - INFO - [epoch 6/50] training...
2026-01-07 19:37:29,252 - rf_experiment - INFO - Epoch 6 [50/231] loss=1.4007[epoch 6] lr=0.000150
2026-01-07 19:38:13,077 - rf_experiment - INFO - Epoch 6 [100/231] loss=1.3123[epoch 6] lr=0.000150
2026-01-07 19:38:57,069 - rf_experiment - INFO - Epoch 6 [150/231] loss=1.2456[epoch 6] lr=0.000150
2026-01-07 19:39:55,041 - rf_experiment - INFO - Epoch 6 [200/231] loss=1.2331[epoch 6] lr=0.000150
2026-01-07 19:40:30,748 - rf_experiment - INFO - [epoch 6] train_loss=1.2534, train_acc=0.4707
2026-01-07 19:40:41,763 - rf_experiment - INFO - [epoch 6] val_loss=1.2101, val_acc=0.4992
2026-01-07 19:40:41,764 - rf_experiment - INFO - [epoch 6] new best val_acc=0.4992
2026-01-07 19:40:41,764 - rf_experiment - INFO - [epoch 7/50] training...
2026-01-07 19:41:41,034 - rf_experiment - INFO - Epoch 7 [50/231] loss=1.0253[epoch 7] lr=0.000150
2026-01-07 19:42:40,865 - rf_experiment - INFO - Epoch 7 [100/231] loss=1.3208[epoch 7] lr=0.000150
2026-01-07 19:43:40,258 - rf_experiment - INFO - Epoch 7 [150/231] loss=1.2393[epoch 7] lr=0.000150
2026-01-07 19:44:38,664 - rf_experiment - INFO - Epoch 7 [200/231] loss=1.2026[epoch 7] lr=0.000150
2026-01-07 19:45:20,653 - rf_experiment - INFO - [epoch 7] train_loss=1.2199, train_acc=0.4935
2026-01-07 19:45:36,097 - rf_experiment - INFO - [epoch 7] val_loss=1.2010, val_acc=0.4889
2026-01-07 19:45:36,098 - rf_experiment - INFO - [epoch 7] no improvement in val_acc (streak=1)
2026-01-07 19:45:36,098 - rf_experiment - INFO - [epoch 8/50] training...
2026-01-07 19:46:54,055 - rf_experiment - INFO - Epoch 8 [50/231] loss=1.2179[epoch 8] lr=0.000150
2026-01-07 19:48:11,792 - rf_experiment - INFO - Epoch 8 [100/231] loss=1.1028[epoch 8] lr=0.000150
2026-01-07 19:49:29,523 - rf_experiment - INFO - Epoch 8 [150/231] loss=1.1741[epoch 8] lr=0.000150
2026-01-07 19:50:45,235 - rf_experiment - INFO - Epoch 8 [200/231] loss=1.2330[epoch 8] lr=0.000150
2026-01-07 19:51:30,180 - rf_experiment - INFO - [epoch 8] train_loss=1.1823, train_acc=0.5085
2026-01-07 19:51:45,453 - rf_experiment - INFO - [epoch 8] val_loss=1.1372, val_acc=0.5122
2026-01-07 19:51:45,453 - rf_experiment - INFO - [epoch 8] new best val_acc=0.5122
2026-01-07 19:51:45,453 - rf_experiment - INFO - [epoch 9/50] training...
2026-01-07 19:53:03,345 - rf_experiment - INFO - Epoch 9 [50/231] loss=1.2853[epoch 9] lr=0.000150
2026-01-07 19:54:21,874 - rf_experiment - INFO - Epoch 9 [100/231] loss=1.2692[epoch 9] lr=0.000150
2026-01-07 19:55:39,875 - rf_experiment - INFO - Epoch 9 [150/231] loss=1.2770[epoch 9] lr=0.000150
2026-01-07 19:56:56,106 - rf_experiment - INFO - Epoch 9 [200/231] loss=1.1549[epoch 9] lr=0.000150
2026-01-07 19:57:42,508 - rf_experiment - INFO - [epoch 9] train_loss=1.1766, train_acc=0.5099
2026-01-07 19:57:57,042 - rf_experiment - INFO - [epoch 9] val_loss=1.1510, val_acc=0.5149
2026-01-07 19:57:57,042 - rf_experiment - INFO - [epoch 9] no improvement in val_acc (streak=1)
2026-01-07 19:57:57,042 - rf_experiment - INFO - [epoch 10/50] training...
2026-01-07 19:59:15,318 - rf_experiment - INFO - Epoch 10 [50/231] loss=1.2075[epoch 10] lr=0.000150
2026-01-07 20:00:33,200 - rf_experiment - INFO - Epoch 10 [100/231] loss=1.0294[epoch 10] lr=0.000150
2026-01-07 20:01:51,279 - rf_experiment - INFO - Epoch 10 [150/231] loss=1.0942[epoch 10] lr=0.000150
2026-01-07 20:03:08,178 - rf_experiment - INFO - Epoch 10 [200/231] loss=1.1072[epoch 10] lr=0.000150
2026-01-07 20:03:54,964 - rf_experiment - INFO - [epoch 10] train_loss=1.1407, train_acc=0.5251
2026-01-07 20:04:10,277 - rf_experiment - INFO - [epoch 10] val_loss=1.2479, val_acc=0.5035
2026-01-07 20:04:10,278 - rf_experiment - INFO - [epoch 10] no improvement in val_acc (streak=2)
2026-01-07 20:04:10,278 - rf_experiment - INFO - [epoch 11/50] training...
2026-01-07 20:05:28,317 - rf_experiment - INFO - Epoch 11 [50/231] loss=1.1163[epoch 11] lr=0.000075
2026-01-07 20:06:50,545 - rf_experiment - INFO - Epoch 11 [100/231] loss=1.2816[epoch 11] lr=0.000075
2026-01-07 20:08:12,424 - rf_experiment - INFO - Epoch 11 [150/231] loss=1.0092[epoch 11] lr=0.000075
2026-01-07 20:09:32,660 - rf_experiment - INFO - Epoch 11 [200/231] loss=1.1288[epoch 11] lr=0.000075
2026-01-07 20:10:21,848 - rf_experiment - INFO - [epoch 11] train_loss=1.1130, train_acc=0.5390
2026-01-07 20:10:38,002 - rf_experiment - INFO - [epoch 11] val_loss=1.1475, val_acc=0.5393
2026-01-07 20:10:38,003 - rf_experiment - INFO - [epoch 11] new best val_acc=0.5393
2026-01-07 20:10:38,004 - rf_experiment - INFO - [epoch 12/50] training...
2026-01-07 20:11:57,964 - rf_experiment - INFO - Epoch 12 [50/231] loss=1.0850[epoch 12] lr=0.000075
2026-01-07 20:13:20,644 - rf_experiment - INFO - Epoch 12 [100/231] loss=0.9856[epoch 12] lr=0.000075
2026-01-07 20:14:42,388 - rf_experiment - INFO - Epoch 12 [150/231] loss=1.1697[epoch 12] lr=0.000075
2026-01-07 20:16:03,822 - rf_experiment - INFO - Epoch 12 [200/231] loss=1.0753[epoch 12] lr=0.000075
2026-01-07 20:16:51,152 - rf_experiment - INFO - [epoch 12] train_loss=1.1042, train_acc=0.5413
2026-01-07 20:17:07,635 - rf_experiment - INFO - [epoch 12] val_loss=1.1367, val_acc=0.5035
2026-01-07 20:17:07,635 - rf_experiment - INFO - [epoch 12] no improvement in val_acc (streak=1)
2026-01-07 20:17:07,635 - rf_experiment - INFO - [epoch 13/50] training...
2026-01-07 20:18:28,423 - rf_experiment - INFO - Epoch 13 [50/231] loss=1.0379[epoch 13] lr=0.000075
2026-01-07 20:19:48,196 - rf_experiment - INFO - Epoch 13 [100/231] loss=1.0644[epoch 13] lr=0.000075
2026-01-07 20:21:09,232 - rf_experiment - INFO - Epoch 13 [150/231] loss=1.1670[epoch 13] lr=0.000075
2026-01-07 20:22:28,569 - rf_experiment - INFO - Epoch 13 [200/231] loss=1.2006[epoch 13] lr=0.000075
2026-01-07 20:23:17,386 - rf_experiment - INFO - [epoch 13] train_loss=1.0929, train_acc=0.5478
2026-01-07 20:23:33,277 - rf_experiment - INFO - [epoch 13] val_loss=1.1088, val_acc=0.5247
2026-01-07 20:23:33,277 - rf_experiment - INFO - [epoch 13] no improvement in val_acc (streak=2)
2026-01-07 20:23:33,277 - rf_experiment - INFO - [epoch 14/50] training...
2026-01-07 20:24:54,292 - rf_experiment - INFO - Epoch 14 [50/231] loss=1.1479[epoch 14] lr=0.000075
2026-01-07 20:26:14,520 - rf_experiment - INFO - Epoch 14 [100/231] loss=1.0888[epoch 14] lr=0.000075
2026-01-07 20:27:36,407 - rf_experiment - INFO - Epoch 14 [150/231] loss=1.0385[epoch 14] lr=0.000075
2026-01-07 20:28:56,097 - rf_experiment - INFO - Epoch 14 [200/231] loss=1.1752[epoch 14] lr=0.000075
2026-01-07 20:29:44,407 - rf_experiment - INFO - [epoch 14] train_loss=1.0826, train_acc=0.5495
2026-01-07 20:30:00,853 - rf_experiment - INFO - [epoch 14] val_loss=1.0667, val_acc=0.5551
2026-01-07 20:30:00,854 - rf_experiment - INFO - [epoch 14] new best val_acc=0.5551
2026-01-07 20:30:00,854 - rf_experiment - INFO - [epoch 15/50] training...
2026-01-07 20:31:22,306 - rf_experiment - INFO - Epoch 15 [50/231] loss=1.1122[epoch 15] lr=0.000075
2026-01-07 20:32:43,639 - rf_experiment - INFO - Epoch 15 [100/231] loss=0.9282[epoch 15] lr=0.000075
2026-01-07 20:34:04,855 - rf_experiment - INFO - Epoch 15 [150/231] loss=1.1822[epoch 15] lr=0.000075
2026-01-07 20:35:25,385 - rf_experiment - INFO - Epoch 15 [200/231] loss=1.3116[epoch 15] lr=0.000075
2026-01-07 20:36:10,616 - rf_experiment - INFO - [epoch 15] train_loss=1.0858, train_acc=0.5514
2026-01-07 20:36:25,055 - rf_experiment - INFO - [epoch 15] val_loss=1.0821, val_acc=0.5572
2026-01-07 20:36:25,056 - rf_experiment - INFO - [epoch 15] no improvement in val_acc (streak=1)
2026-01-07 20:36:25,056 - rf_experiment - INFO - [epoch 16/50] training...
2026-01-07 20:37:30,296 - rf_experiment - INFO - Epoch 16 [50/231] loss=1.1398[epoch 16] lr=0.000037
2026-01-07 20:38:35,457 - rf_experiment - INFO - Epoch 16 [100/231] loss=1.0584[epoch 16] lr=0.000037
2026-01-07 20:39:39,437 - rf_experiment - INFO - Epoch 16 [150/231] loss=1.1661[epoch 16] lr=0.000037
2026-01-07 20:40:40,609 - rf_experiment - INFO - Epoch 16 [200/231] loss=1.0918[epoch 16] lr=0.000037
2026-01-07 20:41:16,542 - rf_experiment - INFO - [epoch 16] train_loss=1.0671, train_acc=0.5583
2026-01-07 20:41:27,087 - rf_experiment - INFO - [epoch 16] val_loss=1.0751, val_acc=0.5529
2026-01-07 20:41:27,087 - rf_experiment - INFO - [epoch 16] no improvement in val_acc (streak=2)
2026-01-07 20:41:27,087 - rf_experiment - INFO - [epoch 17/50] training...
2026-01-07 20:42:27,627 - rf_experiment - INFO - Epoch 17 [50/231] loss=1.0545[epoch 17] lr=0.000037
2026-01-07 20:43:29,019 - rf_experiment - INFO - Epoch 17 [100/231] loss=1.2902[epoch 17] lr=0.000037
2026-01-07 20:44:29,340 - rf_experiment - INFO - Epoch 17 [150/231] loss=0.8265[epoch 17] lr=0.000037
2026-01-07 20:45:30,044 - rf_experiment - INFO - Epoch 17 [200/231] loss=1.0895[epoch 17] lr=0.000037
2026-01-07 20:46:06,342 - rf_experiment - INFO - [epoch 17] train_loss=1.0622, train_acc=0.5633
2026-01-07 20:46:17,294 - rf_experiment - INFO - [epoch 17] val_loss=1.0536, val_acc=0.5600
2026-01-07 20:46:17,294 - rf_experiment - INFO - [epoch 17] no improvement in val_acc (streak=3)
2026-01-07 20:46:17,294 - rf_experiment - INFO - [epoch 18/50] training...
2026-01-07 20:47:18,647 - rf_experiment - INFO - Epoch 18 [50/231] loss=0.9550[epoch 18] lr=0.000037
2026-01-07 20:48:19,758 - rf_experiment - INFO - Epoch 18 [100/231] loss=0.9730[epoch 18] lr=0.000037
2026-01-07 20:49:19,960 - rf_experiment - INFO - Epoch 18 [150/231] loss=0.9143[epoch 18] lr=0.000037
2026-01-07 20:50:20,789 - rf_experiment - INFO - Epoch 18 [200/231] loss=0.9491[epoch 18] lr=0.000037
2026-01-07 20:50:57,119 - rf_experiment - INFO - [epoch 18] train_loss=1.0599, train_acc=0.5614
2026-01-07 20:51:08,437 - rf_experiment - INFO - [epoch 18] val_loss=1.0635, val_acc=0.5692
2026-01-07 20:51:08,437 - rf_experiment - INFO - [epoch 18] new best val_acc=0.5692
2026-01-07 20:51:08,437 - rf_experiment - INFO - [epoch 19/50] training...
2026-01-07 20:52:09,179 - rf_experiment - INFO - Epoch 19 [50/231] loss=1.0094[epoch 19] lr=0.000037
2026-01-07 20:53:10,559 - rf_experiment - INFO - Epoch 19 [100/231] loss=0.9187[epoch 19] lr=0.000037
2026-01-07 20:54:10,987 - rf_experiment - INFO - Epoch 19 [150/231] loss=0.9583[epoch 19] lr=0.000037
2026-01-07 20:55:12,115 - rf_experiment - INFO - Epoch 19 [200/231] loss=1.0274[epoch 19] lr=0.000037
2026-01-07 20:55:48,063 - rf_experiment - INFO - [epoch 19] train_loss=1.0546, train_acc=0.5633
2026-01-07 20:55:59,126 - rf_experiment - INFO - [epoch 19] val_loss=1.0646, val_acc=0.5632
2026-01-07 20:55:59,126 - rf_experiment - INFO - [epoch 19] no improvement in val_acc (streak=1)
2026-01-07 20:55:59,126 - rf_experiment - INFO - [epoch 20/50] training...
2026-01-07 20:57:00,239 - rf_experiment - INFO - Epoch 20 [50/231] loss=1.1215[epoch 20] lr=0.000037
2026-01-07 20:58:00,994 - rf_experiment - INFO - Epoch 20 [100/231] loss=0.9553[epoch 20] lr=0.000037
2026-01-07 20:59:01,220 - rf_experiment - INFO - Epoch 20 [150/231] loss=1.0195[epoch 20] lr=0.000037
2026-01-07 21:00:02,430 - rf_experiment - INFO - Epoch 20 [200/231] loss=1.0608[epoch 20] lr=0.000037
2026-01-07 21:00:38,377 - rf_experiment - INFO - [epoch 20] train_loss=1.0570, train_acc=0.5636
2026-01-07 21:00:49,612 - rf_experiment - INFO - [epoch 20] val_loss=1.0930, val_acc=0.5285
2026-01-07 21:00:49,612 - rf_experiment - INFO - [epoch 20] no improvement in val_acc (streak=2)
2026-01-07 21:00:49,612 - rf_experiment - INFO - [epoch 21/50] training...
2026-01-07 21:01:50,560 - rf_experiment - INFO - Epoch 21 [50/231] loss=1.1553[epoch 21] lr=0.000019
2026-01-07 21:02:51,395 - rf_experiment - INFO - Epoch 21 [100/231] loss=1.0791[epoch 21] lr=0.000019
2026-01-07 21:03:51,422 - rf_experiment - INFO - Epoch 21 [150/231] loss=1.1204[epoch 21] lr=0.000019
2026-01-07 21:04:51,991 - rf_experiment - INFO - Epoch 21 [200/231] loss=0.8784[epoch 21] lr=0.000019
2026-01-07 21:05:28,237 - rf_experiment - INFO - [epoch 21] train_loss=1.0421, train_acc=0.5716
2026-01-07 21:05:39,477 - rf_experiment - INFO - [epoch 21] val_loss=1.0523, val_acc=0.5572
2026-01-07 21:05:39,477 - rf_experiment - INFO - [epoch 21] no improvement in val_acc (streak=3)
2026-01-07 21:05:39,477 - rf_experiment - INFO - [epoch 22/50] training...
2026-01-07 21:06:40,370 - rf_experiment - INFO - Epoch 22 [50/231] loss=1.1629[epoch 22] lr=0.000019
2026-01-07 21:07:42,082 - rf_experiment - INFO - Epoch 22 [100/231] loss=1.0569[epoch 22] lr=0.000019
2026-01-07 21:08:43,308 - rf_experiment - INFO - Epoch 22 [150/231] loss=1.1228[epoch 22] lr=0.000019
2026-01-07 21:09:42,891 - rf_experiment - INFO - Epoch 22 [200/231] loss=0.9518[epoch 22] lr=0.000019
2026-01-07 21:10:17,379 - rf_experiment - INFO - [epoch 22] train_loss=1.0375, train_acc=0.5712
2026-01-07 21:10:27,220 - rf_experiment - INFO - [epoch 22] val_loss=1.0804, val_acc=0.5464
2026-01-07 21:10:27,220 - rf_experiment - INFO - [epoch 22] no improvement in val_acc (streak=4)
2026-01-07 21:10:27,220 - rf_experiment - INFO - [epoch 23/50] training...
2026-01-07 21:11:12,721 - rf_experiment - INFO - Epoch 23 [50/231] loss=1.2101[epoch 23] lr=0.000019
2026-01-07 21:11:56,479 - rf_experiment - INFO - Epoch 23 [100/231] loss=1.0651[epoch 23] lr=0.000019
2026-01-07 21:12:39,955 - rf_experiment - INFO - Epoch 23 [150/231] loss=1.0844[epoch 23] lr=0.000019
2026-01-07 21:13:23,163 - rf_experiment - INFO - Epoch 23 [200/231] loss=0.9869[epoch 23] lr=0.000019
2026-01-07 21:13:50,031 - rf_experiment - INFO - [epoch 23] train_loss=1.0371, train_acc=0.5715
2026-01-07 21:13:57,234 - rf_experiment - INFO - [epoch 23] val_loss=1.0584, val_acc=0.5616
2026-01-07 21:13:57,234 - rf_experiment - INFO - [epoch 23] no improvement in val_acc (streak=5)
2026-01-07 21:13:57,234 - rf_experiment - INFO - [epoch 23] early stopping triggered (patience=5)
2026-01-07 21:13:57,250 - rf_experiment - INFO - Saved best model checkpoint to results/project_runs_1_conv2d_ann_iqgrid_bptt_20260107_192337/best_model.pt
2026-01-07 21:13:57,250 - rf_experiment - INFO - Evaluating on test set with best-val checkpoint...
2026-01-07 21:14:04,433 - rf_experiment - INFO - Saved predictions to results/project_runs_1_conv2d_ann_iqgrid_bptt_20260107_192337/test_predictions_test_final.npz
2026-01-07 21:14:11,665 - rf_experiment - INFO - Saved predictions to results/project_runs_1_conv2d_ann_iqgrid_bptt_20260107_192337/test_predictions_test_dropout_30.npz
2026-01-07 21:14:11,665 - rf_experiment - INFO - Test metrics with 30% time-step dropout: {'loss': 1.6432670915980143, 'acc': 0.39099783080260303, 'latency_ms_per_sample': 3.0861145853612433, 'energy_j_per_sample': 0.4629171878041865, 'per_snr_acc': {0: 0.34951456310679613, 10: 0.5555555555555556, -20: 0.17049180327868851, -10: 0.16071428571428573, 20: 0.5723684210526315, 30: 0.5745454545454546}, 'per_snr_loss': {0: 1.8547532241610647, 10: 1.0981052172555041, -20: 2.2827491277553995, -10: 2.3553091239716326, 20: 1.1029170017308818, 30: 1.0481946043581278}}
2026-01-07 21:14:18,930 - rf_experiment - INFO - Saved predictions to results/project_runs_1_conv2d_ann_iqgrid_bptt_20260107_192337/test_predictions_test_shuffled_time.npz
2026-01-07 21:14:18,930 - rf_experiment - INFO - Test metrics with shuffled time dimension: {'loss': 1.1201570390879203, 'acc': 0.5303687635574837, 'latency_ms_per_sample': 3.1183559732630832, 'energy_j_per_sample': 0.4677533959894625, 'per_snr_acc': {0: 0.42071197411003236, 10: 0.8158730158730159, -20: 0.16065573770491803, -10: 0.18452380952380953, 20: 0.8388157894736842, 30: 0.8181818181818182}, 'per_snr_loss': {0: 1.320389845755108, 10: 0.4920224775142583, -20: 1.9799862429743909, -10: 1.931745723776874, 20: 0.4311221043673485, 30: 0.431122112557165}}
2026-01-07 21:14:19,116 - rf_experiment - INFO - Saved confusion matrix to results/project_runs_1_conv2d_ann_iqgrid_bptt_20260107_192337/confusion_matrix.png
2026-01-07 21:14:19,117 - rf_experiment - INFO - Saved metrics to results/project_runs_1_conv2d_ann_iqgrid_bptt_20260107_192337/metrics.json
2026-01-07 21:14:19,117 - rf_experiment - INFO - Finished experiment: project_runs_1_conv2d_ann_iqgrid_bptt
2026-01-07 21:14:19,117 - rf_experiment - INFO - Best val metrics: {'loss': 1.0635208817066477, 'acc': 0.5691806836679327, 'latency_ms_per_sample': 5.0494937578391035, 'energy_j_per_sample': 0.7574240636758656, 'per_snr_acc': {20: 0.8235294117647058, 10: 0.8914473684210527, -20: 0.15723270440251572, 30: 0.8867924528301887, -10: 0.15734265734265734, 0: 0.4790996784565916}, 'per_snr_loss': {20: 0.4484830909314279, 10: 0.3705409163050813, -20: 1.9805436520456519, 30: 0.3838580541415931, -10: 1.9719451972237834, 0: 1.267950639464081}, 'epoch': 18}
2026-01-07 21:14:19,117 - rf_experiment - INFO - Test metrics: {'loss': 1.0916018454992331, 'acc': 0.5455531453362256, 'latency_ms_per_sample': 3.077622942440616, 'energy_j_per_sample': 0.46164344136609237, 'per_snr_acc': {0: 0.44660194174757284, 10: 0.8507936507936508, -20: 0.15081967213114755, -10: 0.17559523809523808, 20: 0.8421052631578947, 30: 0.8690909090909091}, 'per_snr_loss': {0: 1.3012539317114067, 10: 0.4375671791718415, -20: 1.9428381753749535, -10: 1.9446711020455474, 20: 0.3922256174915482, 30: 0.3919307896312834}}
2026-01-07 21:14:19,117 - rf_experiment - INFO - Finished experiment: project_runs_1_conv2d_ann_iqgrid_bptt
2026-01-07 21:14:19,117 - rf_experiment - INFO - Best val metrics: {'loss': 1.0635208817066477, 'acc': 0.5691806836679327, 'latency_ms_per_sample': 5.0494937578391035, 'energy_j_per_sample': 0.7574240636758656, 'per_snr_acc': {20: 0.8235294117647058, 10: 0.8914473684210527, -20: 0.15723270440251572, 30: 0.8867924528301887, -10: 0.15734265734265734, 0: 0.4790996784565916}, 'per_snr_loss': {20: 0.4484830909314279, 10: 0.3705409163050813, -20: 1.9805436520456519, 30: 0.3838580541415931, -10: 1.9719451972237834, 0: 1.267950639464081}, 'epoch': 18}
2026-01-07 21:14:19,117 - rf_experiment - INFO - Test metrics: {'loss': 1.0916018454992331, 'acc': 0.5455531453362256, 'latency_ms_per_sample': 3.077622942440616, 'energy_j_per_sample': 0.46164344136609237, 'per_snr_acc': {0: 0.44660194174757284, 10: 0.8507936507936508, -20: 0.15081967213114755, -10: 0.17559523809523808, 20: 0.8421052631578947, 30: 0.8690909090909091}, 'per_snr_loss': {0: 1.3012539317114067, 10: 0.4375671791718415, -20: 1.9428381753749535, -10: 1.9446711020455474, 20: 0.3922256174915482, 30: 0.3919307896312834}}
