2025-12-02 16:13:38,406 - rf_experiment - INFO - Starting experiment: radioml2018_iqgrid_conv2d_dcll_small
2025-12-02 16:13:38,406 - rf_experiment - INFO - Run name: radioml2018_iqgrid_conv2d_dcll_small_20251202_161338
2025-12-02 16:13:38,406 - rf_experiment - INFO - Config file: configs/radioml2018_iqgrid_lsm_dcll_small_2_tf_events.yaml
2025-12-02 16:13:38,406 - rf_experiment - INFO - Saved resolved config to: results/radioml2018_iqgrid_conv2d_dcll_small_20251202_161338/config.yaml
2025-12-02 16:13:38,406 - rf_experiment - INFO - Run directory: results/radioml2018_iqgrid_conv2d_dcll_small_20251202_161338
2025-12-02 16:13:38,406 - rf_experiment - INFO - Using device: cpu
2025-12-02 16:13:38,406 - rf_experiment - INFO - Torch version: 2.9.0
2025-12-02 16:13:38,406 - rf_experiment - INFO - Dataset config: {'path': 'data/GOLD_XYZ_OSC.0001_1024.hdf5', 'name': 'radioml2018_structured', 'frames_per_combo': 4096, 'mods_to_use': [1, 2, 3, 4, 5, 6, 7, 8, 9, 10, 11, 12, 13], 'snrs_to_use': [-4, 0, 4, 8, 12], 'train_frac': 0.8, 'val_frac': 0.1, 'test_frac': 0.1, 'shuffle': True, 'num_workers': 0}
2025-12-02 16:13:38,406 - rf_experiment - INFO - Encoding config: {'type': 'tf_events', 'params': {'grid_size': 16, 'subsample': 1}}
2025-12-02 16:13:38,408 - rf_experiment - INFO - Total logical dataset size: 266240 samples
2025-12-02 16:13:38,408 - rf_experiment - INFO - Num classes (from dataset): 13
2025-12-02 16:13:38,408 - rf_experiment - INFO - Splits: train=212992, val=26624, test=26624
2025-12-02 16:13:38,412 - rf_experiment - INFO - Dataloader: batch_size=16, num_workers=0
2025-12-02 16:13:38,412 - rf_experiment - INFO - Building model: {'type': 'lsm', 'params': {'reservoir_size': 512, 'leak': 0.9, 'spectral_radius': 0.9, 'input_scaling': 1.0, 'sparsity': 0.1, 'train_reservoir': False, 'readout_agg': 'mean', 'num_classes': 13}}
2025-12-02 16:13:38,412 - rf_experiment - INFO - Building model with num_classes=13
2025-12-02 16:13:38,412 - rf_experiment - INFO - Building trainer: {'trainer': 'dcll', 'loss': 'cross_entropy', 'optimizer': 'adam', 'lr': 0.001, 'batch_size': 16, 'epochs': 3, 'max_time_steps': 256, 'grad_clip': 1.0, 'device': 'cpu'}
2025-12-02 16:13:38,854 - rf_experiment - INFO - Starting training loop...
2025-12-02 16:13:38,854 - rf_experiment - INFO - [epoch 1/3] training...
2025-12-02 16:16:16,271 - rf_experiment - INFO - [epoch 1] train_loss=2.2183, train_acc=0.1900
2025-12-02 16:16:32,238 - rf_experiment - INFO - [epoch 1] val_loss=2.1652, val_acc=0.2037
2025-12-02 16:16:32,238 - rf_experiment - INFO - [epoch 2/3] training...
2025-12-02 16:18:46,090 - rf_experiment - INFO - [epoch 2] train_loss=2.1423, train_acc=0.2095
2025-12-02 16:19:02,524 - rf_experiment - INFO - [epoch 2] val_loss=2.1474, val_acc=0.2082
2025-12-02 16:19:02,524 - rf_experiment - INFO - [epoch 3/3] training...
2025-12-02 16:21:15,450 - rf_experiment - INFO - [epoch 3] train_loss=2.1252, train_acc=0.2142
2025-12-02 16:21:31,708 - rf_experiment - INFO - [epoch 3] val_loss=2.1314, val_acc=0.2064
2025-12-02 16:21:31,708 - rf_experiment - INFO - Evaluating on test set...
2025-12-02 16:21:47,580 - rf_experiment - INFO - Saved metrics to results/radioml2018_iqgrid_conv2d_dcll_small_20251202_161338/metrics.json
2025-12-02 16:21:47,581 - rf_experiment - INFO - Finished experiment: radioml2018_iqgrid_conv2d_dcll_small
2025-12-02 16:21:47,581 - rf_experiment - INFO - Best val metrics: {'loss': 2.1474078246034107, 'acc': 0.2081580528846154, 'per_snr_acc': {8: 0.2206807251202368, 4: 0.22090395480225988, 12: 0.243609309423884, 0: 0.19743922805715347, -4: 0.1582338449876824}}
2025-12-02 16:21:47,581 - rf_experiment - INFO - Test metrics: {'loss': 2.1259685650181313, 'acc': 0.21150090144230768, 'per_snr_acc': {0: 0.19901905300886624, -4: 0.1639091958445556, 8: 0.23295033358042994, 4: 0.21435125711139658, 12: 0.24602272727272728}}
