2025-12-04 12:47:26,386 - rf_experiment - INFO - Starting experiment: radioml2018_iqgrid_conv2d_dcll_small
2025-12-04 12:47:26,386 - rf_experiment - INFO - Run name: radioml2018_iqgrid_conv2d_dcll_small_20251204_124726
2025-12-04 12:47:26,386 - rf_experiment - INFO - Config file: configs/radioml2018_sigma_delta_conv2d_bptt_small_2.yaml
2025-12-04 12:47:26,386 - rf_experiment - INFO - Saved resolved config to: results/radioml2018_iqgrid_conv2d_dcll_small_20251204_124726/config.yaml
2025-12-04 12:47:26,386 - rf_experiment - INFO - Run directory: results/radioml2018_iqgrid_conv2d_dcll_small_20251204_124726
2025-12-04 12:47:26,386 - rf_experiment - INFO - Using device: cpu
2025-12-04 12:47:26,386 - rf_experiment - INFO - Torch version: 2.9.0
2025-12-04 12:47:26,387 - rf_experiment - INFO - Dataset config: {'path': 'data/GOLD_XYZ_OSC.0001_1024.hdf5', 'name': 'radioml2018_structured', 'frames_per_combo': 16, 'mods_to_use': [3, 4], 'snrs_to_use': [-4, 0, 4, 8, 12], 'train_frac': 0.8, 'val_frac': 0.1, 'test_frac': 0.1, 'shuffle': True, 'num_workers': 0}
2025-12-04 12:47:26,387 - rf_experiment - INFO - Encoding config: {'type': 'sigma_delta', 'params': {'grid_size': 16, 'subsample': 1}}
2025-12-04 12:47:26,387 - rf_experiment - INFO - Total logical dataset size: 160 samples
2025-12-04 12:47:26,387 - rf_experiment - INFO - Num classes (from dataset): 2
2025-12-04 12:47:26,387 - rf_experiment - INFO - Splits: train=128, val=16, test=16
2025-12-04 12:47:26,387 - rf_experiment - INFO - Dataloader: batch_size=16, num_workers=0
2025-12-04 12:47:26,387 - rf_experiment - INFO - Building model: {'type': 'conv2d_snn', 'params': {'input_channels': 1, 'conv_channels': [32, 64], 'kernel_sizes': [3, 3], 'grid_size': 16, 'lif_beta': 0.9, 'dropout': 0.1, 'pool': True, 'num_classes': 2}}
2025-12-04 12:47:26,387 - rf_experiment - INFO - Building model with num_classes=2
2025-12-04 12:47:26,388 - rf_experiment - INFO - Building trainer: {'trainer': 'bptt', 'loss': 'cross_entropy', 'optimizer': 'adam', 'lr': 0.001, 'batch_size': 16, 'epochs': 3, 'max_time_steps': 256, 'grad_clip': 1.0, 'device': 'cpu'}
2025-12-04 12:47:26,842 - rf_experiment - INFO - Starting training loop...
2025-12-04 12:47:26,842 - rf_experiment - INFO - [epoch 1/3] training...
2025-12-04 12:48:25,957 - rf_experiment - INFO - [epoch 1] train_loss=69.8005, train_acc=0.5156
2025-12-04 12:48:29,103 - rf_experiment - INFO - [epoch 1] val_loss=31.4733, val_acc=0.5625
2025-12-04 12:48:29,103 - rf_experiment - INFO - [epoch 2/3] training...
2025-12-04 12:49:20,719 - rf_experiment - INFO - [epoch 2] train_loss=20.5487, train_acc=0.5547
2025-12-04 12:49:24,251 - rf_experiment - INFO - [epoch 2] val_loss=12.6422, val_acc=0.6250
2025-12-04 12:49:24,251 - rf_experiment - INFO - [epoch 3/3] training...
2025-12-04 12:50:16,177 - rf_experiment - INFO - [epoch 3] train_loss=12.7384, train_acc=0.5234
2025-12-04 12:50:20,038 - rf_experiment - INFO - [epoch 3] val_loss=4.7310, val_acc=0.5625
2025-12-04 12:50:20,038 - rf_experiment - INFO - Evaluating on test set...
2025-12-04 12:50:23,805 - rf_experiment - INFO - Saved metrics to results/radioml2018_iqgrid_conv2d_dcll_small_20251204_124726/metrics.json
2025-12-04 12:50:23,808 - rf_experiment - INFO - Finished experiment: radioml2018_iqgrid_conv2d_dcll_small
2025-12-04 12:50:23,808 - rf_experiment - INFO - Best val metrics: {'loss': 12.642183303833008, 'acc': 0.625, 'per_snr_acc': {0: 1.0, 4: 0.6666666666666666, 8: 0.0, 12: 0.75, -4: 0.3333333333333333}}
2025-12-04 12:50:23,808 - rf_experiment - INFO - Test metrics: {'loss': 6.150606632232666, 'acc': 0.5, 'per_snr_acc': {0: 1.0, 12: 1.0, -4: 0.5, 8: 0.3333333333333333, 4: 0.25}}
