2026-01-07 19:38:57,585 - rf_experiment - INFO - Starting experiment: project_runs_1_conv2d_level_crossing_adc_bptt
2026-01-07 19:38:57,585 - rf_experiment - INFO - Run name: project_runs_1_conv2d_level_crossing_adc_bptt_20260107_193857
2026-01-07 19:38:57,585 - rf_experiment - INFO - Config file: configs/project_runs_1_conv2d_level_crossing_adc_bptt.yaml
2026-01-07 19:38:57,585 - rf_experiment - INFO - Saved resolved config to: results/project_runs_1_conv2d_level_crossing_adc_bptt_20260107_193857/config.yaml
2026-01-07 19:38:57,585 - rf_experiment - INFO - Run directory: results/project_runs_1_conv2d_level_crossing_adc_bptt_20260107_193857
2026-01-07 19:38:57,606 - rf_experiment - INFO - Using device: mps
2026-01-07 19:38:57,606 - rf_experiment - INFO - Using device: mps
2026-01-07 19:38:57,606 - rf_experiment - INFO - Torch version: 2.9.0
2026-01-07 19:38:57,606 - rf_experiment - INFO - Dataset config: {'path': 'data/GOLD_XYZ_OSC.0001_1024.hdf5', 'name': 'radioml2018_structured', 'frames_per_combo': 512, 'mods_to_use': [0, 1, 2, 3, 4, 5], 'snrs_to_use': [-20, -10, 0, 10, 20, 30], 'train_frac': 0.8, 'val_frac': 0.1, 'test_frac': 0.1, 'shuffle': True, 'num_workers': 0}
2026-01-07 19:38:57,606 - rf_experiment - INFO - Encoding config: {'type': 'level_crossing_adc', 'params': {'subsample': 4, 'use_sign': True, 'n_levels': 8, 'grid_size': 16}}
2026-01-07 19:38:57,607 - rf_experiment - INFO - Total logical dataset size: 18432 samples
2026-01-07 19:38:57,607 - rf_experiment - INFO - Num classes (from dataset): 6
2026-01-07 19:38:57,607 - rf_experiment - INFO - Splits: train=14745, val=1843, test=1844
2026-01-07 19:38:57,608 - rf_experiment - INFO - Full dataset labels: {0: 3072, 1: 3072, 2: 3072, 3: 3072, 4: 3072, 5: 3072}
2026-01-07 19:38:57,608 - rf_experiment - INFO - Full dataset SNRs: {-20: 3072, -10: 3072, 0: 3072, 10: 3072, 20: 3072, 30: 3072}
2026-01-07 19:38:57,608 - rf_experiment - INFO - Dataloader: batch_size=64, num_workers=0
2026-01-07 19:38:57,608 - rf_experiment - INFO - Building model: {'type': 'conv2d_snn', 'params': {'input_channels': 1, 'conv_channels': [64, 128], 'kernel_sizes': [3, 3], 'grid_size': 16, 'lif_beta': 0.9, 'dropout': 0.0, 'pool': True, 'num_classes': 6}}
2026-01-07 19:38:57,608 - rf_experiment - INFO - Building model with num_classes=6
2026-01-07 19:38:57,704 - rf_experiment - INFO - Building trainer: {'trainer': 'bptt', 'loss': 'cross_entropy', 'optimizer': 'adam', 'lr': 0.0003, 'lr_scheduler': {'type': 'step', 'step_size': 5, 'gamma': 0.5}, 'batch_size': 64, 'epochs': 50, 'max_time_steps': 256, 'grad_clip': 1.0, 'device': 'mps', 'early_stopping_patience': 5, 'early_stopping_min_delta': 0.005}
2026-01-07 19:38:58,287 - rf_experiment - INFO - Starting training loop...
2026-01-07 19:38:58,287 - rf_experiment - INFO - [epoch 1/50] training...
2026-01-07 19:40:02,702 - rf_experiment - INFO - Epoch 1 [50/231] loss=1.9022[epoch 1] lr=0.000300
2026-01-07 19:41:02,562 - rf_experiment - INFO - Epoch 1 [100/231] loss=1.4744[epoch 1] lr=0.000300
2026-01-07 19:42:03,558 - rf_experiment - INFO - Epoch 1 [150/231] loss=1.7488[epoch 1] lr=0.000300
2026-01-07 19:43:04,246 - rf_experiment - INFO - Epoch 1 [200/231] loss=1.4431[epoch 1] lr=0.000300
2026-01-07 19:43:41,589 - rf_experiment - INFO - [epoch 1] train_loss=2.3389, train_acc=0.3388
2026-01-07 19:43:53,786 - rf_experiment - INFO - [epoch 1] val_loss=1.3086, val_acc=0.3999
2026-01-07 19:43:53,786 - rf_experiment - INFO - [epoch 1] new best val_acc=0.3999
2026-01-07 19:43:53,786 - rf_experiment - INFO - [epoch 2/50] training...
2026-01-07 19:44:53,701 - rf_experiment - INFO - Epoch 2 [50/231] loss=1.4113[epoch 2] lr=0.000300
2026-01-07 19:46:10,975 - rf_experiment - INFO - Epoch 2 [100/231] loss=1.3038[epoch 2] lr=0.000300
2026-01-07 19:47:28,569 - rf_experiment - INFO - Epoch 2 [150/231] loss=1.9819[epoch 2] lr=0.000300
2026-01-07 19:48:46,517 - rf_experiment - INFO - Epoch 2 [200/231] loss=1.2225[epoch 2] lr=0.000300
2026-01-07 19:49:34,072 - rf_experiment - INFO - [epoch 2] train_loss=1.3961, train_acc=0.3988
2026-01-07 19:49:50,861 - rf_experiment - INFO - [epoch 2] val_loss=1.3388, val_acc=0.4211
2026-01-07 19:49:50,861 - rf_experiment - INFO - [epoch 2] new best val_acc=0.4211
2026-01-07 19:49:50,862 - rf_experiment - INFO - [epoch 3/50] training...
2026-01-07 19:51:07,742 - rf_experiment - INFO - Epoch 3 [50/231] loss=1.2303[epoch 3] lr=0.000300
2026-01-07 19:52:23,432 - rf_experiment - INFO - Epoch 3 [100/231] loss=1.2795[epoch 3] lr=0.000300
2026-01-07 19:53:43,530 - rf_experiment - INFO - Epoch 3 [150/231] loss=1.7143[epoch 3] lr=0.000300
2026-01-07 19:55:02,053 - rf_experiment - INFO - Epoch 3 [200/231] loss=1.1580[epoch 3] lr=0.000300
2026-01-07 19:55:50,253 - rf_experiment - INFO - [epoch 3] train_loss=1.3303, train_acc=0.4264
2026-01-07 19:56:05,600 - rf_experiment - INFO - [epoch 3] val_loss=1.3416, val_acc=0.4249
2026-01-07 19:56:05,601 - rf_experiment - INFO - [epoch 3] no improvement in val_acc (streak=1)
2026-01-07 19:56:05,601 - rf_experiment - INFO - [epoch 4/50] training...
2026-01-07 19:57:23,878 - rf_experiment - INFO - Epoch 4 [50/231] loss=1.3286[epoch 4] lr=0.000300
2026-01-07 19:58:40,411 - rf_experiment - INFO - Epoch 4 [100/231] loss=1.2198[epoch 4] lr=0.000300
2026-01-07 19:59:59,791 - rf_experiment - INFO - Epoch 4 [150/231] loss=1.1171[epoch 4] lr=0.000300
2026-01-07 20:01:18,853 - rf_experiment - INFO - Epoch 4 [200/231] loss=1.3507[epoch 4] lr=0.000300
2026-01-07 20:02:07,748 - rf_experiment - INFO - [epoch 4] train_loss=1.2952, train_acc=0.4267
2026-01-07 20:02:23,516 - rf_experiment - INFO - [epoch 4] val_loss=1.2514, val_acc=0.4449
2026-01-07 20:02:23,517 - rf_experiment - INFO - [epoch 4] new best val_acc=0.4449
2026-01-07 20:02:23,517 - rf_experiment - INFO - [epoch 5/50] training...
2026-01-07 20:03:41,860 - rf_experiment - INFO - Epoch 5 [50/231] loss=1.2135[epoch 5] lr=0.000300
2026-01-07 20:04:57,570 - rf_experiment - INFO - Epoch 5 [100/231] loss=1.2356[epoch 5] lr=0.000300
2026-01-07 20:06:21,173 - rf_experiment - INFO - Epoch 5 [150/231] loss=1.4049[epoch 5] lr=0.000300
2026-01-07 20:07:45,690 - rf_experiment - INFO - Epoch 5 [200/231] loss=1.3183[epoch 5] lr=0.000300
2026-01-07 20:08:36,219 - rf_experiment - INFO - [epoch 5] train_loss=1.2630, train_acc=0.4365
2026-01-07 20:08:53,300 - rf_experiment - INFO - [epoch 5] val_loss=1.1791, val_acc=0.4731
2026-01-07 20:08:53,301 - rf_experiment - INFO - [epoch 5] new best val_acc=0.4731
2026-01-07 20:08:53,301 - rf_experiment - INFO - [epoch 6/50] training...
2026-01-07 20:10:15,356 - rf_experiment - INFO - Epoch 6 [50/231] loss=1.2489[epoch 6] lr=0.000150
2026-01-07 20:11:36,955 - rf_experiment - INFO - Epoch 6 [100/231] loss=1.2291[epoch 6] lr=0.000150
2026-01-07 20:13:00,219 - rf_experiment - INFO - Epoch 6 [150/231] loss=1.3572[epoch 6] lr=0.000150
2026-01-07 20:14:23,761 - rf_experiment - INFO - Epoch 6 [200/231] loss=1.1129[epoch 6] lr=0.000150
2026-01-07 20:15:16,378 - rf_experiment - INFO - [epoch 6] train_loss=1.1986, train_acc=0.4573
2026-01-07 20:15:33,183 - rf_experiment - INFO - [epoch 6] val_loss=1.2127, val_acc=0.4650
2026-01-07 20:15:33,183 - rf_experiment - INFO - [epoch 6] no improvement in val_acc (streak=1)
2026-01-07 20:15:33,183 - rf_experiment - INFO - [epoch 7/50] training...
2026-01-07 20:16:54,969 - rf_experiment - INFO - Epoch 7 [50/231] loss=1.2278[epoch 7] lr=0.000150
2026-01-07 20:18:17,096 - rf_experiment - INFO - Epoch 7 [100/231] loss=1.1289[epoch 7] lr=0.000150
2026-01-07 20:19:38,759 - rf_experiment - INFO - Epoch 7 [150/231] loss=1.0396[epoch 7] lr=0.000150
2026-01-07 20:21:02,421 - rf_experiment - INFO - Epoch 7 [200/231] loss=1.1239[epoch 7] lr=0.000150
2026-01-07 20:21:53,560 - rf_experiment - INFO - [epoch 7] train_loss=1.1920, train_acc=0.4646
2026-01-07 20:22:10,148 - rf_experiment - INFO - [epoch 7] val_loss=1.1669, val_acc=0.4601
2026-01-07 20:22:10,148 - rf_experiment - INFO - [epoch 7] no improvement in val_acc (streak=2)
2026-01-07 20:22:10,148 - rf_experiment - INFO - [epoch 8/50] training...
2026-01-07 20:23:31,351 - rf_experiment - INFO - Epoch 8 [50/231] loss=1.0664[epoch 8] lr=0.000150
2026-01-07 20:24:55,259 - rf_experiment - INFO - Epoch 8 [100/231] loss=1.1625[epoch 8] lr=0.000150
2026-01-07 20:26:17,547 - rf_experiment - INFO - Epoch 8 [150/231] loss=1.2500[epoch 8] lr=0.000150
2026-01-07 20:27:40,599 - rf_experiment - INFO - Epoch 8 [200/231] loss=1.1102[epoch 8] lr=0.000150
2026-01-07 20:28:32,353 - rf_experiment - INFO - [epoch 8] train_loss=1.1845, train_acc=0.4681
2026-01-07 20:28:49,256 - rf_experiment - INFO - [epoch 8] val_loss=1.1495, val_acc=0.4764
2026-01-07 20:28:49,257 - rf_experiment - INFO - [epoch 8] no improvement in val_acc (streak=3)
2026-01-07 20:28:49,257 - rf_experiment - INFO - [epoch 9/50] training...
2026-01-07 20:30:10,051 - rf_experiment - INFO - Epoch 9 [50/231] loss=1.1697[epoch 9] lr=0.000150
2026-01-07 20:31:33,008 - rf_experiment - INFO - Epoch 9 [100/231] loss=1.2349[epoch 9] lr=0.000150
2026-01-07 20:32:56,443 - rf_experiment - INFO - Epoch 9 [150/231] loss=1.2510[epoch 9] lr=0.000150
2026-01-07 20:34:19,259 - rf_experiment - INFO - Epoch 9 [200/231] loss=1.1080[epoch 9] lr=0.000150
2026-01-07 20:35:10,831 - rf_experiment - INFO - [epoch 9] train_loss=1.1658, train_acc=0.4741
2026-01-07 20:35:26,999 - rf_experiment - INFO - [epoch 9] val_loss=1.1341, val_acc=0.4780
2026-01-07 20:35:26,999 - rf_experiment - INFO - [epoch 9] no improvement in val_acc (streak=4)
2026-01-07 20:35:26,999 - rf_experiment - INFO - [epoch 10/50] training...
2026-01-07 20:36:41,799 - rf_experiment - INFO - Epoch 10 [50/231] loss=1.1419[epoch 10] lr=0.000150
2026-01-07 20:37:48,879 - rf_experiment - INFO - Epoch 10 [100/231] loss=1.0673[epoch 10] lr=0.000150
2026-01-07 20:38:55,814 - rf_experiment - INFO - Epoch 10 [150/231] loss=1.1502[epoch 10] lr=0.000150
2026-01-07 20:40:00,888 - rf_experiment - INFO - Epoch 10 [200/231] loss=1.1946[epoch 10] lr=0.000150
2026-01-07 20:40:38,243 - rf_experiment - INFO - [epoch 10] train_loss=1.1666, train_acc=0.4690
2026-01-07 20:40:49,514 - rf_experiment - INFO - [epoch 10] val_loss=1.1150, val_acc=0.4905
2026-01-07 20:40:49,515 - rf_experiment - INFO - [epoch 10] new best val_acc=0.4905
2026-01-07 20:40:49,515 - rf_experiment - INFO - [epoch 11/50] training...
2026-01-07 20:41:50,521 - rf_experiment - INFO - Epoch 11 [50/231] loss=1.3664[epoch 11] lr=0.000075
2026-01-07 20:42:51,574 - rf_experiment - INFO - Epoch 11 [100/231] loss=1.0707[epoch 11] lr=0.000075
2026-01-07 20:43:52,709 - rf_experiment - INFO - Epoch 11 [150/231] loss=1.2878[epoch 11] lr=0.000075
2026-01-07 20:44:52,986 - rf_experiment - INFO - Epoch 11 [200/231] loss=1.2620[epoch 11] lr=0.000075
2026-01-07 20:45:30,406 - rf_experiment - INFO - [epoch 11] train_loss=1.1383, train_acc=0.4782
2026-01-07 20:45:41,854 - rf_experiment - INFO - [epoch 11] val_loss=1.1159, val_acc=0.5046
2026-01-07 20:45:41,855 - rf_experiment - INFO - [epoch 11] new best val_acc=0.5046
2026-01-07 20:45:41,855 - rf_experiment - INFO - [epoch 12/50] training...
2026-01-07 20:46:42,217 - rf_experiment - INFO - Epoch 12 [50/231] loss=1.1906[epoch 12] lr=0.000075
2026-01-07 20:47:43,532 - rf_experiment - INFO - Epoch 12 [100/231] loss=1.2140[epoch 12] lr=0.000075
2026-01-07 20:48:44,373 - rf_experiment - INFO - Epoch 12 [150/231] loss=1.1523[epoch 12] lr=0.000075
2026-01-07 20:49:44,867 - rf_experiment - INFO - Epoch 12 [200/231] loss=1.1892[epoch 12] lr=0.000075
2026-01-07 20:50:22,025 - rf_experiment - INFO - [epoch 12] train_loss=1.1410, train_acc=0.4812
2026-01-07 20:50:33,710 - rf_experiment - INFO - [epoch 12] val_loss=1.1257, val_acc=0.4862
2026-01-07 20:50:33,710 - rf_experiment - INFO - [epoch 12] no improvement in val_acc (streak=1)
2026-01-07 20:50:33,710 - rf_experiment - INFO - [epoch 13/50] training...
2026-01-07 20:51:34,454 - rf_experiment - INFO - Epoch 13 [50/231] loss=1.2720[epoch 13] lr=0.000075
2026-01-07 20:52:35,429 - rf_experiment - INFO - Epoch 13 [100/231] loss=1.3048[epoch 13] lr=0.000075
2026-01-07 20:53:36,939 - rf_experiment - INFO - Epoch 13 [150/231] loss=1.2003[epoch 13] lr=0.000075
2026-01-07 20:54:37,101 - rf_experiment - INFO - Epoch 13 [200/231] loss=1.3103[epoch 13] lr=0.000075
2026-01-07 20:55:14,594 - rf_experiment - INFO - [epoch 13] train_loss=1.1412, train_acc=0.4802
2026-01-07 20:55:25,977 - rf_experiment - INFO - [epoch 13] val_loss=1.1122, val_acc=0.4889
2026-01-07 20:55:25,978 - rf_experiment - INFO - [epoch 13] no improvement in val_acc (streak=2)
2026-01-07 20:55:25,978 - rf_experiment - INFO - [epoch 14/50] training...
2026-01-07 20:56:26,458 - rf_experiment - INFO - Epoch 14 [50/231] loss=1.1862[epoch 14] lr=0.000075
2026-01-07 20:57:27,716 - rf_experiment - INFO - Epoch 14 [100/231] loss=1.1142[epoch 14] lr=0.000075
2026-01-07 20:58:28,557 - rf_experiment - INFO - Epoch 14 [150/231] loss=1.1502[epoch 14] lr=0.000075
2026-01-07 20:59:28,705 - rf_experiment - INFO - Epoch 14 [200/231] loss=1.1744[epoch 14] lr=0.000075
2026-01-07 21:00:05,918 - rf_experiment - INFO - [epoch 14] train_loss=1.1307, train_acc=0.4846
2026-01-07 21:00:17,603 - rf_experiment - INFO - [epoch 14] val_loss=1.1193, val_acc=0.4921
2026-01-07 21:00:17,603 - rf_experiment - INFO - [epoch 14] no improvement in val_acc (streak=3)
2026-01-07 21:00:17,603 - rf_experiment - INFO - [epoch 15/50] training...
2026-01-07 21:01:18,042 - rf_experiment - INFO - Epoch 15 [50/231] loss=1.1662[epoch 15] lr=0.000075
2026-01-07 21:02:19,333 - rf_experiment - INFO - Epoch 15 [100/231] loss=1.1202[epoch 15] lr=0.000075
2026-01-07 21:03:20,900 - rf_experiment - INFO - Epoch 15 [150/231] loss=1.0844[epoch 15] lr=0.000075
2026-01-07 21:04:21,704 - rf_experiment - INFO - Epoch 15 [200/231] loss=1.1483[epoch 15] lr=0.000075
2026-01-07 21:04:59,100 - rf_experiment - INFO - [epoch 15] train_loss=1.1288, train_acc=0.4871
2026-01-07 21:05:11,047 - rf_experiment - INFO - [epoch 15] val_loss=1.1242, val_acc=0.4889
2026-01-07 21:05:11,048 - rf_experiment - INFO - [epoch 15] no improvement in val_acc (streak=4)
2026-01-07 21:05:11,048 - rf_experiment - INFO - [epoch 16/50] training...
2026-01-07 21:06:11,484 - rf_experiment - INFO - Epoch 16 [50/231] loss=1.0414[epoch 16] lr=0.000037
2026-01-07 21:07:12,846 - rf_experiment - INFO - Epoch 16 [100/231] loss=1.1585[epoch 16] lr=0.000037
2026-01-07 21:08:14,306 - rf_experiment - INFO - Epoch 16 [150/231] loss=0.9590[epoch 16] lr=0.000037
2026-01-07 21:09:14,380 - rf_experiment - INFO - Epoch 16 [200/231] loss=1.1971[epoch 16] lr=0.000037
2026-01-07 21:09:52,374 - rf_experiment - INFO - [epoch 16] train_loss=1.1164, train_acc=0.4909
2026-01-07 21:10:03,720 - rf_experiment - INFO - [epoch 16] val_loss=1.0972, val_acc=0.4905
2026-01-07 21:10:03,720 - rf_experiment - INFO - [epoch 16] no improvement in val_acc (streak=5)
2026-01-07 21:10:03,720 - rf_experiment - INFO - [epoch 16] early stopping triggered (patience=5)
2026-01-07 21:10:03,728 - rf_experiment - INFO - Saved best model checkpoint to results/project_runs_1_conv2d_level_crossing_adc_bptt_20260107_193857/best_model.pt
2026-01-07 21:10:03,728 - rf_experiment - INFO - Evaluating on test set with best-val checkpoint...
2026-01-07 21:10:15,412 - rf_experiment - INFO - Saved predictions to results/project_runs_1_conv2d_level_crossing_adc_bptt_20260107_193857/test_predictions_test_final.npz
2026-01-07 21:10:26,801 - rf_experiment - INFO - Saved predictions to results/project_runs_1_conv2d_level_crossing_adc_bptt_20260107_193857/test_predictions_test_dropout_30.npz
2026-01-07 21:10:26,801 - rf_experiment - INFO - Test metrics with 30% time-step dropout: {'loss': 5.271182955992196, 'acc': 0.3557483731019523, 'latency_ms_per_sample': 4.653084642731599, 'energy_j_per_sample': 0.6979626964097398, 'per_snr_acc': {0: 0.33980582524271846, 10: 0.5523809523809524, -20: 0.14426229508196722, -10: 0.19940476190476192, 20: 0.48026315789473684, 30: 0.43636363636363634}, 'per_snr_loss': {0: 3.8637725692027636, 10: 3.183714526277479, -20: 8.614400941003343, -10: 7.670987175885308, 20: 3.8194499923851444, 30: 4.208468180720229}}
2026-01-07 21:10:39,758 - rf_experiment - INFO - Saved predictions to results/project_runs_1_conv2d_level_crossing_adc_bptt_20260107_193857/test_predictions_test_shuffled_time.npz
2026-01-07 21:10:39,759 - rf_experiment - INFO - Test metrics with shuffled time dimension: {'loss': 1.2274235665410305, 'acc': 0.43275488069414314, 'latency_ms_per_sample': 4.960219448517176, 'energy_j_per_sample': 0.7440329172775764, 'per_snr_acc': {0: 0.39158576051779936, 10: 0.6507936507936508, -20: 0.18032786885245902, -10: 0.13392857142857142, 20: 0.6546052631578947, 30: 0.6290909090909091}, 'per_snr_loss': {0: 1.250250680643378, 10: 0.7800920165871965, -20: 1.874186435488404, -10: 1.8692998405368555, 20: 0.7194455068131088, 30: 0.7741439714367416}}
2026-01-07 21:10:39,991 - rf_experiment - INFO - Saved confusion matrix to results/project_runs_1_conv2d_level_crossing_adc_bptt_20260107_193857/confusion_matrix.png
2026-01-07 21:10:39,991 - rf_experiment - INFO - Saved metrics to results/project_runs_1_conv2d_level_crossing_adc_bptt_20260107_193857/metrics.json
2026-01-07 21:10:39,991 - rf_experiment - INFO - Finished experiment: project_runs_1_conv2d_level_crossing_adc_bptt
2026-01-07 21:10:39,991 - rf_experiment - INFO - Best val metrics: {'loss': 1.115852718177336, 'acc': 0.5046120455778622, 'latency_ms_per_sample': 4.831621357923495, 'energy_j_per_sample': 0.7247432036885241, 'per_snr_acc': {20: 0.7581699346405228, 10: 0.7006578947368421, -20: 0.1918238993710692, 30: 0.7924528301886793, -10: 0.17132867132867133, 0: 0.3954983922829582}, 'per_snr_loss': {20: 0.5821491481829131, 10: 0.6468427750152937, -20: 1.8580766936892983, 30: 0.5555441360871246, -10: 1.8248487064888428, 0: 1.2614165795577683}, 'epoch': 11}
2026-01-07 21:10:39,991 - rf_experiment - INFO - Test metrics: {'loss': 1.1709024673428814, 'acc': 0.4544468546637744, 'latency_ms_per_sample': 4.875542999648261, 'energy_j_per_sample': 0.7313314499472391, 'per_snr_acc': {0: 0.36245954692556637, 10: 0.6888888888888889, -20: 0.14426229508196722, -10: 0.14583333333333334, 20: 0.7335526315789473, 30: 0.7018181818181818}, 'per_snr_loss': {0: 1.299876860816116, 10: 0.6735006637432398, -20: 1.8990454425577257, -10: 1.8823840820363589, 20: 0.5602665454310849, 30: 0.5938856394227001}}
2026-01-07 21:10:39,991 - rf_experiment - INFO - Finished experiment: project_runs_1_conv2d_level_crossing_adc_bptt
2026-01-07 21:10:39,992 - rf_experiment - INFO - Best val metrics: {'loss': 1.115852718177336, 'acc': 0.5046120455778622, 'latency_ms_per_sample': 4.831621357923495, 'energy_j_per_sample': 0.7247432036885241, 'per_snr_acc': {20: 0.7581699346405228, 10: 0.7006578947368421, -20: 0.1918238993710692, 30: 0.7924528301886793, -10: 0.17132867132867133, 0: 0.3954983922829582}, 'per_snr_loss': {20: 0.5821491481829131, 10: 0.6468427750152937, -20: 1.8580766936892983, 30: 0.5555441360871246, -10: 1.8248487064888428, 0: 1.2614165795577683}, 'epoch': 11}
2026-01-07 21:10:39,992 - rf_experiment - INFO - Test metrics: {'loss': 1.1709024673428814, 'acc': 0.4544468546637744, 'latency_ms_per_sample': 4.875542999648261, 'energy_j_per_sample': 0.7313314499472391, 'per_snr_acc': {0: 0.36245954692556637, 10: 0.6888888888888889, -20: 0.14426229508196722, -10: 0.14583333333333334, 20: 0.7335526315789473, 30: 0.7018181818181818}, 'per_snr_loss': {0: 1.299876860816116, 10: 0.6735006637432398, -20: 1.8990454425577257, -10: 1.8823840820363589, 20: 0.5602665454310849, 30: 0.5938856394227001}}
