2026-01-07 20:04:50,301 - rf_experiment - INFO - Starting experiment: project_runs_1_conv1d_iqgrid_bptt
2026-01-07 20:04:50,301 - rf_experiment - INFO - Run name: project_runs_1_conv1d_iqgrid_bptt_20260107_200450
2026-01-07 20:04:50,301 - rf_experiment - INFO - Config file: configs/project_runs_1_conv1d_iqgrid_bptt.yaml
2026-01-07 20:04:50,301 - rf_experiment - INFO - Saved resolved config to: results/project_runs_1_conv1d_iqgrid_bptt_20260107_200450/config.yaml
2026-01-07 20:04:50,301 - rf_experiment - INFO - Run directory: results/project_runs_1_conv1d_iqgrid_bptt_20260107_200450
2026-01-07 20:04:50,319 - rf_experiment - INFO - Using device: mps
2026-01-07 20:04:50,319 - rf_experiment - INFO - Using device: mps
2026-01-07 20:04:50,319 - rf_experiment - INFO - Torch version: 2.9.0
2026-01-07 20:04:50,319 - rf_experiment - INFO - Dataset config: {'path': 'data/GOLD_XYZ_OSC.0001_1024.hdf5', 'name': 'radioml2018_structured', 'frames_per_combo': 512, 'mods_to_use': [0, 1, 2, 3, 4, 5], 'snrs_to_use': [-20, -10, 0, 10, 20, 30], 'train_frac': 0.8, 'val_frac': 0.1, 'test_frac': 0.1, 'shuffle': True, 'num_workers': 0}
2026-01-07 20:04:50,319 - rf_experiment - INFO - Encoding config: {'type': 'iq_grid', 'params': {'grid_size': 16, 'subsample': 4}}
2026-01-07 20:04:50,319 - rf_experiment - INFO - Total logical dataset size: 18432 samples
2026-01-07 20:04:50,319 - rf_experiment - INFO - Num classes (from dataset): 6
2026-01-07 20:04:50,319 - rf_experiment - INFO - Splits: train=14745, val=1843, test=1844
2026-01-07 20:04:50,320 - rf_experiment - INFO - Full dataset labels: {0: 3072, 1: 3072, 2: 3072, 3: 3072, 4: 3072, 5: 3072}
2026-01-07 20:04:50,320 - rf_experiment - INFO - Full dataset SNRs: {-20: 3072, -10: 3072, 0: 3072, 10: 3072, 20: 3072, 30: 3072}
2026-01-07 20:04:50,320 - rf_experiment - INFO - Dataloader: batch_size=64, num_workers=0
2026-01-07 20:04:50,320 - rf_experiment - INFO - Building model: {'type': 'conv1d_snn', 'params': {'input_channels': 1, 'conv_channels': [64, 128], 'kernel_sizes': [5, 3], 'lif_beta': 0.9, 'dropout': 0.0, 'num_classes': 6, 'time_agg': 'sum'}}
2026-01-07 20:04:50,320 - rf_experiment - INFO - Building model with num_classes=6
2026-01-07 20:04:50,391 - rf_experiment - INFO - Building trainer: {'trainer': 'bptt', 'loss': 'cross_entropy', 'optimizer': 'adam', 'lr': 0.0003, 'lr_scheduler': {'type': 'step', 'step_size': 5, 'gamma': 0.5}, 'batch_size': 64, 'epochs': 50, 'max_time_steps': 256, 'grad_clip': 1.0, 'device': 'mps', 'early_stopping_patience': 5, 'early_stopping_min_delta': 0.005}
2026-01-07 20:04:51,000 - rf_experiment - INFO - Starting training loop...
2026-01-07 20:04:51,000 - rf_experiment - INFO - [epoch 1/50] training...
2026-01-07 20:05:37,866 - rf_experiment - INFO - Epoch 1 [50/231] loss=2.9819[epoch 1] lr=0.000300
2026-01-07 20:06:21,080 - rf_experiment - INFO - Epoch 1 [100/231] loss=1.7585[epoch 1] lr=0.000300
2026-01-07 20:07:04,738 - rf_experiment - INFO - Epoch 1 [150/231] loss=1.8138[epoch 1] lr=0.000300
2026-01-07 20:07:47,829 - rf_experiment - INFO - Epoch 1 [200/231] loss=1.8146[epoch 1] lr=0.000300
2026-01-07 20:08:14,047 - rf_experiment - INFO - [epoch 1] train_loss=3.3543, train_acc=0.1664
2026-01-07 20:08:26,790 - rf_experiment - INFO - [epoch 1] val_loss=1.8237, val_acc=0.1590
2026-01-07 20:08:26,791 - rf_experiment - INFO - [epoch 1] new best val_acc=0.1590
2026-01-07 20:08:26,791 - rf_experiment - INFO - [epoch 2/50] training...
2026-01-07 20:09:06,006 - rf_experiment - INFO - Epoch 2 [50/231] loss=1.7874[epoch 2] lr=0.000300
2026-01-07 20:09:45,826 - rf_experiment - INFO - Epoch 2 [100/231] loss=1.8133[epoch 2] lr=0.000300
2026-01-07 20:10:26,914 - rf_experiment - INFO - Epoch 2 [150/231] loss=1.8334[epoch 2] lr=0.000300
2026-01-07 20:11:07,828 - rf_experiment - INFO - Epoch 2 [200/231] loss=1.9113[epoch 2] lr=0.000300
2026-01-07 20:11:31,960 - rf_experiment - INFO - [epoch 2] train_loss=1.8108, train_acc=0.1689
2026-01-07 20:11:44,743 - rf_experiment - INFO - [epoch 2] val_loss=1.7956, val_acc=0.1590
2026-01-07 20:11:44,743 - rf_experiment - INFO - [epoch 2] no improvement in val_acc (streak=1)
2026-01-07 20:11:44,744 - rf_experiment - INFO - [epoch 3/50] training...
2026-01-07 20:12:28,414 - rf_experiment - INFO - Epoch 3 [50/231] loss=1.8143[epoch 3] lr=0.000300
2026-01-07 20:13:11,367 - rf_experiment - INFO - Epoch 3 [100/231] loss=1.8496[epoch 3] lr=0.000300
2026-01-07 20:13:54,236 - rf_experiment - INFO - Epoch 3 [150/231] loss=1.7847[epoch 3] lr=0.000300
2026-01-07 20:14:38,360 - rf_experiment - INFO - Epoch 3 [200/231] loss=1.7932[epoch 3] lr=0.000300
2026-01-07 20:15:06,888 - rf_experiment - INFO - [epoch 3] train_loss=1.8100, train_acc=0.1647
2026-01-07 20:15:19,281 - rf_experiment - INFO - [epoch 3] val_loss=1.8217, val_acc=0.1612
2026-01-07 20:15:19,282 - rf_experiment - INFO - [epoch 3] no improvement in val_acc (streak=2)
2026-01-07 20:15:19,282 - rf_experiment - INFO - [epoch 4/50] training...
2026-01-07 20:15:59,313 - rf_experiment - INFO - Epoch 4 [50/231] loss=1.7917[epoch 4] lr=0.000300
2026-01-07 20:16:39,580 - rf_experiment - INFO - Epoch 4 [100/231] loss=1.7895[epoch 4] lr=0.000300
2026-01-07 20:17:19,678 - rf_experiment - INFO - Epoch 4 [150/231] loss=1.7867[epoch 4] lr=0.000300
2026-01-07 20:18:03,127 - rf_experiment - INFO - Epoch 4 [200/231] loss=1.7543[epoch 4] lr=0.000300
2026-01-07 20:18:28,680 - rf_experiment - INFO - [epoch 4] train_loss=1.8073, train_acc=0.1674
2026-01-07 20:18:39,566 - rf_experiment - INFO - [epoch 4] val_loss=1.8073, val_acc=0.1612
2026-01-07 20:18:39,566 - rf_experiment - INFO - [epoch 4] no improvement in val_acc (streak=3)
2026-01-07 20:18:39,566 - rf_experiment - INFO - [epoch 5/50] training...
2026-01-07 20:19:22,673 - rf_experiment - INFO - Epoch 5 [50/231] loss=1.8626[epoch 5] lr=0.000300
2026-01-07 20:20:06,184 - rf_experiment - INFO - Epoch 5 [100/231] loss=1.8007[epoch 5] lr=0.000300
2026-01-07 20:20:48,269 - rf_experiment - INFO - Epoch 5 [150/231] loss=1.8041[epoch 5] lr=0.000300
2026-01-07 20:21:33,065 - rf_experiment - INFO - Epoch 5 [200/231] loss=1.8109[epoch 5] lr=0.000300
2026-01-07 20:21:58,207 - rf_experiment - INFO - [epoch 5] train_loss=1.8086, train_acc=0.1689
2026-01-07 20:22:08,771 - rf_experiment - INFO - [epoch 5] val_loss=1.8077, val_acc=0.1709
2026-01-07 20:22:08,772 - rf_experiment - INFO - [epoch 5] new best val_acc=0.1709
2026-01-07 20:22:08,772 - rf_experiment - INFO - [epoch 6/50] training...
2026-01-07 20:22:47,472 - rf_experiment - INFO - Epoch 6 [50/231] loss=1.7872[epoch 6] lr=0.000150
2026-01-07 20:23:28,313 - rf_experiment - INFO - Epoch 6 [100/231] loss=1.8078[epoch 6] lr=0.000150
2026-01-07 20:24:11,083 - rf_experiment - INFO - Epoch 6 [150/231] loss=1.7889[epoch 6] lr=0.000150
2026-01-07 20:24:55,506 - rf_experiment - INFO - Epoch 6 [200/231] loss=1.7818[epoch 6] lr=0.000150
2026-01-07 20:25:22,431 - rf_experiment - INFO - [epoch 6] train_loss=1.7993, train_acc=0.1674
2026-01-07 20:25:35,196 - rf_experiment - INFO - [epoch 6] val_loss=1.8099, val_acc=0.1763
2026-01-07 20:25:35,197 - rf_experiment - INFO - [epoch 6] new best val_acc=0.1763
2026-01-07 20:25:35,197 - rf_experiment - INFO - [epoch 7/50] training...
2026-01-07 20:26:17,164 - rf_experiment - INFO - Epoch 7 [50/231] loss=1.7991[epoch 7] lr=0.000150
2026-01-07 20:27:00,809 - rf_experiment - INFO - Epoch 7 [100/231] loss=1.7790[epoch 7] lr=0.000150
2026-01-07 20:27:44,155 - rf_experiment - INFO - Epoch 7 [150/231] loss=1.7774[epoch 7] lr=0.000150
2026-01-07 20:28:27,133 - rf_experiment - INFO - Epoch 7 [200/231] loss=1.7981[epoch 7] lr=0.000150
2026-01-07 20:28:49,429 - rf_experiment - INFO - [epoch 7] train_loss=1.8005, train_acc=0.1686
2026-01-07 20:29:00,691 - rf_experiment - INFO - [epoch 7] val_loss=1.7958, val_acc=0.1763
2026-01-07 20:29:00,692 - rf_experiment - INFO - [epoch 7] no improvement in val_acc (streak=1)
2026-01-07 20:29:00,692 - rf_experiment - INFO - [epoch 8/50] training...
2026-01-07 20:29:41,722 - rf_experiment - INFO - Epoch 8 [50/231] loss=1.8112[epoch 8] lr=0.000150
2026-01-07 20:30:21,446 - rf_experiment - INFO - Epoch 8 [100/231] loss=1.7976[epoch 8] lr=0.000150
2026-01-07 20:31:04,904 - rf_experiment - INFO - Epoch 8 [150/231] loss=1.8084[epoch 8] lr=0.000150
2026-01-07 20:31:47,833 - rf_experiment - INFO - Epoch 8 [200/231] loss=1.7978[epoch 8] lr=0.000150
2026-01-07 20:32:14,990 - rf_experiment - INFO - [epoch 8] train_loss=1.7980, train_acc=0.1676
2026-01-07 20:32:28,191 - rf_experiment - INFO - [epoch 8] val_loss=1.7943, val_acc=0.1709
2026-01-07 20:32:28,196 - rf_experiment - INFO - [epoch 8] no improvement in val_acc (streak=2)
2026-01-07 20:32:28,196 - rf_experiment - INFO - [epoch 9/50] training...
2026-01-07 20:33:07,785 - rf_experiment - INFO - Epoch 9 [50/231] loss=1.8169[epoch 9] lr=0.000150
2026-01-07 20:33:51,098 - rf_experiment - INFO - Epoch 9 [100/231] loss=1.7893[epoch 9] lr=0.000150
2026-01-07 20:34:34,191 - rf_experiment - INFO - Epoch 9 [150/231] loss=1.8469[epoch 9] lr=0.000150
2026-01-07 20:35:17,085 - rf_experiment - INFO - Epoch 9 [200/231] loss=1.7813[epoch 9] lr=0.000150
2026-01-07 20:35:38,520 - rf_experiment - INFO - [epoch 9] train_loss=1.8000, train_acc=0.1647
2026-01-07 20:35:49,474 - rf_experiment - INFO - [epoch 9] val_loss=1.8016, val_acc=0.1693
2026-01-07 20:35:49,475 - rf_experiment - INFO - [epoch 9] no improvement in val_acc (streak=3)
2026-01-07 20:35:49,475 - rf_experiment - INFO - [epoch 10/50] training...
2026-01-07 20:36:22,607 - rf_experiment - INFO - Epoch 10 [50/231] loss=1.8208[epoch 10] lr=0.000150
2026-01-07 20:36:46,394 - rf_experiment - INFO - Epoch 10 [100/231] loss=1.8109[epoch 10] lr=0.000150
2026-01-07 20:37:08,923 - rf_experiment - INFO - Epoch 10 [150/231] loss=1.7938[epoch 10] lr=0.000150
2026-01-07 20:37:30,993 - rf_experiment - INFO - Epoch 10 [200/231] loss=1.8035[epoch 10] lr=0.000150
2026-01-07 20:37:44,649 - rf_experiment - INFO - [epoch 10] train_loss=1.7995, train_acc=0.1653
2026-01-07 20:37:51,564 - rf_experiment - INFO - [epoch 10] val_loss=1.8035, val_acc=0.1693
2026-01-07 20:37:51,564 - rf_experiment - INFO - [epoch 10] no improvement in val_acc (streak=4)
2026-01-07 20:37:51,564 - rf_experiment - INFO - [epoch 11/50] training...
2026-01-07 20:38:12,241 - rf_experiment - INFO - Epoch 11 [50/231] loss=1.7956[epoch 11] lr=0.000075
2026-01-07 20:38:33,270 - rf_experiment - INFO - Epoch 11 [100/231] loss=1.7892[epoch 11] lr=0.000075
2026-01-07 20:38:55,276 - rf_experiment - INFO - Epoch 11 [150/231] loss=1.7970[epoch 11] lr=0.000075
2026-01-07 20:39:15,128 - rf_experiment - INFO - Epoch 11 [200/231] loss=1.8037[epoch 11] lr=0.000075
2026-01-07 20:39:28,635 - rf_experiment - INFO - [epoch 11] train_loss=1.7961, train_acc=0.1660
2026-01-07 20:39:35,817 - rf_experiment - INFO - [epoch 11] val_loss=1.7926, val_acc=0.1612
2026-01-07 20:39:35,817 - rf_experiment - INFO - [epoch 11] no improvement in val_acc (streak=5)
2026-01-07 20:39:35,817 - rf_experiment - INFO - [epoch 11] early stopping triggered (patience=5)
2026-01-07 20:39:35,830 - rf_experiment - INFO - Saved best model checkpoint to results/project_runs_1_conv1d_iqgrid_bptt_20260107_200450/best_model.pt
2026-01-07 20:39:35,830 - rf_experiment - INFO - Evaluating on test set with best-val checkpoint...
2026-01-07 20:39:42,843 - rf_experiment - INFO - Saved predictions to results/project_runs_1_conv1d_iqgrid_bptt_20260107_200450/test_predictions_test_final.npz
2026-01-07 20:39:50,498 - rf_experiment - INFO - Saved predictions to results/project_runs_1_conv1d_iqgrid_bptt_20260107_200450/test_predictions_test_dropout_30.npz
2026-01-07 20:39:50,498 - rf_experiment - INFO - Test metrics with 30% time-step dropout: {'loss': 1.8089049167591682, 'acc': 0.1621475054229935, 'latency_ms_per_sample': 1.993129950207648, 'energy_j_per_sample': 0.2989694925311472, 'per_snr_acc': {0: 0.13915857605177995, 10: 0.18095238095238095, -20: 0.20327868852459016, -10: 0.15476190476190477, 20: 0.14802631578947367, 30: 0.14545454545454545}, 'per_snr_loss': {0: 1.8200985822091211, 10: 1.8140965317922926, -20: 1.7904066347685017, -10: 1.8004505542062579, 20: 1.8174962209243524, 30: 1.811729222644459}}
2026-01-07 20:39:58,265 - rf_experiment - INFO - Saved predictions to results/project_runs_1_conv1d_iqgrid_bptt_20260107_200450/test_predictions_test_shuffled_time.npz
2026-01-07 20:39:58,265 - rf_experiment - INFO - Test metrics with shuffled time dimension: {'loss': 1.808615583142593, 'acc': 0.1621475054229935, 'latency_ms_per_sample': 1.8075969125247215, 'energy_j_per_sample': 0.27113953687870823, 'per_snr_acc': {0: 0.13915857605177995, 10: 0.18095238095238095, -20: 0.20327868852459016, -10: 0.15476190476190477, 20: 0.14802631578947367, 30: 0.14545454545454545}, 'per_snr_loss': {0: 1.8222749094361241, 10: 1.8154365819598002, -20: 1.7879021996357403, -10: 1.7976279230344863, 20: 1.8179384250389903, 30: 1.8115463144128974}}
2026-01-07 20:39:58,488 - rf_experiment - INFO - Saved confusion matrix to results/project_runs_1_conv1d_iqgrid_bptt_20260107_200450/confusion_matrix.png
2026-01-07 20:39:58,489 - rf_experiment - INFO - Saved metrics to results/project_runs_1_conv1d_iqgrid_bptt_20260107_200450/metrics.json
2026-01-07 20:39:58,489 - rf_experiment - INFO - Finished experiment: project_runs_1_conv1d_iqgrid_bptt
2026-01-07 20:39:58,489 - rf_experiment - INFO - Best val metrics: {'loss': 1.8098596085430938, 'acc': 0.176342919153554, 'latency_ms_per_sample': 2.9892192318948614, 'energy_j_per_sample': 0.4483828847842292, 'per_snr_acc': {20: 0.22549019607843138, 10: 0.15789473684210525, -20: 0.14779874213836477, 30: 0.1792452830188679, -10: 0.17832167832167833, 0: 0.17041800643086816}, 'per_snr_loss': {20: 1.7808687437593547, 10: 1.8233613356163627, -20: 1.816408136355802, 30: 1.8128132640190844, -10: 1.813548473211435, 0: 1.8120781225406855}, 'epoch': 6}
2026-01-07 20:39:58,489 - rf_experiment - INFO - Test metrics: {'loss': 1.808615583142593, 'acc': 0.1621475054229935, 'latency_ms_per_sample': 1.8576550064608455, 'energy_j_per_sample': 0.2786482509691268, 'per_snr_acc': {0: 0.13915857605177995, 10: 0.18095238095238095, -20: 0.20327868852459016, -10: 0.15476190476190477, 20: 0.14802631578947367, 30: 0.14545454545454545}, 'per_snr_loss': {0: 1.8222749094361241, 10: 1.8154365819598002, -20: 1.7879021996357403, -10: 1.7976279230344863, 20: 1.8179384250389903, 30: 1.8115463144128974}}
2026-01-07 20:39:58,489 - rf_experiment - INFO - Finished experiment: project_runs_1_conv1d_iqgrid_bptt
2026-01-07 20:39:58,489 - rf_experiment - INFO - Best val metrics: {'loss': 1.8098596085430938, 'acc': 0.176342919153554, 'latency_ms_per_sample': 2.9892192318948614, 'energy_j_per_sample': 0.4483828847842292, 'per_snr_acc': {20: 0.22549019607843138, 10: 0.15789473684210525, -20: 0.14779874213836477, 30: 0.1792452830188679, -10: 0.17832167832167833, 0: 0.17041800643086816}, 'per_snr_loss': {20: 1.7808687437593547, 10: 1.8233613356163627, -20: 1.816408136355802, 30: 1.8128132640190844, -10: 1.813548473211435, 0: 1.8120781225406855}, 'epoch': 6}
2026-01-07 20:39:58,489 - rf_experiment - INFO - Test metrics: {'loss': 1.808615583142593, 'acc': 0.1621475054229935, 'latency_ms_per_sample': 1.8576550064608455, 'energy_j_per_sample': 0.2786482509691268, 'per_snr_acc': {0: 0.13915857605177995, 10: 0.18095238095238095, -20: 0.20327868852459016, -10: 0.15476190476190477, 20: 0.14802631578947367, 30: 0.14545454545454545}, 'per_snr_loss': {0: 1.8222749094361241, 10: 1.8154365819598002, -20: 1.7879021996357403, -10: 1.7976279230344863, 20: 1.8179384250389903, 30: 1.8115463144128974}}
