2025-12-04 13:33:03,470 - rf_experiment - INFO - Starting experiment: radioml2018_iqgrid_conv2d_dcll_small_3
2025-12-04 13:33:03,470 - rf_experiment - INFO - Run name: radioml2018_iqgrid_conv2d_dcll_small_3_20251204_133303
2025-12-04 13:33:03,470 - rf_experiment - INFO - Config file: configs/radioml2018_iqgrid_conv2d_dcll_small_3.yaml
2025-12-04 13:33:03,470 - rf_experiment - INFO - Saved resolved config to: results/radioml2018_iqgrid_conv2d_dcll_small_3_20251204_133303/config.yaml
2025-12-04 13:33:03,470 - rf_experiment - INFO - Run directory: results/radioml2018_iqgrid_conv2d_dcll_small_3_20251204_133303
2025-12-04 13:33:03,470 - rf_experiment - INFO - Using device: cpu
2025-12-04 13:33:03,470 - rf_experiment - INFO - Torch version: 2.9.0
2025-12-04 13:33:03,471 - rf_experiment - INFO - Dataset config: {'path': 'data/GOLD_XYZ_OSC.0001_1024.hdf5', 'name': 'radioml2018_structured', 'frames_per_combo': 512, 'mods_to_use': [3, 4], 'snrs_to_use': [0, 10], 'train_frac': 0.8, 'val_frac': 0.1, 'test_frac': 0.1, 'shuffle': True, 'num_workers': 0}
2025-12-04 13:33:03,471 - rf_experiment - INFO - Encoding config: {'type': 'iq_grid', 'params': {'grid_size': 16, 'subsample': 4}}
2025-12-04 13:33:03,471 - rf_experiment - INFO - Total logical dataset size: 2048 samples
2025-12-04 13:33:03,471 - rf_experiment - INFO - Num classes (from dataset): 2
2025-12-04 13:33:03,471 - rf_experiment - INFO - Splits: train=1638, val=204, test=206
2025-12-04 13:33:03,471 - rf_experiment - INFO - Dataloader: batch_size=16, num_workers=0
2025-12-04 13:33:03,471 - rf_experiment - INFO - Building model: {'type': 'conv2d_snn', 'params': {'input_channels': 1, 'conv_channels': [32, 64], 'kernel_sizes': [3, 3], 'grid_size': 16, 'lif_beta': 0.9, 'dropout': 0.1, 'pool': True, 'num_classes': 2}}
2025-12-04 13:33:03,471 - rf_experiment - INFO - Building model with num_classes=2
2025-12-04 13:33:03,472 - rf_experiment - INFO - Building trainer: {'trainer': 'dcll', 'loss': 'cross_entropy', 'optimizer': 'adam', 'lr': 0.001, 'batch_size': 16, 'epochs': 3, 'max_time_steps': 256, 'grad_clip': 1.0, 'device': 'cpu'}
2025-12-04 13:33:03,964 - rf_experiment - INFO - Starting training loop...
2025-12-04 13:33:03,964 - rf_experiment - INFO - [epoch 1/3] training...
2025-12-04 13:34:34,865 - rf_experiment - INFO - [epoch 1/3] batch 50/103 loss=0.6832
2025-12-04 13:36:07,029 - rf_experiment - INFO - [epoch 1/3] batch 100/103 loss=0.6221
2025-12-04 13:36:11,732 - rf_experiment - INFO - [epoch 1] train_loss=1.3333, train_acc=0.6984
2025-12-04 13:36:11,733 - rf_experiment - INFO - [epoch 1] train_loss=1.3333, train_acc=0.6984
2025-12-04 13:36:24,543 - rf_experiment - INFO - [epoch 1] val_loss=1.4913, val_acc=0.5441
2025-12-04 13:36:24,544 - rf_experiment - INFO - [epoch 2/3] training...
2025-12-04 13:37:57,694 - rf_experiment - INFO - [epoch 2/3] batch 50/103 loss=0.3733
2025-12-04 13:39:29,868 - rf_experiment - INFO - [epoch 2/3] batch 100/103 loss=0.7947
2025-12-04 13:39:34,532 - rf_experiment - INFO - [epoch 2] train_loss=0.7153, train_acc=0.7161
2025-12-04 13:39:34,534 - rf_experiment - INFO - [epoch 2] train_loss=0.7153, train_acc=0.7161
2025-12-04 13:39:46,692 - rf_experiment - INFO - [epoch 2] val_loss=0.2431, val_acc=0.9167
2025-12-04 13:39:46,693 - rf_experiment - INFO - [epoch 3/3] training...
2025-12-04 13:41:18,353 - rf_experiment - INFO - [epoch 3/3] batch 50/103 loss=0.3205
2025-12-04 13:42:53,771 - rf_experiment - INFO - [epoch 3/3] batch 100/103 loss=0.6255
2025-12-04 13:42:58,395 - rf_experiment - INFO - [epoch 3] train_loss=0.7393, train_acc=0.7076
2025-12-04 13:42:58,396 - rf_experiment - INFO - [epoch 3] train_loss=0.7393, train_acc=0.7076
2025-12-04 13:43:10,103 - rf_experiment - INFO - [epoch 3] val_loss=0.5995, val_acc=0.6569
2025-12-04 13:43:10,104 - rf_experiment - INFO - Evaluating on test set...
2025-12-04 13:43:21,894 - rf_experiment - INFO - Saved metrics to results/radioml2018_iqgrid_conv2d_dcll_small_3_20251204_133303/metrics.json
2025-12-04 13:43:21,895 - rf_experiment - INFO - Finished experiment: radioml2018_iqgrid_conv2d_dcll_small_3
2025-12-04 13:43:21,895 - rf_experiment - INFO - Best val metrics: {'loss': 0.24313649885794697, 'acc': 0.9166666666666666, 'per_snr_acc': {0: 0.8170731707317073, 10: 0.9836065573770492}}
2025-12-04 13:43:21,895 - rf_experiment - INFO - Test metrics: {'loss': 0.8494966180579177, 'acc': 0.5679611650485437, 'per_snr_acc': {10: 0.6216216216216216, 0: 0.5052631578947369}}
