2026-01-07 12:38:06,310 - rf_experiment - INFO - Starting experiment: project_runs_1_2_conv2d_rate_bptt
2026-01-07 12:38:06,310 - rf_experiment - INFO - Run name: project_runs_1_2_conv2d_rate_bptt_20260107_123806
2026-01-07 12:38:06,310 - rf_experiment - INFO - Config file: configs/project_runs_1_2_conv2d_rate_bptt.yaml
2026-01-07 12:38:06,310 - rf_experiment - INFO - Saved resolved config to: results/project_runs_1_2_conv2d_rate_bptt_20260107_123806/config.yaml
2026-01-07 12:38:06,310 - rf_experiment - INFO - Run directory: results/project_runs_1_2_conv2d_rate_bptt_20260107_123806
2026-01-07 12:38:06,325 - rf_experiment - INFO - Using device: mps
2026-01-07 12:38:06,325 - rf_experiment - INFO - Using device: mps
2026-01-07 12:38:06,325 - rf_experiment - INFO - Torch version: 2.9.0
2026-01-07 12:38:06,325 - rf_experiment - INFO - Dataset config: {'path': 'data/GOLD_XYZ_OSC.0001_1024.hdf5', 'name': 'radioml2018_structured', 'frames_per_combo': 512, 'mods_to_use': [0, 1, 2, 3, 4, 5], 'snrs_to_use': [-20, -10, 0, 10, 20, 30], 'train_frac': 0.8, 'val_frac': 0.1, 'test_frac': 0.1, 'shuffle': True, 'num_workers': 0}
2026-01-07 12:38:06,325 - rf_experiment - INFO - Encoding config: {'type': 'rate_code', 'params': {'subsample': 4, 'grid_size': 16, 'max_rate': 0.5, 'stochastic': True, 'use_sign': True}}
2026-01-07 12:38:06,326 - rf_experiment - INFO - Total logical dataset size: 18432 samples
2026-01-07 12:38:06,326 - rf_experiment - INFO - Num classes (from dataset): 6
2026-01-07 12:38:06,326 - rf_experiment - INFO - Splits: train=14745, val=1843, test=1844
2026-01-07 12:38:06,326 - rf_experiment - INFO - Full dataset labels: {0: 3072, 1: 3072, 2: 3072, 3: 3072, 4: 3072, 5: 3072}
2026-01-07 12:38:06,326 - rf_experiment - INFO - Full dataset SNRs: {-20: 3072, -10: 3072, 0: 3072, 10: 3072, 20: 3072, 30: 3072}
2026-01-07 12:38:06,326 - rf_experiment - INFO - Dataloader: batch_size=64, num_workers=0
2026-01-07 12:38:06,327 - rf_experiment - INFO - Building model: {'type': 'conv2d_snn', 'params': {'input_channels': 1, 'conv_channels': [64, 128], 'kernel_sizes': [3, 3], 'grid_size': 16, 'lif_beta': 0.9, 'dropout': 0.0, 'pool': True, 'num_classes': 6}}
2026-01-07 12:38:06,327 - rf_experiment - INFO - Building model with num_classes=6
2026-01-07 12:38:06,347 - rf_experiment - INFO - Building trainer: {'trainer': 'bptt', 'loss': 'cross_entropy', 'optimizer': 'adam', 'lr': 0.0003, 'lr_scheduler': {'type': 'step', 'step_size': 5, 'gamma': 0.5}, 'batch_size': 64, 'epochs': 50, 'max_time_steps': 256, 'grad_clip': 1.0, 'device': 'mps', 'early_stopping_patience': 5, 'early_stopping_min_delta': 0.005}
2026-01-07 12:38:06,896 - rf_experiment - INFO - Starting training loop...
2026-01-07 12:38:06,896 - rf_experiment - INFO - [epoch 1/50] training...
2026-01-07 12:38:52,865 - rf_experiment - INFO - Epoch 1 [50/231] loss=1.8015[epoch 1] lr=0.000300
2026-01-07 12:39:37,483 - rf_experiment - INFO - Epoch 1 [100/231] loss=1.8856[epoch 1] lr=0.000300
2026-01-07 12:40:22,372 - rf_experiment - INFO - Epoch 1 [150/231] loss=1.7819[epoch 1] lr=0.000300
2026-01-07 12:41:07,053 - rf_experiment - INFO - Epoch 1 [200/231] loss=1.9068[epoch 1] lr=0.000300
2026-01-07 12:41:34,662 - rf_experiment - INFO - [epoch 1] train_loss=2.1223, train_acc=0.2270
2026-01-07 12:41:42,500 - rf_experiment - INFO - [epoch 1] val_loss=1.7377, val_acc=0.2453
2026-01-07 12:41:42,501 - rf_experiment - INFO - [epoch 1] new best val_acc=0.2453
2026-01-07 12:41:42,501 - rf_experiment - INFO - [epoch 2/50] training...
2026-01-07 12:42:27,484 - rf_experiment - INFO - Epoch 2 [50/231] loss=1.7870[epoch 2] lr=0.000300
2026-01-07 12:43:11,963 - rf_experiment - INFO - Epoch 2 [100/231] loss=1.7531[epoch 2] lr=0.000300
2026-01-07 12:43:56,503 - rf_experiment - INFO - Epoch 2 [150/231] loss=1.7243[epoch 2] lr=0.000300
2026-01-07 12:44:41,466 - rf_experiment - INFO - Epoch 2 [200/231] loss=1.8105[epoch 2] lr=0.000300
2026-01-07 12:45:08,830 - rf_experiment - INFO - [epoch 2] train_loss=1.7838, train_acc=0.2441
2026-01-07 12:45:16,640 - rf_experiment - INFO - [epoch 2] val_loss=1.7281, val_acc=0.2604
2026-01-07 12:45:16,641 - rf_experiment - INFO - [epoch 2] new best val_acc=0.2604
2026-01-07 12:45:16,641 - rf_experiment - INFO - [epoch 3/50] training...
2026-01-07 12:46:01,422 - rf_experiment - INFO - Epoch 3 [50/231] loss=1.8319[epoch 3] lr=0.000300
2026-01-07 12:46:46,202 - rf_experiment - INFO - Epoch 3 [100/231] loss=1.7155[epoch 3] lr=0.000300
2026-01-07 12:47:30,611 - rf_experiment - INFO - Epoch 3 [150/231] loss=1.7930[epoch 3] lr=0.000300
2026-01-07 12:48:15,253 - rf_experiment - INFO - Epoch 3 [200/231] loss=1.7770[epoch 3] lr=0.000300
2026-01-07 12:48:42,654 - rf_experiment - INFO - [epoch 3] train_loss=1.7481, train_acc=0.2513
2026-01-07 12:48:50,674 - rf_experiment - INFO - [epoch 3] val_loss=1.7700, val_acc=0.2333
2026-01-07 12:48:50,674 - rf_experiment - INFO - [epoch 3] no improvement in val_acc (streak=1)
2026-01-07 12:48:50,674 - rf_experiment - INFO - [epoch 4/50] training...
2026-01-07 12:49:32,445 - rf_experiment - INFO - Epoch 4 [50/231] loss=1.6340[epoch 4] lr=0.000300
2026-01-07 12:50:13,746 - rf_experiment - INFO - Epoch 4 [100/231] loss=1.8110[epoch 4] lr=0.000300
2026-01-07 12:50:55,937 - rf_experiment - INFO - Epoch 4 [150/231] loss=1.5954[epoch 4] lr=0.000300
2026-01-07 12:51:41,037 - rf_experiment - INFO - Epoch 4 [200/231] loss=1.8102[epoch 4] lr=0.000300
2026-01-07 12:52:08,571 - rf_experiment - INFO - [epoch 4] train_loss=1.7403, train_acc=0.2519
2026-01-07 12:52:16,575 - rf_experiment - INFO - [epoch 4] val_loss=1.7014, val_acc=0.2615
2026-01-07 12:52:16,575 - rf_experiment - INFO - [epoch 4] no improvement in val_acc (streak=2)
2026-01-07 12:52:16,575 - rf_experiment - INFO - [epoch 5/50] training...
2026-01-07 12:53:01,113 - rf_experiment - INFO - Epoch 5 [50/231] loss=1.7887[epoch 5] lr=0.000300
2026-01-07 12:53:46,295 - rf_experiment - INFO - Epoch 5 [100/231] loss=1.7012[epoch 5] lr=0.000300
2026-01-07 12:54:31,478 - rf_experiment - INFO - Epoch 5 [150/231] loss=1.6530[epoch 5] lr=0.000300
2026-01-07 12:55:16,448 - rf_experiment - INFO - Epoch 5 [200/231] loss=1.7702[epoch 5] lr=0.000300
2026-01-07 12:55:43,763 - rf_experiment - INFO - [epoch 5] train_loss=1.7433, train_acc=0.2571
2026-01-07 12:55:51,713 - rf_experiment - INFO - [epoch 5] val_loss=1.7162, val_acc=0.2626
2026-01-07 12:55:51,713 - rf_experiment - INFO - [epoch 5] no improvement in val_acc (streak=3)
2026-01-07 12:55:51,713 - rf_experiment - INFO - [epoch 6/50] training...
2026-01-07 12:56:55,090 - rf_experiment - INFO - Epoch 6 [50/231] loss=1.6692[epoch 6] lr=0.000150
2026-01-07 12:57:41,655 - rf_experiment - INFO - Epoch 6 [100/231] loss=1.7745[epoch 6] lr=0.000150
2026-01-07 12:58:27,070 - rf_experiment - INFO - Epoch 6 [150/231] loss=1.6925[epoch 6] lr=0.000150
2026-01-07 12:59:12,293 - rf_experiment - INFO - Epoch 6 [200/231] loss=1.6688[epoch 6] lr=0.000150
2026-01-07 12:59:39,601 - rf_experiment - INFO - [epoch 6] train_loss=1.7072, train_acc=0.2605
2026-01-07 12:59:47,570 - rf_experiment - INFO - [epoch 6] val_loss=1.7156, val_acc=0.2501
2026-01-07 12:59:47,570 - rf_experiment - INFO - [epoch 6] no improvement in val_acc (streak=4)
2026-01-07 12:59:47,570 - rf_experiment - INFO - [epoch 7/50] training...
2026-01-07 13:00:33,410 - rf_experiment - INFO - Epoch 7 [50/231] loss=1.8590[epoch 7] lr=0.000150
2026-01-07 13:01:18,343 - rf_experiment - INFO - Epoch 7 [100/231] loss=1.6597[epoch 7] lr=0.000150
2026-01-07 13:02:02,871 - rf_experiment - INFO - Epoch 7 [150/231] loss=1.7896[epoch 7] lr=0.000150
2026-01-07 13:02:47,855 - rf_experiment - INFO - Epoch 7 [200/231] loss=1.7712[epoch 7] lr=0.000150
2026-01-07 13:03:15,586 - rf_experiment - INFO - [epoch 7] train_loss=1.7075, train_acc=0.2655
2026-01-07 13:03:23,543 - rf_experiment - INFO - [epoch 7] val_loss=1.7119, val_acc=0.2507
2026-01-07 13:03:23,544 - rf_experiment - INFO - [epoch 7] no improvement in val_acc (streak=5)
2026-01-07 13:03:23,544 - rf_experiment - INFO - [epoch 7] early stopping triggered (patience=5)
2026-01-07 13:03:23,560 - rf_experiment - INFO - Saved best model checkpoint to results/project_runs_1_2_conv2d_rate_bptt_20260107_123806/best_model.pt
2026-01-07 13:03:23,560 - rf_experiment - INFO - Evaluating on test set with best-val checkpoint...
2026-01-07 13:03:31,575 - rf_experiment - INFO - Saved predictions to results/project_runs_1_2_conv2d_rate_bptt_20260107_123806/test_predictions_test_final.npz
2026-01-07 13:03:39,588 - rf_experiment - INFO - Saved predictions to results/project_runs_1_2_conv2d_rate_bptt_20260107_123806/test_predictions_test_dropout_30.npz
2026-01-07 13:03:39,588 - rf_experiment - INFO - Test metrics with 30% time-step dropout: {'loss': 2.177752728575998, 'acc': 0.16973969631236444, 'latency_ms_per_sample': 3.1557812045102054, 'energy_j_per_sample': 0.47336718067653083, 'per_snr_acc': {0: 0.18446601941747573, 10: 0.18095238095238095, -20: 0.15737704918032788, -10: 0.14285714285714285, 20: 0.1875, 30: 0.16727272727272727}, 'per_snr_loss': {0: 2.132695680972442, 10: 2.021777554565952, -20: 2.5024722744695476, -10: 2.4641603429003487, 20: 1.9545036295036737, 30: 1.9437532329288396}}
2026-01-07 13:03:47,544 - rf_experiment - INFO - Saved predictions to results/project_runs_1_2_conv2d_rate_bptt_20260107_123806/test_predictions_test_shuffled_time.npz
2026-01-07 13:03:47,545 - rf_experiment - INFO - Test metrics with shuffled time dimension: {'loss': 1.7866726790488154, 'acc': 0.21203904555314534, 'latency_ms_per_sample': 3.211308839006669, 'energy_j_per_sample': 0.4816963258510003, 'per_snr_acc': {0: 0.21359223300970873, 10: 0.26031746031746034, -20: 0.09836065573770492, -10: 0.12202380952380952, 20: 0.3125, 30: 0.28}, 'per_snr_loss': {0: 1.763577581609337, 10: 1.6687752422832307, -20: 1.9858542641655343, -10: 1.9449686920713811, 20: 1.666585992237455, 30: 1.666100310195576}}
2026-01-07 13:03:47,940 - rf_experiment - INFO - Saved confusion matrix to results/project_runs_1_2_conv2d_rate_bptt_20260107_123806/confusion_matrix.png
2026-01-07 13:03:47,940 - rf_experiment - INFO - Saved metrics to results/project_runs_1_2_conv2d_rate_bptt_20260107_123806/metrics.json
2026-01-07 13:03:47,940 - rf_experiment - INFO - Finished experiment: project_runs_1_2_conv2d_rate_bptt
2026-01-07 13:03:47,940 - rf_experiment - INFO - Best val metrics: {'loss': 1.7281076324678153, 'acc': 0.26044492674986436, 'latency_ms_per_sample': 3.138390214829764, 'energy_j_per_sample': 0.47075853222446457, 'per_snr_acc': {20: 0.3431372549019608, 10: 0.3092105263157895, -20: 0.1761006289308176, 30: 0.3522012578616352, -10: 0.16083916083916083, 0: 0.21543408360128619}, 'per_snr_loss': {20: 1.589991405703663, 10: 1.6019959238995063, -20: 1.9350777097842977, 30: 1.5817175399769776, -10: 1.9317953382338677, 0: 1.7380188279979865}, 'epoch': 2}
2026-01-07 13:03:47,940 - rf_experiment - INFO - Test metrics: {'loss': 1.757640263522266, 'acc': 0.24078091106290672, 'latency_ms_per_sample': 3.229757092985044, 'energy_j_per_sample': 0.4844635639477566, 'per_snr_acc': {0: 0.22330097087378642, 10: 0.3238095238095238, -20: 0.1540983606557377, -10: 0.12797619047619047, 20: 0.33223684210526316, 30: 0.29818181818181816}, 'per_snr_loss': {0: 1.7404791095495995, 10: 1.637933067102281, -20: 1.9439624227461267, -10: 1.9386996687168168, 20: 1.6169669680101306, 30: 1.6416804682124744}}
2026-01-07 13:03:47,941 - rf_experiment - INFO - Finished experiment: project_runs_1_2_conv2d_rate_bptt
2026-01-07 13:03:47,941 - rf_experiment - INFO - Best val metrics: {'loss': 1.7281076324678153, 'acc': 0.26044492674986436, 'latency_ms_per_sample': 3.138390214829764, 'energy_j_per_sample': 0.47075853222446457, 'per_snr_acc': {20: 0.3431372549019608, 10: 0.3092105263157895, -20: 0.1761006289308176, 30: 0.3522012578616352, -10: 0.16083916083916083, 0: 0.21543408360128619}, 'per_snr_loss': {20: 1.589991405703663, 10: 1.6019959238995063, -20: 1.9350777097842977, 30: 1.5817175399769776, -10: 1.9317953382338677, 0: 1.7380188279979865}, 'epoch': 2}
2026-01-07 13:03:47,941 - rf_experiment - INFO - Test metrics: {'loss': 1.757640263522266, 'acc': 0.24078091106290672, 'latency_ms_per_sample': 3.229757092985044, 'energy_j_per_sample': 0.4844635639477566, 'per_snr_acc': {0: 0.22330097087378642, 10: 0.3238095238095238, -20: 0.1540983606557377, -10: 0.12797619047619047, 20: 0.33223684210526316, 30: 0.29818181818181816}, 'per_snr_loss': {0: 1.7404791095495995, 10: 1.637933067102281, -20: 1.9439624227461267, -10: 1.9386996687168168, 20: 1.6169669680101306, 30: 1.6416804682124744}}
