2025-12-04 13:04:18,735 - rf_experiment - INFO - Starting experiment: radioml2018_iqgrid_conv2d_dcll_small
2025-12-04 13:04:18,735 - rf_experiment - INFO - Run name: radioml2018_iqgrid_conv2d_dcll_small_20251204_130418
2025-12-04 13:04:18,735 - rf_experiment - INFO - Config file: configs/radioml2018_sigma_delta_conv2d_bptt_small_2.yaml
2025-12-04 13:04:18,735 - rf_experiment - INFO - Saved resolved config to: results/radioml2018_iqgrid_conv2d_dcll_small_20251204_130418/config.yaml
2025-12-04 13:04:18,735 - rf_experiment - INFO - Run directory: results/radioml2018_iqgrid_conv2d_dcll_small_20251204_130418
2025-12-04 13:04:18,735 - rf_experiment - INFO - Using device: cpu
2025-12-04 13:04:18,735 - rf_experiment - INFO - Torch version: 2.9.0
2025-12-04 13:04:18,735 - rf_experiment - INFO - Dataset config: {'path': 'data/GOLD_XYZ_OSC.0001_1024.hdf5', 'name': 'radioml2018_structured', 'frames_per_combo': 64, 'mods_to_use': None, 'snrs_to_use': [-4, 0, 4, 8, 12], 'train_frac': 0.8, 'val_frac': 0.1, 'test_frac': 0.1, 'shuffle': True, 'num_workers': 0}
2025-12-04 13:04:18,735 - rf_experiment - INFO - Encoding config: {'type': 'sigma_delta', 'params': {'grid_size': 16, 'subsample': 1}}
2025-12-04 13:04:18,736 - rf_experiment - INFO - Total logical dataset size: 7680 samples
2025-12-04 13:04:18,736 - rf_experiment - INFO - Num classes (from dataset): 24
2025-12-04 13:04:18,736 - rf_experiment - INFO - Splits: train=6144, val=768, test=768
2025-12-04 13:04:18,736 - rf_experiment - INFO - Dataloader: batch_size=16, num_workers=0
2025-12-04 13:04:18,736 - rf_experiment - INFO - Building model: {'type': 'conv2d_snn', 'params': {'input_channels': 1, 'conv_channels': [32, 64], 'kernel_sizes': [3, 3], 'grid_size': 16, 'lif_beta': 0.9, 'dropout': 0.1, 'pool': True, 'num_classes': 24}}
2025-12-04 13:04:18,737 - rf_experiment - INFO - Building model with num_classes=24
2025-12-04 13:04:18,737 - rf_experiment - INFO - Building trainer: {'trainer': 'bptt', 'loss': 'cross_entropy', 'optimizer': 'adam', 'lr': 0.001, 'batch_size': 16, 'epochs': 3, 'max_time_steps': 256, 'grad_clip': 1.0, 'device': 'cpu'}
2025-12-04 13:04:19,219 - rf_experiment - INFO - Starting training loop...
2025-12-04 13:04:19,219 - rf_experiment - INFO - [epoch 1/3] training...
2025-12-04 13:51:36,471 - rf_experiment - INFO - [epoch 1] train_loss=17.2413, train_acc=0.0532
2025-12-04 13:54:45,117 - rf_experiment - INFO - [epoch 1] val_loss=8.0056, val_acc=0.0638
2025-12-04 13:54:45,118 - rf_experiment - INFO - [epoch 2/3] training...
2025-12-04 14:50:21,940 - rf_experiment - INFO - [epoch 2] train_loss=5.3096, train_acc=0.1034
2025-12-04 14:55:09,455 - rf_experiment - INFO - [epoch 2] val_loss=3.8454, val_acc=0.1055
2025-12-04 14:55:09,457 - rf_experiment - INFO - [epoch 3/3] training...
2025-12-04 15:54:13,169 - rf_experiment - INFO - [epoch 3] train_loss=4.2620, train_acc=0.1330
2025-12-04 15:58:04,662 - rf_experiment - INFO - [epoch 3] val_loss=4.5288, val_acc=0.1237
2025-12-04 15:58:04,663 - rf_experiment - INFO - Evaluating on test set...
2025-12-04 16:01:06,796 - rf_experiment - INFO - Saved metrics to results/radioml2018_iqgrid_conv2d_dcll_small_20251204_130418/metrics.json
2025-12-04 16:01:06,797 - rf_experiment - INFO - Finished experiment: radioml2018_iqgrid_conv2d_dcll_small
2025-12-04 16:01:06,797 - rf_experiment - INFO - Best val metrics: {'loss': 4.528805981079738, 'acc': 0.12369791666666667, 'per_snr_acc': {0: 0.07100591715976332, 4: 0.09027777777777778, -4: 0.05660377358490566, 12: 0.21341463414634146, 8: 0.19696969696969696}}
2025-12-04 16:01:06,797 - rf_experiment - INFO - Test metrics: {'loss': 4.43876513838768, 'acc': 0.11979166666666667, 'per_snr_acc': {-4: 0.02564102564102564, 12: 0.16326530612244897, 0: 0.08333333333333333, 4: 0.13414634146341464, 8: 0.2}}
