2026-01-05 19:37:24,191 - rf_experiment - INFO - Starting experiment: project_runs_2_2_conv2d_iqgrid_bptt_lr_sched
2026-01-05 19:37:24,191 - rf_experiment - INFO - Run name: project_runs_2_2_conv2d_iqgrid_bptt_lr_sched_20260105_193724
2026-01-05 19:37:24,191 - rf_experiment - INFO - Config file: configs/project_runs_2_2_conv2d_iqgrid_bptt_lr.yaml
2026-01-05 19:37:24,191 - rf_experiment - INFO - Saved resolved config to: results/project_runs_2_2_conv2d_iqgrid_bptt_lr_sched_20260105_193724/config.yaml
2026-01-05 19:37:24,191 - rf_experiment - INFO - Run directory: results/project_runs_2_2_conv2d_iqgrid_bptt_lr_sched_20260105_193724
2026-01-05 19:37:24,201 - rf_experiment - INFO - Using device: mps
2026-01-05 19:37:24,201 - rf_experiment - INFO - Using device: mps
2026-01-05 19:37:24,201 - rf_experiment - INFO - Torch version: 2.9.0
2026-01-05 19:37:24,201 - rf_experiment - INFO - Dataset config: {'path': 'data/GOLD_XYZ_OSC.0001_1024.hdf5', 'name': 'radioml2018_structured', 'frames_per_combo': 1024, 'mods_to_use': [1, 2, 3, 4, 5, 6], 'snrs_to_use': [0, 10, 20, 30], 'train_frac': 0.8, 'val_frac': 0.1, 'test_frac': 0.1, 'shuffle': True, 'num_workers': 0}
2026-01-05 19:37:24,201 - rf_experiment - INFO - Encoding config: {'type': 'iq_grid', 'params': {'grid_size': 16, 'subsample': 4}}
2026-01-05 19:37:24,201 - rf_experiment - INFO - Total logical dataset size: 24576 samples
2026-01-05 19:37:24,201 - rf_experiment - INFO - Num classes (from dataset): 6
2026-01-05 19:37:24,201 - rf_experiment - INFO - Splits: train=19660, val=2457, test=2459
2026-01-05 19:37:24,202 - rf_experiment - INFO - Full dataset labels: {0: 4096, 1: 4096, 2: 4096, 3: 4096, 4: 4096, 5: 4096}
2026-01-05 19:37:24,202 - rf_experiment - INFO - Full dataset SNRs: {0: 6144, 10: 6144, 20: 6144, 30: 6144}
2026-01-05 19:37:24,202 - rf_experiment - INFO - Dataloader: batch_size=64, num_workers=0
2026-01-05 19:37:24,202 - rf_experiment - INFO - Building model: {'type': 'conv2d_snn', 'params': {'input_channels': 1, 'conv_channels': [64, 128], 'kernel_sizes': [3, 3], 'grid_size': 16, 'lif_beta': 0.9, 'dropout': 0.0, 'pool': True, 'num_classes': 6}}
2026-01-05 19:37:24,202 - rf_experiment - INFO - Building model with num_classes=6
2026-01-05 19:37:24,212 - rf_experiment - INFO - Building trainer: {'trainer': 'bptt', 'loss': 'cross_entropy', 'optimizer': 'adam', 'lr': 0.0003, 'lr_scheduler': {'type': 'cosine'}, 'weight_decay': '1e-4', 'batch_size': 64, 'epochs': 40, 'max_time_steps': 256, 'grad_clip': 1.0, 'device': 'mps'}
2026-01-05 19:37:24,494 - rf_experiment - INFO - Starting training loop...
2026-01-05 19:37:24,494 - rf_experiment - INFO - [epoch 1/40] training...
2026-01-05 19:37:57,447 - rf_experiment - INFO - Epoch 1 [50/308] loss=2.7967[epoch 1] lr=0.000300
2026-01-05 19:38:30,213 - rf_experiment - INFO - Epoch 1 [100/308] loss=1.4645[epoch 1] lr=0.000300
2026-01-05 19:39:02,938 - rf_experiment - INFO - Epoch 1 [150/308] loss=1.3179[epoch 1] lr=0.000300
2026-01-05 19:39:35,697 - rf_experiment - INFO - Epoch 1 [200/308] loss=1.5288[epoch 1] lr=0.000300
2026-01-05 19:40:08,437 - rf_experiment - INFO - Epoch 1 [250/308] loss=1.6582[epoch 1] lr=0.000300
2026-01-05 19:40:41,078 - rf_experiment - INFO - Epoch 1 [300/308] loss=1.5296[epoch 1] lr=0.000300
2026-01-05 19:40:46,222 - rf_experiment - INFO - [epoch 1] train_loss=2.0630, train_acc=0.3195
2026-01-05 19:40:53,140 - rf_experiment - INFO - [epoch 1] val_loss=1.7787, val_acc=0.3053
2026-01-05 19:40:53,141 - rf_experiment - INFO - [epoch 2/40] training...
2026-01-05 19:41:25,799 - rf_experiment - INFO - Epoch 2 [50/308] loss=1.2146[epoch 2] lr=0.000300
2026-01-05 19:41:58,477 - rf_experiment - INFO - Epoch 2 [100/308] loss=1.3005[epoch 2] lr=0.000300
2026-01-05 19:42:31,196 - rf_experiment - INFO - Epoch 2 [150/308] loss=1.0826[epoch 2] lr=0.000300
2026-01-05 19:43:03,968 - rf_experiment - INFO - Epoch 2 [200/308] loss=1.1868[epoch 2] lr=0.000300
2026-01-05 19:43:36,775 - rf_experiment - INFO - Epoch 2 [250/308] loss=1.2243[epoch 2] lr=0.000300
2026-01-05 19:44:09,630 - rf_experiment - INFO - Epoch 2 [300/308] loss=0.9867[epoch 2] lr=0.000300
2026-01-05 19:44:14,488 - rf_experiment - INFO - [epoch 2] train_loss=1.2583, train_acc=0.4343
2026-01-05 19:44:21,092 - rf_experiment - INFO - [epoch 2] val_loss=1.0653, val_acc=0.5389
2026-01-05 19:44:21,093 - rf_experiment - INFO - [epoch 3/40] training...
2026-01-05 19:44:53,895 - rf_experiment - INFO - Epoch 3 [50/308] loss=0.8706[epoch 3] lr=0.000298
2026-01-05 19:45:26,733 - rf_experiment - INFO - Epoch 3 [100/308] loss=0.9984[epoch 3] lr=0.000298
2026-01-05 19:45:59,603 - rf_experiment - INFO - Epoch 3 [150/308] loss=1.1703[epoch 3] lr=0.000298
2026-01-05 19:46:32,743 - rf_experiment - INFO - Epoch 3 [200/308] loss=1.0081[epoch 3] lr=0.000298
2026-01-05 19:47:05,633 - rf_experiment - INFO - Epoch 3 [250/308] loss=0.9826[epoch 3] lr=0.000298
2026-01-05 19:47:38,430 - rf_experiment - INFO - Epoch 3 [300/308] loss=0.9840[epoch 3] lr=0.000298
2026-01-05 19:47:43,329 - rf_experiment - INFO - [epoch 3] train_loss=1.0518, train_acc=0.5173
2026-01-05 19:47:50,278 - rf_experiment - INFO - [epoch 3] val_loss=1.0286, val_acc=0.4896
2026-01-05 19:47:50,279 - rf_experiment - INFO - [epoch 4/40] training...
2026-01-05 19:48:23,204 - rf_experiment - INFO - Epoch 4 [50/308] loss=0.9089[epoch 4] lr=0.000296
2026-01-05 19:48:55,917 - rf_experiment - INFO - Epoch 4 [100/308] loss=1.1114[epoch 4] lr=0.000296
2026-01-05 19:49:28,647 - rf_experiment - INFO - Epoch 4 [150/308] loss=0.7798[epoch 4] lr=0.000296
2026-01-05 19:50:01,087 - rf_experiment - INFO - Epoch 4 [200/308] loss=0.8341[epoch 4] lr=0.000296
2026-01-05 19:50:33,523 - rf_experiment - INFO - Epoch 4 [250/308] loss=0.9758[epoch 4] lr=0.000296
2026-01-05 19:51:06,039 - rf_experiment - INFO - Epoch 4 [300/308] loss=1.0492[epoch 4] lr=0.000296
2026-01-05 19:51:10,846 - rf_experiment - INFO - [epoch 4] train_loss=0.9517, train_acc=0.5582
2026-01-05 19:51:17,332 - rf_experiment - INFO - [epoch 4] val_loss=0.9827, val_acc=0.5629
2026-01-05 19:51:17,332 - rf_experiment - INFO - [epoch 5/40] training...
2026-01-05 19:51:49,813 - rf_experiment - INFO - Epoch 5 [50/308] loss=0.9116[epoch 5] lr=0.000293
2026-01-05 19:52:22,255 - rf_experiment - INFO - Epoch 5 [100/308] loss=1.0322[epoch 5] lr=0.000293
2026-01-05 19:52:54,942 - rf_experiment - INFO - Epoch 5 [150/308] loss=0.9201[epoch 5] lr=0.000293
2026-01-05 19:53:27,462 - rf_experiment - INFO - Epoch 5 [200/308] loss=0.7070[epoch 5] lr=0.000293
2026-01-05 19:53:59,931 - rf_experiment - INFO - Epoch 5 [250/308] loss=0.8383[epoch 5] lr=0.000293
2026-01-05 19:54:32,417 - rf_experiment - INFO - Epoch 5 [300/308] loss=1.2265[epoch 5] lr=0.000293
2026-01-05 19:54:37,217 - rf_experiment - INFO - [epoch 5] train_loss=0.8881, train_acc=0.5913
2026-01-05 19:54:43,598 - rf_experiment - INFO - [epoch 5] val_loss=0.8340, val_acc=0.6215
2026-01-05 19:54:43,599 - rf_experiment - INFO - [epoch 6/40] training...
2026-01-05 19:55:16,059 - rf_experiment - INFO - Epoch 6 [50/308] loss=0.8343[epoch 6] lr=0.000289
2026-01-05 19:55:48,598 - rf_experiment - INFO - Epoch 6 [100/308] loss=1.0407[epoch 6] lr=0.000289
2026-01-05 19:56:21,069 - rf_experiment - INFO - Epoch 6 [150/308] loss=0.9663[epoch 6] lr=0.000289
2026-01-05 19:56:53,721 - rf_experiment - INFO - Epoch 6 [200/308] loss=0.8557[epoch 6] lr=0.000289
2026-01-05 19:57:26,314 - rf_experiment - INFO - Epoch 6 [250/308] loss=1.0246[epoch 6] lr=0.000289
2026-01-05 19:57:58,901 - rf_experiment - INFO - Epoch 6 [300/308] loss=0.8622[epoch 6] lr=0.000289
2026-01-05 19:58:03,716 - rf_experiment - INFO - [epoch 6] train_loss=0.8527, train_acc=0.6018
2026-01-05 19:58:10,200 - rf_experiment - INFO - [epoch 6] val_loss=0.7691, val_acc=0.6475
2026-01-05 19:58:10,200 - rf_experiment - INFO - [epoch 7/40] training...
2026-01-05 19:58:42,659 - rf_experiment - INFO - Epoch 7 [50/308] loss=0.7976[epoch 7] lr=0.000284
2026-01-05 19:59:15,239 - rf_experiment - INFO - Epoch 7 [100/308] loss=0.8587[epoch 7] lr=0.000284
2026-01-05 19:59:47,643 - rf_experiment - INFO - Epoch 7 [150/308] loss=0.8487[epoch 7] lr=0.000284
2026-01-05 20:00:20,226 - rf_experiment - INFO - Epoch 7 [200/308] loss=0.8447[epoch 7] lr=0.000284
2026-01-05 20:00:52,702 - rf_experiment - INFO - Epoch 7 [250/308] loss=0.8236[epoch 7] lr=0.000284
2026-01-05 20:01:25,259 - rf_experiment - INFO - Epoch 7 [300/308] loss=0.7059[epoch 7] lr=0.000284
2026-01-05 20:01:30,023 - rf_experiment - INFO - [epoch 7] train_loss=0.8110, train_acc=0.6240
2026-01-05 20:01:36,515 - rf_experiment - INFO - [epoch 7] val_loss=0.8987, val_acc=0.5503
2026-01-05 20:01:36,515 - rf_experiment - INFO - [epoch 8/40] training...
2026-01-05 20:02:09,133 - rf_experiment - INFO - Epoch 8 [50/308] loss=0.8468[epoch 8] lr=0.000278
2026-01-05 20:02:41,687 - rf_experiment - INFO - Epoch 8 [100/308] loss=0.9948[epoch 8] lr=0.000278
2026-01-05 20:03:14,241 - rf_experiment - INFO - Epoch 8 [150/308] loss=0.7416[epoch 8] lr=0.000278
2026-01-05 20:03:46,870 - rf_experiment - INFO - Epoch 8 [200/308] loss=0.9291[epoch 8] lr=0.000278
2026-01-05 20:04:19,472 - rf_experiment - INFO - Epoch 8 [250/308] loss=0.8140[epoch 8] lr=0.000278
2026-01-05 20:04:51,928 - rf_experiment - INFO - Epoch 8 [300/308] loss=0.9158[epoch 8] lr=0.000278
2026-01-05 20:04:56,782 - rf_experiment - INFO - [epoch 8] train_loss=0.7928, train_acc=0.6287
2026-01-05 20:05:03,294 - rf_experiment - INFO - [epoch 8] val_loss=0.7762, val_acc=0.6459
2026-01-05 20:05:03,294 - rf_experiment - INFO - [epoch 9/40] training...
2026-01-05 20:05:35,719 - rf_experiment - INFO - Epoch 9 [50/308] loss=0.6410[epoch 9] lr=0.000271
2026-01-05 20:06:08,246 - rf_experiment - INFO - Epoch 9 [100/308] loss=0.8322[epoch 9] lr=0.000271
2026-01-05 20:06:40,782 - rf_experiment - INFO - Epoch 9 [150/308] loss=0.8036[epoch 9] lr=0.000271
2026-01-05 20:07:13,277 - rf_experiment - INFO - Epoch 9 [200/308] loss=0.9254[epoch 9] lr=0.000271
2026-01-05 20:07:45,709 - rf_experiment - INFO - Epoch 9 [250/308] loss=0.6923[epoch 9] lr=0.000271
2026-01-05 20:08:18,418 - rf_experiment - INFO - Epoch 9 [300/308] loss=0.7928[epoch 9] lr=0.000271
2026-01-05 20:08:23,247 - rf_experiment - INFO - [epoch 9] train_loss=0.7722, train_acc=0.6375
2026-01-05 20:08:29,808 - rf_experiment - INFO - [epoch 9] val_loss=0.9061, val_acc=0.6036
2026-01-05 20:08:29,808 - rf_experiment - INFO - [epoch 10/40] training...
2026-01-05 20:09:02,266 - rf_experiment - INFO - Epoch 10 [50/308] loss=0.7631[epoch 10] lr=0.000264
2026-01-05 20:09:34,733 - rf_experiment - INFO - Epoch 10 [100/308] loss=0.7710[epoch 10] lr=0.000264
2026-01-05 20:10:07,343 - rf_experiment - INFO - Epoch 10 [150/308] loss=0.8577[epoch 10] lr=0.000264
2026-01-05 20:10:39,820 - rf_experiment - INFO - Epoch 10 [200/308] loss=0.8090[epoch 10] lr=0.000264
2026-01-05 20:11:12,499 - rf_experiment - INFO - Epoch 10 [250/308] loss=0.8251[epoch 10] lr=0.000264
2026-01-05 20:11:45,005 - rf_experiment - INFO - Epoch 10 [300/308] loss=0.7647[epoch 10] lr=0.000264
2026-01-05 20:11:49,819 - rf_experiment - INFO - [epoch 10] train_loss=0.7720, train_acc=0.6363
2026-01-05 20:11:56,383 - rf_experiment - INFO - [epoch 10] val_loss=0.7493, val_acc=0.6683
2026-01-05 20:11:56,383 - rf_experiment - INFO - [epoch 11/40] training...
2026-01-05 20:12:28,925 - rf_experiment - INFO - Epoch 11 [50/308] loss=0.6554[epoch 11] lr=0.000256
2026-01-05 20:13:01,584 - rf_experiment - INFO - Epoch 11 [100/308] loss=0.8392[epoch 11] lr=0.000256
2026-01-05 20:13:34,280 - rf_experiment - INFO - Epoch 11 [150/308] loss=0.6821[epoch 11] lr=0.000256
2026-01-05 20:14:06,924 - rf_experiment - INFO - Epoch 11 [200/308] loss=0.9749[epoch 11] lr=0.000256
2026-01-05 20:14:39,580 - rf_experiment - INFO - Epoch 11 [250/308] loss=0.6630[epoch 11] lr=0.000256
2026-01-05 20:15:12,250 - rf_experiment - INFO - Epoch 11 [300/308] loss=0.7849[epoch 11] lr=0.000256
2026-01-05 20:15:17,085 - rf_experiment - INFO - [epoch 11] train_loss=0.7495, train_acc=0.6457
2026-01-05 20:15:23,553 - rf_experiment - INFO - [epoch 11] val_loss=0.6950, val_acc=0.6540
2026-01-05 20:15:23,553 - rf_experiment - INFO - [epoch 12/40] training...
2026-01-05 20:15:56,110 - rf_experiment - INFO - Epoch 12 [50/308] loss=0.7346[epoch 12] lr=0.000247
2026-01-05 20:16:28,756 - rf_experiment - INFO - Epoch 12 [100/308] loss=0.6471[epoch 12] lr=0.000247
2026-01-05 20:17:01,392 - rf_experiment - INFO - Epoch 12 [150/308] loss=0.7288[epoch 12] lr=0.000247
2026-01-05 20:17:33,992 - rf_experiment - INFO - Epoch 12 [200/308] loss=0.7950[epoch 12] lr=0.000247
2026-01-05 20:18:06,568 - rf_experiment - INFO - Epoch 12 [250/308] loss=0.6655[epoch 12] lr=0.000247
2026-01-05 20:18:39,144 - rf_experiment - INFO - Epoch 12 [300/308] loss=1.1271[epoch 12] lr=0.000247
2026-01-05 20:18:43,944 - rf_experiment - INFO - [epoch 12] train_loss=0.7296, train_acc=0.6503
2026-01-05 20:18:50,642 - rf_experiment - INFO - [epoch 12] val_loss=0.8397, val_acc=0.6081
2026-01-05 20:18:50,643 - rf_experiment - INFO - [epoch 13/40] training...
2026-01-05 20:19:23,214 - rf_experiment - INFO - Epoch 13 [50/308] loss=0.7982[epoch 13] lr=0.000238
2026-01-05 20:19:55,763 - rf_experiment - INFO - Epoch 13 [100/308] loss=0.7642[epoch 13] lr=0.000238
2026-01-05 20:20:28,343 - rf_experiment - INFO - Epoch 13 [150/308] loss=0.6254[epoch 13] lr=0.000238
2026-01-05 20:21:01,005 - rf_experiment - INFO - Epoch 13 [200/308] loss=0.5619[epoch 13] lr=0.000238
2026-01-05 20:21:33,679 - rf_experiment - INFO - Epoch 13 [250/308] loss=0.9248[epoch 13] lr=0.000238
2026-01-05 20:22:06,298 - rf_experiment - INFO - Epoch 13 [300/308] loss=0.6648[epoch 13] lr=0.000238
2026-01-05 20:22:11,082 - rf_experiment - INFO - [epoch 13] train_loss=0.7223, train_acc=0.6558
2026-01-05 20:22:17,703 - rf_experiment - INFO - [epoch 13] val_loss=0.6944, val_acc=0.6634
2026-01-05 20:22:17,703 - rf_experiment - INFO - [epoch 14/40] training...
2026-01-05 20:22:50,364 - rf_experiment - INFO - Epoch 14 [50/308] loss=0.7003[epoch 14] lr=0.000228
2026-01-05 20:23:23,028 - rf_experiment - INFO - Epoch 14 [100/308] loss=0.5508[epoch 14] lr=0.000228
2026-01-05 20:23:55,708 - rf_experiment - INFO - Epoch 14 [150/308] loss=0.7110[epoch 14] lr=0.000228
2026-01-05 20:24:28,441 - rf_experiment - INFO - Epoch 14 [200/308] loss=0.5640[epoch 14] lr=0.000228
2026-01-05 20:25:01,160 - rf_experiment - INFO - Epoch 14 [250/308] loss=0.8752[epoch 14] lr=0.000228
2026-01-05 20:25:47,807 - rf_experiment - INFO - Epoch 14 [300/308] loss=0.7027[epoch 14] lr=0.000228
2026-01-05 20:25:53,068 - rf_experiment - INFO - [epoch 14] train_loss=0.6922, train_acc=0.6717
2026-01-05 20:26:00,558 - rf_experiment - INFO - [epoch 14] val_loss=0.8127, val_acc=0.6011
2026-01-05 20:26:00,559 - rf_experiment - INFO - [epoch 15/40] training...
2026-01-05 20:26:33,821 - rf_experiment - INFO - Epoch 15 [50/308] loss=0.6364[epoch 15] lr=0.000218
2026-01-05 20:27:07,285 - rf_experiment - INFO - Epoch 15 [100/308] loss=0.6434[epoch 15] lr=0.000218
2026-01-05 20:27:40,332 - rf_experiment - INFO - Epoch 15 [150/308] loss=0.6581[epoch 15] lr=0.000218
2026-01-05 20:28:13,588 - rf_experiment - INFO - Epoch 15 [200/308] loss=0.5549[epoch 15] lr=0.000218
2026-01-05 20:28:46,656 - rf_experiment - INFO - Epoch 15 [250/308] loss=0.6184[epoch 15] lr=0.000218
2026-01-05 20:29:19,811 - rf_experiment - INFO - Epoch 15 [300/308] loss=0.5649[epoch 15] lr=0.000218
2026-01-05 20:29:24,751 - rf_experiment - INFO - [epoch 15] train_loss=0.6932, train_acc=0.6686
2026-01-05 20:29:31,703 - rf_experiment - INFO - [epoch 15] val_loss=0.7196, val_acc=0.6256
2026-01-05 20:29:31,703 - rf_experiment - INFO - [epoch 16/40] training...
2026-01-05 20:30:04,683 - rf_experiment - INFO - Epoch 16 [50/308] loss=0.5868[epoch 16] lr=0.000207
2026-01-05 20:30:37,791 - rf_experiment - INFO - Epoch 16 [100/308] loss=0.6629[epoch 16] lr=0.000207
2026-01-05 20:31:10,996 - rf_experiment - INFO - Epoch 16 [150/308] loss=0.5741[epoch 16] lr=0.000207
2026-01-05 20:31:44,189 - rf_experiment - INFO - Epoch 16 [200/308] loss=0.7869[epoch 16] lr=0.000207
2026-01-05 20:32:17,406 - rf_experiment - INFO - Epoch 16 [250/308] loss=0.8102[epoch 16] lr=0.000207
2026-01-05 20:32:50,607 - rf_experiment - INFO - Epoch 16 [300/308] loss=0.7222[epoch 16] lr=0.000207
2026-01-05 20:32:55,618 - rf_experiment - INFO - [epoch 16] train_loss=0.6890, train_acc=0.6718
2026-01-05 20:33:02,673 - rf_experiment - INFO - [epoch 16] val_loss=0.6462, val_acc=0.6972
2026-01-05 20:33:02,674 - rf_experiment - INFO - [epoch 17/40] training...
2026-01-05 20:33:35,676 - rf_experiment - INFO - Epoch 17 [50/308] loss=0.6194[epoch 17] lr=0.000196
2026-01-05 20:34:08,871 - rf_experiment - INFO - Epoch 17 [100/308] loss=0.5555[epoch 17] lr=0.000196
2026-01-05 20:34:42,166 - rf_experiment - INFO - Epoch 17 [150/308] loss=0.6052[epoch 17] lr=0.000196
2026-01-05 20:35:15,376 - rf_experiment - INFO - Epoch 17 [200/308] loss=0.6887[epoch 17] lr=0.000196
2026-01-05 20:35:48,613 - rf_experiment - INFO - Epoch 17 [250/308] loss=0.5650[epoch 17] lr=0.000196
2026-01-05 20:36:21,919 - rf_experiment - INFO - Epoch 17 [300/308] loss=0.7002[epoch 17] lr=0.000196
2026-01-05 20:36:26,887 - rf_experiment - INFO - [epoch 17] train_loss=0.6885, train_acc=0.6732
2026-01-05 20:36:33,624 - rf_experiment - INFO - [epoch 17] val_loss=0.7091, val_acc=0.6752
2026-01-05 20:36:33,625 - rf_experiment - INFO - [epoch 18/40] training...
2026-01-05 20:37:07,046 - rf_experiment - INFO - Epoch 18 [50/308] loss=0.5617[epoch 18] lr=0.000185
2026-01-05 20:37:40,955 - rf_experiment - INFO - Epoch 18 [100/308] loss=0.6864[epoch 18] lr=0.000185
2026-01-05 20:38:14,787 - rf_experiment - INFO - Epoch 18 [150/308] loss=0.6191[epoch 18] lr=0.000185
2026-01-05 20:38:48,348 - rf_experiment - INFO - Epoch 18 [200/308] loss=0.6072[epoch 18] lr=0.000185
2026-01-05 20:39:21,826 - rf_experiment - INFO - Epoch 18 [250/308] loss=0.5391[epoch 18] lr=0.000185
2026-01-05 20:39:55,371 - rf_experiment - INFO - Epoch 18 [300/308] loss=0.6904[epoch 18] lr=0.000185
2026-01-05 20:40:00,394 - rf_experiment - INFO - [epoch 18] train_loss=0.6741, train_acc=0.6798
2026-01-05 20:40:07,261 - rf_experiment - INFO - [epoch 18] val_loss=0.7220, val_acc=0.6341
2026-01-05 20:40:07,261 - rf_experiment - INFO - [epoch 19/40] training...
2026-01-05 20:40:40,631 - rf_experiment - INFO - Epoch 19 [50/308] loss=0.7267[epoch 19] lr=0.000173
2026-01-05 20:41:14,086 - rf_experiment - INFO - Epoch 19 [100/308] loss=0.6177[epoch 19] lr=0.000173
2026-01-05 20:41:47,698 - rf_experiment - INFO - Epoch 19 [150/308] loss=0.6878[epoch 19] lr=0.000173
2026-01-05 20:42:21,168 - rf_experiment - INFO - Epoch 19 [200/308] loss=0.6827[epoch 19] lr=0.000173
2026-01-05 20:42:54,530 - rf_experiment - INFO - Epoch 19 [250/308] loss=0.9508[epoch 19] lr=0.000173
2026-01-05 20:43:27,959 - rf_experiment - INFO - Epoch 19 [300/308] loss=0.7931[epoch 19] lr=0.000173
2026-01-05 20:43:32,890 - rf_experiment - INFO - [epoch 19] train_loss=0.6924, train_acc=0.6684
2026-01-05 20:43:39,821 - rf_experiment - INFO - [epoch 19] val_loss=0.6777, val_acc=0.6622
2026-01-05 20:43:39,821 - rf_experiment - INFO - [epoch 20/40] training...
2026-01-05 20:44:12,982 - rf_experiment - INFO - Epoch 20 [50/308] loss=0.5193[epoch 20] lr=0.000162
2026-01-05 20:44:45,969 - rf_experiment - INFO - Epoch 20 [100/308] loss=0.7568[epoch 20] lr=0.000162
2026-01-05 20:45:18,906 - rf_experiment - INFO - Epoch 20 [150/308] loss=0.6935[epoch 20] lr=0.000162
2026-01-05 20:45:51,767 - rf_experiment - INFO - Epoch 20 [200/308] loss=0.6348[epoch 20] lr=0.000162
2026-01-05 20:46:24,606 - rf_experiment - INFO - Epoch 20 [250/308] loss=0.6575[epoch 20] lr=0.000162
2026-01-05 20:46:57,589 - rf_experiment - INFO - Epoch 20 [300/308] loss=0.6239[epoch 20] lr=0.000162
2026-01-05 20:47:02,461 - rf_experiment - INFO - [epoch 20] train_loss=0.6717, train_acc=0.6785
2026-01-05 20:47:09,253 - rf_experiment - INFO - [epoch 20] val_loss=0.6370, val_acc=0.7184
2026-01-05 20:47:09,253 - rf_experiment - INFO - [epoch 21/40] training...
2026-01-05 20:47:42,136 - rf_experiment - INFO - Epoch 21 [50/308] loss=0.7262[epoch 21] lr=0.000150
2026-01-05 20:48:15,065 - rf_experiment - INFO - Epoch 21 [100/308] loss=0.7044[epoch 21] lr=0.000150
2026-01-05 20:48:47,909 - rf_experiment - INFO - Epoch 21 [150/308] loss=0.6731[epoch 21] lr=0.000150
2026-01-05 20:49:20,801 - rf_experiment - INFO - Epoch 21 [200/308] loss=0.6701[epoch 21] lr=0.000150
2026-01-05 20:49:53,687 - rf_experiment - INFO - Epoch 21 [250/308] loss=0.7298[epoch 21] lr=0.000150
2026-01-05 20:50:26,636 - rf_experiment - INFO - Epoch 21 [300/308] loss=0.6771[epoch 21] lr=0.000150
2026-01-05 20:50:31,510 - rf_experiment - INFO - [epoch 21] train_loss=0.6601, train_acc=0.6855
2026-01-05 20:50:38,250 - rf_experiment - INFO - [epoch 21] val_loss=0.7276, val_acc=0.6797
2026-01-05 20:50:38,250 - rf_experiment - INFO - [epoch 22/40] training...
2026-01-05 20:51:10,994 - rf_experiment - INFO - Epoch 22 [50/308] loss=0.5803[epoch 22] lr=0.000138
2026-01-05 20:51:43,882 - rf_experiment - INFO - Epoch 22 [100/308] loss=0.6347[epoch 22] lr=0.000138
2026-01-05 20:52:16,897 - rf_experiment - INFO - Epoch 22 [150/308] loss=0.5856[epoch 22] lr=0.000138
2026-01-05 20:52:49,911 - rf_experiment - INFO - Epoch 22 [200/308] loss=0.6140[epoch 22] lr=0.000138
2026-01-05 20:53:22,944 - rf_experiment - INFO - Epoch 22 [250/308] loss=0.6531[epoch 22] lr=0.000138
2026-01-05 20:53:55,990 - rf_experiment - INFO - Epoch 22 [300/308] loss=0.7466[epoch 22] lr=0.000138
2026-01-05 20:54:00,991 - rf_experiment - INFO - [epoch 22] train_loss=0.6582, train_acc=0.6864
2026-01-05 20:54:07,929 - rf_experiment - INFO - [epoch 22] val_loss=0.6761, val_acc=0.6821
2026-01-05 20:54:07,930 - rf_experiment - INFO - [epoch 23/40] training...
2026-01-05 20:54:40,815 - rf_experiment - INFO - Epoch 23 [50/308] loss=0.6184[epoch 23] lr=0.000127
2026-01-05 20:55:13,665 - rf_experiment - INFO - Epoch 23 [100/308] loss=0.6945[epoch 23] lr=0.000127
2026-01-05 20:55:46,426 - rf_experiment - INFO - Epoch 23 [150/308] loss=0.7817[epoch 23] lr=0.000127
2026-01-05 20:56:19,172 - rf_experiment - INFO - Epoch 23 [200/308] loss=0.6568[epoch 23] lr=0.000127
2026-01-05 20:56:51,945 - rf_experiment - INFO - Epoch 23 [250/308] loss=0.6661[epoch 23] lr=0.000127
2026-01-05 20:57:24,512 - rf_experiment - INFO - Epoch 23 [300/308] loss=0.5445[epoch 23] lr=0.000127
2026-01-05 20:57:29,358 - rf_experiment - INFO - [epoch 23] train_loss=0.6581, train_acc=0.6852
2026-01-05 20:57:35,848 - rf_experiment - INFO - [epoch 23] val_loss=0.6780, val_acc=0.6834
2026-01-05 20:57:35,848 - rf_experiment - INFO - [epoch 24/40] training...
2026-01-05 20:58:08,500 - rf_experiment - INFO - Epoch 24 [50/308] loss=0.6399[epoch 24] lr=0.000115
2026-01-05 20:58:41,045 - rf_experiment - INFO - Epoch 24 [100/308] loss=0.6875[epoch 24] lr=0.000115
2026-01-05 20:59:13,629 - rf_experiment - INFO - Epoch 24 [150/308] loss=0.7513[epoch 24] lr=0.000115
2026-01-05 20:59:46,144 - rf_experiment - INFO - Epoch 24 [200/308] loss=0.7332[epoch 24] lr=0.000115
2026-01-05 21:00:18,715 - rf_experiment - INFO - Epoch 24 [250/308] loss=0.6949[epoch 24] lr=0.000115
2026-01-05 21:00:51,344 - rf_experiment - INFO - Epoch 24 [300/308] loss=0.6073[epoch 24] lr=0.000115
2026-01-05 21:00:56,181 - rf_experiment - INFO - [epoch 24] train_loss=0.6483, train_acc=0.6948
2026-01-05 21:01:02,729 - rf_experiment - INFO - [epoch 24] val_loss=0.7282, val_acc=0.6504
2026-01-05 21:01:02,729 - rf_experiment - INFO - [epoch 25/40] training...
2026-01-05 21:01:35,353 - rf_experiment - INFO - Epoch 25 [50/308] loss=0.7225[epoch 25] lr=0.000104
2026-01-05 21:02:08,001 - rf_experiment - INFO - Epoch 25 [100/308] loss=0.5295[epoch 25] lr=0.000104
2026-01-05 21:02:40,637 - rf_experiment - INFO - Epoch 25 [150/308] loss=0.4975[epoch 25] lr=0.000104
2026-01-05 21:03:13,245 - rf_experiment - INFO - Epoch 25 [200/308] loss=0.6749[epoch 25] lr=0.000104
2026-01-05 21:03:46,024 - rf_experiment - INFO - Epoch 25 [250/308] loss=0.7357[epoch 25] lr=0.000104
2026-01-05 21:04:18,593 - rf_experiment - INFO - Epoch 25 [300/308] loss=0.5639[epoch 25] lr=0.000104
2026-01-05 21:04:23,431 - rf_experiment - INFO - [epoch 25] train_loss=0.6467, train_acc=0.6919
2026-01-05 21:04:30,019 - rf_experiment - INFO - [epoch 25] val_loss=0.6214, val_acc=0.7094
2026-01-05 21:04:30,019 - rf_experiment - INFO - [epoch 26/40] training...
2026-01-05 21:05:02,875 - rf_experiment - INFO - Epoch 26 [50/308] loss=0.6080[epoch 26] lr=0.000093
2026-01-05 21:05:35,377 - rf_experiment - INFO - Epoch 26 [100/308] loss=0.6756[epoch 26] lr=0.000093
2026-01-05 21:06:08,141 - rf_experiment - INFO - Epoch 26 [150/308] loss=0.5927[epoch 26] lr=0.000093
2026-01-05 21:06:40,848 - rf_experiment - INFO - Epoch 26 [200/308] loss=0.5979[epoch 26] lr=0.000093
2026-01-05 21:07:13,611 - rf_experiment - INFO - Epoch 26 [250/308] loss=0.5940[epoch 26] lr=0.000093
2026-01-05 21:07:46,298 - rf_experiment - INFO - Epoch 26 [300/308] loss=0.6963[epoch 26] lr=0.000093
2026-01-05 21:07:51,216 - rf_experiment - INFO - [epoch 26] train_loss=0.6463, train_acc=0.6900
2026-01-05 21:07:57,932 - rf_experiment - INFO - [epoch 26] val_loss=0.6424, val_acc=0.7013
2026-01-05 21:07:57,932 - rf_experiment - INFO - [epoch 27/40] training...
2026-01-05 21:08:30,779 - rf_experiment - INFO - Epoch 27 [50/308] loss=0.6142[epoch 27] lr=0.000082
2026-01-05 21:09:03,654 - rf_experiment - INFO - Epoch 27 [100/308] loss=0.8395[epoch 27] lr=0.000082
2026-01-05 21:09:36,341 - rf_experiment - INFO - Epoch 27 [150/308] loss=0.5745[epoch 27] lr=0.000082
2026-01-05 21:10:09,068 - rf_experiment - INFO - Epoch 27 [200/308] loss=0.6580[epoch 27] lr=0.000082
2026-01-05 21:10:41,803 - rf_experiment - INFO - Epoch 27 [250/308] loss=0.6117[epoch 27] lr=0.000082
2026-01-05 21:11:14,551 - rf_experiment - INFO - Epoch 27 [300/308] loss=0.6608[epoch 27] lr=0.000082
2026-01-05 21:11:19,378 - rf_experiment - INFO - [epoch 27] train_loss=0.6403, train_acc=0.6968
2026-01-05 21:11:25,949 - rf_experiment - INFO - [epoch 27] val_loss=0.6442, val_acc=0.7045
2026-01-05 21:11:25,949 - rf_experiment - INFO - [epoch 28/40] training...
2026-01-05 21:11:58,538 - rf_experiment - INFO - Epoch 28 [50/308] loss=0.5182[epoch 28] lr=0.000072
2026-01-05 21:12:31,200 - rf_experiment - INFO - Epoch 28 [100/308] loss=0.5685[epoch 28] lr=0.000072
2026-01-05 21:13:04,027 - rf_experiment - INFO - Epoch 28 [150/308] loss=0.6501[epoch 28] lr=0.000072
2026-01-05 21:13:36,766 - rf_experiment - INFO - Epoch 28 [200/308] loss=0.5273[epoch 28] lr=0.000072
2026-01-05 21:14:09,479 - rf_experiment - INFO - Epoch 28 [250/308] loss=0.6524[epoch 28] lr=0.000072
2026-01-05 21:14:42,212 - rf_experiment - INFO - Epoch 28 [300/308] loss=0.5990[epoch 28] lr=0.000072
2026-01-05 21:14:47,054 - rf_experiment - INFO - [epoch 28] train_loss=0.6428, train_acc=0.6927
2026-01-05 21:14:53,841 - rf_experiment - INFO - [epoch 28] val_loss=0.6389, val_acc=0.6968
2026-01-05 21:14:53,841 - rf_experiment - INFO - [epoch 29/40] training...
2026-01-05 21:15:26,645 - rf_experiment - INFO - Epoch 29 [50/308] loss=0.5276[epoch 29] lr=0.000062
2026-01-05 21:15:59,428 - rf_experiment - INFO - Epoch 29 [100/308] loss=0.6541[epoch 29] lr=0.000062
2026-01-05 21:16:32,310 - rf_experiment - INFO - Epoch 29 [150/308] loss=0.5473[epoch 29] lr=0.000062
2026-01-05 21:17:05,101 - rf_experiment - INFO - Epoch 29 [200/308] loss=0.6475[epoch 29] lr=0.000062
2026-01-05 21:17:37,940 - rf_experiment - INFO - Epoch 29 [250/308] loss=0.7385[epoch 29] lr=0.000062
2026-01-05 21:18:10,879 - rf_experiment - INFO - Epoch 29 [300/308] loss=0.5047[epoch 29] lr=0.000062
2026-01-05 21:18:15,751 - rf_experiment - INFO - [epoch 29] train_loss=0.6438, train_acc=0.6935
2026-01-05 21:18:22,319 - rf_experiment - INFO - [epoch 29] val_loss=0.6360, val_acc=0.7123
2026-01-05 21:18:22,320 - rf_experiment - INFO - [epoch 30/40] training...
2026-01-05 21:18:55,128 - rf_experiment - INFO - Epoch 30 [50/308] loss=0.6739[epoch 30] lr=0.000053
2026-01-05 21:19:27,926 - rf_experiment - INFO - Epoch 30 [100/308] loss=0.7909[epoch 30] lr=0.000053
2026-01-05 21:20:00,722 - rf_experiment - INFO - Epoch 30 [150/308] loss=0.5814[epoch 30] lr=0.000053
2026-01-05 21:20:33,512 - rf_experiment - INFO - Epoch 30 [200/308] loss=0.6185[epoch 30] lr=0.000053
2026-01-05 21:21:06,201 - rf_experiment - INFO - Epoch 30 [250/308] loss=0.6786[epoch 30] lr=0.000053
2026-01-05 21:21:38,823 - rf_experiment - INFO - Epoch 30 [300/308] loss=0.6483[epoch 30] lr=0.000053
2026-01-05 21:21:43,661 - rf_experiment - INFO - [epoch 30] train_loss=0.6433, train_acc=0.6950
2026-01-05 21:21:50,589 - rf_experiment - INFO - [epoch 30] val_loss=0.6579, val_acc=0.7025
2026-01-05 21:21:50,589 - rf_experiment - INFO - [epoch 31/40] training...
2026-01-05 21:22:23,362 - rf_experiment - INFO - Epoch 31 [50/308] loss=0.6312[epoch 31] lr=0.000044
2026-01-05 21:22:56,178 - rf_experiment - INFO - Epoch 31 [100/308] loss=0.5280[epoch 31] lr=0.000044
2026-01-05 21:23:29,011 - rf_experiment - INFO - Epoch 31 [150/308] loss=0.6034[epoch 31] lr=0.000044
2026-01-05 21:24:01,857 - rf_experiment - INFO - Epoch 31 [200/308] loss=0.6598[epoch 31] lr=0.000044
2026-01-05 21:24:34,692 - rf_experiment - INFO - Epoch 31 [250/308] loss=0.8017[epoch 31] lr=0.000044
2026-01-05 21:25:07,460 - rf_experiment - INFO - Epoch 31 [300/308] loss=0.6770[epoch 31] lr=0.000044
2026-01-05 21:25:12,281 - rf_experiment - INFO - [epoch 31] train_loss=0.6432, train_acc=0.6929
2026-01-05 21:25:18,890 - rf_experiment - INFO - [epoch 31] val_loss=0.6504, val_acc=0.6862
2026-01-05 21:25:18,890 - rf_experiment - INFO - [epoch 32/40] training...
2026-01-05 21:25:51,640 - rf_experiment - INFO - Epoch 32 [50/308] loss=0.6427[epoch 32] lr=0.000036
2026-01-05 21:26:24,429 - rf_experiment - INFO - Epoch 32 [100/308] loss=0.6858[epoch 32] lr=0.000036
2026-01-05 21:26:57,166 - rf_experiment - INFO - Epoch 32 [150/308] loss=0.6381[epoch 32] lr=0.000036
2026-01-05 21:27:29,888 - rf_experiment - INFO - Epoch 32 [200/308] loss=0.6069[epoch 32] lr=0.000036
2026-01-05 21:28:02,522 - rf_experiment - INFO - Epoch 32 [250/308] loss=0.5144[epoch 32] lr=0.000036
2026-01-05 21:28:35,334 - rf_experiment - INFO - Epoch 32 [300/308] loss=0.7510[epoch 32] lr=0.000036
2026-01-05 21:28:40,173 - rf_experiment - INFO - [epoch 32] train_loss=0.6410, train_acc=0.6965
2026-01-05 21:28:46,747 - rf_experiment - INFO - [epoch 32] val_loss=0.6860, val_acc=0.6667
2026-01-05 21:28:46,747 - rf_experiment - INFO - [epoch 33/40] training...
2026-01-05 21:29:19,494 - rf_experiment - INFO - Epoch 33 [50/308] loss=0.5926[epoch 33] lr=0.000029
2026-01-05 21:29:52,186 - rf_experiment - INFO - Epoch 33 [100/308] loss=0.6511[epoch 33] lr=0.000029
2026-01-05 21:30:24,893 - rf_experiment - INFO - Epoch 33 [150/308] loss=0.5483[epoch 33] lr=0.000029
2026-01-05 21:30:57,571 - rf_experiment - INFO - Epoch 33 [200/308] loss=0.5436[epoch 33] lr=0.000029
2026-01-05 21:31:30,341 - rf_experiment - INFO - Epoch 33 [250/308] loss=0.6195[epoch 33] lr=0.000029
2026-01-05 21:32:03,021 - rf_experiment - INFO - Epoch 33 [300/308] loss=0.6628[epoch 33] lr=0.000029
2026-01-05 21:32:07,882 - rf_experiment - INFO - [epoch 33] train_loss=0.6434, train_acc=0.6944
2026-01-05 21:32:14,418 - rf_experiment - INFO - [epoch 33] val_loss=0.6342, val_acc=0.7045
2026-01-05 21:32:14,418 - rf_experiment - INFO - [epoch 34/40] training...
2026-01-05 21:32:47,156 - rf_experiment - INFO - Epoch 34 [50/308] loss=0.6456[epoch 34] lr=0.000022
2026-01-05 21:33:19,831 - rf_experiment - INFO - Epoch 34 [100/308] loss=0.6769[epoch 34] lr=0.000022
2026-01-05 21:33:52,534 - rf_experiment - INFO - Epoch 34 [150/308] loss=0.6867[epoch 34] lr=0.000022
2026-01-05 21:34:25,307 - rf_experiment - INFO - Epoch 34 [200/308] loss=0.5351[epoch 34] lr=0.000022
2026-01-05 21:34:58,102 - rf_experiment - INFO - Epoch 34 [250/308] loss=0.6241[epoch 34] lr=0.000022
2026-01-05 21:35:30,841 - rf_experiment - INFO - Epoch 34 [300/308] loss=0.6856[epoch 34] lr=0.000022
2026-01-05 21:35:35,703 - rf_experiment - INFO - [epoch 34] train_loss=0.6421, train_acc=0.6968
2026-01-05 21:35:42,220 - rf_experiment - INFO - [epoch 34] val_loss=0.6412, val_acc=0.7013
2026-01-05 21:35:42,220 - rf_experiment - INFO - [epoch 35/40] training...
2026-01-05 21:36:14,958 - rf_experiment - INFO - Epoch 35 [50/308] loss=0.6365[epoch 35] lr=0.000016
2026-01-05 21:36:47,839 - rf_experiment - INFO - Epoch 35 [100/308] loss=0.6353[epoch 35] lr=0.000016
2026-01-05 21:37:20,688 - rf_experiment - INFO - Epoch 35 [150/308] loss=0.6259[epoch 35] lr=0.000016
2026-01-05 21:37:53,410 - rf_experiment - INFO - Epoch 35 [200/308] loss=0.6183[epoch 35] lr=0.000016
2026-01-05 21:38:26,218 - rf_experiment - INFO - Epoch 35 [250/308] loss=0.5918[epoch 35] lr=0.000016
2026-01-05 21:38:58,968 - rf_experiment - INFO - Epoch 35 [300/308] loss=0.6531[epoch 35] lr=0.000016
2026-01-05 21:39:03,823 - rf_experiment - INFO - [epoch 35] train_loss=0.6365, train_acc=0.7007
2026-01-05 21:39:10,418 - rf_experiment - INFO - [epoch 35] val_loss=0.6601, val_acc=0.6935
2026-01-05 21:39:10,418 - rf_experiment - INFO - [epoch 36/40] training...
2026-01-05 21:39:43,247 - rf_experiment - INFO - Epoch 36 [50/308] loss=0.5797[epoch 36] lr=0.000011
2026-01-05 21:40:16,082 - rf_experiment - INFO - Epoch 36 [100/308] loss=0.6276[epoch 36] lr=0.000011
2026-01-05 21:40:48,828 - rf_experiment - INFO - Epoch 36 [150/308] loss=0.6485[epoch 36] lr=0.000011
2026-01-05 21:41:21,623 - rf_experiment - INFO - Epoch 36 [200/308] loss=0.6978[epoch 36] lr=0.000011
2026-01-05 21:41:54,399 - rf_experiment - INFO - Epoch 36 [250/308] loss=0.6611[epoch 36] lr=0.000011
2026-01-05 21:42:27,161 - rf_experiment - INFO - Epoch 36 [300/308] loss=0.6884[epoch 36] lr=0.000011
2026-01-05 21:42:31,991 - rf_experiment - INFO - [epoch 36] train_loss=0.6385, train_acc=0.6979
2026-01-05 21:42:38,618 - rf_experiment - INFO - [epoch 36] val_loss=0.6350, val_acc=0.7106
2026-01-05 21:42:38,618 - rf_experiment - INFO - [epoch 37/40] training...
2026-01-05 21:43:11,345 - rf_experiment - INFO - Epoch 37 [50/308] loss=0.5209[epoch 37] lr=0.000007
2026-01-05 21:43:44,142 - rf_experiment - INFO - Epoch 37 [100/308] loss=0.6486[epoch 37] lr=0.000007
2026-01-05 21:44:16,940 - rf_experiment - INFO - Epoch 37 [150/308] loss=0.7019[epoch 37] lr=0.000007
2026-01-05 21:44:49,749 - rf_experiment - INFO - Epoch 37 [200/308] loss=0.6593[epoch 37] lr=0.000007
2026-01-05 21:45:22,470 - rf_experiment - INFO - Epoch 37 [250/308] loss=0.7323[epoch 37] lr=0.000007
2026-01-05 21:46:08,450 - rf_experiment - INFO - Epoch 37 [300/308] loss=0.7169[epoch 37] lr=0.000007
2026-01-05 21:46:13,370 - rf_experiment - INFO - [epoch 37] train_loss=0.6332, train_acc=0.7021
2026-01-05 21:46:20,812 - rf_experiment - INFO - [epoch 37] val_loss=0.6389, val_acc=0.7143
2026-01-05 21:46:20,814 - rf_experiment - INFO - [epoch 38/40] training...
2026-01-05 21:46:53,985 - rf_experiment - INFO - Epoch 38 [50/308] loss=0.6598[epoch 38] lr=0.000004
2026-01-05 21:47:26,935 - rf_experiment - INFO - Epoch 38 [100/308] loss=0.7811[epoch 38] lr=0.000004
2026-01-05 21:47:59,991 - rf_experiment - INFO - Epoch 38 [150/308] loss=0.6556[epoch 38] lr=0.000004
2026-01-05 21:48:32,781 - rf_experiment - INFO - Epoch 38 [200/308] loss=0.5380[epoch 38] lr=0.000004
2026-01-05 21:49:06,190 - rf_experiment - INFO - Epoch 38 [250/308] loss=0.6191[epoch 38] lr=0.000004
2026-01-05 21:49:39,225 - rf_experiment - INFO - Epoch 38 [300/308] loss=0.5962[epoch 38] lr=0.000004
2026-01-05 21:49:44,114 - rf_experiment - INFO - [epoch 38] train_loss=0.6323, train_acc=0.7033
2026-01-05 21:49:51,145 - rf_experiment - INFO - [epoch 38] val_loss=0.6347, val_acc=0.7155
2026-01-05 21:49:51,146 - rf_experiment - INFO - [epoch 39/40] training...
2026-01-05 21:50:24,219 - rf_experiment - INFO - Epoch 39 [50/308] loss=0.6233[epoch 39] lr=0.000002
2026-01-05 21:50:57,217 - rf_experiment - INFO - Epoch 39 [100/308] loss=0.5694[epoch 39] lr=0.000002
2026-01-05 21:51:30,175 - rf_experiment - INFO - Epoch 39 [150/308] loss=0.5779[epoch 39] lr=0.000002
2026-01-05 21:52:03,278 - rf_experiment - INFO - Epoch 39 [200/308] loss=0.6383[epoch 39] lr=0.000002
2026-01-05 21:52:37,416 - rf_experiment - INFO - Epoch 39 [250/308] loss=0.5640[epoch 39] lr=0.000002
2026-01-05 21:53:10,525 - rf_experiment - INFO - Epoch 39 [300/308] loss=0.6934[epoch 39] lr=0.000002
2026-01-05 21:53:15,401 - rf_experiment - INFO - [epoch 39] train_loss=0.6317, train_acc=0.7030
2026-01-05 21:53:22,584 - rf_experiment - INFO - [epoch 39] val_loss=0.6327, val_acc=0.7224
2026-01-05 21:53:22,585 - rf_experiment - INFO - [epoch 40/40] training...
2026-01-05 21:53:55,777 - rf_experiment - INFO - Epoch 40 [50/308] loss=0.6056[epoch 40] lr=0.000000
2026-01-05 21:54:28,704 - rf_experiment - INFO - Epoch 40 [100/308] loss=0.6113[epoch 40] lr=0.000000
2026-01-05 21:55:01,848 - rf_experiment - INFO - Epoch 40 [150/308] loss=0.6529[epoch 40] lr=0.000000
2026-01-05 21:55:34,867 - rf_experiment - INFO - Epoch 40 [200/308] loss=0.6412[epoch 40] lr=0.000000
2026-01-05 21:56:07,813 - rf_experiment - INFO - Epoch 40 [250/308] loss=0.4983[epoch 40] lr=0.000000
2026-01-05 21:56:40,673 - rf_experiment - INFO - Epoch 40 [300/308] loss=0.6560[epoch 40] lr=0.000000
2026-01-05 21:56:45,528 - rf_experiment - INFO - [epoch 40] train_loss=0.6306, train_acc=0.7061
2026-01-05 21:56:53,269 - rf_experiment - INFO - [epoch 40] val_loss=0.6345, val_acc=0.7196
2026-01-05 21:56:53,270 - rf_experiment - INFO - Evaluating on test set with best-val checkpoint...
2026-01-05 21:57:00,288 - rf_experiment - INFO - Saved metrics to results/project_runs_2_2_conv2d_iqgrid_bptt_lr_sched_20260105_193724/metrics.json
2026-01-05 21:57:00,288 - rf_experiment - INFO - Finished experiment: project_runs_2_2_conv2d_iqgrid_bptt_lr_sched
2026-01-05 21:57:00,288 - rf_experiment - INFO - Best val metrics: {'loss': 0.6326840834060625, 'acc': 0.7224257224257224, 'per_snr_acc': {20: 0.8270181219110379, 10: 0.7810945273631841, 0: 0.5015822784810127, 30: 0.7886178861788617}, 'epoch': 39}
2026-01-05 21:57:00,288 - rf_experiment - INFO - Test metrics: {'loss': 0.6320266535777588, 'acc': 0.7137047580317202, 'per_snr_acc': {10: 0.7579908675799086, 30: 0.8201058201058201, 20: 0.792, 0: 0.48688524590163934}}
2026-01-05 21:57:00,289 - rf_experiment - INFO - Finished experiment: project_runs_2_2_conv2d_iqgrid_bptt_lr_sched
2026-01-05 21:57:00,289 - rf_experiment - INFO - Best val metrics: {'loss': 0.6326840834060625, 'acc': 0.7224257224257224, 'per_snr_acc': {20: 0.8270181219110379, 10: 0.7810945273631841, 0: 0.5015822784810127, 30: 0.7886178861788617}, 'epoch': 39}
2026-01-05 21:57:00,289 - rf_experiment - INFO - Test metrics: {'loss': 0.6320266535777588, 'acc': 0.7137047580317202, 'per_snr_acc': {10: 0.7579908675799086, 30: 0.8201058201058201, 20: 0.792, 0: 0.48688524590163934}}
