2025-12-02 13:16:13,653 - rf_experiment - INFO - Starting experiment: radioml2018_iqgrid_conv2d_dcll_small
2025-12-02 13:16:13,653 - rf_experiment - INFO - Run name: radioml2018_iqgrid_conv2d_dcll_small_20251202_131613
2025-12-02 13:16:13,653 - rf_experiment - INFO - Config file: configs/radioml2018_iqgrid_conv2d_dcll_small_2.yaml
2025-12-02 13:16:13,653 - rf_experiment - INFO - Saved resolved config to: results/radioml2018_iqgrid_conv2d_dcll_small_20251202_131613/config.yaml
2025-12-02 13:16:13,653 - rf_experiment - INFO - Run directory: results/radioml2018_iqgrid_conv2d_dcll_small_20251202_131613
2025-12-02 13:16:13,653 - rf_experiment - INFO - Using device: cpu
2025-12-02 13:16:13,653 - rf_experiment - INFO - Torch version: 2.9.0
2025-12-02 13:16:13,653 - rf_experiment - INFO - Dataset config: {'path': 'data/GOLD_XYZ_OSC.0001_1024.hdf5', 'name': 'radioml2018_structured', 'frames_per_combo': 32, 'mods_to_use': [3, 4], 'snrs_to_use': [0, 10], 'train_frac': 0.8, 'val_frac': 0.1, 'test_frac': 0.1, 'shuffle': True, 'num_workers': 0}
2025-12-02 13:16:13,653 - rf_experiment - INFO - Encoding config: {'type': 'sigma_delta', 'params': {'grid_size': 16, 'subsample': 4}}
2025-12-02 13:16:13,653 - rf_experiment - INFO - Total logical dataset size: 128 samples
2025-12-02 13:16:13,653 - rf_experiment - INFO - Splits: train=102, val=12, test=14
2025-12-02 13:16:13,654 - rf_experiment - INFO - Dataloader: batch_size=16, num_workers=0
2025-12-02 13:16:13,654 - rf_experiment - INFO - Building model: {'type': 'conv2d_snn', 'params': {'input_channels': 1, 'conv_channels': [32, 64], 'kernel_sizes': [3, 3], 'grid_size': 16, 'lif_beta': 0.9, 'num_classes': 24, 'dropout': 0.1, 'pool': True}}
2025-12-02 13:16:13,655 - rf_experiment - INFO - Building trainer: {'trainer': 'dcll', 'loss': 'cross_entropy', 'optimizer': 'adam', 'lr': 0.001, 'batch_size': 16, 'epochs': 3, 'max_time_steps': 256, 'grad_clip': 1.0, 'device': 'cpu'}
2025-12-02 13:16:14,154 - rf_experiment - INFO - Starting training loop...
2025-12-02 13:16:14,154 - rf_experiment - INFO - [epoch 1/3] training...
2025-12-02 13:16:25,639 - rf_experiment - INFO - [epoch 1] train_loss=29.2840, train_acc=0.1667
2025-12-02 13:16:26,418 - rf_experiment - INFO - [epoch 1] val_loss=6.0254, val_acc=0.5000
2025-12-02 13:16:26,418 - rf_experiment - INFO - [epoch 2/3] training...
2025-12-02 13:16:38,073 - rf_experiment - INFO - [epoch 2] train_loss=6.2265, train_acc=0.5490
2025-12-02 13:16:38,897 - rf_experiment - INFO - [epoch 2] val_loss=1.8644, val_acc=0.5000
2025-12-02 13:16:38,897 - rf_experiment - INFO - [epoch 3/3] training...
2025-12-02 13:16:51,095 - rf_experiment - INFO - [epoch 3] train_loss=2.7115, train_acc=0.5784
2025-12-02 13:16:51,849 - rf_experiment - INFO - [epoch 3] val_loss=3.3750, val_acc=0.5000
2025-12-02 13:16:51,849 - rf_experiment - INFO - Evaluating on test set...
2025-12-02 13:16:52,647 - rf_experiment - INFO - Saved metrics to results/radioml2018_iqgrid_conv2d_dcll_small_20251202_131613/metrics.json
2025-12-02 13:16:52,647 - rf_experiment - INFO - Finished experiment: radioml2018_iqgrid_conv2d_dcll_small
2025-12-02 13:16:52,647 - rf_experiment - INFO - Best val metrics: {'loss': 6.025358200073242, 'acc': 0.5, 'per_snr_acc': {10: 0.3333333333333333, 0: 0.6666666666666666}}
2025-12-02 13:16:52,647 - rf_experiment - INFO - Test metrics: {'loss': 2.3140628337860107, 'acc': 0.6428571428571429, 'per_snr_acc': {0: 0.5, 10: 0.75}}
