2026-01-07 10:44:22,049 - rf_experiment - INFO - Starting experiment: project_runs_1__2conv2d_sigma_bptt
2026-01-07 10:44:22,049 - rf_experiment - INFO - Run name: project_runs_1__2conv2d_sigma_bptt_20260107_104422
2026-01-07 10:44:22,049 - rf_experiment - INFO - Config file: configs/project_runs_1_2_conv2d_tf_events_bptt.yaml
2026-01-07 10:44:22,049 - rf_experiment - INFO - Saved resolved config to: results/project_runs_1__2conv2d_sigma_bptt_20260107_104422/config.yaml
2026-01-07 10:44:22,049 - rf_experiment - INFO - Run directory: results/project_runs_1__2conv2d_sigma_bptt_20260107_104422
2026-01-07 10:44:22,064 - rf_experiment - INFO - Using device: mps
2026-01-07 10:44:22,064 - rf_experiment - INFO - Using device: mps
2026-01-07 10:44:22,064 - rf_experiment - INFO - Torch version: 2.9.0
2026-01-07 10:44:22,064 - rf_experiment - INFO - Dataset config: {'path': 'data/GOLD_XYZ_OSC.0001_1024.hdf5', 'name': 'radioml2018_structured', 'frames_per_combo': 512, 'mods_to_use': [0, 1, 2, 3, 4, 5], 'snrs_to_use': [-20, -10, 0, 10, 20, 30], 'train_frac': 0.8, 'val_frac': 0.1, 'test_frac': 0.1, 'shuffle': True, 'num_workers': 0}
2026-01-07 10:44:22,064 - rf_experiment - INFO - Encoding config: {'type': 'tf_events', 'params': {'grid_size': 16, 'subsample': 4}}
2026-01-07 10:44:22,065 - rf_experiment - INFO - Total logical dataset size: 18432 samples
2026-01-07 10:44:22,065 - rf_experiment - INFO - Num classes (from dataset): 6
2026-01-07 10:44:22,065 - rf_experiment - INFO - Splits: train=14745, val=1843, test=1844
2026-01-07 10:44:22,065 - rf_experiment - INFO - Full dataset labels: {0: 3072, 1: 3072, 2: 3072, 3: 3072, 4: 3072, 5: 3072}
2026-01-07 10:44:22,065 - rf_experiment - INFO - Full dataset SNRs: {-20: 3072, -10: 3072, 0: 3072, 10: 3072, 20: 3072, 30: 3072}
2026-01-07 10:44:22,065 - rf_experiment - INFO - Dataloader: batch_size=64, num_workers=0
2026-01-07 10:44:22,065 - rf_experiment - INFO - Building model: {'type': 'conv2d_snn', 'params': {'input_channels': 1, 'conv_channels': [64, 128], 'kernel_sizes': [3, 3], 'grid_size': 16, 'lif_beta': 0.9, 'dropout': 0.0, 'pool': True, 'num_classes': 6}}
2026-01-07 10:44:22,065 - rf_experiment - INFO - Building model with num_classes=6
2026-01-07 10:44:22,082 - rf_experiment - INFO - Building trainer: {'trainer': 'bptt', 'loss': 'cross_entropy', 'optimizer': 'adam', 'lr': 0.0003, 'lr_scheduler': {'type': 'step', 'step_size': 5, 'gamma': 0.5}, 'batch_size': 64, 'epochs': 50, 'max_time_steps': 256, 'grad_clip': 1.0, 'device': 'mps', 'early_stopping_patience': 5, 'early_stopping_min_delta': 0.005}
2026-01-07 10:44:22,601 - rf_experiment - INFO - Starting training loop...
2026-01-07 10:44:22,601 - rf_experiment - INFO - [epoch 1/50] training...
2026-01-07 10:44:24,927 - rf_experiment - INFO - Epoch 1 [50/231] loss=1.7558[epoch 1] lr=0.000300
2026-01-07 10:44:27,106 - rf_experiment - INFO - Epoch 1 [100/231] loss=1.6956[epoch 1] lr=0.000300
2026-01-07 10:44:29,286 - rf_experiment - INFO - Epoch 1 [150/231] loss=1.6984[epoch 1] lr=0.000300
2026-01-07 10:44:31,480 - rf_experiment - INFO - Epoch 1 [200/231] loss=1.6471[epoch 1] lr=0.000300
2026-01-07 10:44:32,972 - rf_experiment - INFO - [epoch 1] train_loss=1.7241, train_acc=0.2230
2026-01-07 10:44:33,760 - rf_experiment - INFO - [epoch 1] val_loss=1.6619, val_acc=0.2545
2026-01-07 10:44:33,761 - rf_experiment - INFO - [epoch 1] new best val_acc=0.2545
2026-01-07 10:44:33,761 - rf_experiment - INFO - [epoch 2/50] training...
2026-01-07 10:44:35,965 - rf_experiment - INFO - Epoch 2 [50/231] loss=1.6327[epoch 2] lr=0.000300
2026-01-07 10:44:38,081 - rf_experiment - INFO - Epoch 2 [100/231] loss=1.6537[epoch 2] lr=0.000300
2026-01-07 10:44:40,222 - rf_experiment - INFO - Epoch 2 [150/231] loss=1.6770[epoch 2] lr=0.000300
2026-01-07 10:44:42,323 - rf_experiment - INFO - Epoch 2 [200/231] loss=1.6032[epoch 2] lr=0.000300
2026-01-07 10:44:43,619 - rf_experiment - INFO - [epoch 2] train_loss=1.6261, train_acc=0.2752
2026-01-07 10:44:44,338 - rf_experiment - INFO - [epoch 2] val_loss=1.5987, val_acc=0.2811
2026-01-07 10:44:44,338 - rf_experiment - INFO - [epoch 2] new best val_acc=0.2811
2026-01-07 10:44:44,338 - rf_experiment - INFO - [epoch 3/50] training...
2026-01-07 10:44:46,499 - rf_experiment - INFO - Epoch 3 [50/231] loss=1.5638[epoch 3] lr=0.000300
2026-01-07 10:44:48,648 - rf_experiment - INFO - Epoch 3 [100/231] loss=1.6068[epoch 3] lr=0.000300
2026-01-07 10:44:50,860 - rf_experiment - INFO - Epoch 3 [150/231] loss=1.4288[epoch 3] lr=0.000300
2026-01-07 10:44:53,049 - rf_experiment - INFO - Epoch 3 [200/231] loss=1.5930[epoch 3] lr=0.000300
2026-01-07 10:44:54,362 - rf_experiment - INFO - [epoch 3] train_loss=1.5630, train_acc=0.3109
2026-01-07 10:44:55,133 - rf_experiment - INFO - [epoch 3] val_loss=1.5360, val_acc=0.3142
2026-01-07 10:44:55,133 - rf_experiment - INFO - [epoch 3] new best val_acc=0.3142
2026-01-07 10:44:55,133 - rf_experiment - INFO - [epoch 4/50] training...
2026-01-07 10:44:57,339 - rf_experiment - INFO - Epoch 4 [50/231] loss=1.5669[epoch 4] lr=0.000300
2026-01-07 10:44:59,522 - rf_experiment - INFO - Epoch 4 [100/231] loss=1.5355[epoch 4] lr=0.000300
2026-01-07 10:45:01,666 - rf_experiment - INFO - Epoch 4 [150/231] loss=1.5965[epoch 4] lr=0.000300
2026-01-07 10:45:03,834 - rf_experiment - INFO - Epoch 4 [200/231] loss=1.5116[epoch 4] lr=0.000300
2026-01-07 10:45:05,151 - rf_experiment - INFO - [epoch 4] train_loss=1.5141, train_acc=0.3210
2026-01-07 10:45:05,929 - rf_experiment - INFO - [epoch 4] val_loss=1.5005, val_acc=0.3250
2026-01-07 10:45:05,929 - rf_experiment - INFO - [epoch 4] new best val_acc=0.3250
2026-01-07 10:45:05,929 - rf_experiment - INFO - [epoch 5/50] training...
2026-01-07 10:45:08,133 - rf_experiment - INFO - Epoch 5 [50/231] loss=1.5198[epoch 5] lr=0.000300
2026-01-07 10:45:10,308 - rf_experiment - INFO - Epoch 5 [100/231] loss=1.4822[epoch 5] lr=0.000300
2026-01-07 10:45:12,426 - rf_experiment - INFO - Epoch 5 [150/231] loss=1.5807[epoch 5] lr=0.000300
2026-01-07 10:45:14,631 - rf_experiment - INFO - Epoch 5 [200/231] loss=1.4814[epoch 5] lr=0.000300
2026-01-07 10:45:15,958 - rf_experiment - INFO - [epoch 5] train_loss=1.4706, train_acc=0.3449
2026-01-07 10:45:16,739 - rf_experiment - INFO - [epoch 5] val_loss=1.4519, val_acc=0.3462
2026-01-07 10:45:16,739 - rf_experiment - INFO - [epoch 5] new best val_acc=0.3462
2026-01-07 10:45:16,739 - rf_experiment - INFO - [epoch 6/50] training...
2026-01-07 10:45:18,972 - rf_experiment - INFO - Epoch 6 [50/231] loss=1.4472[epoch 6] lr=0.000150
2026-01-07 10:45:21,187 - rf_experiment - INFO - Epoch 6 [100/231] loss=1.4106[epoch 6] lr=0.000150
2026-01-07 10:45:23,345 - rf_experiment - INFO - Epoch 6 [150/231] loss=1.2935[epoch 6] lr=0.000150
2026-01-07 10:45:25,509 - rf_experiment - INFO - Epoch 6 [200/231] loss=1.4727[epoch 6] lr=0.000150
2026-01-07 10:45:26,871 - rf_experiment - INFO - [epoch 6] train_loss=1.4389, train_acc=0.3563
2026-01-07 10:45:27,639 - rf_experiment - INFO - [epoch 6] val_loss=1.4308, val_acc=0.3635
2026-01-07 10:45:27,639 - rf_experiment - INFO - [epoch 6] new best val_acc=0.3635
2026-01-07 10:45:27,639 - rf_experiment - INFO - [epoch 7/50] training...
2026-01-07 10:45:29,809 - rf_experiment - INFO - Epoch 7 [50/231] loss=1.5174[epoch 7] lr=0.000150
2026-01-07 10:45:32,010 - rf_experiment - INFO - Epoch 7 [100/231] loss=1.4256[epoch 7] lr=0.000150
2026-01-07 10:45:34,178 - rf_experiment - INFO - Epoch 7 [150/231] loss=1.4080[epoch 7] lr=0.000150
2026-01-07 10:45:36,343 - rf_experiment - INFO - Epoch 7 [200/231] loss=1.3916[epoch 7] lr=0.000150
2026-01-07 10:45:37,655 - rf_experiment - INFO - [epoch 7] train_loss=1.4202, train_acc=0.3595
2026-01-07 10:45:38,459 - rf_experiment - INFO - [epoch 7] val_loss=1.4233, val_acc=0.3478
2026-01-07 10:45:38,459 - rf_experiment - INFO - [epoch 7] no improvement in val_acc (streak=1)
2026-01-07 10:45:38,459 - rf_experiment - INFO - [epoch 8/50] training...
2026-01-07 10:45:40,669 - rf_experiment - INFO - Epoch 8 [50/231] loss=1.4826[epoch 8] lr=0.000150
2026-01-07 10:45:42,882 - rf_experiment - INFO - Epoch 8 [100/231] loss=1.4340[epoch 8] lr=0.000150
2026-01-07 10:45:45,022 - rf_experiment - INFO - Epoch 8 [150/231] loss=1.3812[epoch 8] lr=0.000150
2026-01-07 10:45:47,151 - rf_experiment - INFO - Epoch 8 [200/231] loss=1.3947[epoch 8] lr=0.000150
2026-01-07 10:45:48,490 - rf_experiment - INFO - [epoch 8] train_loss=1.4076, train_acc=0.3681
2026-01-07 10:45:49,278 - rf_experiment - INFO - [epoch 8] val_loss=1.4028, val_acc=0.3630
2026-01-07 10:45:49,278 - rf_experiment - INFO - [epoch 8] no improvement in val_acc (streak=2)
2026-01-07 10:45:49,278 - rf_experiment - INFO - [epoch 9/50] training...
2026-01-07 10:45:51,449 - rf_experiment - INFO - Epoch 9 [50/231] loss=1.3540[epoch 9] lr=0.000150
2026-01-07 10:45:53,611 - rf_experiment - INFO - Epoch 9 [100/231] loss=1.4101[epoch 9] lr=0.000150
2026-01-07 10:45:55,757 - rf_experiment - INFO - Epoch 9 [150/231] loss=1.4584[epoch 9] lr=0.000150
2026-01-07 10:45:57,946 - rf_experiment - INFO - Epoch 9 [200/231] loss=1.3945[epoch 9] lr=0.000150
2026-01-07 10:45:59,239 - rf_experiment - INFO - [epoch 9] train_loss=1.3940, train_acc=0.3676
2026-01-07 10:45:59,998 - rf_experiment - INFO - [epoch 9] val_loss=1.3923, val_acc=0.3711
2026-01-07 10:46:00,000 - rf_experiment - INFO - [epoch 9] new best val_acc=0.3711
2026-01-07 10:46:00,000 - rf_experiment - INFO - [epoch 10/50] training...
2026-01-07 10:46:02,174 - rf_experiment - INFO - Epoch 10 [50/231] loss=1.3435[epoch 10] lr=0.000150
2026-01-07 10:46:04,331 - rf_experiment - INFO - Epoch 10 [100/231] loss=1.3789[epoch 10] lr=0.000150
2026-01-07 10:46:06,562 - rf_experiment - INFO - Epoch 10 [150/231] loss=1.4590[epoch 10] lr=0.000150
2026-01-07 10:46:08,712 - rf_experiment - INFO - Epoch 10 [200/231] loss=1.4302[epoch 10] lr=0.000150
2026-01-07 10:46:09,992 - rf_experiment - INFO - [epoch 10] train_loss=1.3803, train_acc=0.3780
2026-01-07 10:46:10,784 - rf_experiment - INFO - [epoch 10] val_loss=1.3860, val_acc=0.3559
2026-01-07 10:46:10,784 - rf_experiment - INFO - [epoch 10] no improvement in val_acc (streak=1)
2026-01-07 10:46:10,785 - rf_experiment - INFO - [epoch 11/50] training...
2026-01-07 10:46:12,948 - rf_experiment - INFO - Epoch 11 [50/231] loss=1.3992[epoch 11] lr=0.000075
2026-01-07 10:46:15,086 - rf_experiment - INFO - Epoch 11 [100/231] loss=1.3777[epoch 11] lr=0.000075
2026-01-07 10:46:17,263 - rf_experiment - INFO - Epoch 11 [150/231] loss=1.2538[epoch 11] lr=0.000075
2026-01-07 10:46:19,395 - rf_experiment - INFO - Epoch 11 [200/231] loss=1.4078[epoch 11] lr=0.000075
2026-01-07 10:46:20,724 - rf_experiment - INFO - [epoch 11] train_loss=1.3660, train_acc=0.3902
2026-01-07 10:46:21,488 - rf_experiment - INFO - [epoch 11] val_loss=1.3770, val_acc=0.3776
2026-01-07 10:46:21,489 - rf_experiment - INFO - [epoch 11] new best val_acc=0.3776
2026-01-07 10:46:21,489 - rf_experiment - INFO - [epoch 12/50] training...
2026-01-07 10:46:23,621 - rf_experiment - INFO - Epoch 12 [50/231] loss=1.4845[epoch 12] lr=0.000075
2026-01-07 10:46:25,765 - rf_experiment - INFO - Epoch 12 [100/231] loss=1.3603[epoch 12] lr=0.000075
2026-01-07 10:46:27,944 - rf_experiment - INFO - Epoch 12 [150/231] loss=1.3068[epoch 12] lr=0.000075
2026-01-07 10:46:30,110 - rf_experiment - INFO - Epoch 12 [200/231] loss=1.2518[epoch 12] lr=0.000075
2026-01-07 10:46:31,388 - rf_experiment - INFO - [epoch 12] train_loss=1.3596, train_acc=0.3959
2026-01-07 10:46:32,123 - rf_experiment - INFO - [epoch 12] val_loss=1.3667, val_acc=0.3787
2026-01-07 10:46:32,123 - rf_experiment - INFO - [epoch 12] no improvement in val_acc (streak=1)
2026-01-07 10:46:32,123 - rf_experiment - INFO - [epoch 13/50] training...
2026-01-07 10:46:34,266 - rf_experiment - INFO - Epoch 13 [50/231] loss=1.3344[epoch 13] lr=0.000075
2026-01-07 10:46:36,406 - rf_experiment - INFO - Epoch 13 [100/231] loss=1.4058[epoch 13] lr=0.000075
2026-01-07 10:46:38,577 - rf_experiment - INFO - Epoch 13 [150/231] loss=1.2756[epoch 13] lr=0.000075
2026-01-07 10:46:40,777 - rf_experiment - INFO - Epoch 13 [200/231] loss=1.2996[epoch 13] lr=0.000075
2026-01-07 10:46:42,100 - rf_experiment - INFO - [epoch 13] train_loss=1.3555, train_acc=0.3858
2026-01-07 10:46:42,839 - rf_experiment - INFO - [epoch 13] val_loss=1.3690, val_acc=0.3706
2026-01-07 10:46:42,839 - rf_experiment - INFO - [epoch 13] no improvement in val_acc (streak=2)
2026-01-07 10:46:42,839 - rf_experiment - INFO - [epoch 14/50] training...
2026-01-07 10:46:45,025 - rf_experiment - INFO - Epoch 14 [50/231] loss=1.2922[epoch 14] lr=0.000075
2026-01-07 10:46:47,137 - rf_experiment - INFO - Epoch 14 [100/231] loss=1.2994[epoch 14] lr=0.000075
2026-01-07 10:46:49,337 - rf_experiment - INFO - Epoch 14 [150/231] loss=1.3075[epoch 14] lr=0.000075
2026-01-07 10:46:51,520 - rf_experiment - INFO - Epoch 14 [200/231] loss=1.3219[epoch 14] lr=0.000075
2026-01-07 10:46:52,838 - rf_experiment - INFO - [epoch 14] train_loss=1.3512, train_acc=0.3963
2026-01-07 10:46:53,567 - rf_experiment - INFO - [epoch 14] val_loss=1.3596, val_acc=0.3766
2026-01-07 10:46:53,567 - rf_experiment - INFO - [epoch 14] no improvement in val_acc (streak=3)
2026-01-07 10:46:53,567 - rf_experiment - INFO - [epoch 15/50] training...
2026-01-07 10:46:55,729 - rf_experiment - INFO - Epoch 15 [50/231] loss=1.3525[epoch 15] lr=0.000075
2026-01-07 10:46:57,926 - rf_experiment - INFO - Epoch 15 [100/231] loss=1.3031[epoch 15] lr=0.000075
2026-01-07 10:47:00,024 - rf_experiment - INFO - Epoch 15 [150/231] loss=1.4357[epoch 15] lr=0.000075
2026-01-07 10:47:02,150 - rf_experiment - INFO - Epoch 15 [200/231] loss=1.3057[epoch 15] lr=0.000075
2026-01-07 10:47:03,437 - rf_experiment - INFO - [epoch 15] train_loss=1.3460, train_acc=0.3941
2026-01-07 10:47:04,190 - rf_experiment - INFO - [epoch 15] val_loss=1.3593, val_acc=0.3711
2026-01-07 10:47:04,190 - rf_experiment - INFO - [epoch 15] no improvement in val_acc (streak=4)
2026-01-07 10:47:04,190 - rf_experiment - INFO - [epoch 16/50] training...
2026-01-07 10:47:06,370 - rf_experiment - INFO - Epoch 16 [50/231] loss=1.3825[epoch 16] lr=0.000037
2026-01-07 10:47:08,527 - rf_experiment - INFO - Epoch 16 [100/231] loss=1.4276[epoch 16] lr=0.000037
2026-01-07 10:47:10,691 - rf_experiment - INFO - Epoch 16 [150/231] loss=1.2909[epoch 16] lr=0.000037
2026-01-07 10:47:12,836 - rf_experiment - INFO - Epoch 16 [200/231] loss=1.3897[epoch 16] lr=0.000037
2026-01-07 10:47:14,118 - rf_experiment - INFO - [epoch 16] train_loss=1.3398, train_acc=0.3978
2026-01-07 10:47:14,904 - rf_experiment - INFO - [epoch 16] val_loss=1.3466, val_acc=0.3901
2026-01-07 10:47:14,905 - rf_experiment - INFO - [epoch 16] new best val_acc=0.3901
2026-01-07 10:47:14,905 - rf_experiment - INFO - [epoch 17/50] training...
2026-01-07 10:47:17,111 - rf_experiment - INFO - Epoch 17 [50/231] loss=1.3265[epoch 17] lr=0.000037
2026-01-07 10:47:19,249 - rf_experiment - INFO - Epoch 17 [100/231] loss=1.4252[epoch 17] lr=0.000037
2026-01-07 10:47:21,415 - rf_experiment - INFO - Epoch 17 [150/231] loss=1.3394[epoch 17] lr=0.000037
2026-01-07 10:47:23,532 - rf_experiment - INFO - Epoch 17 [200/231] loss=1.3329[epoch 17] lr=0.000037
2026-01-07 10:47:24,843 - rf_experiment - INFO - [epoch 17] train_loss=1.3356, train_acc=0.4053
2026-01-07 10:47:25,587 - rf_experiment - INFO - [epoch 17] val_loss=1.3521, val_acc=0.3782
2026-01-07 10:47:25,587 - rf_experiment - INFO - [epoch 17] no improvement in val_acc (streak=1)
2026-01-07 10:47:25,587 - rf_experiment - INFO - [epoch 18/50] training...
2026-01-07 10:47:27,736 - rf_experiment - INFO - Epoch 18 [50/231] loss=1.3713[epoch 18] lr=0.000037
2026-01-07 10:47:29,913 - rf_experiment - INFO - Epoch 18 [100/231] loss=1.2814[epoch 18] lr=0.000037
2026-01-07 10:47:32,064 - rf_experiment - INFO - Epoch 18 [150/231] loss=1.3742[epoch 18] lr=0.000037
2026-01-07 10:47:34,237 - rf_experiment - INFO - Epoch 18 [200/231] loss=1.3734[epoch 18] lr=0.000037
2026-01-07 10:47:35,548 - rf_experiment - INFO - [epoch 18] train_loss=1.3335, train_acc=0.4037
2026-01-07 10:47:36,300 - rf_experiment - INFO - [epoch 18] val_loss=1.3426, val_acc=0.3928
2026-01-07 10:47:36,300 - rf_experiment - INFO - [epoch 18] no improvement in val_acc (streak=2)
2026-01-07 10:47:36,300 - rf_experiment - INFO - [epoch 19/50] training...
2026-01-07 10:47:38,429 - rf_experiment - INFO - Epoch 19 [50/231] loss=1.3749[epoch 19] lr=0.000037
2026-01-07 10:47:40,568 - rf_experiment - INFO - Epoch 19 [100/231] loss=1.3371[epoch 19] lr=0.000037
2026-01-07 10:47:42,644 - rf_experiment - INFO - Epoch 19 [150/231] loss=1.2880[epoch 19] lr=0.000037
2026-01-07 10:47:44,805 - rf_experiment - INFO - Epoch 19 [200/231] loss=1.3270[epoch 19] lr=0.000037
2026-01-07 10:47:46,136 - rf_experiment - INFO - [epoch 19] train_loss=1.3310, train_acc=0.4081
2026-01-07 10:47:46,913 - rf_experiment - INFO - [epoch 19] val_loss=1.3441, val_acc=0.3782
2026-01-07 10:47:46,913 - rf_experiment - INFO - [epoch 19] no improvement in val_acc (streak=3)
2026-01-07 10:47:46,913 - rf_experiment - INFO - [epoch 20/50] training...
2026-01-07 10:47:49,098 - rf_experiment - INFO - Epoch 20 [50/231] loss=1.3255[epoch 20] lr=0.000037
2026-01-07 10:47:51,277 - rf_experiment - INFO - Epoch 20 [100/231] loss=1.4153[epoch 20] lr=0.000037
2026-01-07 10:47:53,445 - rf_experiment - INFO - Epoch 20 [150/231] loss=1.2848[epoch 20] lr=0.000037
2026-01-07 10:47:55,565 - rf_experiment - INFO - Epoch 20 [200/231] loss=1.3021[epoch 20] lr=0.000037
2026-01-07 10:47:56,873 - rf_experiment - INFO - [epoch 20] train_loss=1.3286, train_acc=0.4062
2026-01-07 10:47:57,631 - rf_experiment - INFO - [epoch 20] val_loss=1.3391, val_acc=0.3912
2026-01-07 10:47:57,631 - rf_experiment - INFO - [epoch 20] no improvement in val_acc (streak=4)
2026-01-07 10:47:57,631 - rf_experiment - INFO - [epoch 21/50] training...
2026-01-07 10:47:59,745 - rf_experiment - INFO - Epoch 21 [50/231] loss=1.3143[epoch 21] lr=0.000019
2026-01-07 10:48:01,859 - rf_experiment - INFO - Epoch 21 [100/231] loss=1.3689[epoch 21] lr=0.000019
2026-01-07 10:48:03,966 - rf_experiment - INFO - Epoch 21 [150/231] loss=1.2920[epoch 21] lr=0.000019
2026-01-07 10:48:06,158 - rf_experiment - INFO - Epoch 21 [200/231] loss=1.2913[epoch 21] lr=0.000019
2026-01-07 10:48:07,456 - rf_experiment - INFO - [epoch 21] train_loss=1.3258, train_acc=0.4086
2026-01-07 10:48:08,171 - rf_experiment - INFO - [epoch 21] val_loss=1.3371, val_acc=0.3923
2026-01-07 10:48:08,171 - rf_experiment - INFO - [epoch 21] no improvement in val_acc (streak=5)
2026-01-07 10:48:08,171 - rf_experiment - INFO - [epoch 21] early stopping triggered (patience=5)
2026-01-07 10:48:08,178 - rf_experiment - INFO - Saved best model checkpoint to results/project_runs_1__2conv2d_sigma_bptt_20260107_104422/best_model.pt
2026-01-07 10:48:08,178 - rf_experiment - INFO - Evaluating on test set with best-val checkpoint...
2026-01-07 10:48:09,024 - rf_experiment - INFO - Saved predictions to results/project_runs_1__2conv2d_sigma_bptt_20260107_104422/test_predictions_test_final.npz
2026-01-07 10:48:09,885 - rf_experiment - INFO - Saved predictions to results/project_runs_1__2conv2d_sigma_bptt_20260107_104422/test_predictions_test_dropout_30.npz
2026-01-07 10:48:09,886 - rf_experiment - INFO - Test metrics with 30% time-step dropout: {'loss': 1.7252501572548955, 'acc': 0.2668112798264642, 'latency_ms_per_sample': 0.051707566090518055, 'energy_j_per_sample': 0.007756134913577708, 'per_snr_acc': {0: 0.3656957928802589, 10: 0.30158730158730157, -20: 0.14098360655737704, -10: 0.19345238095238096, 20: 0.3059210526315789, 30: 0.3018181818181818}, 'per_snr_loss': {0: 1.4591171245744698, 10: 1.5832896513598307, -20: 2.171558150502502, -10: 2.028521502833991, 20: 1.544969694983018, 30: 1.520649497942491}}
2026-01-07 10:48:11,704 - rf_experiment - INFO - Saved predictions to results/project_runs_1__2conv2d_sigma_bptt_20260107_104422/test_predictions_test_shuffled_time.npz
2026-01-07 10:48:11,705 - rf_experiment - INFO - Test metrics with shuffled time dimension: {'loss': 1.3573587711359052, 'acc': 0.3893709327548807, 'latency_ms_per_sample': 0.05271221945918854, 'energy_j_per_sample': 0.007906832918878282, 'per_snr_acc': {0: 0.4401294498381877, 10: 0.5396825396825397, -20: 0.14426229508196722, -10: 0.18452380952380953, 20: 0.5131578947368421, 30: 0.5454545454545454}, 'per_snr_loss': {0: 1.2601805758514837, 10: 1.0254694903653765, -20: 1.840321699126822, -10: 1.8076329445909887, 20: 1.0865566929508197, 30: 1.0602721601182765}}
2026-01-07 10:48:11,931 - rf_experiment - INFO - Saved confusion matrix to results/project_runs_1__2conv2d_sigma_bptt_20260107_104422/confusion_matrix.png
2026-01-07 10:48:11,932 - rf_experiment - INFO - Saved metrics to results/project_runs_1__2conv2d_sigma_bptt_20260107_104422/metrics.json
2026-01-07 10:48:11,932 - rf_experiment - INFO - Finished experiment: project_runs_1__2conv2d_sigma_bptt
2026-01-07 10:48:11,932 - rf_experiment - INFO - Best val metrics: {'loss': 1.3465852204445452, 'acc': 0.39012479652740095, 'latency_ms_per_sample': 0.053729152618197405, 'energy_j_per_sample': 0.008059372892729611, 'per_snr_acc': {20: 0.4738562091503268, 10: 0.5756578947368421, -20: 0.1540880503144654, 30: 0.5566037735849056, -10: 0.18181818181818182, 0: 0.3890675241157556}, 'per_snr_loss': {20: 1.0632340359726762, 10: 0.9935404025018215, -20: 1.8720903166060179, 30: 1.049852192120732, -10: 1.8522358515879491, 0: 1.2715545021644359}, 'epoch': 16}
2026-01-07 10:48:11,932 - rf_experiment - INFO - Test metrics: {'loss': 1.3633821988054056, 'acc': 0.37310195227765725, 'latency_ms_per_sample': 0.06126249428745561, 'energy_j_per_sample': 0.009189374143118342, 'per_snr_acc': {0: 0.40129449838187703, 10: 0.5396825396825397, -20: 0.11475409836065574, -10: 0.20238095238095238, 20: 0.45723684210526316, 30: 0.5527272727272727}, 'per_snr_loss': {0: 1.2680781500046308, 10: 1.028972355051646, -20: 1.854037112095317, -10: 1.815844061828795, 20: 1.0914497167656296, 30: 1.0571225359223106}}
2026-01-07 10:48:11,932 - rf_experiment - INFO - Finished experiment: project_runs_1__2conv2d_sigma_bptt
2026-01-07 10:48:11,932 - rf_experiment - INFO - Best val metrics: {'loss': 1.3465852204445452, 'acc': 0.39012479652740095, 'latency_ms_per_sample': 0.053729152618197405, 'energy_j_per_sample': 0.008059372892729611, 'per_snr_acc': {20: 0.4738562091503268, 10: 0.5756578947368421, -20: 0.1540880503144654, 30: 0.5566037735849056, -10: 0.18181818181818182, 0: 0.3890675241157556}, 'per_snr_loss': {20: 1.0632340359726762, 10: 0.9935404025018215, -20: 1.8720903166060179, 30: 1.049852192120732, -10: 1.8522358515879491, 0: 1.2715545021644359}, 'epoch': 16}
2026-01-07 10:48:11,932 - rf_experiment - INFO - Test metrics: {'loss': 1.3633821988054056, 'acc': 0.37310195227765725, 'latency_ms_per_sample': 0.06126249428745561, 'energy_j_per_sample': 0.009189374143118342, 'per_snr_acc': {0: 0.40129449838187703, 10: 0.5396825396825397, -20: 0.11475409836065574, -10: 0.20238095238095238, 20: 0.45723684210526316, 30: 0.5527272727272727}, 'per_snr_loss': {0: 1.2680781500046308, 10: 1.028972355051646, -20: 1.854037112095317, -10: 1.815844061828795, 20: 1.0914497167656296, 30: 1.0571225359223106}}
