2025-12-04 12:58:34,708 - rf_experiment - INFO - Starting experiment: radioml2018_iqgrid_conv2d_dcll_small
2025-12-04 12:58:34,708 - rf_experiment - INFO - Run name: radioml2018_iqgrid_conv2d_dcll_small_20251204_125834
2025-12-04 12:58:34,708 - rf_experiment - INFO - Config file: configs/radioml2018_iqgrid_lsm_dcll_small_3_tf_events.yaml
2025-12-04 12:58:34,708 - rf_experiment - INFO - Saved resolved config to: results/radioml2018_iqgrid_conv2d_dcll_small_20251204_125834/config.yaml
2025-12-04 12:58:34,708 - rf_experiment - INFO - Run directory: results/radioml2018_iqgrid_conv2d_dcll_small_20251204_125834
2025-12-04 12:58:34,708 - rf_experiment - INFO - Using device: cpu
2025-12-04 12:58:34,708 - rf_experiment - INFO - Torch version: 2.9.0
2025-12-04 12:58:34,708 - rf_experiment - INFO - Dataset config: {'path': 'data/GOLD_XYZ_OSC.0001_1024.hdf5', 'name': 'radioml2018_structured', 'frames_per_combo': 512, 'mods_to_use': None, 'snrs_to_use': None, 'train_frac': 0.8, 'val_frac': 0.1, 'test_frac': 0.1, 'shuffle': True, 'num_workers': 0}
2025-12-04 12:58:34,708 - rf_experiment - INFO - Encoding config: {'type': 'tf_events', 'params': {'grid_size': 64, 'subsample': 1}}
2025-12-04 12:58:34,712 - rf_experiment - INFO - Total logical dataset size: 319488 samples
2025-12-04 12:58:34,712 - rf_experiment - INFO - Num classes (from dataset): 24
2025-12-04 12:58:34,712 - rf_experiment - INFO - Splits: train=255590, val=31948, test=31950
2025-12-04 12:58:34,716 - rf_experiment - INFO - Dataloader: batch_size=16, num_workers=0
2025-12-04 12:58:34,716 - rf_experiment - INFO - Building model: {'type': 'lsm', 'params': {'reservoir_size': 512, 'leak': 0.9, 'spectral_radius': 0.9, 'input_scaling': 1.0, 'sparsity': 0.1, 'train_reservoir': False, 'readout_agg': 'mean', 'num_classes': 24}}
2025-12-04 12:58:34,716 - rf_experiment - INFO - Building model with num_classes=24
2025-12-04 12:58:34,717 - rf_experiment - INFO - Building trainer: {'trainer': 'dcll', 'loss': 'cross_entropy', 'optimizer': 'adam', 'lr': 0.001, 'batch_size': 16, 'epochs': 3, 'max_time_steps': 256, 'grad_clip': 1.0, 'device': 'cpu'}
2025-12-04 12:58:35,213 - rf_experiment - INFO - Starting training loop...
2025-12-04 12:58:35,213 - rf_experiment - INFO - [epoch 1/3] training...
2025-12-04 12:58:36,562 - rf_experiment - INFO - [epoch 1/3] batch 50/15975 loss=3.3382
2025-12-04 12:58:37,867 - rf_experiment - INFO - [epoch 1/3] batch 100/15975 loss=3.0240
2025-12-04 12:58:39,155 - rf_experiment - INFO - [epoch 1/3] batch 150/15975 loss=3.1718
2025-12-04 12:58:40,474 - rf_experiment - INFO - [epoch 1/3] batch 200/15975 loss=3.2405
2025-12-04 12:58:41,787 - rf_experiment - INFO - [epoch 1/3] batch 250/15975 loss=3.2618
2025-12-04 12:58:43,057 - rf_experiment - INFO - [epoch 1/3] batch 300/15975 loss=3.1520
2025-12-04 12:58:44,316 - rf_experiment - INFO - [epoch 1/3] batch 350/15975 loss=3.0027
2025-12-04 12:58:45,628 - rf_experiment - INFO - [epoch 1/3] batch 400/15975 loss=3.0862
2025-12-04 12:58:46,940 - rf_experiment - INFO - [epoch 1/3] batch 450/15975 loss=3.0369
2025-12-04 12:58:48,191 - rf_experiment - INFO - [epoch 1/3] batch 500/15975 loss=3.2130
2025-12-04 12:58:49,607 - rf_experiment - INFO - [epoch 1/3] batch 550/15975 loss=2.9016
2025-12-04 12:58:51,154 - rf_experiment - INFO - [epoch 1/3] batch 600/15975 loss=2.9992
2025-12-04 12:58:52,481 - rf_experiment - INFO - [epoch 1/3] batch 650/15975 loss=2.9491
2025-12-04 12:58:53,815 - rf_experiment - INFO - [epoch 1/3] batch 700/15975 loss=2.9341
2025-12-04 12:58:55,108 - rf_experiment - INFO - [epoch 1/3] batch 750/15975 loss=3.1685
2025-12-04 12:58:56,424 - rf_experiment - INFO - [epoch 1/3] batch 800/15975 loss=3.0318
2025-12-04 12:58:57,742 - rf_experiment - INFO - [epoch 1/3] batch 850/15975 loss=2.9062
2025-12-04 12:58:59,027 - rf_experiment - INFO - [epoch 1/3] batch 900/15975 loss=3.2010
2025-12-04 12:59:00,346 - rf_experiment - INFO - [epoch 1/3] batch 950/15975 loss=2.9011
2025-12-04 12:59:01,619 - rf_experiment - INFO - [epoch 1/3] batch 1000/15975 loss=3.2081
2025-12-04 12:59:02,854 - rf_experiment - INFO - [epoch 1/3] batch 1050/15975 loss=2.9805
2025-12-04 12:59:04,156 - rf_experiment - INFO - [epoch 1/3] batch 1100/15975 loss=3.0482
2025-12-04 12:59:05,427 - rf_experiment - INFO - [epoch 1/3] batch 1150/15975 loss=2.8974
2025-12-04 12:59:06,765 - rf_experiment - INFO - [epoch 1/3] batch 1200/15975 loss=2.7953
2025-12-04 12:59:08,061 - rf_experiment - INFO - [epoch 1/3] batch 1250/15975 loss=2.9255
2025-12-04 12:59:09,319 - rf_experiment - INFO - [epoch 1/3] batch 1300/15975 loss=2.8979
2025-12-04 12:59:10,619 - rf_experiment - INFO - [epoch 1/3] batch 1350/15975 loss=3.0361
2025-12-04 12:59:12,085 - rf_experiment - INFO - [epoch 1/3] batch 1400/15975 loss=3.1714
2025-12-04 12:59:13,491 - rf_experiment - INFO - [epoch 1/3] batch 1450/15975 loss=2.8130
2025-12-04 12:59:14,837 - rf_experiment - INFO - [epoch 1/3] batch 1500/15975 loss=3.1628
2025-12-04 12:59:16,136 - rf_experiment - INFO - [epoch 1/3] batch 1550/15975 loss=3.1135
2025-12-04 12:59:17,444 - rf_experiment - INFO - [epoch 1/3] batch 1600/15975 loss=2.5338
2025-12-04 12:59:18,808 - rf_experiment - INFO - [epoch 1/3] batch 1650/15975 loss=3.0152
2025-12-04 12:59:20,155 - rf_experiment - INFO - [epoch 1/3] batch 1700/15975 loss=2.6844
2025-12-04 12:59:21,503 - rf_experiment - INFO - [epoch 1/3] batch 1750/15975 loss=3.1390
2025-12-04 12:59:23,106 - rf_experiment - INFO - [epoch 1/3] batch 1800/15975 loss=3.0898
2025-12-04 12:59:24,478 - rf_experiment - INFO - [epoch 1/3] batch 1850/15975 loss=2.6050
2025-12-04 12:59:25,806 - rf_experiment - INFO - [epoch 1/3] batch 1900/15975 loss=2.9773
2025-12-04 12:59:27,193 - rf_experiment - INFO - [epoch 1/3] batch 1950/15975 loss=2.8920
2025-12-04 12:59:28,598 - rf_experiment - INFO - [epoch 1/3] batch 2000/15975 loss=2.8325
2025-12-04 12:59:29,974 - rf_experiment - INFO - [epoch 1/3] batch 2050/15975 loss=3.1969
2025-12-04 12:59:31,307 - rf_experiment - INFO - [epoch 1/3] batch 2100/15975 loss=3.0599
2025-12-04 12:59:32,635 - rf_experiment - INFO - [epoch 1/3] batch 2150/15975 loss=2.7572
2025-12-04 12:59:33,925 - rf_experiment - INFO - [epoch 1/3] batch 2200/15975 loss=2.8536
2025-12-04 12:59:35,207 - rf_experiment - INFO - [epoch 1/3] batch 2250/15975 loss=3.0223
2025-12-04 12:59:36,459 - rf_experiment - INFO - [epoch 1/3] batch 2300/15975 loss=2.5590
2025-12-04 12:59:37,720 - rf_experiment - INFO - [epoch 1/3] batch 2350/15975 loss=2.9643
2025-12-04 12:59:39,032 - rf_experiment - INFO - [epoch 1/3] batch 2400/15975 loss=2.9510
2025-12-04 12:59:40,364 - rf_experiment - INFO - [epoch 1/3] batch 2450/15975 loss=2.7829
2025-12-04 12:59:41,656 - rf_experiment - INFO - [epoch 1/3] batch 2500/15975 loss=3.0089
2025-12-04 12:59:42,939 - rf_experiment - INFO - [epoch 1/3] batch 2550/15975 loss=2.8527
2025-12-04 12:59:44,187 - rf_experiment - INFO - [epoch 1/3] batch 2600/15975 loss=3.0631
2025-12-04 12:59:45,485 - rf_experiment - INFO - [epoch 1/3] batch 2650/15975 loss=2.9939
2025-12-04 12:59:46,778 - rf_experiment - INFO - [epoch 1/3] batch 2700/15975 loss=3.2351
2025-12-04 12:59:48,066 - rf_experiment - INFO - [epoch 1/3] batch 2750/15975 loss=2.9185
2025-12-04 12:59:49,399 - rf_experiment - INFO - [epoch 1/3] batch 2800/15975 loss=2.9376
2025-12-04 12:59:50,986 - rf_experiment - INFO - [epoch 1/3] batch 2850/15975 loss=3.0858
2025-12-04 12:59:52,350 - rf_experiment - INFO - [epoch 1/3] batch 2900/15975 loss=2.9972
2025-12-04 12:59:53,692 - rf_experiment - INFO - [epoch 1/3] batch 2950/15975 loss=3.1559
2025-12-04 12:59:55,082 - rf_experiment - INFO - [epoch 1/3] batch 3000/15975 loss=2.8763
2025-12-04 12:59:56,450 - rf_experiment - INFO - [epoch 1/3] batch 3050/15975 loss=3.1499
2025-12-04 12:59:57,882 - rf_experiment - INFO - [epoch 1/3] batch 3100/15975 loss=2.9826
2025-12-04 12:59:59,320 - rf_experiment - INFO - [epoch 1/3] batch 3150/15975 loss=3.1492
2025-12-04 13:00:00,748 - rf_experiment - INFO - [epoch 1/3] batch 3200/15975 loss=2.7192
2025-12-04 13:00:02,113 - rf_experiment - INFO - [epoch 1/3] batch 3250/15975 loss=2.8948
2025-12-04 13:00:03,448 - rf_experiment - INFO - [epoch 1/3] batch 3300/15975 loss=3.0932
2025-12-04 13:00:04,811 - rf_experiment - INFO - [epoch 1/3] batch 3350/15975 loss=2.7847
2025-12-04 13:00:06,176 - rf_experiment - INFO - [epoch 1/3] batch 3400/15975 loss=3.0338
2025-12-04 13:00:07,520 - rf_experiment - INFO - [epoch 1/3] batch 3450/15975 loss=3.2253
2025-12-04 13:00:08,817 - rf_experiment - INFO - [epoch 1/3] batch 3500/15975 loss=2.6179
2025-12-04 13:00:10,112 - rf_experiment - INFO - [epoch 1/3] batch 3550/15975 loss=2.7691
2025-12-04 13:00:11,428 - rf_experiment - INFO - [epoch 1/3] batch 3600/15975 loss=2.9879
2025-12-04 13:00:12,769 - rf_experiment - INFO - [epoch 1/3] batch 3650/15975 loss=2.7578
2025-12-04 13:00:14,069 - rf_experiment - INFO - [epoch 1/3] batch 3700/15975 loss=3.1659
2025-12-04 13:00:15,354 - rf_experiment - INFO - [epoch 1/3] batch 3750/15975 loss=2.7778
2025-12-04 13:00:16,665 - rf_experiment - INFO - [epoch 1/3] batch 3800/15975 loss=3.0415
2025-12-04 13:00:18,037 - rf_experiment - INFO - [epoch 1/3] batch 3850/15975 loss=2.9574
2025-12-04 13:00:19,431 - rf_experiment - INFO - [epoch 1/3] batch 3900/15975 loss=2.9234
2025-12-04 13:00:20,805 - rf_experiment - INFO - [epoch 1/3] batch 3950/15975 loss=2.4897
2025-12-04 13:00:22,166 - rf_experiment - INFO - [epoch 1/3] batch 4000/15975 loss=2.7798
2025-12-04 13:00:23,488 - rf_experiment - INFO - [epoch 1/3] batch 4050/15975 loss=3.1006
2025-12-04 13:00:24,794 - rf_experiment - INFO - [epoch 1/3] batch 4100/15975 loss=3.1643
2025-12-04 13:00:26,126 - rf_experiment - INFO - [epoch 1/3] batch 4150/15975 loss=2.7752
2025-12-04 13:00:27,482 - rf_experiment - INFO - [epoch 1/3] batch 4200/15975 loss=3.1085
2025-12-04 13:00:28,794 - rf_experiment - INFO - [epoch 1/3] batch 4250/15975 loss=3.0894
2025-12-04 13:00:30,052 - rf_experiment - INFO - [epoch 1/3] batch 4300/15975 loss=2.7734
2025-12-04 13:00:31,408 - rf_experiment - INFO - [epoch 1/3] batch 4350/15975 loss=2.9179
2025-12-04 13:00:32,802 - rf_experiment - INFO - [epoch 1/3] batch 4400/15975 loss=2.8879
2025-12-04 13:00:34,191 - rf_experiment - INFO - [epoch 1/3] batch 4450/15975 loss=2.9953
2025-12-04 13:00:35,531 - rf_experiment - INFO - [epoch 1/3] batch 4500/15975 loss=2.8819
2025-12-04 13:00:36,855 - rf_experiment - INFO - [epoch 1/3] batch 4550/15975 loss=2.9926
2025-12-04 13:00:38,236 - rf_experiment - INFO - [epoch 1/3] batch 4600/15975 loss=3.0473
2025-12-04 13:00:39,646 - rf_experiment - INFO - [epoch 1/3] batch 4650/15975 loss=2.6899
2025-12-04 13:00:40,983 - rf_experiment - INFO - [epoch 1/3] batch 4700/15975 loss=3.3151
2025-12-04 13:00:42,303 - rf_experiment - INFO - [epoch 1/3] batch 4750/15975 loss=2.6539
2025-12-04 13:00:43,613 - rf_experiment - INFO - [epoch 1/3] batch 4800/15975 loss=2.7643
2025-12-04 13:00:44,922 - rf_experiment - INFO - [epoch 1/3] batch 4850/15975 loss=2.8367
2025-12-04 13:00:46,220 - rf_experiment - INFO - [epoch 1/3] batch 4900/15975 loss=3.1109
2025-12-04 13:00:47,509 - rf_experiment - INFO - [epoch 1/3] batch 4950/15975 loss=3.1802
2025-12-04 13:00:48,790 - rf_experiment - INFO - [epoch 1/3] batch 5000/15975 loss=2.9981
2025-12-04 13:00:50,445 - rf_experiment - INFO - [epoch 1/3] batch 5050/15975 loss=3.2784
2025-12-04 13:00:51,838 - rf_experiment - INFO - [epoch 1/3] batch 5100/15975 loss=2.7145
2025-12-04 13:00:53,203 - rf_experiment - INFO - [epoch 1/3] batch 5150/15975 loss=2.6245
2025-12-04 13:00:54,559 - rf_experiment - INFO - [epoch 1/3] batch 5200/15975 loss=3.1020
2025-12-04 13:00:55,905 - rf_experiment - INFO - [epoch 1/3] batch 5250/15975 loss=3.0416
2025-12-04 13:00:57,209 - rf_experiment - INFO - [epoch 1/3] batch 5300/15975 loss=3.1478
2025-12-04 13:00:58,567 - rf_experiment - INFO - [epoch 1/3] batch 5350/15975 loss=3.1620
2025-12-04 13:01:00,063 - rf_experiment - INFO - [epoch 1/3] batch 5400/15975 loss=2.4391
2025-12-04 13:01:01,494 - rf_experiment - INFO - [epoch 1/3] batch 5450/15975 loss=3.0170
2025-12-04 13:01:02,801 - rf_experiment - INFO - [epoch 1/3] batch 5500/15975 loss=2.8913
2025-12-04 13:01:04,086 - rf_experiment - INFO - [epoch 1/3] batch 5550/15975 loss=3.1227
2025-12-04 13:01:05,486 - rf_experiment - INFO - [epoch 1/3] batch 5600/15975 loss=2.7409
2025-12-04 13:01:06,871 - rf_experiment - INFO - [epoch 1/3] batch 5650/15975 loss=2.9797
2025-12-04 13:01:08,213 - rf_experiment - INFO - [epoch 1/3] batch 5700/15975 loss=2.7251
2025-12-04 13:01:09,547 - rf_experiment - INFO - [epoch 1/3] batch 5750/15975 loss=3.0956
2025-12-04 13:01:10,868 - rf_experiment - INFO - [epoch 1/3] batch 5800/15975 loss=3.0822
2025-12-04 13:01:12,284 - rf_experiment - INFO - [epoch 1/3] batch 5850/15975 loss=3.1149
2025-12-04 13:01:13,686 - rf_experiment - INFO - [epoch 1/3] batch 5900/15975 loss=2.9548
2025-12-04 13:01:15,047 - rf_experiment - INFO - [epoch 1/3] batch 5950/15975 loss=3.3368
2025-12-04 13:01:16,495 - rf_experiment - INFO - [epoch 1/3] batch 6000/15975 loss=3.1546
2025-12-04 13:01:17,857 - rf_experiment - INFO - [epoch 1/3] batch 6050/15975 loss=2.9646
2025-12-04 13:01:19,180 - rf_experiment - INFO - [epoch 1/3] batch 6100/15975 loss=2.9388
2025-12-04 13:01:20,596 - rf_experiment - INFO - [epoch 1/3] batch 6150/15975 loss=2.8737
2025-12-04 13:01:21,993 - rf_experiment - INFO - [epoch 1/3] batch 6200/15975 loss=2.9971
2025-12-04 13:01:23,394 - rf_experiment - INFO - [epoch 1/3] batch 6250/15975 loss=2.4549
2025-12-04 13:01:24,704 - rf_experiment - INFO - [epoch 1/3] batch 6300/15975 loss=2.7688
2025-12-04 13:01:26,037 - rf_experiment - INFO - [epoch 1/3] batch 6350/15975 loss=2.9609
2025-12-04 13:01:27,379 - rf_experiment - INFO - [epoch 1/3] batch 6400/15975 loss=2.6865
2025-12-04 13:01:28,699 - rf_experiment - INFO - [epoch 1/3] batch 6450/15975 loss=3.1068
2025-12-04 13:01:29,960 - rf_experiment - INFO - [epoch 1/3] batch 6500/15975 loss=3.0105
2025-12-04 13:01:31,228 - rf_experiment - INFO - [epoch 1/3] batch 6550/15975 loss=2.9970
2025-12-04 13:01:32,586 - rf_experiment - INFO - [epoch 1/3] batch 6600/15975 loss=2.9047
2025-12-04 13:01:34,024 - rf_experiment - INFO - [epoch 1/3] batch 6650/15975 loss=2.8216
2025-12-04 13:01:35,445 - rf_experiment - INFO - [epoch 1/3] batch 6700/15975 loss=2.9326
2025-12-04 13:01:36,776 - rf_experiment - INFO - [epoch 1/3] batch 6750/15975 loss=2.8993
2025-12-04 13:01:38,125 - rf_experiment - INFO - [epoch 1/3] batch 6800/15975 loss=3.1187
2025-12-04 13:01:39,539 - rf_experiment - INFO - [epoch 1/3] batch 6850/15975 loss=3.0768
2025-12-04 13:01:40,910 - rf_experiment - INFO - [epoch 1/3] batch 6900/15975 loss=3.2391
2025-12-04 13:01:42,272 - rf_experiment - INFO - [epoch 1/3] batch 6950/15975 loss=3.1944
2025-12-04 13:01:43,631 - rf_experiment - INFO - [epoch 1/3] batch 7000/15975 loss=3.1286
2025-12-04 13:01:44,997 - rf_experiment - INFO - [epoch 1/3] batch 7050/15975 loss=3.2617
2025-12-04 13:01:46,336 - rf_experiment - INFO - [epoch 1/3] batch 7100/15975 loss=2.9615
2025-12-04 13:01:47,637 - rf_experiment - INFO - [epoch 1/3] batch 7150/15975 loss=2.8777
2025-12-04 13:01:48,901 - rf_experiment - INFO - [epoch 1/3] batch 7200/15975 loss=2.6121
2025-12-04 13:01:50,569 - rf_experiment - INFO - [epoch 1/3] batch 7250/15975 loss=2.9799
2025-12-04 13:01:51,948 - rf_experiment - INFO - [epoch 1/3] batch 7300/15975 loss=2.6265
2025-12-04 13:01:53,268 - rf_experiment - INFO - [epoch 1/3] batch 7350/15975 loss=3.1461
2025-12-04 13:01:54,571 - rf_experiment - INFO - [epoch 1/3] batch 7400/15975 loss=2.9005
2025-12-04 13:01:55,854 - rf_experiment - INFO - [epoch 1/3] batch 7450/15975 loss=2.8076
2025-12-04 13:01:57,121 - rf_experiment - INFO - [epoch 1/3] batch 7500/15975 loss=2.9399
2025-12-04 13:01:58,370 - rf_experiment - INFO - [epoch 1/3] batch 7550/15975 loss=3.0896
2025-12-04 13:01:59,652 - rf_experiment - INFO - [epoch 1/3] batch 7600/15975 loss=3.1927
2025-12-04 13:02:00,940 - rf_experiment - INFO - [epoch 1/3] batch 7650/15975 loss=2.9403
2025-12-04 13:02:02,194 - rf_experiment - INFO - [epoch 1/3] batch 7700/15975 loss=2.7210
2025-12-04 13:02:03,455 - rf_experiment - INFO - [epoch 1/3] batch 7750/15975 loss=3.1423
2025-12-04 13:02:04,768 - rf_experiment - INFO - [epoch 1/3] batch 7800/15975 loss=2.8602
2025-12-04 13:02:06,071 - rf_experiment - INFO - [epoch 1/3] batch 7850/15975 loss=3.2370
2025-12-04 13:02:07,390 - rf_experiment - INFO - [epoch 1/3] batch 7900/15975 loss=3.0980
2025-12-04 13:02:08,657 - rf_experiment - INFO - [epoch 1/3] batch 7950/15975 loss=2.5464
2025-12-04 13:02:09,889 - rf_experiment - INFO - [epoch 1/3] batch 8000/15975 loss=2.5617
2025-12-04 13:02:11,183 - rf_experiment - INFO - [epoch 1/3] batch 8050/15975 loss=3.2183
2025-12-04 13:02:12,514 - rf_experiment - INFO - [epoch 1/3] batch 8100/15975 loss=2.9203
2025-12-04 13:02:13,838 - rf_experiment - INFO - [epoch 1/3] batch 8150/15975 loss=2.9132
2025-12-04 13:02:15,137 - rf_experiment - INFO - [epoch 1/3] batch 8200/15975 loss=2.7839
2025-12-04 13:02:16,405 - rf_experiment - INFO - [epoch 1/3] batch 8250/15975 loss=3.0558
2025-12-04 13:02:17,678 - rf_experiment - INFO - [epoch 1/3] batch 8300/15975 loss=2.8953
2025-12-04 13:02:18,970 - rf_experiment - INFO - [epoch 1/3] batch 8350/15975 loss=2.6552
2025-12-04 13:02:20,311 - rf_experiment - INFO - [epoch 1/3] batch 8400/15975 loss=2.8180
2025-12-04 13:02:21,596 - rf_experiment - INFO - [epoch 1/3] batch 8450/15975 loss=3.0502
2025-12-04 13:02:22,870 - rf_experiment - INFO - [epoch 1/3] batch 8500/15975 loss=2.7554
2025-12-04 13:02:24,174 - rf_experiment - INFO - [epoch 1/3] batch 8550/15975 loss=2.8665
2025-12-04 13:02:25,539 - rf_experiment - INFO - [epoch 1/3] batch 8600/15975 loss=2.8077
2025-12-04 13:02:26,833 - rf_experiment - INFO - [epoch 1/3] batch 8650/15975 loss=3.0740
2025-12-04 13:02:28,105 - rf_experiment - INFO - [epoch 1/3] batch 8700/15975 loss=3.0578
2025-12-04 13:02:29,347 - rf_experiment - INFO - [epoch 1/3] batch 8750/15975 loss=3.0588
2025-12-04 13:02:30,614 - rf_experiment - INFO - [epoch 1/3] batch 8800/15975 loss=2.9588
2025-12-04 13:02:31,882 - rf_experiment - INFO - [epoch 1/3] batch 8850/15975 loss=2.9167
2025-12-04 13:02:33,198 - rf_experiment - INFO - [epoch 1/3] batch 8900/15975 loss=2.8844
2025-12-04 13:02:34,482 - rf_experiment - INFO - [epoch 1/3] batch 8950/15975 loss=3.0575
2025-12-04 13:02:35,881 - rf_experiment - INFO - [epoch 1/3] batch 9000/15975 loss=3.0656
2025-12-04 13:02:37,416 - rf_experiment - INFO - [epoch 1/3] batch 9050/15975 loss=3.0944
2025-12-04 13:02:38,829 - rf_experiment - INFO - [epoch 1/3] batch 9100/15975 loss=2.9193
2025-12-04 13:02:40,203 - rf_experiment - INFO - [epoch 1/3] batch 9150/15975 loss=3.1939
2025-12-04 13:02:41,592 - rf_experiment - INFO - [epoch 1/3] batch 9200/15975 loss=2.9048
2025-12-04 13:02:42,903 - rf_experiment - INFO - [epoch 1/3] batch 9250/15975 loss=3.0176
2025-12-04 13:02:44,335 - rf_experiment - INFO - [epoch 1/3] batch 9300/15975 loss=2.9383
2025-12-04 13:02:45,722 - rf_experiment - INFO - [epoch 1/3] batch 9350/15975 loss=2.5336
2025-12-04 13:02:47,142 - rf_experiment - INFO - [epoch 1/3] batch 9400/15975 loss=2.8713
2025-12-04 13:02:48,504 - rf_experiment - INFO - [epoch 1/3] batch 9450/15975 loss=2.6014
2025-12-04 13:02:50,432 - rf_experiment - INFO - [epoch 1/3] batch 9500/15975 loss=2.5621
2025-12-04 13:02:51,898 - rf_experiment - INFO - [epoch 1/3] batch 9550/15975 loss=2.8585
2025-12-04 13:02:53,281 - rf_experiment - INFO - [epoch 1/3] batch 9600/15975 loss=2.6930
2025-12-04 13:02:54,696 - rf_experiment - INFO - [epoch 1/3] batch 9650/15975 loss=3.1932
2025-12-04 13:02:56,116 - rf_experiment - INFO - [epoch 1/3] batch 9700/15975 loss=2.6321
2025-12-04 13:02:57,603 - rf_experiment - INFO - [epoch 1/3] batch 9750/15975 loss=2.9432
2025-12-04 13:02:58,925 - rf_experiment - INFO - [epoch 1/3] batch 9800/15975 loss=3.0636
2025-12-04 13:03:00,348 - rf_experiment - INFO - [epoch 1/3] batch 9850/15975 loss=3.2359
2025-12-04 13:03:01,912 - rf_experiment - INFO - [epoch 1/3] batch 9900/15975 loss=3.0613
2025-12-04 13:03:03,214 - rf_experiment - INFO - [epoch 1/3] batch 9950/15975 loss=3.1756
2025-12-04 13:03:04,489 - rf_experiment - INFO - [epoch 1/3] batch 10000/15975 loss=3.1941
2025-12-04 13:03:05,757 - rf_experiment - INFO - [epoch 1/3] batch 10050/15975 loss=3.0550
2025-12-04 13:03:07,021 - rf_experiment - INFO - [epoch 1/3] batch 10100/15975 loss=2.9432
2025-12-04 13:03:08,281 - rf_experiment - INFO - [epoch 1/3] batch 10150/15975 loss=3.2857
2025-12-04 13:03:09,539 - rf_experiment - INFO - [epoch 1/3] batch 10200/15975 loss=3.2363
2025-12-04 13:03:10,804 - rf_experiment - INFO - [epoch 1/3] batch 10250/15975 loss=3.2672
2025-12-04 13:03:12,075 - rf_experiment - INFO - [epoch 1/3] batch 10300/15975 loss=2.9670
2025-12-04 13:03:13,339 - rf_experiment - INFO - [epoch 1/3] batch 10350/15975 loss=2.9694
2025-12-04 13:03:14,615 - rf_experiment - INFO - [epoch 1/3] batch 10400/15975 loss=2.3439
2025-12-04 13:03:15,902 - rf_experiment - INFO - [epoch 1/3] batch 10450/15975 loss=3.0588
2025-12-04 13:03:17,141 - rf_experiment - INFO - [epoch 1/3] batch 10500/15975 loss=3.1966
2025-12-04 13:03:18,381 - rf_experiment - INFO - [epoch 1/3] batch 10550/15975 loss=3.1696
2025-12-04 13:03:19,700 - rf_experiment - INFO - [epoch 1/3] batch 10600/15975 loss=2.9392
2025-12-04 13:03:20,966 - rf_experiment - INFO - [epoch 1/3] batch 10650/15975 loss=2.6851
2025-12-04 13:03:22,323 - rf_experiment - INFO - [epoch 1/3] batch 10700/15975 loss=3.1466
2025-12-04 13:03:23,688 - rf_experiment - INFO - [epoch 1/3] batch 10750/15975 loss=2.9080
2025-12-04 13:03:25,003 - rf_experiment - INFO - [epoch 1/3] batch 10800/15975 loss=2.8582
2025-12-04 13:03:26,347 - rf_experiment - INFO - [epoch 1/3] batch 10850/15975 loss=2.8931
2025-12-04 13:03:27,605 - rf_experiment - INFO - [epoch 1/3] batch 10900/15975 loss=2.7907
2025-12-04 13:03:28,869 - rf_experiment - INFO - [epoch 1/3] batch 10950/15975 loss=2.9750
2025-12-04 13:03:30,130 - rf_experiment - INFO - [epoch 1/3] batch 11000/15975 loss=3.0497
2025-12-04 13:03:31,417 - rf_experiment - INFO - [epoch 1/3] batch 11050/15975 loss=2.8718
2025-12-04 13:03:32,727 - rf_experiment - INFO - [epoch 1/3] batch 11100/15975 loss=3.0391
2025-12-04 13:03:34,000 - rf_experiment - INFO - [epoch 1/3] batch 11150/15975 loss=3.0617
2025-12-04 13:03:35,370 - rf_experiment - INFO - [epoch 1/3] batch 11200/15975 loss=3.0251
2025-12-04 13:03:36,586 - rf_experiment - INFO - [epoch 1/3] batch 11250/15975 loss=2.8947
2025-12-04 13:03:37,786 - rf_experiment - INFO - [epoch 1/3] batch 11300/15975 loss=2.9213
2025-12-04 13:03:38,999 - rf_experiment - INFO - [epoch 1/3] batch 11350/15975 loss=2.9074
2025-12-04 13:03:40,236 - rf_experiment - INFO - [epoch 1/3] batch 11400/15975 loss=3.0028
2025-12-04 13:03:41,452 - rf_experiment - INFO - [epoch 1/3] batch 11450/15975 loss=3.0522
2025-12-04 13:03:42,644 - rf_experiment - INFO - [epoch 1/3] batch 11500/15975 loss=2.9568
2025-12-04 13:03:43,836 - rf_experiment - INFO - [epoch 1/3] batch 11550/15975 loss=3.1359
2025-12-04 13:03:44,985 - rf_experiment - INFO - [epoch 1/3] batch 11600/15975 loss=2.8005
2025-12-04 13:03:46,127 - rf_experiment - INFO - [epoch 1/3] batch 11650/15975 loss=2.9160
2025-12-04 13:03:47,286 - rf_experiment - INFO - [epoch 1/3] batch 11700/15975 loss=2.7388
2025-12-04 13:03:48,355 - rf_experiment - INFO - [epoch 1/3] batch 11750/15975 loss=2.9951
2025-12-04 13:03:49,551 - rf_experiment - INFO - [epoch 1/3] batch 11800/15975 loss=2.9026
2025-12-04 13:03:50,990 - rf_experiment - INFO - [epoch 1/3] batch 11850/15975 loss=3.0885
2025-12-04 13:03:52,187 - rf_experiment - INFO - [epoch 1/3] batch 11900/15975 loss=3.1975
2025-12-04 13:03:53,408 - rf_experiment - INFO - [epoch 1/3] batch 11950/15975 loss=2.9109
2025-12-04 13:03:54,600 - rf_experiment - INFO - [epoch 1/3] batch 12000/15975 loss=3.0437
2025-12-04 13:03:55,947 - rf_experiment - INFO - [epoch 1/3] batch 12050/15975 loss=3.1932
2025-12-04 13:03:57,134 - rf_experiment - INFO - [epoch 1/3] batch 12100/15975 loss=2.8142
2025-12-04 13:03:58,357 - rf_experiment - INFO - [epoch 1/3] batch 12150/15975 loss=2.9485
2025-12-04 13:03:59,547 - rf_experiment - INFO - [epoch 1/3] batch 12200/15975 loss=2.8571
2025-12-04 13:04:00,733 - rf_experiment - INFO - [epoch 1/3] batch 12250/15975 loss=3.0356
2025-12-04 13:04:01,857 - rf_experiment - INFO - [epoch 1/3] batch 12300/15975 loss=2.8484
2025-12-04 13:04:03,008 - rf_experiment - INFO - [epoch 1/3] batch 12350/15975 loss=2.8671
2025-12-04 13:04:04,183 - rf_experiment - INFO - [epoch 1/3] batch 12400/15975 loss=2.5279
2025-12-04 13:04:05,330 - rf_experiment - INFO - [epoch 1/3] batch 12450/15975 loss=2.9651
2025-12-04 13:04:06,459 - rf_experiment - INFO - [epoch 1/3] batch 12500/15975 loss=2.7983
2025-12-04 13:04:07,705 - rf_experiment - INFO - [epoch 1/3] batch 12550/15975 loss=2.7888
2025-12-04 13:04:08,914 - rf_experiment - INFO - [epoch 1/3] batch 12600/15975 loss=3.3542
2025-12-04 13:04:10,041 - rf_experiment - INFO - [epoch 1/3] batch 12650/15975 loss=2.9042
2025-12-04 13:04:11,207 - rf_experiment - INFO - [epoch 1/3] batch 12700/15975 loss=3.0200
2025-12-04 13:04:12,430 - rf_experiment - INFO - [epoch 1/3] batch 12750/15975 loss=3.0191
2025-12-04 13:04:13,561 - rf_experiment - INFO - [epoch 1/3] batch 12800/15975 loss=2.9549
2025-12-04 13:04:14,715 - rf_experiment - INFO - [epoch 1/3] batch 12850/15975 loss=3.1956
2025-12-04 13:04:15,813 - rf_experiment - INFO - [epoch 1/3] batch 12900/15975 loss=2.7280
2025-12-04 13:04:16,984 - rf_experiment - INFO - [epoch 1/3] batch 12950/15975 loss=3.0590
2025-12-04 13:04:18,226 - rf_experiment - INFO - [epoch 1/3] batch 13000/15975 loss=2.9371
2025-12-04 13:04:19,447 - rf_experiment - INFO - [epoch 1/3] batch 13050/15975 loss=2.9313
2025-12-04 13:04:20,771 - rf_experiment - INFO - [epoch 1/3] batch 13100/15975 loss=2.8545
2025-12-04 13:04:22,211 - rf_experiment - INFO - [epoch 1/3] batch 13150/15975 loss=3.1051
2025-12-04 13:04:23,550 - rf_experiment - INFO - [epoch 1/3] batch 13200/15975 loss=2.5391
2025-12-04 13:04:24,913 - rf_experiment - INFO - [epoch 1/3] batch 13250/15975 loss=3.0584
2025-12-04 13:04:26,244 - rf_experiment - INFO - [epoch 1/3] batch 13300/15975 loss=2.7391
2025-12-04 13:04:27,641 - rf_experiment - INFO - [epoch 1/3] batch 13350/15975 loss=3.0219
2025-12-04 13:04:29,093 - rf_experiment - INFO - [epoch 1/3] batch 13400/15975 loss=2.8472
2025-12-04 13:04:30,435 - rf_experiment - INFO - [epoch 1/3] batch 13450/15975 loss=2.9837
2025-12-04 13:04:31,798 - rf_experiment - INFO - [epoch 1/3] batch 13500/15975 loss=3.0294
2025-12-04 13:04:33,087 - rf_experiment - INFO - [epoch 1/3] batch 13550/15975 loss=3.0830
2025-12-04 13:04:34,374 - rf_experiment - INFO - [epoch 1/3] batch 13600/15975 loss=2.7521
2025-12-04 13:04:35,655 - rf_experiment - INFO - [epoch 1/3] batch 13650/15975 loss=2.5707
2025-12-04 13:04:36,979 - rf_experiment - INFO - [epoch 1/3] batch 13700/15975 loss=2.9426
2025-12-04 13:04:38,288 - rf_experiment - INFO - [epoch 1/3] batch 13750/15975 loss=2.8466
2025-12-04 13:04:39,658 - rf_experiment - INFO - [epoch 1/3] batch 13800/15975 loss=2.7860
2025-12-04 13:04:41,026 - rf_experiment - INFO - [epoch 1/3] batch 13850/15975 loss=2.8599
2025-12-04 13:04:42,391 - rf_experiment - INFO - [epoch 1/3] batch 13900/15975 loss=3.0457
2025-12-04 13:04:43,810 - rf_experiment - INFO - [epoch 1/3] batch 13950/15975 loss=3.1787
2025-12-04 13:04:45,158 - rf_experiment - INFO - [epoch 1/3] batch 14000/15975 loss=2.9886
2025-12-04 13:04:46,497 - rf_experiment - INFO - [epoch 1/3] batch 14050/15975 loss=2.9169
2025-12-04 13:04:47,869 - rf_experiment - INFO - [epoch 1/3] batch 14100/15975 loss=3.0814
2025-12-04 13:04:49,280 - rf_experiment - INFO - [epoch 1/3] batch 14150/15975 loss=2.9647
2025-12-04 13:04:51,185 - rf_experiment - INFO - [epoch 1/3] batch 14200/15975 loss=3.2091
2025-12-04 13:04:52,627 - rf_experiment - INFO - [epoch 1/3] batch 14250/15975 loss=2.8527
2025-12-04 13:04:54,057 - rf_experiment - INFO - [epoch 1/3] batch 14300/15975 loss=2.8905
2025-12-04 13:04:55,404 - rf_experiment - INFO - [epoch 1/3] batch 14350/15975 loss=2.9757
2025-12-04 13:04:56,699 - rf_experiment - INFO - [epoch 1/3] batch 14400/15975 loss=2.6025
2025-12-04 13:04:57,990 - rf_experiment - INFO - [epoch 1/3] batch 14450/15975 loss=2.9301
2025-12-04 13:04:59,283 - rf_experiment - INFO - [epoch 1/3] batch 14500/15975 loss=2.5719
2025-12-04 13:05:00,770 - rf_experiment - INFO - [epoch 1/3] batch 14550/15975 loss=3.1820
2025-12-04 13:05:02,134 - rf_experiment - INFO - [epoch 1/3] batch 14600/15975 loss=3.0282
2025-12-04 13:05:03,490 - rf_experiment - INFO - [epoch 1/3] batch 14650/15975 loss=2.9797
2025-12-04 13:05:04,786 - rf_experiment - INFO - [epoch 1/3] batch 14700/15975 loss=2.8107
2025-12-04 13:05:06,081 - rf_experiment - INFO - [epoch 1/3] batch 14750/15975 loss=2.9926
2025-12-04 13:05:07,405 - rf_experiment - INFO - [epoch 1/3] batch 14800/15975 loss=3.0713
2025-12-04 13:05:08,692 - rf_experiment - INFO - [epoch 1/3] batch 14850/15975 loss=2.8008
2025-12-04 13:05:09,968 - rf_experiment - INFO - [epoch 1/3] batch 14900/15975 loss=2.8540
2025-12-04 13:05:11,223 - rf_experiment - INFO - [epoch 1/3] batch 14950/15975 loss=2.4644
2025-12-04 13:05:12,529 - rf_experiment - INFO - [epoch 1/3] batch 15000/15975 loss=2.7266
2025-12-04 13:05:13,835 - rf_experiment - INFO - [epoch 1/3] batch 15050/15975 loss=2.8340
2025-12-04 13:05:15,195 - rf_experiment - INFO - [epoch 1/3] batch 15100/15975 loss=3.1162
2025-12-04 13:05:16,488 - rf_experiment - INFO - [epoch 1/3] batch 15150/15975 loss=3.2603
2025-12-04 13:05:17,717 - rf_experiment - INFO - [epoch 1/3] batch 15200/15975 loss=3.2253
2025-12-04 13:05:18,995 - rf_experiment - INFO - [epoch 1/3] batch 15250/15975 loss=3.1018
2025-12-04 13:05:20,286 - rf_experiment - INFO - [epoch 1/3] batch 15300/15975 loss=2.7797
2025-12-04 13:05:21,611 - rf_experiment - INFO - [epoch 1/3] batch 15350/15975 loss=2.9138
2025-12-04 13:05:22,881 - rf_experiment - INFO - [epoch 1/3] batch 15400/15975 loss=3.0217
2025-12-04 13:05:24,159 - rf_experiment - INFO - [epoch 1/3] batch 15450/15975 loss=2.8665
2025-12-04 13:05:25,469 - rf_experiment - INFO - [epoch 1/3] batch 15500/15975 loss=3.3019
2025-12-04 13:05:26,770 - rf_experiment - INFO - [epoch 1/3] batch 15550/15975 loss=3.0518
2025-12-04 13:05:28,060 - rf_experiment - INFO - [epoch 1/3] batch 15600/15975 loss=3.0174
2025-12-04 13:05:29,364 - rf_experiment - INFO - [epoch 1/3] batch 15650/15975 loss=2.8243
2025-12-04 13:05:30,739 - rf_experiment - INFO - [epoch 1/3] batch 15700/15975 loss=2.8983
2025-12-04 13:05:32,173 - rf_experiment - INFO - [epoch 1/3] batch 15750/15975 loss=2.6805
2025-12-04 13:05:33,515 - rf_experiment - INFO - [epoch 1/3] batch 15800/15975 loss=2.9687
2025-12-04 13:05:34,765 - rf_experiment - INFO - [epoch 1/3] batch 15850/15975 loss=2.6778
2025-12-04 13:05:35,992 - rf_experiment - INFO - [epoch 1/3] batch 15900/15975 loss=3.2243
2025-12-04 13:05:37,292 - rf_experiment - INFO - [epoch 1/3] batch 15950/15975 loss=3.0829
2025-12-04 13:05:37,915 - rf_experiment - INFO - [epoch 1] train_loss=2.9587, train_acc=0.1591
2025-12-04 13:05:37,915 - rf_experiment - INFO - [epoch 1] train_loss=2.9587, train_acc=0.1591
2025-12-04 13:06:30,691 - rf_experiment - INFO - [epoch 1] val_loss=2.8063, val_acc=0.1659
2025-12-04 13:06:30,693 - rf_experiment - INFO - [epoch 2/3] training...
2025-12-04 13:06:32,047 - rf_experiment - INFO - [epoch 2/3] batch 50/15975 loss=2.9840
2025-12-04 13:06:33,296 - rf_experiment - INFO - [epoch 2/3] batch 100/15975 loss=3.2847
2025-12-04 13:06:34,622 - rf_experiment - INFO - [epoch 2/3] batch 150/15975 loss=3.0683
2025-12-04 13:06:35,933 - rf_experiment - INFO - [epoch 2/3] batch 200/15975 loss=2.7364
2025-12-04 13:06:37,241 - rf_experiment - INFO - [epoch 2/3] batch 250/15975 loss=2.8108
2025-12-04 13:06:38,518 - rf_experiment - INFO - [epoch 2/3] batch 300/15975 loss=3.0530
2025-12-04 13:06:39,775 - rf_experiment - INFO - [epoch 2/3] batch 350/15975 loss=2.7278
2025-12-04 13:06:41,024 - rf_experiment - INFO - [epoch 2/3] batch 400/15975 loss=3.0118
2025-12-04 13:06:42,334 - rf_experiment - INFO - [epoch 2/3] batch 450/15975 loss=2.9147
2025-12-04 13:06:43,636 - rf_experiment - INFO - [epoch 2/3] batch 500/15975 loss=2.8817
2025-12-04 13:06:44,944 - rf_experiment - INFO - [epoch 2/3] batch 550/15975 loss=2.8565
2025-12-04 13:06:46,171 - rf_experiment - INFO - [epoch 2/3] batch 600/15975 loss=2.9310
2025-12-04 13:06:47,380 - rf_experiment - INFO - [epoch 2/3] batch 650/15975 loss=2.9717
2025-12-04 13:06:48,674 - rf_experiment - INFO - [epoch 2/3] batch 700/15975 loss=3.0565
2025-12-04 13:06:50,267 - rf_experiment - INFO - [epoch 2/3] batch 750/15975 loss=2.9868
2025-12-04 13:06:51,654 - rf_experiment - INFO - [epoch 2/3] batch 800/15975 loss=3.0700
2025-12-04 13:06:52,923 - rf_experiment - INFO - [epoch 2/3] batch 850/15975 loss=2.9954
2025-12-04 13:06:54,204 - rf_experiment - INFO - [epoch 2/3] batch 900/15975 loss=3.2654
2025-12-04 13:06:55,519 - rf_experiment - INFO - [epoch 2/3] batch 950/15975 loss=2.9396
2025-12-04 13:06:56,764 - rf_experiment - INFO - [epoch 2/3] batch 1000/15975 loss=3.1560
2025-12-04 13:06:58,040 - rf_experiment - INFO - [epoch 2/3] batch 1050/15975 loss=3.1541
2025-12-04 13:06:59,253 - rf_experiment - INFO - [epoch 2/3] batch 1100/15975 loss=2.8308
2025-12-04 13:07:00,465 - rf_experiment - INFO - [epoch 2/3] batch 1150/15975 loss=3.1132
2025-12-04 13:07:01,774 - rf_experiment - INFO - [epoch 2/3] batch 1200/15975 loss=3.2380
2025-12-04 13:07:03,067 - rf_experiment - INFO - [epoch 2/3] batch 1250/15975 loss=2.8231
2025-12-04 13:07:04,321 - rf_experiment - INFO - [epoch 2/3] batch 1300/15975 loss=2.9309
2025-12-04 13:07:05,559 - rf_experiment - INFO - [epoch 2/3] batch 1350/15975 loss=2.9454
2025-12-04 13:07:06,792 - rf_experiment - INFO - [epoch 2/3] batch 1400/15975 loss=3.1206
2025-12-04 13:07:08,076 - rf_experiment - INFO - [epoch 2/3] batch 1450/15975 loss=2.8394
2025-12-04 13:07:09,379 - rf_experiment - INFO - [epoch 2/3] batch 1500/15975 loss=2.8849
2025-12-04 13:07:10,666 - rf_experiment - INFO - [epoch 2/3] batch 1550/15975 loss=2.9024
2025-12-04 13:07:11,943 - rf_experiment - INFO - [epoch 2/3] batch 1600/15975 loss=3.2101
2025-12-04 13:07:13,246 - rf_experiment - INFO - [epoch 2/3] batch 1650/15975 loss=2.5756
2025-12-04 13:07:14,528 - rf_experiment - INFO - [epoch 2/3] batch 1700/15975 loss=3.1812
2025-12-04 13:07:15,822 - rf_experiment - INFO - [epoch 2/3] batch 1750/15975 loss=2.6667
2025-12-04 13:07:17,082 - rf_experiment - INFO - [epoch 2/3] batch 1800/15975 loss=2.9035
2025-12-04 13:07:18,309 - rf_experiment - INFO - [epoch 2/3] batch 1850/15975 loss=3.0335
2025-12-04 13:07:19,552 - rf_experiment - INFO - [epoch 2/3] batch 1900/15975 loss=3.2444
2025-12-04 13:07:20,838 - rf_experiment - INFO - [epoch 2/3] batch 1950/15975 loss=2.7838
2025-12-04 13:07:22,130 - rf_experiment - INFO - [epoch 2/3] batch 2000/15975 loss=2.6908
2025-12-04 13:07:23,415 - rf_experiment - INFO - [epoch 2/3] batch 2050/15975 loss=3.2782
2025-12-04 13:07:24,670 - rf_experiment - INFO - [epoch 2/3] batch 2100/15975 loss=3.0840
2025-12-04 13:07:25,921 - rf_experiment - INFO - [epoch 2/3] batch 2150/15975 loss=3.0903
2025-12-04 13:07:27,212 - rf_experiment - INFO - [epoch 2/3] batch 2200/15975 loss=2.9550
2025-12-04 13:07:28,480 - rf_experiment - INFO - [epoch 2/3] batch 2250/15975 loss=3.1157
2025-12-04 13:07:29,705 - rf_experiment - INFO - [epoch 2/3] batch 2300/15975 loss=2.9039
2025-12-04 13:07:30,940 - rf_experiment - INFO - [epoch 2/3] batch 2350/15975 loss=3.0342
2025-12-04 13:07:32,180 - rf_experiment - INFO - [epoch 2/3] batch 2400/15975 loss=2.9825
2025-12-04 13:07:33,585 - rf_experiment - INFO - [epoch 2/3] batch 2450/15975 loss=2.9614
2025-12-04 13:07:34,876 - rf_experiment - INFO - [epoch 2/3] batch 2500/15975 loss=3.0319
2025-12-04 13:07:36,159 - rf_experiment - INFO - [epoch 2/3] batch 2550/15975 loss=2.8436
2025-12-04 13:07:37,447 - rf_experiment - INFO - [epoch 2/3] batch 2600/15975 loss=3.1612
2025-12-04 13:07:38,696 - rf_experiment - INFO - [epoch 2/3] batch 2650/15975 loss=2.9928
2025-12-04 13:07:40,018 - rf_experiment - INFO - [epoch 2/3] batch 2700/15975 loss=2.8171
2025-12-04 13:07:41,306 - rf_experiment - INFO - [epoch 2/3] batch 2750/15975 loss=3.2295
2025-12-04 13:07:42,547 - rf_experiment - INFO - [epoch 2/3] batch 2800/15975 loss=3.0347
2025-12-04 13:07:43,764 - rf_experiment - INFO - [epoch 2/3] batch 2850/15975 loss=3.0959
2025-12-04 13:07:44,997 - rf_experiment - INFO - [epoch 2/3] batch 2900/15975 loss=3.0294
2025-12-04 13:07:46,314 - rf_experiment - INFO - [epoch 2/3] batch 2950/15975 loss=3.1124
2025-12-04 13:07:47,590 - rf_experiment - INFO - [epoch 2/3] batch 3000/15975 loss=3.1629
2025-12-04 13:07:48,786 - rf_experiment - INFO - [epoch 2/3] batch 3050/15975 loss=3.0000
2025-12-04 13:07:50,170 - rf_experiment - INFO - [epoch 2/3] batch 3100/15975 loss=3.1248
2025-12-04 13:07:51,449 - rf_experiment - INFO - [epoch 2/3] batch 3150/15975 loss=2.8673
2025-12-04 13:07:52,728 - rf_experiment - INFO - [epoch 2/3] batch 3200/15975 loss=2.9004
2025-12-04 13:07:54,048 - rf_experiment - INFO - [epoch 2/3] batch 3250/15975 loss=2.9301
2025-12-04 13:07:55,337 - rf_experiment - INFO - [epoch 2/3] batch 3300/15975 loss=2.8825
2025-12-04 13:07:56,613 - rf_experiment - INFO - [epoch 2/3] batch 3350/15975 loss=3.0594
2025-12-04 13:07:57,920 - rf_experiment - INFO - [epoch 2/3] batch 3400/15975 loss=2.7824
2025-12-04 13:07:59,225 - rf_experiment - INFO - [epoch 2/3] batch 3450/15975 loss=3.0694
2025-12-04 13:08:00,505 - rf_experiment - INFO - [epoch 2/3] batch 3500/15975 loss=2.7066
2025-12-04 13:08:01,762 - rf_experiment - INFO - [epoch 2/3] batch 3550/15975 loss=3.0934
2025-12-04 13:08:03,078 - rf_experiment - INFO - [epoch 2/3] batch 3600/15975 loss=2.7654
2025-12-04 13:08:04,402 - rf_experiment - INFO - [epoch 2/3] batch 3650/15975 loss=2.9381
2025-12-04 13:08:05,686 - rf_experiment - INFO - [epoch 2/3] batch 3700/15975 loss=2.9251
2025-12-04 13:08:06,908 - rf_experiment - INFO - [epoch 2/3] batch 3750/15975 loss=2.9931
2025-12-04 13:08:08,121 - rf_experiment - INFO - [epoch 2/3] batch 3800/15975 loss=2.8182
2025-12-04 13:08:09,355 - rf_experiment - INFO - [epoch 2/3] batch 3850/15975 loss=2.8107
2025-12-04 13:08:10,650 - rf_experiment - INFO - [epoch 2/3] batch 3900/15975 loss=2.8521
2025-12-04 13:08:11,973 - rf_experiment - INFO - [epoch 2/3] batch 3950/15975 loss=3.1288
2025-12-04 13:08:13,281 - rf_experiment - INFO - [epoch 2/3] batch 4000/15975 loss=3.0914
2025-12-04 13:08:14,525 - rf_experiment - INFO - [epoch 2/3] batch 4050/15975 loss=2.9829
2025-12-04 13:08:15,791 - rf_experiment - INFO - [epoch 2/3] batch 4100/15975 loss=2.8037
2025-12-04 13:08:17,112 - rf_experiment - INFO - [epoch 2/3] batch 4150/15975 loss=2.5358
2025-12-04 13:08:18,431 - rf_experiment - INFO - [epoch 2/3] batch 4200/15975 loss=3.0403
2025-12-04 13:08:19,769 - rf_experiment - INFO - [epoch 2/3] batch 4250/15975 loss=2.8933
2025-12-04 13:08:21,057 - rf_experiment - INFO - [epoch 2/3] batch 4300/15975 loss=3.1217
2025-12-04 13:08:22,328 - rf_experiment - INFO - [epoch 2/3] batch 4350/15975 loss=3.1353
2025-12-04 13:08:23,699 - rf_experiment - INFO - [epoch 2/3] batch 4400/15975 loss=2.8152
2025-12-04 13:08:25,026 - rf_experiment - INFO - [epoch 2/3] batch 4450/15975 loss=3.1712
2025-12-04 13:08:26,263 - rf_experiment - INFO - [epoch 2/3] batch 4500/15975 loss=2.9036
2025-12-04 13:08:27,471 - rf_experiment - INFO - [epoch 2/3] batch 4550/15975 loss=3.2316
2025-12-04 13:08:28,673 - rf_experiment - INFO - [epoch 2/3] batch 4600/15975 loss=3.0000
2025-12-04 13:08:29,916 - rf_experiment - INFO - [epoch 2/3] batch 4650/15975 loss=2.9974
2025-12-04 13:08:31,162 - rf_experiment - INFO - [epoch 2/3] batch 4700/15975 loss=2.5259
2025-12-04 13:08:32,385 - rf_experiment - INFO - [epoch 2/3] batch 4750/15975 loss=3.0302
2025-12-04 13:08:33,597 - rf_experiment - INFO - [epoch 2/3] batch 4800/15975 loss=3.2053
2025-12-04 13:08:34,847 - rf_experiment - INFO - [epoch 2/3] batch 4850/15975 loss=3.1728
2025-12-04 13:08:36,118 - rf_experiment - INFO - [epoch 2/3] batch 4900/15975 loss=2.9478
2025-12-04 13:08:37,390 - rf_experiment - INFO - [epoch 2/3] batch 4950/15975 loss=2.5889
2025-12-04 13:08:38,657 - rf_experiment - INFO - [epoch 2/3] batch 5000/15975 loss=3.0091
2025-12-04 13:08:39,890 - rf_experiment - INFO - [epoch 2/3] batch 5050/15975 loss=3.0787
2025-12-04 13:08:41,140 - rf_experiment - INFO - [epoch 2/3] batch 5100/15975 loss=2.9931
2025-12-04 13:08:42,472 - rf_experiment - INFO - [epoch 2/3] batch 5150/15975 loss=3.1440
2025-12-04 13:08:43,778 - rf_experiment - INFO - [epoch 2/3] batch 5200/15975 loss=3.1088
2025-12-04 13:08:45,072 - rf_experiment - INFO - [epoch 2/3] batch 5250/15975 loss=2.9764
2025-12-04 13:08:46,311 - rf_experiment - INFO - [epoch 2/3] batch 5300/15975 loss=3.2728
2025-12-04 13:08:47,554 - rf_experiment - INFO - [epoch 2/3] batch 5350/15975 loss=3.0362
2025-12-04 13:08:48,866 - rf_experiment - INFO - [epoch 2/3] batch 5400/15975 loss=3.0593
2025-12-04 13:08:50,441 - rf_experiment - INFO - [epoch 2/3] batch 5450/15975 loss=2.5373
2025-12-04 13:08:51,706 - rf_experiment - INFO - [epoch 2/3] batch 5500/15975 loss=3.0005
2025-12-04 13:08:52,981 - rf_experiment - INFO - [epoch 2/3] batch 5550/15975 loss=2.9182
2025-12-04 13:08:54,307 - rf_experiment - INFO - [epoch 2/3] batch 5600/15975 loss=3.1112
2025-12-04 13:08:55,628 - rf_experiment - INFO - [epoch 2/3] batch 5650/15975 loss=2.7713
2025-12-04 13:08:56,909 - rf_experiment - INFO - [epoch 2/3] batch 5700/15975 loss=3.0001
2025-12-04 13:08:58,178 - rf_experiment - INFO - [epoch 2/3] batch 5750/15975 loss=2.8200
2025-12-04 13:08:59,434 - rf_experiment - INFO - [epoch 2/3] batch 5800/15975 loss=2.5315
2025-12-04 13:09:00,675 - rf_experiment - INFO - [epoch 2/3] batch 5850/15975 loss=3.0032
2025-12-04 13:09:01,964 - rf_experiment - INFO - [epoch 2/3] batch 5900/15975 loss=3.0238
2025-12-04 13:09:03,267 - rf_experiment - INFO - [epoch 2/3] batch 5950/15975 loss=3.0363
2025-12-04 13:09:04,534 - rf_experiment - INFO - [epoch 2/3] batch 6000/15975 loss=3.0955
2025-12-04 13:09:05,802 - rf_experiment - INFO - [epoch 2/3] batch 6050/15975 loss=2.8887
2025-12-04 13:09:07,046 - rf_experiment - INFO - [epoch 2/3] batch 6100/15975 loss=2.9497
2025-12-04 13:09:08,323 - rf_experiment - INFO - [epoch 2/3] batch 6150/15975 loss=3.0021
2025-12-04 13:09:09,605 - rf_experiment - INFO - [epoch 2/3] batch 6200/15975 loss=2.8136
2025-12-04 13:09:10,885 - rf_experiment - INFO - [epoch 2/3] batch 6250/15975 loss=2.7966
2025-12-04 13:09:12,175 - rf_experiment - INFO - [epoch 2/3] batch 6300/15975 loss=3.0212
2025-12-04 13:09:13,460 - rf_experiment - INFO - [epoch 2/3] batch 6350/15975 loss=2.9596
2025-12-04 13:09:14,791 - rf_experiment - INFO - [epoch 2/3] batch 6400/15975 loss=2.8525
2025-12-04 13:09:16,114 - rf_experiment - INFO - [epoch 2/3] batch 6450/15975 loss=3.0657
2025-12-04 13:09:17,401 - rf_experiment - INFO - [epoch 2/3] batch 6500/15975 loss=3.1183
2025-12-04 13:09:18,710 - rf_experiment - INFO - [epoch 2/3] batch 6550/15975 loss=3.2740
2025-12-04 13:09:19,974 - rf_experiment - INFO - [epoch 2/3] batch 6600/15975 loss=3.2285
2025-12-04 13:09:21,249 - rf_experiment - INFO - [epoch 2/3] batch 6650/15975 loss=2.9234
2025-12-04 13:09:22,522 - rf_experiment - INFO - [epoch 2/3] batch 6700/15975 loss=3.0231
2025-12-04 13:09:23,809 - rf_experiment - INFO - [epoch 2/3] batch 6750/15975 loss=3.2022
2025-12-04 13:09:25,060 - rf_experiment - INFO - [epoch 2/3] batch 6800/15975 loss=3.0309
2025-12-04 13:09:26,306 - rf_experiment - INFO - [epoch 2/3] batch 6850/15975 loss=2.8094
2025-12-04 13:09:27,623 - rf_experiment - INFO - [epoch 2/3] batch 6900/15975 loss=3.1877
2025-12-04 13:09:28,903 - rf_experiment - INFO - [epoch 2/3] batch 6950/15975 loss=2.9037
2025-12-04 13:09:30,160 - rf_experiment - INFO - [epoch 2/3] batch 7000/15975 loss=3.1315
2025-12-04 13:09:31,409 - rf_experiment - INFO - [epoch 2/3] batch 7050/15975 loss=3.2097
2025-12-04 13:09:32,709 - rf_experiment - INFO - [epoch 2/3] batch 7100/15975 loss=2.9362
2025-12-04 13:09:34,012 - rf_experiment - INFO - [epoch 2/3] batch 7150/15975 loss=2.6649
2025-12-04 13:09:35,342 - rf_experiment - INFO - [epoch 2/3] batch 7200/15975 loss=2.8116
2025-12-04 13:09:36,616 - rf_experiment - INFO - [epoch 2/3] batch 7250/15975 loss=2.9314
2025-12-04 13:09:37,896 - rf_experiment - INFO - [epoch 2/3] batch 7300/15975 loss=3.0408
2025-12-04 13:09:39,173 - rf_experiment - INFO - [epoch 2/3] batch 7350/15975 loss=2.5509
2025-12-04 13:09:40,464 - rf_experiment - INFO - [epoch 2/3] batch 7400/15975 loss=2.9246
2025-12-04 13:09:41,736 - rf_experiment - INFO - [epoch 2/3] batch 7450/15975 loss=2.8275
2025-12-04 13:09:43,031 - rf_experiment - INFO - [epoch 2/3] batch 7500/15975 loss=3.2646
2025-12-04 13:09:44,310 - rf_experiment - INFO - [epoch 2/3] batch 7550/15975 loss=3.0486
2025-12-04 13:09:45,592 - rf_experiment - INFO - [epoch 2/3] batch 7600/15975 loss=2.9331
2025-12-04 13:09:46,886 - rf_experiment - INFO - [epoch 2/3] batch 7650/15975 loss=3.0710
2025-12-04 13:09:48,228 - rf_experiment - INFO - [epoch 2/3] batch 7700/15975 loss=3.1111
2025-12-04 13:09:49,636 - rf_experiment - INFO - [epoch 2/3] batch 7750/15975 loss=3.0590
2025-12-04 13:09:51,084 - rf_experiment - INFO - [epoch 2/3] batch 7800/15975 loss=3.1740
2025-12-04 13:09:52,367 - rf_experiment - INFO - [epoch 2/3] batch 7850/15975 loss=3.0470
2025-12-04 13:09:53,664 - rf_experiment - INFO - [epoch 2/3] batch 7900/15975 loss=3.0863
2025-12-04 13:09:54,970 - rf_experiment - INFO - [epoch 2/3] batch 7950/15975 loss=3.1844
2025-12-04 13:09:56,179 - rf_experiment - INFO - [epoch 2/3] batch 8000/15975 loss=2.9380
2025-12-04 13:09:57,407 - rf_experiment - INFO - [epoch 2/3] batch 8050/15975 loss=2.8840
2025-12-04 13:09:58,722 - rf_experiment - INFO - [epoch 2/3] batch 8100/15975 loss=2.7675
2025-12-04 13:10:00,022 - rf_experiment - INFO - [epoch 2/3] batch 8150/15975 loss=3.0798
2025-12-04 13:10:01,377 - rf_experiment - INFO - [epoch 2/3] batch 8200/15975 loss=2.7232
2025-12-04 13:10:02,699 - rf_experiment - INFO - [epoch 2/3] batch 8250/15975 loss=2.7114
2025-12-04 13:10:03,969 - rf_experiment - INFO - [epoch 2/3] batch 8300/15975 loss=3.0554
2025-12-04 13:10:05,185 - rf_experiment - INFO - [epoch 2/3] batch 8350/15975 loss=2.9266
2025-12-04 13:10:06,420 - rf_experiment - INFO - [epoch 2/3] batch 8400/15975 loss=2.6888
2025-12-04 13:10:07,711 - rf_experiment - INFO - [epoch 2/3] batch 8450/15975 loss=2.6698
2025-12-04 13:10:08,948 - rf_experiment - INFO - [epoch 2/3] batch 8500/15975 loss=2.7692
2025-12-04 13:10:10,187 - rf_experiment - INFO - [epoch 2/3] batch 8550/15975 loss=3.2271
2025-12-04 13:10:11,426 - rf_experiment - INFO - [epoch 2/3] batch 8600/15975 loss=3.2335
2025-12-04 13:10:12,735 - rf_experiment - INFO - [epoch 2/3] batch 8650/15975 loss=2.9927
2025-12-04 13:10:14,029 - rf_experiment - INFO - [epoch 2/3] batch 8700/15975 loss=2.8460
2025-12-04 13:10:15,281 - rf_experiment - INFO - [epoch 2/3] batch 8750/15975 loss=3.1010
2025-12-04 13:10:16,496 - rf_experiment - INFO - [epoch 2/3] batch 8800/15975 loss=3.3512
2025-12-04 13:10:17,733 - rf_experiment - INFO - [epoch 2/3] batch 8850/15975 loss=2.6965
2025-12-04 13:10:19,037 - rf_experiment - INFO - [epoch 2/3] batch 8900/15975 loss=2.5368
2025-12-04 13:10:20,353 - rf_experiment - INFO - [epoch 2/3] batch 8950/15975 loss=2.5677
2025-12-04 13:10:21,606 - rf_experiment - INFO - [epoch 2/3] batch 9000/15975 loss=3.1157
2025-12-04 13:10:22,874 - rf_experiment - INFO - [epoch 2/3] batch 9050/15975 loss=2.9629
2025-12-04 13:10:24,154 - rf_experiment - INFO - [epoch 2/3] batch 9100/15975 loss=3.0843
2025-12-04 13:10:25,424 - rf_experiment - INFO - [epoch 2/3] batch 9150/15975 loss=3.1130
2025-12-04 13:10:26,693 - rf_experiment - INFO - [epoch 2/3] batch 9200/15975 loss=3.1151
2025-12-04 13:10:27,939 - rf_experiment - INFO - [epoch 2/3] batch 9250/15975 loss=2.9275
2025-12-04 13:10:29,185 - rf_experiment - INFO - [epoch 2/3] batch 9300/15975 loss=3.1880
2025-12-04 13:10:30,411 - rf_experiment - INFO - [epoch 2/3] batch 9350/15975 loss=3.0282
2025-12-04 13:10:31,688 - rf_experiment - INFO - [epoch 2/3] batch 9400/15975 loss=2.7977
2025-12-04 13:10:32,980 - rf_experiment - INFO - [epoch 2/3] batch 9450/15975 loss=2.6229
2025-12-04 13:10:34,255 - rf_experiment - INFO - [epoch 2/3] batch 9500/15975 loss=3.0934
2025-12-04 13:10:35,527 - rf_experiment - INFO - [epoch 2/3] batch 9550/15975 loss=2.6861
2025-12-04 13:10:36,782 - rf_experiment - INFO - [epoch 2/3] batch 9600/15975 loss=2.8641
2025-12-04 13:10:38,096 - rf_experiment - INFO - [epoch 2/3] batch 9650/15975 loss=2.9442
2025-12-04 13:10:39,383 - rf_experiment - INFO - [epoch 2/3] batch 9700/15975 loss=3.0658
2025-12-04 13:10:40,652 - rf_experiment - INFO - [epoch 2/3] batch 9750/15975 loss=2.9897
2025-12-04 13:10:41,901 - rf_experiment - INFO - [epoch 2/3] batch 9800/15975 loss=2.8817
2025-12-04 13:10:43,134 - rf_experiment - INFO - [epoch 2/3] batch 9850/15975 loss=3.1557
2025-12-04 13:10:44,439 - rf_experiment - INFO - [epoch 2/3] batch 9900/15975 loss=3.1284
2025-12-04 13:10:45,725 - rf_experiment - INFO - [epoch 2/3] batch 9950/15975 loss=3.1489
2025-12-04 13:10:46,984 - rf_experiment - INFO - [epoch 2/3] batch 10000/15975 loss=3.0452
2025-12-04 13:10:48,233 - rf_experiment - INFO - [epoch 2/3] batch 10050/15975 loss=3.0045
2025-12-04 13:10:49,594 - rf_experiment - INFO - [epoch 2/3] batch 10100/15975 loss=3.1857
2025-12-04 13:10:51,023 - rf_experiment - INFO - [epoch 2/3] batch 10150/15975 loss=2.8430
2025-12-04 13:10:52,317 - rf_experiment - INFO - [epoch 2/3] batch 10200/15975 loss=2.9425
2025-12-04 13:10:53,578 - rf_experiment - INFO - [epoch 2/3] batch 10250/15975 loss=3.0474
2025-12-04 13:10:54,816 - rf_experiment - INFO - [epoch 2/3] batch 10300/15975 loss=2.7735
2025-12-04 13:10:56,074 - rf_experiment - INFO - [epoch 2/3] batch 10350/15975 loss=2.9532
2025-12-04 13:10:57,298 - rf_experiment - INFO - [epoch 2/3] batch 10400/15975 loss=2.9457
2025-12-04 13:10:58,517 - rf_experiment - INFO - [epoch 2/3] batch 10450/15975 loss=3.0385
2025-12-04 13:10:59,803 - rf_experiment - INFO - [epoch 2/3] batch 10500/15975 loss=2.8047
2025-12-04 13:11:01,058 - rf_experiment - INFO - [epoch 2/3] batch 10550/15975 loss=2.9511
2025-12-04 13:11:02,297 - rf_experiment - INFO - [epoch 2/3] batch 10600/15975 loss=2.9411
2025-12-04 13:11:03,479 - rf_experiment - INFO - [epoch 2/3] batch 10650/15975 loss=2.7944
2025-12-04 13:11:04,743 - rf_experiment - INFO - [epoch 2/3] batch 10700/15975 loss=2.9668
2025-12-04 13:11:05,976 - rf_experiment - INFO - [epoch 2/3] batch 10750/15975 loss=3.0040
2025-12-04 13:11:07,198 - rf_experiment - INFO - [epoch 2/3] batch 10800/15975 loss=2.9323
2025-12-04 13:11:08,385 - rf_experiment - INFO - [epoch 2/3] batch 10850/15975 loss=2.5352
2025-12-04 13:11:09,554 - rf_experiment - INFO - [epoch 2/3] batch 10900/15975 loss=3.1026
2025-12-04 13:11:10,808 - rf_experiment - INFO - [epoch 2/3] batch 10950/15975 loss=2.9284
2025-12-04 13:11:12,140 - rf_experiment - INFO - [epoch 2/3] batch 11000/15975 loss=2.8641
2025-12-04 13:11:13,459 - rf_experiment - INFO - [epoch 2/3] batch 11050/15975 loss=3.0522
2025-12-04 13:11:14,730 - rf_experiment - INFO - [epoch 2/3] batch 11100/15975 loss=2.6971
2025-12-04 13:11:15,973 - rf_experiment - INFO - [epoch 2/3] batch 11150/15975 loss=3.1384
2025-12-04 13:11:17,235 - rf_experiment - INFO - [epoch 2/3] batch 11200/15975 loss=2.6808
2025-12-04 13:11:18,527 - rf_experiment - INFO - [epoch 2/3] batch 11250/15975 loss=3.1356
2025-12-04 13:11:19,774 - rf_experiment - INFO - [epoch 2/3] batch 11300/15975 loss=3.1327
2025-12-04 13:11:21,079 - rf_experiment - INFO - [epoch 2/3] batch 11350/15975 loss=3.0002
2025-12-04 13:11:22,315 - rf_experiment - INFO - [epoch 2/3] batch 11400/15975 loss=2.8028
2025-12-04 13:11:23,538 - rf_experiment - INFO - [epoch 2/3] batch 11450/15975 loss=3.2509
2025-12-04 13:11:24,751 - rf_experiment - INFO - [epoch 2/3] batch 11500/15975 loss=2.7864
2025-12-04 13:11:25,980 - rf_experiment - INFO - [epoch 2/3] batch 11550/15975 loss=2.8218
2025-12-04 13:11:27,198 - rf_experiment - INFO - [epoch 2/3] batch 11600/15975 loss=2.9428
2025-12-04 13:11:28,495 - rf_experiment - INFO - [epoch 2/3] batch 11650/15975 loss=2.9252
2025-12-04 13:11:29,802 - rf_experiment - INFO - [epoch 2/3] batch 11700/15975 loss=2.8230
2025-12-04 13:11:31,125 - rf_experiment - INFO - [epoch 2/3] batch 11750/15975 loss=2.7437
2025-12-04 13:11:32,423 - rf_experiment - INFO - [epoch 2/3] batch 11800/15975 loss=2.8254
2025-12-04 13:11:33,697 - rf_experiment - INFO - [epoch 2/3] batch 11850/15975 loss=2.6577
2025-12-04 13:11:34,949 - rf_experiment - INFO - [epoch 2/3] batch 11900/15975 loss=3.0481
2025-12-04 13:11:36,204 - rf_experiment - INFO - [epoch 2/3] batch 11950/15975 loss=3.2374
2025-12-04 13:11:37,505 - rf_experiment - INFO - [epoch 2/3] batch 12000/15975 loss=3.2600
2025-12-04 13:11:38,794 - rf_experiment - INFO - [epoch 2/3] batch 12050/15975 loss=2.7671
2025-12-04 13:11:40,134 - rf_experiment - INFO - [epoch 2/3] batch 12100/15975 loss=3.0157
2025-12-04 13:11:41,425 - rf_experiment - INFO - [epoch 2/3] batch 12150/15975 loss=3.1003
2025-12-04 13:11:42,699 - rf_experiment - INFO - [epoch 2/3] batch 12200/15975 loss=3.0222
2025-12-04 13:11:44,006 - rf_experiment - INFO - [epoch 2/3] batch 12250/15975 loss=3.0636
2025-12-04 13:11:45,292 - rf_experiment - INFO - [epoch 2/3] batch 12300/15975 loss=2.8544
2025-12-04 13:11:46,594 - rf_experiment - INFO - [epoch 2/3] batch 12350/15975 loss=2.7855
2025-12-04 13:11:47,867 - rf_experiment - INFO - [epoch 2/3] batch 12400/15975 loss=2.8264
2025-12-04 13:11:49,162 - rf_experiment - INFO - [epoch 2/3] batch 12450/15975 loss=3.2009
2025-12-04 13:11:50,837 - rf_experiment - INFO - [epoch 2/3] batch 12500/15975 loss=2.6630
2025-12-04 13:11:52,113 - rf_experiment - INFO - [epoch 2/3] batch 12550/15975 loss=2.8850
2025-12-04 13:11:53,391 - rf_experiment - INFO - [epoch 2/3] batch 12600/15975 loss=2.7394
2025-12-04 13:11:54,610 - rf_experiment - INFO - [epoch 2/3] batch 12650/15975 loss=2.7434
2025-12-04 13:11:55,902 - rf_experiment - INFO - [epoch 2/3] batch 12700/15975 loss=2.8292
2025-12-04 13:11:57,112 - rf_experiment - INFO - [epoch 2/3] batch 12750/15975 loss=2.8352
2025-12-04 13:11:58,420 - rf_experiment - INFO - [epoch 2/3] batch 12800/15975 loss=3.0910
2025-12-04 13:11:59,690 - rf_experiment - INFO - [epoch 2/3] batch 12850/15975 loss=2.7337
2025-12-04 13:12:00,948 - rf_experiment - INFO - [epoch 2/3] batch 12900/15975 loss=3.0955
2025-12-04 13:12:02,196 - rf_experiment - INFO - [epoch 2/3] batch 12950/15975 loss=2.7925
2025-12-04 13:12:03,589 - rf_experiment - INFO - [epoch 2/3] batch 13000/15975 loss=2.9261
2025-12-04 13:12:04,933 - rf_experiment - INFO - [epoch 2/3] batch 13050/15975 loss=2.6788
2025-12-04 13:12:06,258 - rf_experiment - INFO - [epoch 2/3] batch 13100/15975 loss=2.7722
2025-12-04 13:12:07,577 - rf_experiment - INFO - [epoch 2/3] batch 13150/15975 loss=3.0131
2025-12-04 13:12:08,807 - rf_experiment - INFO - [epoch 2/3] batch 13200/15975 loss=2.7369
2025-12-04 13:12:09,999 - rf_experiment - INFO - [epoch 2/3] batch 13250/15975 loss=2.9303
2025-12-04 13:12:11,291 - rf_experiment - INFO - [epoch 2/3] batch 13300/15975 loss=2.9042
2025-12-04 13:12:12,736 - rf_experiment - INFO - [epoch 2/3] batch 13350/15975 loss=2.9825
2025-12-04 13:12:14,004 - rf_experiment - INFO - [epoch 2/3] batch 13400/15975 loss=2.8369
2025-12-04 13:12:15,280 - rf_experiment - INFO - [epoch 2/3] batch 13450/15975 loss=3.1243
2025-12-04 13:12:16,546 - rf_experiment - INFO - [epoch 2/3] batch 13500/15975 loss=2.9297
2025-12-04 13:12:17,848 - rf_experiment - INFO - [epoch 2/3] batch 13550/15975 loss=2.9981
2025-12-04 13:12:19,060 - rf_experiment - INFO - [epoch 2/3] batch 13600/15975 loss=3.1238
2025-12-04 13:12:20,328 - rf_experiment - INFO - [epoch 2/3] batch 13650/15975 loss=3.0342
2025-12-04 13:12:21,528 - rf_experiment - INFO - [epoch 2/3] batch 13700/15975 loss=2.8104
2025-12-04 13:12:22,709 - rf_experiment - INFO - [epoch 2/3] batch 13750/15975 loss=3.1221
2025-12-04 13:12:23,938 - rf_experiment - INFO - [epoch 2/3] batch 13800/15975 loss=3.0016
2025-12-04 13:12:25,169 - rf_experiment - INFO - [epoch 2/3] batch 13850/15975 loss=2.5627
2025-12-04 13:12:26,381 - rf_experiment - INFO - [epoch 2/3] batch 13900/15975 loss=2.9778
2025-12-04 13:12:27,560 - rf_experiment - INFO - [epoch 2/3] batch 13950/15975 loss=3.1594
2025-12-04 13:12:28,755 - rf_experiment - INFO - [epoch 2/3] batch 14000/15975 loss=2.9473
2025-12-04 13:12:29,979 - rf_experiment - INFO - [epoch 2/3] batch 14050/15975 loss=2.7724
2025-12-04 13:12:31,226 - rf_experiment - INFO - [epoch 2/3] batch 14100/15975 loss=2.9544
2025-12-04 13:12:32,440 - rf_experiment - INFO - [epoch 2/3] batch 14150/15975 loss=2.6998
2025-12-04 13:12:33,631 - rf_experiment - INFO - [epoch 2/3] batch 14200/15975 loss=2.7773
2025-12-04 13:12:34,799 - rf_experiment - INFO - [epoch 2/3] batch 14250/15975 loss=3.1754
2025-12-04 13:12:36,009 - rf_experiment - INFO - [epoch 2/3] batch 14300/15975 loss=3.1407
2025-12-04 13:12:37,249 - rf_experiment - INFO - [epoch 2/3] batch 14350/15975 loss=3.2041
2025-12-04 13:12:38,497 - rf_experiment - INFO - [epoch 2/3] batch 14400/15975 loss=2.9506
2025-12-04 13:12:39,817 - rf_experiment - INFO - [epoch 2/3] batch 14450/15975 loss=2.9974
2025-12-04 13:12:41,125 - rf_experiment - INFO - [epoch 2/3] batch 14500/15975 loss=3.0427
2025-12-04 13:12:42,351 - rf_experiment - INFO - [epoch 2/3] batch 14550/15975 loss=2.6810
2025-12-04 13:12:43,743 - rf_experiment - INFO - [epoch 2/3] batch 14600/15975 loss=3.0392
2025-12-04 13:12:44,973 - rf_experiment - INFO - [epoch 2/3] batch 14650/15975 loss=3.0214
2025-12-04 13:12:46,176 - rf_experiment - INFO - [epoch 2/3] batch 14700/15975 loss=2.4800
2025-12-04 13:12:47,398 - rf_experiment - INFO - [epoch 2/3] batch 14750/15975 loss=2.9556
2025-12-04 13:12:48,627 - rf_experiment - INFO - [epoch 2/3] batch 14800/15975 loss=2.7338
2025-12-04 13:12:50,187 - rf_experiment - INFO - [epoch 2/3] batch 14850/15975 loss=2.6672
2025-12-04 13:12:51,485 - rf_experiment - INFO - [epoch 2/3] batch 14900/15975 loss=2.8917
2025-12-04 13:12:52,733 - rf_experiment - INFO - [epoch 2/3] batch 14950/15975 loss=2.9725
2025-12-04 13:12:53,965 - rf_experiment - INFO - [epoch 2/3] batch 15000/15975 loss=2.7141
2025-12-04 13:12:55,187 - rf_experiment - INFO - [epoch 2/3] batch 15050/15975 loss=3.0955
2025-12-04 13:12:56,477 - rf_experiment - INFO - [epoch 2/3] batch 15100/15975 loss=2.9725
2025-12-04 13:12:57,715 - rf_experiment - INFO - [epoch 2/3] batch 15150/15975 loss=2.8581
2025-12-04 13:12:59,031 - rf_experiment - INFO - [epoch 2/3] batch 15200/15975 loss=2.8115
2025-12-04 13:13:00,383 - rf_experiment - INFO - [epoch 2/3] batch 15250/15975 loss=3.1339
2025-12-04 13:13:01,656 - rf_experiment - INFO - [epoch 2/3] batch 15300/15975 loss=2.9546
2025-12-04 13:13:02,885 - rf_experiment - INFO - [epoch 2/3] batch 15350/15975 loss=3.2358
2025-12-04 13:13:04,119 - rf_experiment - INFO - [epoch 2/3] batch 15400/15975 loss=2.9754
2025-12-04 13:13:05,362 - rf_experiment - INFO - [epoch 2/3] batch 15450/15975 loss=2.9602
2025-12-04 13:13:06,609 - rf_experiment - INFO - [epoch 2/3] batch 15500/15975 loss=2.8351
2025-12-04 13:13:07,886 - rf_experiment - INFO - [epoch 2/3] batch 15550/15975 loss=3.0957
2025-12-04 13:13:09,237 - rf_experiment - INFO - [epoch 2/3] batch 15600/15975 loss=2.6904
2025-12-04 13:13:10,564 - rf_experiment - INFO - [epoch 2/3] batch 15650/15975 loss=2.9396
2025-12-04 13:13:11,865 - rf_experiment - INFO - [epoch 2/3] batch 15700/15975 loss=2.9183
2025-12-04 13:13:13,225 - rf_experiment - INFO - [epoch 2/3] batch 15750/15975 loss=2.8025
2025-12-04 13:13:14,554 - rf_experiment - INFO - [epoch 2/3] batch 15800/15975 loss=2.6079
2025-12-04 13:13:15,981 - rf_experiment - INFO - [epoch 2/3] batch 15850/15975 loss=2.7889
2025-12-04 13:13:17,489 - rf_experiment - INFO - [epoch 2/3] batch 15900/15975 loss=2.8191
2025-12-04 13:13:18,941 - rf_experiment - INFO - [epoch 2/3] batch 15950/15975 loss=3.0881
2025-12-04 13:13:19,637 - rf_experiment - INFO - [epoch 2] train_loss=2.9533, train_acc=0.1601
2025-12-04 13:13:19,637 - rf_experiment - INFO - [epoch 2] train_loss=2.9533, train_acc=0.1601
2025-12-04 13:14:13,840 - rf_experiment - INFO - [epoch 2] val_loss=2.8102, val_acc=0.1701
2025-12-04 13:14:13,840 - rf_experiment - INFO - [epoch 3/3] training...
2025-12-04 13:14:15,224 - rf_experiment - INFO - [epoch 3/3] batch 50/15975 loss=2.8091
2025-12-04 13:14:16,589 - rf_experiment - INFO - [epoch 3/3] batch 100/15975 loss=3.2280
2025-12-04 13:14:17,934 - rf_experiment - INFO - [epoch 3/3] batch 150/15975 loss=2.9270
2025-12-04 13:14:19,260 - rf_experiment - INFO - [epoch 3/3] batch 200/15975 loss=2.9500
2025-12-04 13:14:20,658 - rf_experiment - INFO - [epoch 3/3] batch 250/15975 loss=2.6340
2025-12-04 13:14:22,009 - rf_experiment - INFO - [epoch 3/3] batch 300/15975 loss=2.9225
2025-12-04 13:14:23,370 - rf_experiment - INFO - [epoch 3/3] batch 350/15975 loss=3.0971
2025-12-04 13:14:24,717 - rf_experiment - INFO - [epoch 3/3] batch 400/15975 loss=2.7923
2025-12-04 13:14:26,067 - rf_experiment - INFO - [epoch 3/3] batch 450/15975 loss=3.0434
2025-12-04 13:14:27,418 - rf_experiment - INFO - [epoch 3/3] batch 500/15975 loss=3.0785
2025-12-04 13:14:28,764 - rf_experiment - INFO - [epoch 3/3] batch 550/15975 loss=2.7733
2025-12-04 13:14:30,095 - rf_experiment - INFO - [epoch 3/3] batch 600/15975 loss=3.1687
2025-12-04 13:14:31,449 - rf_experiment - INFO - [epoch 3/3] batch 650/15975 loss=3.2529
2025-12-04 13:14:32,775 - rf_experiment - INFO - [epoch 3/3] batch 700/15975 loss=3.0071
2025-12-04 13:14:34,148 - rf_experiment - INFO - [epoch 3/3] batch 750/15975 loss=3.2491
2025-12-04 13:14:35,504 - rf_experiment - INFO - [epoch 3/3] batch 800/15975 loss=3.1203
2025-12-04 13:14:36,839 - rf_experiment - INFO - [epoch 3/3] batch 850/15975 loss=2.9543
2025-12-04 13:14:38,106 - rf_experiment - INFO - [epoch 3/3] batch 900/15975 loss=3.0863
2025-12-04 13:14:39,414 - rf_experiment - INFO - [epoch 3/3] batch 950/15975 loss=3.1601
2025-12-04 13:14:40,832 - rf_experiment - INFO - [epoch 3/3] batch 1000/15975 loss=2.8699
2025-12-04 13:14:42,226 - rf_experiment - INFO - [epoch 3/3] batch 1050/15975 loss=2.9743
2025-12-04 13:14:43,670 - rf_experiment - INFO - [epoch 3/3] batch 1100/15975 loss=3.0041
2025-12-04 13:14:45,118 - rf_experiment - INFO - [epoch 3/3] batch 1150/15975 loss=2.5889
2025-12-04 13:14:46,648 - rf_experiment - INFO - [epoch 3/3] batch 1200/15975 loss=3.0512
2025-12-04 13:14:47,949 - rf_experiment - INFO - [epoch 3/3] batch 1250/15975 loss=3.0036
2025-12-04 13:14:49,284 - rf_experiment - INFO - [epoch 3/3] batch 1300/15975 loss=3.1914
2025-12-04 13:14:50,792 - rf_experiment - INFO - [epoch 3/3] batch 1350/15975 loss=3.0308
2025-12-04 13:14:52,141 - rf_experiment - INFO - [epoch 3/3] batch 1400/15975 loss=3.1364
2025-12-04 13:14:53,537 - rf_experiment - INFO - [epoch 3/3] batch 1450/15975 loss=2.6648
2025-12-04 13:14:55,002 - rf_experiment - INFO - [epoch 3/3] batch 1500/15975 loss=3.0814
2025-12-04 13:14:56,374 - rf_experiment - INFO - [epoch 3/3] batch 1550/15975 loss=3.1887
2025-12-04 13:14:57,742 - rf_experiment - INFO - [epoch 3/3] batch 1600/15975 loss=2.8351
2025-12-04 13:14:59,062 - rf_experiment - INFO - [epoch 3/3] batch 1650/15975 loss=2.8035
2025-12-04 13:15:00,385 - rf_experiment - INFO - [epoch 3/3] batch 1700/15975 loss=2.8866
2025-12-04 13:15:01,776 - rf_experiment - INFO - [epoch 3/3] batch 1750/15975 loss=3.0244
2025-12-04 13:15:03,188 - rf_experiment - INFO - [epoch 3/3] batch 1800/15975 loss=2.9082
2025-12-04 13:15:04,561 - rf_experiment - INFO - [epoch 3/3] batch 1850/15975 loss=3.2650
2025-12-04 13:15:05,914 - rf_experiment - INFO - [epoch 3/3] batch 1900/15975 loss=3.0344
2025-12-04 13:15:07,243 - rf_experiment - INFO - [epoch 3/3] batch 1950/15975 loss=2.9731
2025-12-04 13:15:08,643 - rf_experiment - INFO - [epoch 3/3] batch 2000/15975 loss=3.3966
2025-12-04 13:15:10,035 - rf_experiment - INFO - [epoch 3/3] batch 2050/15975 loss=2.9785
2025-12-04 13:15:11,408 - rf_experiment - INFO - [epoch 3/3] batch 2100/15975 loss=3.0536
2025-12-04 13:15:12,764 - rf_experiment - INFO - [epoch 3/3] batch 2150/15975 loss=3.3075
2025-12-04 13:15:14,138 - rf_experiment - INFO - [epoch 3/3] batch 2200/15975 loss=2.7965
2025-12-04 13:15:15,564 - rf_experiment - INFO - [epoch 3/3] batch 2250/15975 loss=3.1798
2025-12-04 13:15:16,957 - rf_experiment - INFO - [epoch 3/3] batch 2300/15975 loss=2.7614
2025-12-04 13:15:18,340 - rf_experiment - INFO - [epoch 3/3] batch 2350/15975 loss=2.9969
2025-12-04 13:15:19,691 - rf_experiment - INFO - [epoch 3/3] batch 2400/15975 loss=2.8441
2025-12-04 13:15:21,048 - rf_experiment - INFO - [epoch 3/3] batch 2450/15975 loss=2.7577
2025-12-04 13:15:22,463 - rf_experiment - INFO - [epoch 3/3] batch 2500/15975 loss=3.0935
2025-12-04 13:15:23,940 - rf_experiment - INFO - [epoch 3/3] batch 2550/15975 loss=3.0688
2025-12-04 13:15:25,310 - rf_experiment - INFO - [epoch 3/3] batch 2600/15975 loss=2.7787
2025-12-04 13:15:26,596 - rf_experiment - INFO - [epoch 3/3] batch 2650/15975 loss=3.0121
2025-12-04 13:15:27,855 - rf_experiment - INFO - [epoch 3/3] batch 2700/15975 loss=2.9594
2025-12-04 13:15:29,153 - rf_experiment - INFO - [epoch 3/3] batch 2750/15975 loss=3.1440
2025-12-04 13:15:30,466 - rf_experiment - INFO - [epoch 3/3] batch 2800/15975 loss=2.8447
2025-12-04 13:15:31,809 - rf_experiment - INFO - [epoch 3/3] batch 2850/15975 loss=3.0007
2025-12-04 13:15:33,167 - rf_experiment - INFO - [epoch 3/3] batch 2900/15975 loss=3.0304
2025-12-04 13:15:34,499 - rf_experiment - INFO - [epoch 3/3] batch 2950/15975 loss=2.4198
2025-12-04 13:15:35,849 - rf_experiment - INFO - [epoch 3/3] batch 3000/15975 loss=2.8921
2025-12-04 13:15:37,211 - rf_experiment - INFO - [epoch 3/3] batch 3050/15975 loss=2.9441
2025-12-04 13:15:38,570 - rf_experiment - INFO - [epoch 3/3] batch 3100/15975 loss=2.8397
2025-12-04 13:15:39,921 - rf_experiment - INFO - [epoch 3/3] batch 3150/15975 loss=2.7626
2025-12-04 13:15:41,256 - rf_experiment - INFO - [epoch 3/3] batch 3200/15975 loss=2.7721
2025-12-04 13:15:42,653 - rf_experiment - INFO - [epoch 3/3] batch 3250/15975 loss=2.7537
2025-12-04 13:15:44,005 - rf_experiment - INFO - [epoch 3/3] batch 3300/15975 loss=2.7305
2025-12-04 13:15:45,425 - rf_experiment - INFO - [epoch 3/3] batch 3350/15975 loss=3.1309
2025-12-04 13:15:46,751 - rf_experiment - INFO - [epoch 3/3] batch 3400/15975 loss=2.8943
2025-12-04 13:15:48,043 - rf_experiment - INFO - [epoch 3/3] batch 3450/15975 loss=2.7516
2025-12-04 13:15:49,557 - rf_experiment - INFO - [epoch 3/3] batch 3500/15975 loss=2.9003
2025-12-04 13:15:51,128 - rf_experiment - INFO - [epoch 3/3] batch 3550/15975 loss=2.8401
2025-12-04 13:15:52,498 - rf_experiment - INFO - [epoch 3/3] batch 3600/15975 loss=2.7332
2025-12-04 13:15:53,838 - rf_experiment - INFO - [epoch 3/3] batch 3650/15975 loss=3.0497
2025-12-04 13:15:55,143 - rf_experiment - INFO - [epoch 3/3] batch 3700/15975 loss=3.0602
2025-12-04 13:15:56,579 - rf_experiment - INFO - [epoch 3/3] batch 3750/15975 loss=3.1432
2025-12-04 13:15:57,929 - rf_experiment - INFO - [epoch 3/3] batch 3800/15975 loss=2.9553
2025-12-04 13:15:59,251 - rf_experiment - INFO - [epoch 3/3] batch 3850/15975 loss=3.0062
2025-12-04 13:16:00,554 - rf_experiment - INFO - [epoch 3/3] batch 3900/15975 loss=3.0345
2025-12-04 13:16:01,832 - rf_experiment - INFO - [epoch 3/3] batch 3950/15975 loss=3.1796
2025-12-04 13:16:03,236 - rf_experiment - INFO - [epoch 3/3] batch 4000/15975 loss=3.0772
2025-12-04 13:16:04,724 - rf_experiment - INFO - [epoch 3/3] batch 4050/15975 loss=2.9196
2025-12-04 13:16:06,086 - rf_experiment - INFO - [epoch 3/3] batch 4100/15975 loss=3.0441
2025-12-04 13:16:07,435 - rf_experiment - INFO - [epoch 3/3] batch 4150/15975 loss=3.0448
2025-12-04 13:16:08,764 - rf_experiment - INFO - [epoch 3/3] batch 4200/15975 loss=3.1879
2025-12-04 13:16:10,151 - rf_experiment - INFO - [epoch 3/3] batch 4250/15975 loss=2.8879
2025-12-04 13:16:11,526 - rf_experiment - INFO - [epoch 3/3] batch 4300/15975 loss=3.1034
2025-12-04 13:16:12,919 - rf_experiment - INFO - [epoch 3/3] batch 4350/15975 loss=2.6850
2025-12-04 13:16:14,246 - rf_experiment - INFO - [epoch 3/3] batch 4400/15975 loss=3.2637
2025-12-04 13:16:15,562 - rf_experiment - INFO - [epoch 3/3] batch 4450/15975 loss=3.3040
2025-12-04 13:16:16,844 - rf_experiment - INFO - [epoch 3/3] batch 4500/15975 loss=2.9981
2025-12-04 13:16:18,160 - rf_experiment - INFO - [epoch 3/3] batch 4550/15975 loss=3.0400
2025-12-04 13:16:19,466 - rf_experiment - INFO - [epoch 3/3] batch 4600/15975 loss=2.6320
2025-12-04 13:16:20,704 - rf_experiment - INFO - [epoch 3/3] batch 4650/15975 loss=2.8672
2025-12-04 13:16:22,007 - rf_experiment - INFO - [epoch 3/3] batch 4700/15975 loss=2.8100
2025-12-04 13:16:23,333 - rf_experiment - INFO - [epoch 3/3] batch 4750/15975 loss=2.5656
2025-12-04 13:16:24,765 - rf_experiment - INFO - [epoch 3/3] batch 4800/15975 loss=3.2720
2025-12-04 13:16:26,150 - rf_experiment - INFO - [epoch 3/3] batch 4850/15975 loss=2.8773
2025-12-04 13:16:27,540 - rf_experiment - INFO - [epoch 3/3] batch 4900/15975 loss=3.0854
2025-12-04 13:16:28,883 - rf_experiment - INFO - [epoch 3/3] batch 4950/15975 loss=2.8988
2025-12-04 13:16:30,174 - rf_experiment - INFO - [epoch 3/3] batch 5000/15975 loss=3.2525
2025-12-04 13:16:31,624 - rf_experiment - INFO - [epoch 3/3] batch 5050/15975 loss=3.2057
2025-12-04 13:16:33,060 - rf_experiment - INFO - [epoch 3/3] batch 5100/15975 loss=3.1561
2025-12-04 13:16:34,429 - rf_experiment - INFO - [epoch 3/3] batch 5150/15975 loss=2.9947
2025-12-04 13:16:35,767 - rf_experiment - INFO - [epoch 3/3] batch 5200/15975 loss=3.1048
2025-12-04 13:16:37,078 - rf_experiment - INFO - [epoch 3/3] batch 5250/15975 loss=3.0460
2025-12-04 13:16:38,485 - rf_experiment - INFO - [epoch 3/3] batch 5300/15975 loss=3.1183
2025-12-04 13:16:39,830 - rf_experiment - INFO - [epoch 3/3] batch 5350/15975 loss=2.5517
2025-12-04 13:16:41,248 - rf_experiment - INFO - [epoch 3/3] batch 5400/15975 loss=2.8789
2025-12-04 13:16:42,665 - rf_experiment - INFO - [epoch 3/3] batch 5450/15975 loss=3.0484
2025-12-04 13:16:44,100 - rf_experiment - INFO - [epoch 3/3] batch 5500/15975 loss=2.9996
2025-12-04 13:16:45,548 - rf_experiment - INFO - [epoch 3/3] batch 5550/15975 loss=2.9127
2025-12-04 13:16:46,923 - rf_experiment - INFO - [epoch 3/3] batch 5600/15975 loss=2.7624
2025-12-04 13:16:48,304 - rf_experiment - INFO - [epoch 3/3] batch 5650/15975 loss=2.9112
2025-12-04 13:16:49,784 - rf_experiment - INFO - [epoch 3/3] batch 5700/15975 loss=2.6643
2025-12-04 13:16:51,197 - rf_experiment - INFO - [epoch 3/3] batch 5750/15975 loss=3.0102
2025-12-04 13:16:52,583 - rf_experiment - INFO - [epoch 3/3] batch 5800/15975 loss=2.9910
2025-12-04 13:16:53,909 - rf_experiment - INFO - [epoch 3/3] batch 5850/15975 loss=2.6970
2025-12-04 13:16:55,223 - rf_experiment - INFO - [epoch 3/3] batch 5900/15975 loss=2.8733
2025-12-04 13:16:56,532 - rf_experiment - INFO - [epoch 3/3] batch 5950/15975 loss=2.9978
2025-12-04 13:16:57,833 - rf_experiment - INFO - [epoch 3/3] batch 6000/15975 loss=2.8668
2025-12-04 13:16:59,207 - rf_experiment - INFO - [epoch 3/3] batch 6050/15975 loss=2.6238
2025-12-04 13:17:00,616 - rf_experiment - INFO - [epoch 3/3] batch 6100/15975 loss=3.0788
2025-12-04 13:17:01,941 - rf_experiment - INFO - [epoch 3/3] batch 6150/15975 loss=2.9001
2025-12-04 13:17:03,403 - rf_experiment - INFO - [epoch 3/3] batch 6200/15975 loss=2.9601
2025-12-04 13:17:04,743 - rf_experiment - INFO - [epoch 3/3] batch 6250/15975 loss=3.0979
2025-12-04 13:17:06,044 - rf_experiment - INFO - [epoch 3/3] batch 6300/15975 loss=2.5937
2025-12-04 13:17:07,385 - rf_experiment - INFO - [epoch 3/3] batch 6350/15975 loss=3.1182
2025-12-04 13:17:08,768 - rf_experiment - INFO - [epoch 3/3] batch 6400/15975 loss=3.0040
2025-12-04 13:17:10,141 - rf_experiment - INFO - [epoch 3/3] batch 6450/15975 loss=2.9222
2025-12-04 13:17:11,468 - rf_experiment - INFO - [epoch 3/3] batch 6500/15975 loss=3.0384
2025-12-04 13:17:12,811 - rf_experiment - INFO - [epoch 3/3] batch 6550/15975 loss=2.8912
2025-12-04 13:17:14,160 - rf_experiment - INFO - [epoch 3/3] batch 6600/15975 loss=3.1711
2025-12-04 13:17:15,516 - rf_experiment - INFO - [epoch 3/3] batch 6650/15975 loss=2.6943
2025-12-04 13:17:16,961 - rf_experiment - INFO - [epoch 3/3] batch 6700/15975 loss=3.1768
2025-12-04 13:17:18,467 - rf_experiment - INFO - [epoch 3/3] batch 6750/15975 loss=2.9522
2025-12-04 13:17:19,955 - rf_experiment - INFO - [epoch 3/3] batch 6800/15975 loss=2.9798
2025-12-04 13:17:21,375 - rf_experiment - INFO - [epoch 3/3] batch 6850/15975 loss=3.2145
2025-12-04 13:17:22,749 - rf_experiment - INFO - [epoch 3/3] batch 6900/15975 loss=2.9733
2025-12-04 13:17:24,125 - rf_experiment - INFO - [epoch 3/3] batch 6950/15975 loss=2.7853
2025-12-04 13:17:25,509 - rf_experiment - INFO - [epoch 3/3] batch 7000/15975 loss=2.8782
2025-12-04 13:17:26,769 - rf_experiment - INFO - [epoch 3/3] batch 7050/15975 loss=2.5495
2025-12-04 13:17:28,071 - rf_experiment - INFO - [epoch 3/3] batch 7100/15975 loss=3.0273
2025-12-04 13:17:29,416 - rf_experiment - INFO - [epoch 3/3] batch 7150/15975 loss=2.9244
2025-12-04 13:17:30,710 - rf_experiment - INFO - [epoch 3/3] batch 7200/15975 loss=3.1003
2025-12-04 13:17:32,022 - rf_experiment - INFO - [epoch 3/3] batch 7250/15975 loss=3.1498
2025-12-04 13:17:33,316 - rf_experiment - INFO - [epoch 3/3] batch 7300/15975 loss=3.0796
2025-12-04 13:17:34,619 - rf_experiment - INFO - [epoch 3/3] batch 7350/15975 loss=2.7874
2025-12-04 13:17:35,935 - rf_experiment - INFO - [epoch 3/3] batch 7400/15975 loss=2.7872
2025-12-04 13:17:37,209 - rf_experiment - INFO - [epoch 3/3] batch 7450/15975 loss=3.1389
2025-12-04 13:17:38,484 - rf_experiment - INFO - [epoch 3/3] batch 7500/15975 loss=2.7978
2025-12-04 13:17:39,748 - rf_experiment - INFO - [epoch 3/3] batch 7550/15975 loss=2.7564
2025-12-04 13:17:41,035 - rf_experiment - INFO - [epoch 3/3] batch 7600/15975 loss=2.8533
2025-12-04 13:17:42,413 - rf_experiment - INFO - [epoch 3/3] batch 7650/15975 loss=3.1096
2025-12-04 13:17:43,737 - rf_experiment - INFO - [epoch 3/3] batch 7700/15975 loss=2.9026
2025-12-04 13:17:45,049 - rf_experiment - INFO - [epoch 3/3] batch 7750/15975 loss=2.7096
2025-12-04 13:17:46,352 - rf_experiment - INFO - [epoch 3/3] batch 7800/15975 loss=2.9119
2025-12-04 13:17:47,689 - rf_experiment - INFO - [epoch 3/3] batch 7850/15975 loss=3.2070
2025-12-04 13:17:49,013 - rf_experiment - INFO - [epoch 3/3] batch 7900/15975 loss=3.1200
2025-12-04 13:17:50,684 - rf_experiment - INFO - [epoch 3/3] batch 7950/15975 loss=3.0182
2025-12-04 13:17:52,045 - rf_experiment - INFO - [epoch 3/3] batch 8000/15975 loss=3.1045
2025-12-04 13:17:53,383 - rf_experiment - INFO - [epoch 3/3] batch 8050/15975 loss=3.0129
2025-12-04 13:17:54,693 - rf_experiment - INFO - [epoch 3/3] batch 8100/15975 loss=3.0126
2025-12-04 13:17:56,034 - rf_experiment - INFO - [epoch 3/3] batch 8150/15975 loss=3.0049
2025-12-04 13:17:57,346 - rf_experiment - INFO - [epoch 3/3] batch 8200/15975 loss=2.9247
2025-12-04 13:17:58,662 - rf_experiment - INFO - [epoch 3/3] batch 8250/15975 loss=3.0854
2025-12-04 13:18:00,023 - rf_experiment - INFO - [epoch 3/3] batch 8300/15975 loss=3.1605
2025-12-04 13:18:01,378 - rf_experiment - INFO - [epoch 3/3] batch 8350/15975 loss=2.8015
2025-12-04 13:18:03,215 - rf_experiment - INFO - [epoch 3/3] batch 8400/15975 loss=2.7611
2025-12-04 13:18:04,925 - rf_experiment - INFO - [epoch 3/3] batch 8450/15975 loss=2.9425
2025-12-04 13:18:06,279 - rf_experiment - INFO - [epoch 3/3] batch 8500/15975 loss=3.2270
2025-12-04 13:18:07,532 - rf_experiment - INFO - [epoch 3/3] batch 8550/15975 loss=2.9525
2025-12-04 13:18:08,842 - rf_experiment - INFO - [epoch 3/3] batch 8600/15975 loss=2.8790
2025-12-04 13:18:10,176 - rf_experiment - INFO - [epoch 3/3] batch 8650/15975 loss=2.9872
2025-12-04 13:18:11,554 - rf_experiment - INFO - [epoch 3/3] batch 8700/15975 loss=2.8941
2025-12-04 13:18:12,984 - rf_experiment - INFO - [epoch 3/3] batch 8750/15975 loss=2.8713
2025-12-04 13:18:14,374 - rf_experiment - INFO - [epoch 3/3] batch 8800/15975 loss=2.8532
2025-12-04 13:18:15,827 - rf_experiment - INFO - [epoch 3/3] batch 8850/15975 loss=3.0683
2025-12-04 13:18:17,211 - rf_experiment - INFO - [epoch 3/3] batch 8900/15975 loss=3.0195
2025-12-04 13:18:18,572 - rf_experiment - INFO - [epoch 3/3] batch 8950/15975 loss=2.6369
2025-12-04 13:18:19,932 - rf_experiment - INFO - [epoch 3/3] batch 9000/15975 loss=2.9631
2025-12-04 13:18:21,276 - rf_experiment - INFO - [epoch 3/3] batch 9050/15975 loss=2.7979
2025-12-04 13:18:22,650 - rf_experiment - INFO - [epoch 3/3] batch 9100/15975 loss=2.5375
2025-12-04 13:18:24,057 - rf_experiment - INFO - [epoch 3/3] batch 9150/15975 loss=3.1339
2025-12-04 13:18:25,473 - rf_experiment - INFO - [epoch 3/3] batch 9200/15975 loss=2.9999
2025-12-04 13:18:26,821 - rf_experiment - INFO - [epoch 3/3] batch 9250/15975 loss=2.7694
2025-12-04 13:18:28,112 - rf_experiment - INFO - [epoch 3/3] batch 9300/15975 loss=3.1900
2025-12-04 13:18:29,519 - rf_experiment - INFO - [epoch 3/3] batch 9350/15975 loss=3.2936
2025-12-04 13:18:30,944 - rf_experiment - INFO - [epoch 3/3] batch 9400/15975 loss=3.0998
2025-12-04 13:18:32,312 - rf_experiment - INFO - [epoch 3/3] batch 9450/15975 loss=3.1115
2025-12-04 13:18:33,798 - rf_experiment - INFO - [epoch 3/3] batch 9500/15975 loss=3.0678
2025-12-04 13:18:35,189 - rf_experiment - INFO - [epoch 3/3] batch 9550/15975 loss=2.8585
2025-12-04 13:18:36,537 - rf_experiment - INFO - [epoch 3/3] batch 9600/15975 loss=2.9801
2025-12-04 13:18:37,930 - rf_experiment - INFO - [epoch 3/3] batch 9650/15975 loss=3.0422
2025-12-04 13:18:39,306 - rf_experiment - INFO - [epoch 3/3] batch 9700/15975 loss=2.9406
2025-12-04 13:18:40,701 - rf_experiment - INFO - [epoch 3/3] batch 9750/15975 loss=3.0114
2025-12-04 13:18:42,056 - rf_experiment - INFO - [epoch 3/3] batch 9800/15975 loss=2.9322
2025-12-04 13:18:43,443 - rf_experiment - INFO - [epoch 3/3] batch 9850/15975 loss=3.1766
2025-12-04 13:18:44,874 - rf_experiment - INFO - [epoch 3/3] batch 9900/15975 loss=3.0774
2025-12-04 13:18:46,291 - rf_experiment - INFO - [epoch 3/3] batch 9950/15975 loss=2.8164
2025-12-04 13:18:47,673 - rf_experiment - INFO - [epoch 3/3] batch 10000/15975 loss=2.7652
2025-12-04 13:18:48,983 - rf_experiment - INFO - [epoch 3/3] batch 10050/15975 loss=2.8692
2025-12-04 13:18:50,821 - rf_experiment - INFO - [epoch 3/3] batch 10100/15975 loss=2.6139
2025-12-04 13:18:52,363 - rf_experiment - INFO - [epoch 3/3] batch 10150/15975 loss=2.9943
2025-12-04 13:18:53,847 - rf_experiment - INFO - [epoch 3/3] batch 10200/15975 loss=3.0678
2025-12-04 13:18:55,213 - rf_experiment - INFO - [epoch 3/3] batch 10250/15975 loss=2.7458
2025-12-04 13:18:56,496 - rf_experiment - INFO - [epoch 3/3] batch 10300/15975 loss=3.2764
2025-12-04 13:18:57,737 - rf_experiment - INFO - [epoch 3/3] batch 10350/15975 loss=3.0039
2025-12-04 13:18:58,992 - rf_experiment - INFO - [epoch 3/3] batch 10400/15975 loss=2.5938
2025-12-04 13:19:00,343 - rf_experiment - INFO - [epoch 3/3] batch 10450/15975 loss=3.0781
2025-12-04 13:19:01,680 - rf_experiment - INFO - [epoch 3/3] batch 10500/15975 loss=3.1128
2025-12-04 13:19:02,975 - rf_experiment - INFO - [epoch 3/3] batch 10550/15975 loss=2.8844
2025-12-04 13:19:04,274 - rf_experiment - INFO - [epoch 3/3] batch 10600/15975 loss=3.2161
2025-12-04 13:19:05,615 - rf_experiment - INFO - [epoch 3/3] batch 10650/15975 loss=3.0635
2025-12-04 13:19:06,936 - rf_experiment - INFO - [epoch 3/3] batch 10700/15975 loss=3.1369
2025-12-04 13:19:08,251 - rf_experiment - INFO - [epoch 3/3] batch 10750/15975 loss=2.9146
2025-12-04 13:19:09,594 - rf_experiment - INFO - [epoch 3/3] batch 10800/15975 loss=2.7021
2025-12-04 13:19:10,879 - rf_experiment - INFO - [epoch 3/3] batch 10850/15975 loss=2.9087
2025-12-04 13:19:12,200 - rf_experiment - INFO - [epoch 3/3] batch 10900/15975 loss=2.7414
2025-12-04 13:19:13,485 - rf_experiment - INFO - [epoch 3/3] batch 10950/15975 loss=2.6579
2025-12-04 13:19:14,853 - rf_experiment - INFO - [epoch 3/3] batch 11000/15975 loss=2.9336
2025-12-04 13:19:16,193 - rf_experiment - INFO - [epoch 3/3] batch 11050/15975 loss=2.8768
2025-12-04 13:19:17,505 - rf_experiment - INFO - [epoch 3/3] batch 11100/15975 loss=2.7889
2025-12-04 13:19:18,780 - rf_experiment - INFO - [epoch 3/3] batch 11150/15975 loss=2.9910
2025-12-04 13:19:20,089 - rf_experiment - INFO - [epoch 3/3] batch 11200/15975 loss=3.0523
2025-12-04 13:19:21,405 - rf_experiment - INFO - [epoch 3/3] batch 11250/15975 loss=2.7698
2025-12-04 13:19:22,749 - rf_experiment - INFO - [epoch 3/3] batch 11300/15975 loss=2.8099
2025-12-04 13:19:24,098 - rf_experiment - INFO - [epoch 3/3] batch 11350/15975 loss=2.9264
2025-12-04 13:19:25,415 - rf_experiment - INFO - [epoch 3/3] batch 11400/15975 loss=2.6354
2025-12-04 13:19:26,700 - rf_experiment - INFO - [epoch 3/3] batch 11450/15975 loss=3.0176
2025-12-04 13:19:27,983 - rf_experiment - INFO - [epoch 3/3] batch 11500/15975 loss=3.0285
2025-12-04 13:19:29,296 - rf_experiment - INFO - [epoch 3/3] batch 11550/15975 loss=2.7721
2025-12-04 13:19:30,584 - rf_experiment - INFO - [epoch 3/3] batch 11600/15975 loss=2.7704
2025-12-04 13:19:31,928 - rf_experiment - INFO - [epoch 3/3] batch 11650/15975 loss=2.9774
2025-12-04 13:19:33,221 - rf_experiment - INFO - [epoch 3/3] batch 11700/15975 loss=3.1393
2025-12-04 13:19:34,496 - rf_experiment - INFO - [epoch 3/3] batch 11750/15975 loss=2.9371
2025-12-04 13:19:35,836 - rf_experiment - INFO - [epoch 3/3] batch 11800/15975 loss=3.0588
2025-12-04 13:19:37,148 - rf_experiment - INFO - [epoch 3/3] batch 11850/15975 loss=2.9695
2025-12-04 13:19:38,433 - rf_experiment - INFO - [epoch 3/3] batch 11900/15975 loss=2.8834
2025-12-04 13:19:39,713 - rf_experiment - INFO - [epoch 3/3] batch 11950/15975 loss=3.1053
2025-12-04 13:19:40,976 - rf_experiment - INFO - [epoch 3/3] batch 12000/15975 loss=3.1639
2025-12-04 13:19:42,321 - rf_experiment - INFO - [epoch 3/3] batch 12050/15975 loss=2.9945
2025-12-04 13:19:43,659 - rf_experiment - INFO - [epoch 3/3] batch 12100/15975 loss=3.2049
2025-12-04 13:19:44,991 - rf_experiment - INFO - [epoch 3/3] batch 12150/15975 loss=2.7880
2025-12-04 13:19:46,362 - rf_experiment - INFO - [epoch 3/3] batch 12200/15975 loss=2.7849
2025-12-04 13:19:47,655 - rf_experiment - INFO - [epoch 3/3] batch 12250/15975 loss=2.8305
2025-12-04 13:19:48,944 - rf_experiment - INFO - [epoch 3/3] batch 12300/15975 loss=3.1373
2025-12-04 13:19:50,559 - rf_experiment - INFO - [epoch 3/3] batch 12350/15975 loss=3.0112
2025-12-04 13:19:51,896 - rf_experiment - INFO - [epoch 3/3] batch 12400/15975 loss=2.8963
2025-12-04 13:19:53,227 - rf_experiment - INFO - [epoch 3/3] batch 12450/15975 loss=2.8999
2025-12-04 13:19:54,524 - rf_experiment - INFO - [epoch 3/3] batch 12500/15975 loss=2.9676
2025-12-04 13:19:55,836 - rf_experiment - INFO - [epoch 3/3] batch 12550/15975 loss=2.7841
2025-12-04 13:19:57,182 - rf_experiment - INFO - [epoch 3/3] batch 12600/15975 loss=3.0763
2025-12-04 13:19:58,497 - rf_experiment - INFO - [epoch 3/3] batch 12650/15975 loss=2.8669
2025-12-04 13:19:59,792 - rf_experiment - INFO - [epoch 3/3] batch 12700/15975 loss=2.7768
2025-12-04 13:20:01,118 - rf_experiment - INFO - [epoch 3/3] batch 12750/15975 loss=2.8935
2025-12-04 13:20:02,395 - rf_experiment - INFO - [epoch 3/3] batch 12800/15975 loss=2.8991
2025-12-04 13:20:03,744 - rf_experiment - INFO - [epoch 3/3] batch 12850/15975 loss=2.5921
2025-12-04 13:20:05,152 - rf_experiment - INFO - [epoch 3/3] batch 12900/15975 loss=2.8782
2025-12-04 13:20:06,488 - rf_experiment - INFO - [epoch 3/3] batch 12950/15975 loss=2.8432
2025-12-04 13:20:07,774 - rf_experiment - INFO - [epoch 3/3] batch 13000/15975 loss=2.7357
2025-12-04 13:20:09,062 - rf_experiment - INFO - [epoch 3/3] batch 13050/15975 loss=3.1262
2025-12-04 13:20:10,401 - rf_experiment - INFO - [epoch 3/3] batch 13100/15975 loss=2.9245
2025-12-04 13:20:11,762 - rf_experiment - INFO - [epoch 3/3] batch 13150/15975 loss=3.1025
2025-12-04 13:20:13,114 - rf_experiment - INFO - [epoch 3/3] batch 13200/15975 loss=2.6711
2025-12-04 13:20:14,434 - rf_experiment - INFO - [epoch 3/3] batch 13250/15975 loss=2.7787
2025-12-04 13:20:15,736 - rf_experiment - INFO - [epoch 3/3] batch 13300/15975 loss=3.0711
2025-12-04 13:20:17,055 - rf_experiment - INFO - [epoch 3/3] batch 13350/15975 loss=2.9261
2025-12-04 13:20:18,381 - rf_experiment - INFO - [epoch 3/3] batch 13400/15975 loss=2.9233
2025-12-04 13:20:19,700 - rf_experiment - INFO - [epoch 3/3] batch 13450/15975 loss=2.6122
2025-12-04 13:20:20,992 - rf_experiment - INFO - [epoch 3/3] batch 13500/15975 loss=2.4552
2025-12-04 13:20:22,257 - rf_experiment - INFO - [epoch 3/3] batch 13550/15975 loss=2.9004
2025-12-04 13:20:23,501 - rf_experiment - INFO - [epoch 3/3] batch 13600/15975 loss=2.6165
2025-12-04 13:20:24,839 - rf_experiment - INFO - [epoch 3/3] batch 13650/15975 loss=3.2046
2025-12-04 13:20:26,156 - rf_experiment - INFO - [epoch 3/3] batch 13700/15975 loss=3.1402
2025-12-04 13:20:27,422 - rf_experiment - INFO - [epoch 3/3] batch 13750/15975 loss=3.1093
2025-12-04 13:20:28,699 - rf_experiment - INFO - [epoch 3/3] batch 13800/15975 loss=3.0993
2025-12-04 13:20:29,954 - rf_experiment - INFO - [epoch 3/3] batch 13850/15975 loss=2.9646
2025-12-04 13:20:31,288 - rf_experiment - INFO - [epoch 3/3] batch 13900/15975 loss=3.0385
2025-12-04 13:20:32,623 - rf_experiment - INFO - [epoch 3/3] batch 13950/15975 loss=2.8492
2025-12-04 13:20:33,924 - rf_experiment - INFO - [epoch 3/3] batch 14000/15975 loss=3.1957
2025-12-04 13:20:35,225 - rf_experiment - INFO - [epoch 3/3] batch 14050/15975 loss=2.8903
2025-12-04 13:20:36,476 - rf_experiment - INFO - [epoch 3/3] batch 14100/15975 loss=3.1487
2025-12-04 13:20:37,743 - rf_experiment - INFO - [epoch 3/3] batch 14150/15975 loss=2.7870
2025-12-04 13:20:39,046 - rf_experiment - INFO - [epoch 3/3] batch 14200/15975 loss=2.6207
2025-12-04 13:20:40,362 - rf_experiment - INFO - [epoch 3/3] batch 14250/15975 loss=3.0363
2025-12-04 13:20:41,685 - rf_experiment - INFO - [epoch 3/3] batch 14300/15975 loss=3.0275
2025-12-04 13:20:43,019 - rf_experiment - INFO - [epoch 3/3] batch 14350/15975 loss=2.9630
2025-12-04 13:20:44,337 - rf_experiment - INFO - [epoch 3/3] batch 14400/15975 loss=3.0352
2025-12-04 13:20:45,696 - rf_experiment - INFO - [epoch 3/3] batch 14450/15975 loss=2.9573
2025-12-04 13:20:47,027 - rf_experiment - INFO - [epoch 3/3] batch 14500/15975 loss=2.9765
2025-12-04 13:20:48,307 - rf_experiment - INFO - [epoch 3/3] batch 14550/15975 loss=2.9270
2025-12-04 13:20:49,740 - rf_experiment - INFO - [epoch 3/3] batch 14600/15975 loss=2.9743
2025-12-04 13:20:51,180 - rf_experiment - INFO - [epoch 3/3] batch 14650/15975 loss=2.9186
2025-12-04 13:20:52,535 - rf_experiment - INFO - [epoch 3/3] batch 14700/15975 loss=3.3452
2025-12-04 13:20:53,847 - rf_experiment - INFO - [epoch 3/3] batch 14750/15975 loss=2.7435
2025-12-04 13:20:55,171 - rf_experiment - INFO - [epoch 3/3] batch 14800/15975 loss=2.7086
2025-12-04 13:20:56,416 - rf_experiment - INFO - [epoch 3/3] batch 14850/15975 loss=2.8560
2025-12-04 13:20:57,655 - rf_experiment - INFO - [epoch 3/3] batch 14900/15975 loss=3.2385
2025-12-04 13:20:58,996 - rf_experiment - INFO - [epoch 3/3] batch 14950/15975 loss=2.4938
2025-12-04 13:21:00,351 - rf_experiment - INFO - [epoch 3/3] batch 15000/15975 loss=2.6538
2025-12-04 13:21:01,685 - rf_experiment - INFO - [epoch 3/3] batch 15050/15975 loss=3.1165
2025-12-04 13:21:02,959 - rf_experiment - INFO - [epoch 3/3] batch 15100/15975 loss=3.1490
2025-12-04 13:21:04,237 - rf_experiment - INFO - [epoch 3/3] batch 15150/15975 loss=2.8652
2025-12-04 13:21:05,537 - rf_experiment - INFO - [epoch 3/3] batch 15200/15975 loss=2.7164
2025-12-04 13:21:06,859 - rf_experiment - INFO - [epoch 3/3] batch 15250/15975 loss=2.9180
2025-12-04 13:21:08,151 - rf_experiment - INFO - [epoch 3/3] batch 15300/15975 loss=2.7881
2025-12-04 13:21:09,402 - rf_experiment - INFO - [epoch 3/3] batch 15350/15975 loss=2.7780
2025-12-04 13:21:10,675 - rf_experiment - INFO - [epoch 3/3] batch 15400/15975 loss=2.8770
2025-12-04 13:21:11,968 - rf_experiment - INFO - [epoch 3/3] batch 15450/15975 loss=3.0604
2025-12-04 13:21:13,321 - rf_experiment - INFO - [epoch 3/3] batch 15500/15975 loss=2.9068
2025-12-04 13:21:14,654 - rf_experiment - INFO - [epoch 3/3] batch 15550/15975 loss=2.6984
2025-12-04 13:21:15,982 - rf_experiment - INFO - [epoch 3/3] batch 15600/15975 loss=3.0830
2025-12-04 13:21:17,267 - rf_experiment - INFO - [epoch 3/3] batch 15650/15975 loss=2.9613
2025-12-04 13:21:18,517 - rf_experiment - INFO - [epoch 3/3] batch 15700/15975 loss=2.8534
2025-12-04 13:21:19,836 - rf_experiment - INFO - [epoch 3/3] batch 15750/15975 loss=2.8587
2025-12-04 13:21:21,178 - rf_experiment - INFO - [epoch 3/3] batch 15800/15975 loss=2.5517
2025-12-04 13:21:22,491 - rf_experiment - INFO - [epoch 3/3] batch 15850/15975 loss=3.0737
2025-12-04 13:21:23,766 - rf_experiment - INFO - [epoch 3/3] batch 15900/15975 loss=2.8905
2025-12-04 13:21:25,066 - rf_experiment - INFO - [epoch 3/3] batch 15950/15975 loss=2.8860
2025-12-04 13:21:25,715 - rf_experiment - INFO - [epoch 3] train_loss=2.9532, train_acc=0.1604
2025-12-04 13:21:25,715 - rf_experiment - INFO - [epoch 3] train_loss=2.9532, train_acc=0.1604
2025-12-04 13:22:18,340 - rf_experiment - INFO - [epoch 3] val_loss=2.8196, val_acc=0.1552
2025-12-04 13:22:18,341 - rf_experiment - INFO - Evaluating on test set...
2025-12-04 13:23:10,726 - rf_experiment - INFO - Saved metrics to results/radioml2018_iqgrid_conv2d_dcll_small_20251204_125834/metrics.json
2025-12-04 13:23:10,729 - rf_experiment - INFO - Finished experiment: radioml2018_iqgrid_conv2d_dcll_small
2025-12-04 13:23:10,729 - rf_experiment - INFO - Best val metrics: {'loss': 2.8102337014351257, 'acc': 0.17005759358958308, 'per_snr_acc': {-4: 0.06206896551724138, 16: 0.2919051512673753, -2: 0.08555729984301413, 4: 0.23211446740858505, 28: 0.23789991796554552, 24: 0.22529644268774704, 18: 0.24937027707808565, -8: 0.040032025620496396, -14: 0.03241106719367589, 22: 0.23777961888980945, 20: 0.22502099076406382, 14: 0.28, 12: 0.27842809364548493, 10: 0.27832512315270935, 26: 0.2397708674304419, -12: 0.04526748971193416, -10: 0.04225352112676056, -16: 0.03990610328638498, 2: 0.19293924466338258, -6: 0.05761316872427984, 6: 0.29669421487603304, 8: 0.3016627078384798, 30: 0.23677979479084452, -20: 0.03990422984836393, -18: 0.04561101549053356, 0: 0.14443500424808836}}
2025-12-04 13:23:10,729 - rf_experiment - INFO - Test metrics: {'loss': 2.8172290918711393, 'acc': 0.1568075117370892, 'per_snr_acc': {16: 0.24587458745874588, 18: 0.24858757062146894, -8: 0.038461538461538464, 20: 0.236, -4: 0.08401976935749589, -16: 0.041666666666666664, 6: 0.22073578595317725, 26: 0.20049710024855014, 12: 0.2454242928452579, -14: 0.05102040816326531, 22: 0.19886363636363635, -2: 0.11960943856794141, 10: 0.24159499609069585, -20: 0.043547110055423596, 24: 0.20517097581317764, -12: 0.03894080996884735, 28: 0.1996615905245347, 4: 0.24411302982731553, 8: 0.2526573998364677, 14: 0.2526573998364677, 30: 0.19147157190635453, 2: 0.18203688853247796, -10: 0.04203718674211803, -18: 0.046511627906976744, -6: 0.06403940886699508, 0: 0.15020408163265306}}
