2025-12-04 14:36:52,036 - rf_experiment - INFO - Starting experiment: radioml2018_iqgrid_hrm_dcll_small
2025-12-04 14:36:52,036 - rf_experiment - INFO - Run name: radioml2018_iqgrid_hrm_dcll_small_20251204_143652
2025-12-04 14:36:52,036 - rf_experiment - INFO - Config file: configs/radioml2018_iqgrid_hrm_dcll_small.yaml
2025-12-04 14:36:52,036 - rf_experiment - INFO - Saved resolved config to: results/radioml2018_iqgrid_hrm_dcll_small_20251204_143652/config.yaml
2025-12-04 14:36:52,036 - rf_experiment - INFO - Run directory: results/radioml2018_iqgrid_hrm_dcll_small_20251204_143652
2025-12-04 14:36:52,036 - rf_experiment - INFO - Using device: cpu
2025-12-04 14:36:52,036 - rf_experiment - INFO - Torch version: 2.9.0
2025-12-04 14:36:52,036 - rf_experiment - INFO - Dataset config: {'path': 'data/GOLD_XYZ_OSC.0001_1024.hdf5', 'name': 'radioml2018_structured', 'frames_per_combo': 1024, 'mods_to_use': [3, 4], 'snrs_to_use': [0, 10], 'train_frac': 0.8, 'val_frac': 0.1, 'test_frac': 0.1, 'shuffle': True, 'num_workers': 0}
2025-12-04 14:36:52,036 - rf_experiment - INFO - Encoding config: {'type': 'iq_grid', 'params': {'grid_size': 16, 'subsample': 4}}
2025-12-04 14:36:52,036 - rf_experiment - INFO - Total logical dataset size: 4096 samples
2025-12-04 14:36:52,036 - rf_experiment - INFO - Num classes (from dataset): 2
2025-12-04 14:36:52,036 - rf_experiment - INFO - Splits: train=3276, val=409, test=411
2025-12-04 14:36:52,037 - rf_experiment - INFO - Dataloader: batch_size=16, num_workers=0
2025-12-04 14:36:52,037 - rf_experiment - INFO - Building model: {'type': 'hrm_rf', 'params': {'input_channels': 1, 'grid_size': 16, 'low_dim': 128, 'high_dim': 128, 'num_cycles': 4, 'dropout': 0.1, 'agg': 'mean', 'num_classes': 2}}
2025-12-04 14:36:52,037 - rf_experiment - INFO - Building model with num_classes=2
2025-12-04 14:36:52,038 - rf_experiment - INFO - Building trainer: {'trainer': 'bptt', 'loss': 'cross_entropy', 'optimizer': 'adam', 'lr': 0.001, 'batch_size': 16, 'epochs': 10, 'max_time_steps': 256, 'grad_clip': 1.0, 'device': 'cpu'}
2025-12-04 14:36:52,519 - rf_experiment - INFO - Starting training loop...
2025-12-04 14:36:52,519 - rf_experiment - INFO - [epoch 1/10] training...
2025-12-04 14:37:36,433 - rf_experiment - INFO - [epoch 1] train_loss=0.6738, train_acc=0.5531
2025-12-04 14:37:37,520 - rf_experiment - INFO - [epoch 1] val_loss=0.5123, val_acc=0.7433
2025-12-04 14:37:37,521 - rf_experiment - INFO - [epoch 2/10] training...
2025-12-04 14:38:22,726 - rf_experiment - INFO - [epoch 2] train_loss=0.4694, train_acc=0.7692
2025-12-04 14:38:23,829 - rf_experiment - INFO - [epoch 2] val_loss=0.4564, val_acc=0.7408
2025-12-04 14:38:23,829 - rf_experiment - INFO - [epoch 3/10] training...
2025-12-04 14:39:08,566 - rf_experiment - INFO - [epoch 3] train_loss=0.4080, train_acc=0.7955
2025-12-04 14:39:09,681 - rf_experiment - INFO - [epoch 3] val_loss=0.4116, val_acc=0.7677
2025-12-04 14:39:09,681 - rf_experiment - INFO - [epoch 4/10] training...
2025-12-04 14:39:55,980 - rf_experiment - INFO - [epoch 4] train_loss=0.4052, train_acc=0.8040
2025-12-04 14:39:57,083 - rf_experiment - INFO - [epoch 4] val_loss=0.5271, val_acc=0.7824
2025-12-04 14:39:57,083 - rf_experiment - INFO - [epoch 5/10] training...
2025-12-04 14:40:41,985 - rf_experiment - INFO - [epoch 5] train_loss=0.3594, train_acc=0.8297
2025-12-04 14:40:43,126 - rf_experiment - INFO - [epoch 5] val_loss=0.4167, val_acc=0.7800
2025-12-04 14:40:43,126 - rf_experiment - INFO - [epoch 6/10] training...
2025-12-04 14:41:30,640 - rf_experiment - INFO - [epoch 6] train_loss=0.3409, train_acc=0.8446
2025-12-04 14:41:31,846 - rf_experiment - INFO - [epoch 6] val_loss=0.4226, val_acc=0.7995
2025-12-04 14:41:31,846 - rf_experiment - INFO - [epoch 7/10] training...
2025-12-04 14:42:17,880 - rf_experiment - INFO - [epoch 7] train_loss=0.2897, train_acc=0.8645
2025-12-04 14:42:19,002 - rf_experiment - INFO - [epoch 7] val_loss=0.5312, val_acc=0.7702
2025-12-04 14:42:19,002 - rf_experiment - INFO - [epoch 8/10] training...
2025-12-04 14:43:05,271 - rf_experiment - INFO - [epoch 8] train_loss=0.2672, train_acc=0.8825
2025-12-04 14:43:06,397 - rf_experiment - INFO - [epoch 8] val_loss=0.4627, val_acc=0.7800
2025-12-04 14:43:06,398 - rf_experiment - INFO - [epoch 9/10] training...
2025-12-04 14:43:54,421 - rf_experiment - INFO - [epoch 9] train_loss=0.2352, train_acc=0.8974
2025-12-04 14:43:55,638 - rf_experiment - INFO - [epoch 9] val_loss=0.5401, val_acc=0.7702
2025-12-04 14:43:55,638 - rf_experiment - INFO - [epoch 10/10] training...
2025-12-04 14:44:45,462 - rf_experiment - INFO - [epoch 10] train_loss=0.1642, train_acc=0.9292
2025-12-04 14:44:46,649 - rf_experiment - INFO - [epoch 10] val_loss=0.2096, val_acc=0.9267
2025-12-04 14:44:46,650 - rf_experiment - INFO - Evaluating on test set...
2025-12-04 14:44:47,845 - rf_experiment - INFO - Saved metrics to results/radioml2018_iqgrid_hrm_dcll_small_20251204_143652/metrics.json
2025-12-04 14:44:47,848 - rf_experiment - INFO - Finished experiment: radioml2018_iqgrid_hrm_dcll_small
2025-12-04 14:44:47,848 - rf_experiment - INFO - Best val metrics: {'loss': 0.20955371073376577, 'acc': 0.9266503667481663, 'per_snr_acc': {10: 1.0, 0: 0.8536585365853658}}
2025-12-04 14:44:47,848 - rf_experiment - INFO - Test metrics: {'loss': 0.25298273350381795, 'acc': 0.9172749391727494, 'per_snr_acc': {10: 1.0, 0: 0.83}}
