2025-12-02 12:51:25,586 - rf_experiment - INFO - Starting experiment: radioml2018_iqgrid_conv2d_dcll_small
2025-12-02 12:51:25,586 - rf_experiment - INFO - Run name: radioml2018_iqgrid_conv2d_dcll_small_20251202_125125
2025-12-02 12:51:25,586 - rf_experiment - INFO - Config file: configs/radioml2018_iqgrid_conv2d_dcll_small_2.yaml
2025-12-02 12:51:25,586 - rf_experiment - INFO - Saved resolved config to: results/radioml2018_iqgrid_conv2d_dcll_small_20251202_125125/config.yaml
2025-12-02 12:51:25,586 - rf_experiment - INFO - Run directory: results/radioml2018_iqgrid_conv2d_dcll_small_20251202_125125
2025-12-02 12:51:25,586 - rf_experiment - INFO - Using device: cpu
2025-12-02 12:51:25,586 - rf_experiment - INFO - Torch version: 2.9.0
2025-12-02 12:51:25,586 - rf_experiment - INFO - Dataset config: {'path': 'data/GOLD_XYZ_OSC.0001_1024.hdf5', 'name': 'radioml2018_structured', 'frames_per_combo': 32, 'mods_to_use': [3, 4, 5, 6], 'snrs_to_use': [0, 2, 4, 6, 10], 'train_frac': 0.8, 'val_frac': 0.1, 'test_frac': 0.1, 'shuffle': True, 'num_workers': 0}
2025-12-02 12:51:25,586 - rf_experiment - INFO - Encoding config: {'type': 'iq_grid', 'params': {'grid_size': 16, 'subsample': 4}}
2025-12-02 12:51:25,587 - rf_experiment - INFO - Total logical dataset size: 640 samples
2025-12-02 12:51:25,587 - rf_experiment - INFO - Splits: train=512, val=64, test=64
2025-12-02 12:51:25,587 - rf_experiment - INFO - Dataloader: batch_size=16, num_workers=0
2025-12-02 12:51:25,587 - rf_experiment - INFO - Building model: {'type': 'conv2d_snn', 'params': {'input_channels': 1, 'conv_channels': [32, 64], 'kernel_sizes': [3, 3], 'grid_size': 16, 'lif_beta': 0.9, 'num_classes': 24, 'dropout': 0.1, 'pool': True}}
2025-12-02 12:51:25,588 - rf_experiment - INFO - Building trainer: {'trainer': 'dcll', 'loss': 'cross_entropy', 'optimizer': 'adam', 'lr': 0.001, 'batch_size': 16, 'epochs': 3, 'max_time_steps': 256, 'grad_clip': 1.0, 'device': 'cpu'}
2025-12-02 12:51:26,062 - rf_experiment - INFO - Starting training loop...
2025-12-02 12:51:26,062 - rf_experiment - INFO - [epoch 1/3] training...
2025-12-02 12:52:25,717 - rf_experiment - INFO - [epoch 1] train_loss=14.1524, train_acc=0.1816
2025-12-02 12:52:29,873 - rf_experiment - INFO - [epoch 1] val_loss=3.7454, val_acc=0.2812
2025-12-02 12:52:29,873 - rf_experiment - INFO - [epoch 2/3] training...
2025-12-02 12:53:30,888 - rf_experiment - INFO - [epoch 2] train_loss=3.1353, train_acc=0.1836
2025-12-02 12:53:35,111 - rf_experiment - INFO - [epoch 2] val_loss=2.3488, val_acc=0.2344
2025-12-02 12:53:35,111 - rf_experiment - INFO - [epoch 3/3] training...
2025-12-02 12:54:38,218 - rf_experiment - INFO - [epoch 3] train_loss=2.1819, train_acc=0.2188
2025-12-02 12:54:42,361 - rf_experiment - INFO - [epoch 3] val_loss=1.3645, val_acc=0.4531
2025-12-02 12:54:42,361 - rf_experiment - INFO - Evaluating on test set...
2025-12-02 12:54:46,496 - rf_experiment - INFO - Saved metrics to results/radioml2018_iqgrid_conv2d_dcll_small_20251202_125125/metrics.json
2025-12-02 12:54:46,496 - rf_experiment - INFO - Finished experiment: radioml2018_iqgrid_conv2d_dcll_small
2025-12-02 12:54:46,496 - rf_experiment - INFO - Best val metrics: {'loss': 1.3645006716251373, 'acc': 0.453125, 'per_snr_acc': {2: 0.4, 4: 0.6, 10: 0.45454545454545453, 0: 0.2857142857142857, 6: 0.5555555555555556}}
2025-12-02 12:54:46,496 - rf_experiment - INFO - Test metrics: {'loss': 1.7667498588562012, 'acc': 0.25, 'per_snr_acc': {2: 0.13333333333333333, 4: 0.3333333333333333, 10: 0.42857142857142855, 0: 0.26666666666666666, 6: 0.2}}
