2025-12-04 14:31:23,389 - rf_experiment - INFO - Starting experiment: radioml2018_iqgrid_hrm_dcll_small
2025-12-04 14:31:23,390 - rf_experiment - INFO - Run name: radioml2018_iqgrid_hrm_dcll_small_20251204_143123
2025-12-04 14:31:23,390 - rf_experiment - INFO - Config file: configs/radioml2018_iqgrid_hrm_dcll_small.yaml
2025-12-04 14:31:23,390 - rf_experiment - INFO - Saved resolved config to: results/radioml2018_iqgrid_hrm_dcll_small_20251204_143123/config.yaml
2025-12-04 14:31:23,390 - rf_experiment - INFO - Run directory: results/radioml2018_iqgrid_hrm_dcll_small_20251204_143123
2025-12-04 14:31:23,390 - rf_experiment - INFO - Using device: cpu
2025-12-04 14:31:23,390 - rf_experiment - INFO - Torch version: 2.9.0
2025-12-04 14:31:23,390 - rf_experiment - INFO - Dataset config: {'path': 'data/GOLD_XYZ_OSC.0001_1024.hdf5', 'name': 'radioml2018_structured', 'frames_per_combo': 32, 'mods_to_use': [3, 4], 'snrs_to_use': [0, 10], 'train_frac': 0.8, 'val_frac': 0.1, 'test_frac': 0.1, 'shuffle': True, 'num_workers': 0}
2025-12-04 14:31:23,390 - rf_experiment - INFO - Encoding config: {'type': 'iq_grid', 'params': {'grid_size': 16, 'subsample': 4}}
2025-12-04 14:31:23,390 - rf_experiment - INFO - Total logical dataset size: 128 samples
2025-12-04 14:31:23,390 - rf_experiment - INFO - Num classes (from dataset): 2
2025-12-04 14:31:23,390 - rf_experiment - INFO - Splits: train=102, val=12, test=14
2025-12-04 14:31:23,390 - rf_experiment - INFO - Dataloader: batch_size=16, num_workers=0
2025-12-04 14:31:23,390 - rf_experiment - INFO - Building model: {'type': 'hrm_rf', 'params': {'input_channels': 1, 'grid_size': 16, 'low_dim': 128, 'high_dim': 128, 'num_cycles': 4, 'num_classes': 2, 'dropout': 0.1, 'agg': 'mean'}}
2025-12-04 14:31:23,390 - rf_experiment - INFO - Building model with num_classes=2
2025-12-04 14:31:23,391 - rf_experiment - INFO - Building trainer: {'trainer': 'bptt', 'loss': 'cross_entropy', 'optimizer': 'adam', 'lr': 0.001, 'batch_size': 16, 'epochs': 3, 'max_time_steps': 256, 'grad_clip': 1.0, 'device': 'cpu'}
2025-12-04 14:31:23,907 - rf_experiment - INFO - Starting training loop...
2025-12-04 14:31:23,907 - rf_experiment - INFO - [epoch 1/3] training...
2025-12-04 14:31:25,269 - rf_experiment - INFO - [epoch 1] train_loss=0.6936, train_acc=0.4706
2025-12-04 14:31:25,304 - rf_experiment - INFO - [epoch 1] val_loss=0.6934, val_acc=0.5000
2025-12-04 14:31:25,304 - rf_experiment - INFO - [epoch 2/3] training...
2025-12-04 14:31:26,575 - rf_experiment - INFO - [epoch 2] train_loss=0.6892, train_acc=0.5196
2025-12-04 14:31:26,610 - rf_experiment - INFO - [epoch 2] val_loss=0.6911, val_acc=0.5000
2025-12-04 14:31:26,610 - rf_experiment - INFO - [epoch 3/3] training...
2025-12-04 14:31:27,851 - rf_experiment - INFO - [epoch 3] train_loss=0.6767, train_acc=0.6863
2025-12-04 14:31:27,885 - rf_experiment - INFO - [epoch 3] val_loss=0.6853, val_acc=0.8333
2025-12-04 14:31:27,885 - rf_experiment - INFO - Evaluating on test set...
2025-12-04 14:31:27,923 - rf_experiment - INFO - Saved metrics to results/radioml2018_iqgrid_hrm_dcll_small_20251204_143123/metrics.json
2025-12-04 14:31:27,924 - rf_experiment - INFO - Finished experiment: radioml2018_iqgrid_hrm_dcll_small
2025-12-04 14:31:27,924 - rf_experiment - INFO - Best val metrics: {'loss': 0.6853072643280029, 'acc': 0.8333333333333334, 'per_snr_acc': {10: 0.8333333333333334, 0: 0.8333333333333334}}
2025-12-04 14:31:27,924 - rf_experiment - INFO - Test metrics: {'loss': 0.6853183507919312, 'acc': 0.5, 'per_snr_acc': {0: 0.16666666666666666, 10: 0.75}}
