2026-01-05 11:44:47,192 - rf_experiment - INFO - Starting experiment: project_runs_2_conv2d_.iqgrid_bptt
2026-01-05 11:44:47,192 - rf_experiment - INFO - Run name: project_runs_2_conv2d_.iqgrid_bptt_20260105_114447
2026-01-05 11:44:47,192 - rf_experiment - INFO - Config file: configs/project_runs_2_conv2d_.iqgrid_bptt.yaml
2026-01-05 11:44:47,192 - rf_experiment - INFO - Saved resolved config to: results/project_runs_2_conv2d_.iqgrid_bptt_20260105_114447/config.yaml
2026-01-05 11:44:47,192 - rf_experiment - INFO - Run directory: results/project_runs_2_conv2d_.iqgrid_bptt_20260105_114447
2026-01-05 11:44:47,204 - rf_experiment - INFO - Using device: mps
2026-01-05 11:44:47,204 - rf_experiment - INFO - Using device: mps
2026-01-05 11:44:47,204 - rf_experiment - INFO - Torch version: 2.9.0
2026-01-05 11:44:47,204 - rf_experiment - INFO - Dataset config: {'path': 'data/GOLD_XYZ_OSC.0001_1024.hdf5', 'name': 'radioml2018_structured', 'frames_per_combo': 512, 'mods_to_use': [1, 2, 3, 4, 5, 6], 'snrs_to_use': [0, 10, 20, 30], 'train_frac': 0.8, 'val_frac': 0.1, 'test_frac': 0.1, 'shuffle': True, 'num_workers': 0}
2026-01-05 11:44:47,204 - rf_experiment - INFO - Encoding config: {'type': 'iq_grid', 'params': {'grid_size': 16, 'subsample': 4}}
2026-01-05 11:44:47,205 - rf_experiment - INFO - Total logical dataset size: 12288 samples
2026-01-05 11:44:47,205 - rf_experiment - INFO - Num classes (from dataset): 6
2026-01-05 11:44:47,205 - rf_experiment - INFO - Splits: train=9830, val=1228, test=1230
2026-01-05 11:44:47,209 - rf_experiment - INFO - Full dataset labels: {0: 2048, 1: 2048, 2: 2048, 3: 2048, 4: 2048, 5: 2048}
2026-01-05 11:44:47,209 - rf_experiment - INFO - Full dataset SNRs: {0: 3072, 10: 3072, 20: 3072, 30: 3072}
2026-01-05 11:44:47,209 - rf_experiment - INFO - Dataloader: batch_size=64, num_workers=0
2026-01-05 11:44:47,210 - rf_experiment - INFO - Building model: {'type': 'conv2d_snn', 'params': {'input_channels': 1, 'conv_channels': [32, 64], 'kernel_sizes': [3, 3], 'grid_size': 16, 'lif_beta': 0.9, 'dropout': 0.0, 'pool': True, 'num_classes': 6}}
2026-01-05 11:44:47,210 - rf_experiment - INFO - Building model with num_classes=6
2026-01-05 11:44:47,231 - rf_experiment - INFO - Building trainer: {'trainer': 'bptt', 'loss': 'cross_entropy', 'optimizer': 'adam', 'lr': 0.0003, 'batch_size': 64, 'epochs': 40, 'max_time_steps': 256, 'grad_clip': 1.0, 'device': 'mps'}
2026-01-05 11:44:47,694 - rf_experiment - INFO - Starting training loop...
2026-01-05 11:44:47,694 - rf_experiment - INFO - [epoch 1/40] training...
2026-01-05 11:45:16,712 - rf_experiment - INFO - Epoch 1 [50/154] loss=3.4427[epoch 1] lr=0.000300
2026-01-05 11:45:44,609 - rf_experiment - INFO - Epoch 1 [100/154] loss=1.5959[epoch 1] lr=0.000300
2026-01-05 11:46:12,376 - rf_experiment - INFO - Epoch 1 [150/154] loss=1.6401[epoch 1] lr=0.000300
2026-01-05 11:46:14,566 - rf_experiment - INFO - [epoch 1] train_loss=3.6744, train_acc=0.2674
2026-01-05 11:46:17,225 - rf_experiment - INFO - [epoch 1] val_loss=1.5174, val_acc=0.3779
2026-01-05 11:46:17,225 - rf_experiment - INFO - [epoch 2/40] training...
2026-01-05 11:46:45,126 - rf_experiment - INFO - Epoch 2 [50/154] loss=1.6871[epoch 2] lr=0.000300
2026-01-05 11:47:13,083 - rf_experiment - INFO - Epoch 2 [100/154] loss=1.4873[epoch 2] lr=0.000300
2026-01-05 11:47:41,083 - rf_experiment - INFO - Epoch 2 [150/154] loss=1.3344[epoch 2] lr=0.000300
2026-01-05 11:47:43,167 - rf_experiment - INFO - [epoch 2] train_loss=1.4896, train_acc=0.3678
2026-01-05 11:47:45,941 - rf_experiment - INFO - [epoch 2] val_loss=1.2288, val_acc=0.4552
2026-01-05 11:47:45,941 - rf_experiment - INFO - [epoch 3/40] training...
2026-01-05 11:48:13,890 - rf_experiment - INFO - Epoch 3 [50/154] loss=1.2622[epoch 3] lr=0.000300
2026-01-05 11:48:41,892 - rf_experiment - INFO - Epoch 3 [100/154] loss=1.2722[epoch 3] lr=0.000300
2026-01-05 11:49:09,820 - rf_experiment - INFO - Epoch 3 [150/154] loss=1.2190[epoch 3] lr=0.000300
2026-01-05 11:49:11,878 - rf_experiment - INFO - [epoch 3] train_loss=1.3503, train_acc=0.4207
2026-01-05 11:49:14,564 - rf_experiment - INFO - [epoch 3] val_loss=1.2709, val_acc=0.3941
2026-01-05 11:49:14,564 - rf_experiment - INFO - [epoch 4/40] training...
2026-01-05 11:49:42,543 - rf_experiment - INFO - Epoch 4 [50/154] loss=1.3924[epoch 4] lr=0.000300
2026-01-05 11:50:10,419 - rf_experiment - INFO - Epoch 4 [100/154] loss=1.2014[epoch 4] lr=0.000300
2026-01-05 11:50:38,422 - rf_experiment - INFO - Epoch 4 [150/154] loss=1.0856[epoch 4] lr=0.000300
2026-01-05 11:50:40,527 - rf_experiment - INFO - [epoch 4] train_loss=1.2504, train_acc=0.4444
2026-01-05 11:50:43,369 - rf_experiment - INFO - [epoch 4] val_loss=1.1373, val_acc=0.4723
2026-01-05 11:50:43,369 - rf_experiment - INFO - [epoch 5/40] training...
2026-01-05 11:51:11,324 - rf_experiment - INFO - Epoch 5 [50/154] loss=1.1171[epoch 5] lr=0.000300
2026-01-05 11:51:39,251 - rf_experiment - INFO - Epoch 5 [100/154] loss=1.1954[epoch 5] lr=0.000300
2026-01-05 11:52:07,234 - rf_experiment - INFO - Epoch 5 [150/154] loss=1.2936[epoch 5] lr=0.000300
2026-01-05 11:52:09,287 - rf_experiment - INFO - [epoch 5] train_loss=1.2178, train_acc=0.4797
2026-01-05 11:52:11,959 - rf_experiment - INFO - [epoch 5] val_loss=1.0880, val_acc=0.5383
2026-01-05 11:52:11,960 - rf_experiment - INFO - [epoch 6/40] training...
2026-01-05 11:52:39,990 - rf_experiment - INFO - Epoch 6 [50/154] loss=0.9996[epoch 6] lr=0.000300
2026-01-05 11:53:07,984 - rf_experiment - INFO - Epoch 6 [100/154] loss=0.9954[epoch 6] lr=0.000300
2026-01-05 11:53:36,017 - rf_experiment - INFO - Epoch 6 [150/154] loss=1.0574[epoch 6] lr=0.000300
2026-01-05 11:53:38,113 - rf_experiment - INFO - [epoch 6] train_loss=1.1580, train_acc=0.5024
2026-01-05 11:53:40,956 - rf_experiment - INFO - [epoch 6] val_loss=1.1411, val_acc=0.5212
2026-01-05 11:53:40,956 - rf_experiment - INFO - [epoch 7/40] training...
2026-01-05 11:54:08,818 - rf_experiment - INFO - Epoch 7 [50/154] loss=1.1463[epoch 7] lr=0.000300
2026-01-05 11:54:36,763 - rf_experiment - INFO - Epoch 7 [100/154] loss=0.9790[epoch 7] lr=0.000300
2026-01-05 11:55:04,821 - rf_experiment - INFO - Epoch 7 [150/154] loss=0.9907[epoch 7] lr=0.000300
2026-01-05 11:55:06,937 - rf_experiment - INFO - [epoch 7] train_loss=1.1085, train_acc=0.5181
2026-01-05 11:55:09,691 - rf_experiment - INFO - [epoch 7] val_loss=1.2218, val_acc=0.5155
2026-01-05 11:55:09,691 - rf_experiment - INFO - [epoch 8/40] training...
2026-01-05 11:55:37,694 - rf_experiment - INFO - Epoch 8 [50/154] loss=1.0666[epoch 8] lr=0.000300
2026-01-05 11:56:05,648 - rf_experiment - INFO - Epoch 8 [100/154] loss=0.9985[epoch 8] lr=0.000300
2026-01-05 11:56:33,678 - rf_experiment - INFO - Epoch 8 [150/154] loss=1.0229[epoch 8] lr=0.000300
2026-01-05 11:56:35,748 - rf_experiment - INFO - [epoch 8] train_loss=1.0714, train_acc=0.5479
2026-01-05 11:56:38,430 - rf_experiment - INFO - [epoch 8] val_loss=1.0624, val_acc=0.5489
2026-01-05 11:56:38,430 - rf_experiment - INFO - [epoch 9/40] training...
2026-01-05 11:57:06,455 - rf_experiment - INFO - Epoch 9 [50/154] loss=0.8994[epoch 9] lr=0.000300
2026-01-05 11:57:34,396 - rf_experiment - INFO - Epoch 9 [100/154] loss=1.1473[epoch 9] lr=0.000300
2026-01-05 11:58:02,325 - rf_experiment - INFO - Epoch 9 [150/154] loss=1.1348[epoch 9] lr=0.000300
2026-01-05 11:58:04,436 - rf_experiment - INFO - [epoch 9] train_loss=1.1044, train_acc=0.5334
2026-01-05 11:58:07,221 - rf_experiment - INFO - [epoch 9] val_loss=0.9581, val_acc=0.5700
2026-01-05 11:58:07,221 - rf_experiment - INFO - [epoch 10/40] training...
2026-01-05 11:58:35,194 - rf_experiment - INFO - Epoch 10 [50/154] loss=0.8524[epoch 10] lr=0.000300
2026-01-05 11:59:02,962 - rf_experiment - INFO - Epoch 10 [100/154] loss=1.0557[epoch 10] lr=0.000300
2026-01-05 11:59:30,699 - rf_experiment - INFO - Epoch 10 [150/154] loss=0.8100[epoch 10] lr=0.000300
2026-01-05 11:59:32,778 - rf_experiment - INFO - [epoch 10] train_loss=1.0116, train_acc=0.5646
2026-01-05 11:59:35,504 - rf_experiment - INFO - [epoch 10] val_loss=0.8762, val_acc=0.6067
2026-01-05 11:59:35,504 - rf_experiment - INFO - [epoch 11/40] training...
2026-01-05 12:00:03,046 - rf_experiment - INFO - Epoch 11 [50/154] loss=0.9217[epoch 11] lr=0.000300
2026-01-05 12:00:30,631 - rf_experiment - INFO - Epoch 11 [100/154] loss=0.9344[epoch 11] lr=0.000300
2026-01-05 12:00:58,666 - rf_experiment - INFO - Epoch 11 [150/154] loss=0.8462[epoch 11] lr=0.000300
2026-01-05 12:01:00,767 - rf_experiment - INFO - [epoch 11] train_loss=0.9709, train_acc=0.5788
2026-01-05 12:01:03,622 - rf_experiment - INFO - [epoch 11] val_loss=0.8872, val_acc=0.5635
2026-01-05 12:01:03,622 - rf_experiment - INFO - [epoch 12/40] training...
2026-01-05 12:01:32,046 - rf_experiment - INFO - Epoch 12 [50/154] loss=1.2741[epoch 12] lr=0.000300
2026-01-05 12:02:00,286 - rf_experiment - INFO - Epoch 12 [100/154] loss=0.9574[epoch 12] lr=0.000300
2026-01-05 12:02:28,686 - rf_experiment - INFO - Epoch 12 [150/154] loss=0.9738[epoch 12] lr=0.000300
2026-01-05 12:02:30,763 - rf_experiment - INFO - [epoch 12] train_loss=0.9344, train_acc=0.5923
2026-01-05 12:02:33,525 - rf_experiment - INFO - [epoch 12] val_loss=0.8246, val_acc=0.5871
2026-01-05 12:02:33,525 - rf_experiment - INFO - [epoch 13/40] training...
2026-01-05 12:03:01,884 - rf_experiment - INFO - Epoch 13 [50/154] loss=1.1440[epoch 13] lr=0.000300
2026-01-05 12:03:30,267 - rf_experiment - INFO - Epoch 13 [100/154] loss=0.8337[epoch 13] lr=0.000300
2026-01-05 12:03:58,551 - rf_experiment - INFO - Epoch 13 [150/154] loss=1.4867[epoch 13] lr=0.000300
2026-01-05 12:04:00,647 - rf_experiment - INFO - [epoch 13] train_loss=0.8959, train_acc=0.5966
2026-01-05 12:04:03,542 - rf_experiment - INFO - [epoch 13] val_loss=0.8286, val_acc=0.6319
2026-01-05 12:04:03,542 - rf_experiment - INFO - [epoch 14/40] training...
2026-01-05 12:04:31,687 - rf_experiment - INFO - Epoch 14 [50/154] loss=0.9359[epoch 14] lr=0.000300
2026-01-05 12:04:59,962 - rf_experiment - INFO - Epoch 14 [100/154] loss=0.8737[epoch 14] lr=0.000300
2026-01-05 12:05:28,202 - rf_experiment - INFO - Epoch 14 [150/154] loss=0.9843[epoch 14] lr=0.000300
2026-01-05 12:05:30,289 - rf_experiment - INFO - [epoch 14] train_loss=0.8770, train_acc=0.5967
2026-01-05 12:05:33,124 - rf_experiment - INFO - [epoch 14] val_loss=1.1063, val_acc=0.5448
2026-01-05 12:05:33,124 - rf_experiment - INFO - [epoch 15/40] training...
2026-01-05 12:06:01,388 - rf_experiment - INFO - Epoch 15 [50/154] loss=0.8102[epoch 15] lr=0.000300
2026-01-05 12:06:29,843 - rf_experiment - INFO - Epoch 15 [100/154] loss=0.8240[epoch 15] lr=0.000300
2026-01-05 12:06:57,899 - rf_experiment - INFO - Epoch 15 [150/154] loss=0.7947[epoch 15] lr=0.000300
2026-01-05 12:07:00,030 - rf_experiment - INFO - [epoch 15] train_loss=0.8716, train_acc=0.6075
2026-01-05 12:07:02,792 - rf_experiment - INFO - [epoch 15] val_loss=0.7775, val_acc=0.6555
2026-01-05 12:07:02,792 - rf_experiment - INFO - [epoch 16/40] training...
2026-01-05 12:07:30,982 - rf_experiment - INFO - Epoch 16 [50/154] loss=1.0030[epoch 16] lr=0.000300
2026-01-05 12:07:59,166 - rf_experiment - INFO - Epoch 16 [100/154] loss=0.8616[epoch 16] lr=0.000300
2026-01-05 12:08:27,431 - rf_experiment - INFO - Epoch 16 [150/154] loss=0.6965[epoch 16] lr=0.000300
2026-01-05 12:08:29,533 - rf_experiment - INFO - [epoch 16] train_loss=0.8735, train_acc=0.6060
2026-01-05 12:08:32,278 - rf_experiment - INFO - [epoch 16] val_loss=0.9499, val_acc=0.5757
2026-01-05 12:08:32,278 - rf_experiment - INFO - [epoch 17/40] training...
2026-01-05 12:09:00,503 - rf_experiment - INFO - Epoch 17 [50/154] loss=1.0508[epoch 17] lr=0.000300
2026-01-05 12:09:28,749 - rf_experiment - INFO - Epoch 17 [100/154] loss=0.8335[epoch 17] lr=0.000300
2026-01-05 12:09:56,863 - rf_experiment - INFO - Epoch 17 [150/154] loss=0.9179[epoch 17] lr=0.000300
2026-01-05 12:09:58,974 - rf_experiment - INFO - [epoch 17] train_loss=0.8518, train_acc=0.6145
2026-01-05 12:10:01,807 - rf_experiment - INFO - [epoch 17] val_loss=0.9118, val_acc=0.5570
2026-01-05 12:10:01,808 - rf_experiment - INFO - [epoch 18/40] training...
2026-01-05 12:10:30,016 - rf_experiment - INFO - Epoch 18 [50/154] loss=0.8337[epoch 18] lr=0.000300
2026-01-05 12:10:58,263 - rf_experiment - INFO - Epoch 18 [100/154] loss=0.6746[epoch 18] lr=0.000300
2026-01-05 12:11:26,502 - rf_experiment - INFO - Epoch 18 [150/154] loss=0.8742[epoch 18] lr=0.000300
2026-01-05 12:11:28,615 - rf_experiment - INFO - [epoch 18] train_loss=0.8391, train_acc=0.6188
2026-01-05 12:11:31,281 - rf_experiment - INFO - [epoch 18] val_loss=0.7452, val_acc=0.6572
2026-01-05 12:11:31,281 - rf_experiment - INFO - [epoch 19/40] training...
2026-01-05 12:11:59,407 - rf_experiment - INFO - Epoch 19 [50/154] loss=0.8733[epoch 19] lr=0.000300
2026-01-05 12:12:27,591 - rf_experiment - INFO - Epoch 19 [100/154] loss=1.0411[epoch 19] lr=0.000300
2026-01-05 12:12:55,765 - rf_experiment - INFO - Epoch 19 [150/154] loss=0.8219[epoch 19] lr=0.000300
2026-01-05 12:12:57,870 - rf_experiment - INFO - [epoch 19] train_loss=0.8051, train_acc=0.6269
2026-01-05 12:13:00,641 - rf_experiment - INFO - [epoch 19] val_loss=0.7753, val_acc=0.6441
2026-01-05 12:13:00,641 - rf_experiment - INFO - [epoch 20/40] training...
2026-01-05 12:13:28,769 - rf_experiment - INFO - Epoch 20 [50/154] loss=0.8061[epoch 20] lr=0.000300
2026-01-05 12:13:56,870 - rf_experiment - INFO - Epoch 20 [100/154] loss=0.8667[epoch 20] lr=0.000300
2026-01-05 12:14:25,230 - rf_experiment - INFO - Epoch 20 [150/154] loss=0.7131[epoch 20] lr=0.000300
2026-01-05 12:14:27,337 - rf_experiment - INFO - [epoch 20] train_loss=0.8269, train_acc=0.6266
2026-01-05 12:14:30,126 - rf_experiment - INFO - [epoch 20] val_loss=0.8208, val_acc=0.6148
2026-01-05 12:14:30,126 - rf_experiment - INFO - [epoch 21/40] training...
2026-01-05 12:14:58,252 - rf_experiment - INFO - Epoch 21 [50/154] loss=0.7558[epoch 21] lr=0.000300
2026-01-05 12:15:26,501 - rf_experiment - INFO - Epoch 21 [100/154] loss=0.8979[epoch 21] lr=0.000300
2026-01-05 12:15:54,697 - rf_experiment - INFO - Epoch 21 [150/154] loss=0.7952[epoch 21] lr=0.000300
2026-01-05 12:15:56,827 - rf_experiment - INFO - [epoch 21] train_loss=0.7856, train_acc=0.6327
2026-01-05 12:15:59,700 - rf_experiment - INFO - [epoch 21] val_loss=0.9408, val_acc=0.5814
2026-01-05 12:15:59,700 - rf_experiment - INFO - [epoch 22/40] training...
2026-01-05 12:16:27,817 - rf_experiment - INFO - Epoch 22 [50/154] loss=0.9408[epoch 22] lr=0.000300
2026-01-05 12:16:55,773 - rf_experiment - INFO - Epoch 22 [100/154] loss=0.7390[epoch 22] lr=0.000300
2026-01-05 12:17:24,036 - rf_experiment - INFO - Epoch 22 [150/154] loss=0.7277[epoch 22] lr=0.000300
2026-01-05 12:17:26,133 - rf_experiment - INFO - [epoch 22] train_loss=0.8028, train_acc=0.6315
2026-01-05 12:17:28,965 - rf_experiment - INFO - [epoch 22] val_loss=0.7252, val_acc=0.6531
2026-01-05 12:17:28,965 - rf_experiment - INFO - [epoch 23/40] training...
2026-01-05 12:17:57,109 - rf_experiment - INFO - Epoch 23 [50/154] loss=0.6912[epoch 23] lr=0.000300
2026-01-05 12:18:25,156 - rf_experiment - INFO - Epoch 23 [100/154] loss=0.7055[epoch 23] lr=0.000300
2026-01-05 12:18:53,302 - rf_experiment - INFO - Epoch 23 [150/154] loss=0.8525[epoch 23] lr=0.000300
2026-01-05 12:18:55,413 - rf_experiment - INFO - [epoch 23] train_loss=0.7840, train_acc=0.6368
2026-01-05 12:18:58,267 - rf_experiment - INFO - [epoch 23] val_loss=0.8515, val_acc=0.6230
2026-01-05 12:18:58,267 - rf_experiment - INFO - [epoch 24/40] training...
2026-01-05 12:19:26,468 - rf_experiment - INFO - Epoch 24 [50/154] loss=0.6598[epoch 24] lr=0.000300
2026-01-05 12:19:54,583 - rf_experiment - INFO - Epoch 24 [100/154] loss=0.6166[epoch 24] lr=0.000300
2026-01-05 12:20:22,864 - rf_experiment - INFO - Epoch 24 [150/154] loss=0.6447[epoch 24] lr=0.000300
2026-01-05 12:20:24,954 - rf_experiment - INFO - [epoch 24] train_loss=0.7715, train_acc=0.6370
2026-01-05 12:20:27,708 - rf_experiment - INFO - [epoch 24] val_loss=0.8271, val_acc=0.6523
2026-01-05 12:20:27,708 - rf_experiment - INFO - [epoch 25/40] training...
2026-01-05 12:20:55,938 - rf_experiment - INFO - Epoch 25 [50/154] loss=0.8778[epoch 25] lr=0.000300
2026-01-05 12:21:24,377 - rf_experiment - INFO - Epoch 25 [100/154] loss=0.8143[epoch 25] lr=0.000300
2026-01-05 12:21:52,742 - rf_experiment - INFO - Epoch 25 [150/154] loss=0.7689[epoch 25] lr=0.000300
2026-01-05 12:21:54,913 - rf_experiment - INFO - [epoch 25] train_loss=0.7896, train_acc=0.6386
2026-01-05 12:21:57,721 - rf_experiment - INFO - [epoch 25] val_loss=0.7871, val_acc=0.6091
2026-01-05 12:21:57,721 - rf_experiment - INFO - [epoch 26/40] training...
2026-01-05 12:22:26,036 - rf_experiment - INFO - Epoch 26 [50/154] loss=0.6294[epoch 26] lr=0.000300
2026-01-05 12:22:54,295 - rf_experiment - INFO - Epoch 26 [100/154] loss=0.7115[epoch 26] lr=0.000300
2026-01-05 12:23:22,226 - rf_experiment - INFO - Epoch 26 [150/154] loss=0.8006[epoch 26] lr=0.000300
2026-01-05 12:23:24,266 - rf_experiment - INFO - [epoch 26] train_loss=0.7889, train_acc=0.6333
2026-01-05 12:23:26,858 - rf_experiment - INFO - [epoch 26] val_loss=0.7833, val_acc=0.6213
2026-01-05 12:23:26,858 - rf_experiment - INFO - [epoch 27/40] training...
2026-01-05 12:23:54,758 - rf_experiment - INFO - Epoch 27 [50/154] loss=0.6189[epoch 27] lr=0.000300
2026-01-05 12:24:22,721 - rf_experiment - INFO - Epoch 27 [100/154] loss=0.7580[epoch 27] lr=0.000300
2026-01-05 12:24:50,662 - rf_experiment - INFO - Epoch 27 [150/154] loss=0.8263[epoch 27] lr=0.000300
2026-01-05 12:24:52,738 - rf_experiment - INFO - [epoch 27] train_loss=0.7644, train_acc=0.6439
2026-01-05 12:24:55,465 - rf_experiment - INFO - [epoch 27] val_loss=0.7708, val_acc=0.6531
2026-01-05 12:24:55,465 - rf_experiment - INFO - [epoch 28/40] training...
2026-01-05 12:25:23,396 - rf_experiment - INFO - Epoch 28 [50/154] loss=0.8552[epoch 28] lr=0.000300
2026-01-05 12:25:51,367 - rf_experiment - INFO - Epoch 28 [100/154] loss=0.7478[epoch 28] lr=0.000300
2026-01-05 12:26:19,432 - rf_experiment - INFO - Epoch 28 [150/154] loss=0.9443[epoch 28] lr=0.000300
2026-01-05 12:26:21,502 - rf_experiment - INFO - [epoch 28] train_loss=0.7541, train_acc=0.6430
2026-01-05 12:26:24,119 - rf_experiment - INFO - [epoch 28] val_loss=0.8327, val_acc=0.6205
2026-01-05 12:26:24,119 - rf_experiment - INFO - [epoch 29/40] training...
2026-01-05 12:26:52,127 - rf_experiment - INFO - Epoch 29 [50/154] loss=0.7964[epoch 29] lr=0.000300
2026-01-05 12:27:20,234 - rf_experiment - INFO - Epoch 29 [100/154] loss=0.7882[epoch 29] lr=0.000300
2026-01-05 12:27:48,157 - rf_experiment - INFO - Epoch 29 [150/154] loss=0.8707[epoch 29] lr=0.000300
2026-01-05 12:27:50,202 - rf_experiment - INFO - [epoch 29] train_loss=0.7445, train_acc=0.6551
2026-01-05 12:27:52,847 - rf_experiment - INFO - [epoch 29] val_loss=0.6644, val_acc=0.6759
2026-01-05 12:27:52,847 - rf_experiment - INFO - [epoch 30/40] training...
2026-01-05 12:28:20,791 - rf_experiment - INFO - Epoch 30 [50/154] loss=0.7963[epoch 30] lr=0.000300
2026-01-05 12:28:48,781 - rf_experiment - INFO - Epoch 30 [100/154] loss=0.7744[epoch 30] lr=0.000300
2026-01-05 12:29:16,787 - rf_experiment - INFO - Epoch 30 [150/154] loss=0.9541[epoch 30] lr=0.000300
2026-01-05 12:29:18,852 - rf_experiment - INFO - [epoch 30] train_loss=0.7603, train_acc=0.6409
2026-01-05 12:29:21,475 - rf_experiment - INFO - [epoch 30] val_loss=0.6929, val_acc=0.6629
2026-01-05 12:29:21,475 - rf_experiment - INFO - [epoch 31/40] training...
2026-01-05 12:29:49,409 - rf_experiment - INFO - Epoch 31 [50/154] loss=0.7995[epoch 31] lr=0.000300
2026-01-05 12:30:17,511 - rf_experiment - INFO - Epoch 31 [100/154] loss=0.8175[epoch 31] lr=0.000300
2026-01-05 12:30:45,553 - rf_experiment - INFO - Epoch 31 [150/154] loss=0.7692[epoch 31] lr=0.000300
2026-01-05 12:30:47,621 - rf_experiment - INFO - [epoch 31] train_loss=0.7199, train_acc=0.6529
2026-01-05 12:30:50,442 - rf_experiment - INFO - [epoch 31] val_loss=0.7149, val_acc=0.6531
2026-01-05 12:30:50,443 - rf_experiment - INFO - [epoch 32/40] training...
2026-01-05 12:31:18,536 - rf_experiment - INFO - Epoch 32 [50/154] loss=0.5484[epoch 32] lr=0.000300
2026-01-05 12:31:46,568 - rf_experiment - INFO - Epoch 32 [100/154] loss=0.5692[epoch 32] lr=0.000300
2026-01-05 12:32:14,715 - rf_experiment - INFO - Epoch 32 [150/154] loss=0.5984[epoch 32] lr=0.000300
2026-01-05 12:32:16,775 - rf_experiment - INFO - [epoch 32] train_loss=0.7221, train_acc=0.6548
2026-01-05 12:32:19,430 - rf_experiment - INFO - [epoch 32] val_loss=0.7547, val_acc=0.6376
2026-01-05 12:32:19,430 - rf_experiment - INFO - [epoch 33/40] training...
2026-01-05 12:32:47,465 - rf_experiment - INFO - Epoch 33 [50/154] loss=0.6195[epoch 33] lr=0.000300
2026-01-05 12:33:15,511 - rf_experiment - INFO - Epoch 33 [100/154] loss=0.9128[epoch 33] lr=0.000300
2026-01-05 12:33:43,481 - rf_experiment - INFO - Epoch 33 [150/154] loss=0.7802[epoch 33] lr=0.000300
2026-01-05 12:33:45,529 - rf_experiment - INFO - [epoch 33] train_loss=0.7317, train_acc=0.6585
2026-01-05 12:33:48,210 - rf_experiment - INFO - [epoch 33] val_loss=0.6830, val_acc=0.6759
2026-01-05 12:33:48,210 - rf_experiment - INFO - [epoch 34/40] training...
2026-01-05 12:34:16,075 - rf_experiment - INFO - Epoch 34 [50/154] loss=0.6004[epoch 34] lr=0.000300
2026-01-05 12:34:43,834 - rf_experiment - INFO - Epoch 34 [100/154] loss=0.6646[epoch 34] lr=0.000300
2026-01-05 12:35:11,142 - rf_experiment - INFO - Epoch 34 [150/154] loss=0.8003[epoch 34] lr=0.000300
2026-01-05 12:35:13,179 - rf_experiment - INFO - [epoch 34] train_loss=0.7099, train_acc=0.6627
2026-01-05 12:35:15,928 - rf_experiment - INFO - [epoch 34] val_loss=0.6957, val_acc=0.6669
2026-01-05 12:35:15,928 - rf_experiment - INFO - [epoch 35/40] training...
2026-01-05 12:35:43,605 - rf_experiment - INFO - Epoch 35 [50/154] loss=0.7566[epoch 35] lr=0.000300
2026-01-05 12:36:11,417 - rf_experiment - INFO - Epoch 35 [100/154] loss=0.5454[epoch 35] lr=0.000300
2026-01-05 12:36:39,180 - rf_experiment - INFO - Epoch 35 [150/154] loss=0.9391[epoch 35] lr=0.000300
2026-01-05 12:36:41,246 - rf_experiment - INFO - [epoch 35] train_loss=0.7240, train_acc=0.6597
2026-01-05 12:36:43,849 - rf_experiment - INFO - [epoch 35] val_loss=0.7469, val_acc=0.6327
2026-01-05 12:36:43,850 - rf_experiment - INFO - [epoch 36/40] training...
2026-01-05 12:37:11,687 - rf_experiment - INFO - Epoch 36 [50/154] loss=0.4673[epoch 36] lr=0.000300
2026-01-05 12:37:39,624 - rf_experiment - INFO - Epoch 36 [100/154] loss=0.7433[epoch 36] lr=0.000300
2026-01-05 12:38:07,544 - rf_experiment - INFO - Epoch 36 [150/154] loss=0.8125[epoch 36] lr=0.000300
2026-01-05 12:38:09,587 - rf_experiment - INFO - [epoch 36] train_loss=0.6989, train_acc=0.6651
2026-01-05 12:38:12,170 - rf_experiment - INFO - [epoch 36] val_loss=0.6440, val_acc=0.6979
2026-01-05 12:38:12,170 - rf_experiment - INFO - [epoch 37/40] training...
2026-01-05 12:38:40,144 - rf_experiment - INFO - Epoch 37 [50/154] loss=0.4817[epoch 37] lr=0.000300
2026-01-05 12:39:08,001 - rf_experiment - INFO - Epoch 37 [100/154] loss=0.7814[epoch 37] lr=0.000300
2026-01-05 12:39:35,734 - rf_experiment - INFO - Epoch 37 [150/154] loss=0.5978[epoch 37] lr=0.000300
2026-01-05 12:39:37,791 - rf_experiment - INFO - [epoch 37] train_loss=0.7207, train_acc=0.6667
2026-01-05 12:39:40,434 - rf_experiment - INFO - [epoch 37] val_loss=0.6164, val_acc=0.6930
2026-01-05 12:39:40,434 - rf_experiment - INFO - [epoch 38/40] training...
2026-01-05 12:40:08,302 - rf_experiment - INFO - Epoch 38 [50/154] loss=0.6717[epoch 38] lr=0.000300
2026-01-05 12:40:36,035 - rf_experiment - INFO - Epoch 38 [100/154] loss=0.6670[epoch 38] lr=0.000300
2026-01-05 12:41:03,672 - rf_experiment - INFO - Epoch 38 [150/154] loss=0.6183[epoch 38] lr=0.000300
2026-01-05 12:41:05,726 - rf_experiment - INFO - [epoch 38] train_loss=0.6973, train_acc=0.6645
2026-01-05 12:41:08,271 - rf_experiment - INFO - [epoch 38] val_loss=0.8540, val_acc=0.6221
2026-01-05 12:41:08,271 - rf_experiment - INFO - [epoch 39/40] training...
2026-01-05 12:41:36,045 - rf_experiment - INFO - Epoch 39 [50/154] loss=0.6930[epoch 39] lr=0.000300
2026-01-05 12:42:03,817 - rf_experiment - INFO - Epoch 39 [100/154] loss=0.6088[epoch 39] lr=0.000300
2026-01-05 12:42:31,564 - rf_experiment - INFO - Epoch 39 [150/154] loss=0.6658[epoch 39] lr=0.000300
2026-01-05 12:42:33,645 - rf_experiment - INFO - [epoch 39] train_loss=0.6954, train_acc=0.6690
2026-01-05 12:42:36,179 - rf_experiment - INFO - [epoch 39] val_loss=0.7024, val_acc=0.6384
2026-01-05 12:42:36,179 - rf_experiment - INFO - [epoch 40/40] training...
2026-01-05 12:43:03,925 - rf_experiment - INFO - Epoch 40 [50/154] loss=0.5431[epoch 40] lr=0.000300
2026-01-05 12:43:31,528 - rf_experiment - INFO - Epoch 40 [100/154] loss=0.5013[epoch 40] lr=0.000300
2026-01-05 12:43:59,240 - rf_experiment - INFO - Epoch 40 [150/154] loss=0.6621[epoch 40] lr=0.000300
2026-01-05 12:44:01,313 - rf_experiment - INFO - [epoch 40] train_loss=0.6813, train_acc=0.6766
2026-01-05 12:44:03,898 - rf_experiment - INFO - [epoch 40] val_loss=0.6779, val_acc=0.6580
2026-01-05 12:44:03,898 - rf_experiment - INFO - Evaluating on test set with best-val checkpoint...
2026-01-05 12:44:06,494 - rf_experiment - INFO - Saved metrics to results/project_runs_2_conv2d_.iqgrid_bptt_20260105_114447/metrics.json
2026-01-05 12:44:06,494 - rf_experiment - INFO - Finished experiment: project_runs_2_conv2d_.iqgrid_bptt
2026-01-05 12:44:06,494 - rf_experiment - INFO - Best val metrics: {'loss': 0.64404997569342, 'acc': 0.6978827361563518, 'per_snr_acc': {30: 0.7884615384615384, 10: 0.7356687898089171, 20: 0.7476635514018691, 0: 0.498220640569395}, 'epoch': 36}
2026-01-05 12:44:06,494 - rf_experiment - INFO - Test metrics: {'loss': 0.6629244974958218, 'acc': 0.6813008130081301, 'per_snr_acc': {30: 0.7203947368421053, 0: 0.5032679738562091, 10: 0.770764119601329, 20: 0.7304075235109718}}
2026-01-05 12:44:06,494 - rf_experiment - INFO - Finished experiment: project_runs_2_conv2d_.iqgrid_bptt
2026-01-05 12:44:06,494 - rf_experiment - INFO - Best val metrics: {'loss': 0.64404997569342, 'acc': 0.6978827361563518, 'per_snr_acc': {30: 0.7884615384615384, 10: 0.7356687898089171, 20: 0.7476635514018691, 0: 0.498220640569395}, 'epoch': 36}
2026-01-05 12:44:06,494 - rf_experiment - INFO - Test metrics: {'loss': 0.6629244974958218, 'acc': 0.6813008130081301, 'per_snr_acc': {30: 0.7203947368421053, 0: 0.5032679738562091, 10: 0.770764119601329, 20: 0.7304075235109718}}
