2025-12-04 12:50:56,898 - rf_experiment - INFO - Starting experiment: radioml2018_iqgrid_conv2d_dcll_small
2025-12-04 12:50:56,898 - rf_experiment - INFO - Run name: radioml2018_iqgrid_conv2d_dcll_small_20251204_125056
2025-12-04 12:50:56,898 - rf_experiment - INFO - Config file: configs/radioml2018_sigma_delta_conv2d_bptt_small_2.yaml
2025-12-04 12:50:56,898 - rf_experiment - INFO - Saved resolved config to: results/radioml2018_iqgrid_conv2d_dcll_small_20251204_125056/config.yaml
2025-12-04 12:50:56,898 - rf_experiment - INFO - Run directory: results/radioml2018_iqgrid_conv2d_dcll_small_20251204_125056
2025-12-04 12:50:56,898 - rf_experiment - INFO - Using device: cpu
2025-12-04 12:50:56,898 - rf_experiment - INFO - Torch version: 2.9.0
2025-12-04 12:50:56,898 - rf_experiment - INFO - Dataset config: {'path': 'data/GOLD_XYZ_OSC.0001_1024.hdf5', 'name': 'radioml2018_structured', 'frames_per_combo': 64, 'mods_to_use': [3, 4], 'snrs_to_use': [-4, 0, 4, 8, 12], 'train_frac': 0.8, 'val_frac': 0.1, 'test_frac': 0.1, 'shuffle': True, 'num_workers': 0}
2025-12-04 12:50:56,898 - rf_experiment - INFO - Encoding config: {'type': 'sigma_delta', 'params': {'grid_size': 16, 'subsample': 1}}
2025-12-04 12:50:56,898 - rf_experiment - INFO - Total logical dataset size: 640 samples
2025-12-04 12:50:56,898 - rf_experiment - INFO - Num classes (from dataset): 2
2025-12-04 12:50:56,898 - rf_experiment - INFO - Splits: train=512, val=64, test=64
2025-12-04 12:50:56,898 - rf_experiment - INFO - Dataloader: batch_size=16, num_workers=0
2025-12-04 12:50:56,899 - rf_experiment - INFO - Building model: {'type': 'conv2d_snn', 'params': {'input_channels': 1, 'conv_channels': [32, 64], 'kernel_sizes': [3, 3], 'grid_size': 16, 'lif_beta': 0.9, 'dropout': 0.1, 'pool': True, 'num_classes': 2}}
2025-12-04 12:50:56,899 - rf_experiment - INFO - Building model with num_classes=2
2025-12-04 12:50:56,900 - rf_experiment - INFO - Building trainer: {'trainer': 'bptt', 'loss': 'cross_entropy', 'optimizer': 'adam', 'lr': 0.001, 'batch_size': 16, 'epochs': 3, 'max_time_steps': 256, 'grad_clip': 1.0, 'device': 'cpu'}
2025-12-04 12:50:57,395 - rf_experiment - INFO - Starting training loop...
2025-12-04 12:50:57,395 - rf_experiment - INFO - [epoch 1/3] training...
2025-12-04 12:54:42,791 - rf_experiment - INFO - [epoch 1] train_loss=17.9901, train_acc=0.4629
2025-12-04 12:55:04,088 - rf_experiment - INFO - [epoch 1] val_loss=7.3621, val_acc=0.4219
2025-12-04 12:55:04,088 - rf_experiment - INFO - [epoch 2/3] training...
2025-12-04 12:59:13,778 - rf_experiment - INFO - [epoch 2] train_loss=2.9969, train_acc=0.5703
2025-12-04 12:59:29,263 - rf_experiment - INFO - [epoch 2] val_loss=4.9095, val_acc=0.5781
2025-12-04 12:59:29,263 - rf_experiment - INFO - [epoch 3/3] training...
2025-12-04 13:03:02,136 - rf_experiment - INFO - [epoch 3] train_loss=3.2912, train_acc=0.5820
2025-12-04 13:03:19,188 - rf_experiment - INFO - [epoch 3] val_loss=0.7536, val_acc=0.5781
2025-12-04 13:03:19,188 - rf_experiment - INFO - Evaluating on test set...
2025-12-04 13:03:36,014 - rf_experiment - INFO - Saved metrics to results/radioml2018_iqgrid_conv2d_dcll_small_20251204_125056/metrics.json
2025-12-04 13:03:36,015 - rf_experiment - INFO - Finished experiment: radioml2018_iqgrid_conv2d_dcll_small
2025-12-04 13:03:36,015 - rf_experiment - INFO - Best val metrics: {'loss': 4.909517198801041, 'acc': 0.578125, 'per_snr_acc': {8: 0.4375, 12: 0.5454545454545454, 4: 0.4, 0: 0.8333333333333334, -4: 0.6666666666666666}}
2025-12-04 13:03:36,015 - rf_experiment - INFO - Test metrics: {'loss': 0.8785033077001572, 'acc': 0.53125, 'per_snr_acc': {8: 0.6923076923076923, 0: 0.45454545454545453, 12: 0.6666666666666666, -4: 0.3888888888888889, 4: 0.42857142857142855}}
