2026-01-06 22:05:07,102 - rf_experiment - INFO - Starting experiment: project_runs_0_conv2d_iqgrid_bptt
2026-01-06 22:05:07,102 - rf_experiment - INFO - Run name: project_runs_0_conv2d_iqgrid_bptt_20260106_220507
2026-01-06 22:05:07,102 - rf_experiment - INFO - Config file: configs/project_runs_0_conv2d_iqgrid_bptt.yaml
2026-01-06 22:05:07,103 - rf_experiment - INFO - Saved resolved config to: results/project_runs_0_conv2d_iqgrid_bptt_20260106_220507/config.yaml
2026-01-06 22:05:07,103 - rf_experiment - INFO - Run directory: results/project_runs_0_conv2d_iqgrid_bptt_20260106_220507
2026-01-06 22:05:07,117 - rf_experiment - INFO - Using device: mps
2026-01-06 22:05:07,117 - rf_experiment - INFO - Using device: mps
2026-01-06 22:05:07,117 - rf_experiment - INFO - Torch version: 2.9.0
2026-01-06 22:05:07,117 - rf_experiment - INFO - Dataset config: {'path': 'data/GOLD_XYZ_OSC.0001_1024.hdf5', 'name': 'radioml2018_structured', 'frames_per_combo': 512, 'mods_to_use': [0, 1], 'snrs_to_use': [0, 10, 20, 30], 'train_frac': 0.8, 'val_frac': 0.1, 'test_frac': 0.1, 'shuffle': True, 'num_workers': 0}
2026-01-06 22:05:07,117 - rf_experiment - INFO - Encoding config: {'type': 'iq_grid', 'params': {'grid_size': 16, 'subsample': 4}}
2026-01-06 22:05:07,118 - rf_experiment - INFO - Total logical dataset size: 4096 samples
2026-01-06 22:05:07,118 - rf_experiment - INFO - Num classes (from dataset): 2
2026-01-06 22:05:07,118 - rf_experiment - INFO - Splits: train=3276, val=409, test=411
2026-01-06 22:05:07,122 - rf_experiment - INFO - Full dataset labels: {0: 2048, 1: 2048}
2026-01-06 22:05:07,122 - rf_experiment - INFO - Full dataset SNRs: {0: 1024, 10: 1024, 20: 1024, 30: 1024}
2026-01-06 22:05:07,122 - rf_experiment - INFO - Dataloader: batch_size=64, num_workers=0
2026-01-06 22:05:07,122 - rf_experiment - INFO - Building model: {'type': 'conv2d_snn', 'params': {'input_channels': 1, 'conv_channels': [64, 128], 'kernel_sizes': [3, 3], 'grid_size': 16, 'lif_beta': 0.9, 'dropout': 0.0, 'pool': True, 'num_classes': 2}}
2026-01-06 22:05:07,122 - rf_experiment - INFO - Building model with num_classes=2
2026-01-06 22:05:07,142 - rf_experiment - INFO - Building trainer: {'trainer': 'bptt', 'loss': 'cross_entropy', 'optimizer': 'adam', 'lr': 0.0003, 'lr_scheduler': {'type': 'step', 'step_size': 5, 'gamma': 0.5}, 'batch_size': 64, 'epochs': 5, 'max_time_steps': 256, 'grad_clip': 1.0, 'device': 'mps', 'early_stopping_patience': 5, 'early_stopping_min_delta': 0.005}
2026-01-06 22:05:07,629 - rf_experiment - INFO - Starting training loop...
2026-01-06 22:05:07,629 - rf_experiment - INFO - [epoch 1/5] training...
2026-01-06 22:05:40,760 - rf_experiment - INFO - Epoch 1 [50/52] loss=2.2894[epoch 1] lr=0.000300
2026-01-06 22:05:41,782 - rf_experiment - INFO - [epoch 1] train_loss=3.6081, train_acc=0.4985
2026-01-06 22:05:43,008 - rf_experiment - INFO - [epoch 1] val_loss=1.8196, val_acc=0.5183
2026-01-06 22:05:43,008 - rf_experiment - INFO - [epoch 1] new best val_acc=0.5183
2026-01-06 22:05:43,008 - rf_experiment - INFO - [epoch 2/5] training...
2026-01-06 22:06:15,447 - rf_experiment - INFO - Epoch 2 [50/52] loss=0.6556[epoch 2] lr=0.000300
2026-01-06 22:06:16,364 - rf_experiment - INFO - [epoch 2] train_loss=1.0115, train_acc=0.5067
2026-01-06 22:06:17,541 - rf_experiment - INFO - [epoch 2] val_loss=0.6815, val_acc=0.5795
2026-01-06 22:06:17,541 - rf_experiment - INFO - [epoch 2] new best val_acc=0.5795
2026-01-06 22:06:17,541 - rf_experiment - INFO - [epoch 3/5] training...
2026-01-06 22:06:50,201 - rf_experiment - INFO - Epoch 3 [50/52] loss=0.6955[epoch 3] lr=0.000300
2026-01-06 22:06:51,125 - rf_experiment - INFO - [epoch 3] train_loss=0.7569, train_acc=0.5531
2026-01-06 22:06:52,306 - rf_experiment - INFO - [epoch 3] val_loss=0.7230, val_acc=0.5134
2026-01-06 22:06:52,306 - rf_experiment - INFO - [epoch 3] no improvement in val_acc (streak=1)
2026-01-06 22:06:52,306 - rf_experiment - INFO - [epoch 4/5] training...
2026-01-06 22:07:25,199 - rf_experiment - INFO - Epoch 4 [50/52] loss=0.6866[epoch 4] lr=0.000300
2026-01-06 22:07:26,137 - rf_experiment - INFO - [epoch 4] train_loss=0.9665, train_acc=0.5479
2026-01-06 22:07:27,429 - rf_experiment - INFO - [epoch 4] val_loss=1.0956, val_acc=0.4817
2026-01-06 22:07:27,429 - rf_experiment - INFO - [epoch 4] no improvement in val_acc (streak=2)
2026-01-06 22:07:27,429 - rf_experiment - INFO - [epoch 5/5] training...
2026-01-06 22:08:00,252 - rf_experiment - INFO - Epoch 5 [50/52] loss=0.5879[epoch 5] lr=0.000300
2026-01-06 22:08:01,188 - rf_experiment - INFO - [epoch 5] train_loss=0.6816, train_acc=0.6197
2026-01-06 22:08:02,364 - rf_experiment - INFO - [epoch 5] val_loss=0.5687, val_acc=0.7384
2026-01-06 22:08:02,364 - rf_experiment - INFO - [epoch 5] new best val_acc=0.7384
2026-01-06 22:08:02,372 - rf_experiment - INFO - Saved best model checkpoint to results/project_runs_0_conv2d_iqgrid_bptt_20260106_220507/best_model.pt
2026-01-06 22:08:02,372 - rf_experiment - INFO - Evaluating on test set with best-val checkpoint...
2026-01-06 22:08:03,610 - rf_experiment - INFO - Saved test predictions to results/project_runs_0_conv2d_iqgrid_bptt_20260106_220507/test_predictions_test_final.npz
