2026-01-06 14:10:15,180 - rf_experiment - INFO - Starting experiment: project_runs_1_conv2d_.iqgrid_bptt
2026-01-06 14:10:15,180 - rf_experiment - INFO - Run name: project_runs_1_conv2d_.iqgrid_bptt_20260106_141015
2026-01-06 14:10:15,181 - rf_experiment - INFO - Config file: configs/project_runs_1_conv2d_iqgrid_bptt.yaml
2026-01-06 14:10:15,181 - rf_experiment - INFO - Saved resolved config to: results/project_runs_1_conv2d_.iqgrid_bptt_20260106_141015/config.yaml
2026-01-06 14:10:15,181 - rf_experiment - INFO - Run directory: results/project_runs_1_conv2d_.iqgrid_bptt_20260106_141015
2026-01-06 14:10:15,195 - rf_experiment - INFO - Using device: mps
2026-01-06 14:10:15,195 - rf_experiment - INFO - Using device: mps
2026-01-06 14:10:15,195 - rf_experiment - INFO - Torch version: 2.9.0
2026-01-06 14:10:15,195 - rf_experiment - INFO - Dataset config: {'path': 'data/GOLD_XYZ_OSC.0001_1024.hdf5', 'name': 'radioml2018_structured', 'frames_per_combo': 512, 'mods_to_use': [1, 2], 'snrs_to_use': [0, 10, 20, 30], 'train_frac': 0.8, 'val_frac': 0.1, 'test_frac': 0.1, 'shuffle': True, 'num_workers': 0}
2026-01-06 14:10:15,195 - rf_experiment - INFO - Encoding config: {'type': 'iq_grid', 'params': {'grid_size': 16, 'subsample': 4}}
2026-01-06 14:10:15,196 - rf_experiment - INFO - Total logical dataset size: 4096 samples
2026-01-06 14:10:15,196 - rf_experiment - INFO - Num classes (from dataset): 2
2026-01-06 14:10:15,196 - rf_experiment - INFO - Splits: train=3276, val=409, test=411
2026-01-06 14:10:15,196 - rf_experiment - INFO - Full dataset labels: {0: 2048, 1: 2048}
2026-01-06 14:10:15,196 - rf_experiment - INFO - Full dataset SNRs: {0: 1024, 10: 1024, 20: 1024, 30: 1024}
2026-01-06 14:10:15,196 - rf_experiment - INFO - Dataloader: batch_size=64, num_workers=0
2026-01-06 14:10:15,196 - rf_experiment - INFO - Building model: {'type': 'conv2d_snn', 'params': {'input_channels': 1, 'conv_channels': [32, 64], 'kernel_sizes': [3, 3], 'grid_size': 16, 'lif_beta': 0.9, 'dropout': 0.0, 'pool': True, 'num_classes': 2}}
2026-01-06 14:10:15,196 - rf_experiment - INFO - Building model with num_classes=2
2026-01-06 14:10:15,206 - rf_experiment - INFO - Building trainer: {'trainer': 'bptt', 'loss': 'cross_entropy', 'optimizer': 'adam', 'lr': 0.0003, 'batch_size': 64, 'epochs': 5, 'max_time_steps': 256, 'grad_clip': 1.0, 'device': 'mps', 'early_stopping_patience': 5, 'early_stopping_min_delta': 0.01}
2026-01-06 14:10:15,678 - rf_experiment - INFO - Starting training loop...
2026-01-06 14:10:15,678 - rf_experiment - INFO - [epoch 1/5] training...
2026-01-06 14:10:43,804 - rf_experiment - INFO - Epoch 1 [50/52] loss=0.7979[epoch 1] lr=0.000300
2026-01-06 14:10:44,655 - rf_experiment - INFO - [epoch 1] train_loss=1.3703, train_acc=0.5104
2026-01-06 14:10:45,652 - rf_experiment - INFO - [epoch 1] val_loss=1.0054, val_acc=0.5208
2026-01-06 14:10:45,652 - rf_experiment - INFO - [epoch 1] new best val_acc=0.5208
2026-01-06 14:10:45,652 - rf_experiment - INFO - [epoch 2/5] training...
2026-01-06 14:11:13,604 - rf_experiment - INFO - Epoch 2 [50/52] loss=1.0116[epoch 2] lr=0.000300
2026-01-06 14:11:14,411 - rf_experiment - INFO - [epoch 2] train_loss=0.8242, train_acc=0.5171
2026-01-06 14:11:15,359 - rf_experiment - INFO - [epoch 2] val_loss=1.0759, val_acc=0.5183
2026-01-06 14:11:15,359 - rf_experiment - INFO - [epoch 2] no improvement in val_acc (streak=1)
2026-01-06 14:11:15,359 - rf_experiment - INFO - [epoch 3/5] training...
2026-01-06 14:11:42,911 - rf_experiment - INFO - Epoch 3 [50/52] loss=0.8969[epoch 3] lr=0.000300
2026-01-06 14:11:43,705 - rf_experiment - INFO - [epoch 3] train_loss=0.9191, train_acc=0.5348
2026-01-06 14:11:44,596 - rf_experiment - INFO - [epoch 3] val_loss=0.9184, val_acc=0.5232
2026-01-06 14:11:44,596 - rf_experiment - INFO - [epoch 3] no improvement in val_acc (streak=2)
2026-01-06 14:11:44,596 - rf_experiment - INFO - [epoch 4/5] training...
2026-01-06 14:12:12,645 - rf_experiment - INFO - Epoch 4 [50/52] loss=0.7210[epoch 4] lr=0.000300
2026-01-06 14:12:13,465 - rf_experiment - INFO - [epoch 4] train_loss=0.7808, train_acc=0.5510
2026-01-06 14:12:14,411 - rf_experiment - INFO - [epoch 4] val_loss=0.6684, val_acc=0.5941
2026-01-06 14:12:14,411 - rf_experiment - INFO - [epoch 4] new best val_acc=0.5941
2026-01-06 14:12:14,411 - rf_experiment - INFO - [epoch 5/5] training...
2026-01-06 14:12:42,170 - rf_experiment - INFO - Epoch 5 [50/52] loss=0.8209[epoch 5] lr=0.000300
2026-01-06 14:12:42,977 - rf_experiment - INFO - [epoch 5] train_loss=0.7265, train_acc=0.5711
2026-01-06 14:12:43,885 - rf_experiment - INFO - [epoch 5] val_loss=0.9646, val_acc=0.4817
2026-01-06 14:12:43,885 - rf_experiment - INFO - [epoch 5] no improvement in val_acc (streak=1)
2026-01-06 14:12:43,885 - rf_experiment - INFO - Evaluating on test set with best-val checkpoint...
2026-01-06 14:12:44,983 - rf_experiment - INFO - Saved confusion matrix to results/project_runs_1_conv2d_.iqgrid_bptt_20260106_141015/confusion_matrix.png
2026-01-06 14:12:44,983 - rf_experiment - INFO - Saved metrics to results/project_runs_1_conv2d_.iqgrid_bptt_20260106_141015/metrics.json
2026-01-06 14:12:44,983 - rf_experiment - INFO - Finished experiment: project_runs_1_conv2d_.iqgrid_bptt
2026-01-06 14:12:44,983 - rf_experiment - INFO - Best val metrics: {'loss': 0.6683927550001074, 'acc': 0.5941320293398533, 'latency_ms_per_sample': 2.0438304790329815, 'energy_j_per_sample': 0.30657457185494724, 'per_snr_acc': {20: 0.6907216494845361, 0: 0.4536082474226804, 30: 0.6448598130841121, 10: 0.5833333333333334}, 'epoch': 4}
2026-01-06 14:12:44,983 - rf_experiment - INFO - Test metrics: {'loss': 0.6747205116743009, 'acc': 0.5669099756690997, 'latency_ms_per_sample': 1.9704936159471018, 'energy_j_per_sample': 0.29557404239206525, 'per_snr_acc': {30: 0.6481481481481481, 10: 0.5656565656565656, 0: 0.44554455445544555, 20: 0.6019417475728155}}
2026-01-06 14:12:44,983 - rf_experiment - INFO - Finished experiment: project_runs_1_conv2d_.iqgrid_bptt
2026-01-06 14:12:44,983 - rf_experiment - INFO - Best val metrics: {'loss': 0.6683927550001074, 'acc': 0.5941320293398533, 'latency_ms_per_sample': 2.0438304790329815, 'energy_j_per_sample': 0.30657457185494724, 'per_snr_acc': {20: 0.6907216494845361, 0: 0.4536082474226804, 30: 0.6448598130841121, 10: 0.5833333333333334}, 'epoch': 4}
2026-01-06 14:12:44,983 - rf_experiment - INFO - Test metrics: {'loss': 0.6747205116743009, 'acc': 0.5669099756690997, 'latency_ms_per_sample': 1.9704936159471018, 'energy_j_per_sample': 0.29557404239206525, 'per_snr_acc': {30: 0.6481481481481481, 10: 0.5656565656565656, 0: 0.44554455445544555, 20: 0.6019417475728155}}
