2025-12-02 13:45:59,233 - rf_experiment - INFO - Starting experiment: radioml2018_iqgrid_conv2d_dcll_small
2025-12-02 13:45:59,233 - rf_experiment - INFO - Run name: radioml2018_iqgrid_conv2d_dcll_small_20251202_134559
2025-12-02 13:45:59,233 - rf_experiment - INFO - Config file: configs/radioml2018_iqgrid_conv2d_dcll_small_2_tf_events.yaml
2025-12-02 13:45:59,233 - rf_experiment - INFO - Saved resolved config to: results/radioml2018_iqgrid_conv2d_dcll_small_20251202_134559/config.yaml
2025-12-02 13:45:59,233 - rf_experiment - INFO - Run directory: results/radioml2018_iqgrid_conv2d_dcll_small_20251202_134559
2025-12-02 13:45:59,233 - rf_experiment - INFO - Using device: cpu
2025-12-02 13:45:59,233 - rf_experiment - INFO - Torch version: 2.9.0
2025-12-02 13:45:59,233 - rf_experiment - INFO - Dataset config: {'path': 'data/GOLD_XYZ_OSC.0001_1024.hdf5', 'name': 'radioml2018_structured', 'frames_per_combo': 2048, 'mods_to_use': [3, 4], 'snrs_to_use': [-4, 0, 4, 8, 12], 'train_frac': 0.8, 'val_frac': 0.1, 'test_frac': 0.1, 'shuffle': True, 'num_workers': 0}
2025-12-02 13:45:59,233 - rf_experiment - INFO - Encoding config: {'type': 'tf_events', 'params': {'grid_size': 16, 'subsample': 1}}
2025-12-02 13:45:59,233 - rf_experiment - INFO - Total logical dataset size: 20480 samples
2025-12-02 13:45:59,233 - rf_experiment - INFO - Splits: train=16384, val=2048, test=2048
2025-12-02 13:45:59,234 - rf_experiment - INFO - Dataloader: batch_size=16, num_workers=0
2025-12-02 13:45:59,234 - rf_experiment - INFO - Building model: {'type': 'conv2d_snn', 'params': {'input_channels': 1, 'conv_channels': [32, 64], 'kernel_sizes': [3, 3], 'grid_size': 16, 'lif_beta': 0.9, 'num_classes': 24, 'dropout': 0.1, 'pool': True}}
2025-12-02 13:45:59,235 - rf_experiment - INFO - Building trainer: {'trainer': 'dcll', 'loss': 'cross_entropy', 'optimizer': 'adam', 'lr': 0.001, 'batch_size': 16, 'epochs': 3, 'max_time_steps': 256, 'grad_clip': 1.0, 'device': 'cpu'}
2025-12-02 13:45:59,726 - rf_experiment - INFO - Starting training loop...
2025-12-02 13:45:59,726 - rf_experiment - INFO - [epoch 1/3] training...
2025-12-02 13:49:20,239 - rf_experiment - INFO - [epoch 1] train_loss=0.5929, train_acc=0.6865
2025-12-02 13:49:31,400 - rf_experiment - INFO - [epoch 1] val_loss=0.3718, val_acc=0.8350
2025-12-02 13:49:31,400 - rf_experiment - INFO - [epoch 2/3] training...
2025-12-02 13:52:37,197 - rf_experiment - INFO - [epoch 2] train_loss=0.3533, train_acc=0.8345
2025-12-02 13:52:48,582 - rf_experiment - INFO - [epoch 2] val_loss=0.4312, val_acc=0.7778
2025-12-02 13:52:48,582 - rf_experiment - INFO - [epoch 3/3] training...
2025-12-02 13:55:50,173 - rf_experiment - INFO - [epoch 3] train_loss=0.2967, train_acc=0.8638
2025-12-02 13:56:00,184 - rf_experiment - INFO - [epoch 3] val_loss=0.2737, val_acc=0.8745
2025-12-02 13:56:00,184 - rf_experiment - INFO - Evaluating on test set...
2025-12-02 13:56:10,412 - rf_experiment - INFO - Saved metrics to results/radioml2018_iqgrid_conv2d_dcll_small_20251202_134559/metrics.json
2025-12-02 13:56:10,412 - rf_experiment - INFO - Finished experiment: radioml2018_iqgrid_conv2d_dcll_small
2025-12-02 13:56:10,412 - rf_experiment - INFO - Best val metrics: {'loss': 0.2736808569461573, 'acc': 0.87451171875, 'per_snr_acc': {-4: 0.6651053864168618, 12: 0.9649122807017544, 0: 0.8622448979591837, 8: 0.945273631840796, 4: 0.9439252336448598}}
2025-12-02 13:56:10,412 - rf_experiment - INFO - Test metrics: {'loss': 0.2629005526541732, 'acc': 0.873046875, 'per_snr_acc': {0: 0.8703703703703703, 12: 0.9743589743589743, -4: 0.6355140186915887, 4: 0.9423076923076923, 8: 0.959493670886076}}
