2026-01-06 14:25:02,689 - rf_experiment - INFO - Starting experiment: project_runs_1_conv2d_.iqgrid_bptt
2026-01-06 14:25:02,689 - rf_experiment - INFO - Run name: project_runs_1_conv2d_.iqgrid_bptt_20260106_142502
2026-01-06 14:25:02,689 - rf_experiment - INFO - Config file: configs/project_runs_1_conv2d_iqgrid_bptt.yaml
2026-01-06 14:25:02,689 - rf_experiment - INFO - Saved resolved config to: results/project_runs_1_conv2d_.iqgrid_bptt_20260106_142502/config.yaml
2026-01-06 14:25:02,689 - rf_experiment - INFO - Run directory: results/project_runs_1_conv2d_.iqgrid_bptt_20260106_142502
2026-01-06 14:25:02,704 - rf_experiment - INFO - Using device: mps
2026-01-06 14:25:02,704 - rf_experiment - INFO - Using device: mps
2026-01-06 14:25:02,704 - rf_experiment - INFO - Torch version: 2.9.0
2026-01-06 14:25:02,704 - rf_experiment - INFO - Dataset config: {'path': 'data/GOLD_XYZ_OSC.0001_1024.hdf5', 'name': 'radioml2018_structured', 'frames_per_combo': 512, 'mods_to_use': [1, 2], 'snrs_to_use': [0, 10, 20, 30], 'train_frac': 0.8, 'val_frac': 0.1, 'test_frac': 0.1, 'shuffle': True, 'num_workers': 0}
2026-01-06 14:25:02,704 - rf_experiment - INFO - Encoding config: {'type': 'iq_grid', 'params': {'grid_size': 16, 'subsample': 4}}
2026-01-06 14:25:02,705 - rf_experiment - INFO - Total logical dataset size: 4096 samples
2026-01-06 14:25:02,705 - rf_experiment - INFO - Num classes (from dataset): 2
2026-01-06 14:25:02,705 - rf_experiment - INFO - Splits: train=3276, val=409, test=411
2026-01-06 14:25:02,705 - rf_experiment - INFO - Full dataset labels: {0: 2048, 1: 2048}
2026-01-06 14:25:02,705 - rf_experiment - INFO - Full dataset SNRs: {0: 1024, 10: 1024, 20: 1024, 30: 1024}
2026-01-06 14:25:02,705 - rf_experiment - INFO - Dataloader: batch_size=64, num_workers=0
2026-01-06 14:25:02,705 - rf_experiment - INFO - Building model: {'type': 'conv2d_snn', 'params': {'input_channels': 1, 'conv_channels': [32, 64], 'kernel_sizes': [3, 3], 'grid_size': 16, 'lif_beta': 0.9, 'dropout': 0.0, 'pool': True, 'num_classes': 2}}
2026-01-06 14:25:02,705 - rf_experiment - INFO - Building model with num_classes=2
2026-01-06 14:25:02,714 - rf_experiment - INFO - Building trainer: {'trainer': 'bptt', 'loss': 'cross_entropy', 'optimizer': 'adam', 'lr': 0.0003, 'batch_size': 64, 'epochs': 5, 'max_time_steps': 256, 'grad_clip': 1.0, 'device': 'mps', 'early_stopping_patience': 5, 'early_stopping_min_delta': 0.01}
2026-01-06 14:25:03,158 - rf_experiment - INFO - Starting training loop...
2026-01-06 14:25:03,158 - rf_experiment - INFO - [epoch 1/5] training...
2026-01-06 14:25:30,805 - rf_experiment - INFO - Epoch 1 [50/52] loss=1.1544[epoch 1] lr=0.000300
2026-01-06 14:25:31,639 - rf_experiment - INFO - [epoch 1] train_loss=3.4574, train_acc=0.4826
2026-01-06 14:25:32,749 - rf_experiment - INFO - [epoch 1] val_loss=1.8218, val_acc=0.5183
2026-01-06 14:25:32,749 - rf_experiment - INFO - [epoch 1] new best val_acc=0.5183
2026-01-06 14:25:32,749 - rf_experiment - INFO - [epoch 2/5] training...
2026-01-06 14:26:00,532 - rf_experiment - INFO - Epoch 2 [50/52] loss=0.8839[epoch 2] lr=0.000300
2026-01-06 14:26:01,321 - rf_experiment - INFO - [epoch 2] train_loss=1.0693, train_acc=0.4655
2026-01-06 14:26:02,228 - rf_experiment - INFO - [epoch 2] val_loss=0.9672, val_acc=0.5183
2026-01-06 14:26:02,228 - rf_experiment - INFO - [epoch 2] no improvement in val_acc (streak=1)
2026-01-06 14:26:02,228 - rf_experiment - INFO - [epoch 3/5] training...
2026-01-06 14:26:29,831 - rf_experiment - INFO - Epoch 3 [50/52] loss=0.7259[epoch 3] lr=0.000300
2026-01-06 14:26:30,640 - rf_experiment - INFO - [epoch 3] train_loss=1.0057, train_acc=0.4618
2026-01-06 14:26:31,563 - rf_experiment - INFO - [epoch 3] val_loss=1.1859, val_acc=0.5183
2026-01-06 14:26:31,563 - rf_experiment - INFO - [epoch 3] no improvement in val_acc (streak=2)
2026-01-06 14:26:31,563 - rf_experiment - INFO - [epoch 4/5] training...
2026-01-06 14:26:59,112 - rf_experiment - INFO - Epoch 4 [50/52] loss=0.8311[epoch 4] lr=0.000300
2026-01-06 14:26:59,921 - rf_experiment - INFO - [epoch 4] train_loss=0.8800, train_acc=0.4655
2026-01-06 14:27:00,844 - rf_experiment - INFO - [epoch 4] val_loss=0.8168, val_acc=0.4817
2026-01-06 14:27:00,844 - rf_experiment - INFO - [epoch 4] no improvement in val_acc (streak=3)
2026-01-06 14:27:00,844 - rf_experiment - INFO - [epoch 5/5] training...
2026-01-06 14:27:28,454 - rf_experiment - INFO - Epoch 5 [50/52] loss=0.7851[epoch 5] lr=0.000300
2026-01-06 14:27:29,258 - rf_experiment - INFO - [epoch 5] train_loss=0.8417, train_acc=0.4618
2026-01-06 14:27:30,222 - rf_experiment - INFO - [epoch 5] val_loss=0.7303, val_acc=0.4890
2026-01-06 14:27:30,222 - rf_experiment - INFO - [epoch 5] no improvement in val_acc (streak=4)
2026-01-06 14:27:30,222 - rf_experiment - INFO - Evaluating on test set with best-val checkpoint...
