2025-12-02 13:18:17,035 - rf_experiment - INFO - Starting experiment: radioml2018_iqgrid_conv2d_dcll_small
2025-12-02 13:18:17,035 - rf_experiment - INFO - Run name: radioml2018_iqgrid_conv2d_dcll_small_20251202_131817
2025-12-02 13:18:17,035 - rf_experiment - INFO - Config file: configs/radioml2018_iqgrid_conv2d_dcll_small_2_tf_events.yaml
2025-12-02 13:18:17,035 - rf_experiment - INFO - Saved resolved config to: results/radioml2018_iqgrid_conv2d_dcll_small_20251202_131817/config.yaml
2025-12-02 13:18:17,035 - rf_experiment - INFO - Run directory: results/radioml2018_iqgrid_conv2d_dcll_small_20251202_131817
2025-12-02 13:18:17,035 - rf_experiment - INFO - Using device: cpu
2025-12-02 13:18:17,035 - rf_experiment - INFO - Torch version: 2.9.0
2025-12-02 13:18:17,035 - rf_experiment - INFO - Dataset config: {'path': 'data/GOLD_XYZ_OSC.0001_1024.hdf5', 'name': 'radioml2018_structured', 'frames_per_combo': 32, 'mods_to_use': [3, 4], 'snrs_to_use': [0, 10], 'train_frac': 0.8, 'val_frac': 0.1, 'test_frac': 0.1, 'shuffle': True, 'num_workers': 0}
2025-12-02 13:18:17,035 - rf_experiment - INFO - Encoding config: {'type': 'tf_events', 'params': {'grid_size': 16, 'subsample': 4}}
2025-12-02 13:18:17,035 - rf_experiment - INFO - Total logical dataset size: 128 samples
2025-12-02 13:18:17,035 - rf_experiment - INFO - Splits: train=102, val=12, test=14
2025-12-02 13:18:17,035 - rf_experiment - INFO - Dataloader: batch_size=16, num_workers=0
2025-12-02 13:18:17,035 - rf_experiment - INFO - Building model: {'type': 'conv2d_snn', 'params': {'input_channels': 1, 'conv_channels': [32, 64], 'kernel_sizes': [3, 3], 'grid_size': 16, 'lif_beta': 0.9, 'num_classes': 24, 'dropout': 0.1, 'pool': True}}
2025-12-02 13:18:17,036 - rf_experiment - INFO - Building trainer: {'trainer': 'dcll', 'loss': 'cross_entropy', 'optimizer': 'adam', 'lr': 0.001, 'batch_size': 16, 'epochs': 3, 'max_time_steps': 256, 'grad_clip': 1.0, 'device': 'cpu'}
2025-12-02 13:18:17,526 - rf_experiment - INFO - Starting training loop...
2025-12-02 13:18:17,526 - rf_experiment - INFO - [epoch 1/3] training...
2025-12-02 13:18:17,862 - rf_experiment - INFO - [epoch 1] train_loss=2.1846, train_acc=0.3922
2025-12-02 13:18:17,880 - rf_experiment - INFO - [epoch 1] val_loss=1.1859, val_acc=0.5000
2025-12-02 13:18:17,880 - rf_experiment - INFO - [epoch 2/3] training...
2025-12-02 13:18:18,195 - rf_experiment - INFO - [epoch 2] train_loss=0.8995, train_acc=0.5098
2025-12-02 13:18:18,212 - rf_experiment - INFO - [epoch 2] val_loss=0.7146, val_acc=0.5833
2025-12-02 13:18:18,212 - rf_experiment - INFO - [epoch 3/3] training...
2025-12-02 13:18:18,502 - rf_experiment - INFO - [epoch 3] train_loss=0.7279, train_acc=0.4314
2025-12-02 13:18:18,520 - rf_experiment - INFO - [epoch 3] val_loss=0.7000, val_acc=0.5000
2025-12-02 13:18:18,520 - rf_experiment - INFO - Evaluating on test set...
2025-12-02 13:18:18,537 - rf_experiment - INFO - Saved metrics to results/radioml2018_iqgrid_conv2d_dcll_small_20251202_131817/metrics.json
2025-12-02 13:18:18,537 - rf_experiment - INFO - Finished experiment: radioml2018_iqgrid_conv2d_dcll_small
2025-12-02 13:18:18,537 - rf_experiment - INFO - Best val metrics: {'loss': 0.714576244354248, 'acc': 0.5833333333333334, 'per_snr_acc': {10: 0.6666666666666666, 0: 0.5}}
2025-12-02 13:18:18,537 - rf_experiment - INFO - Test metrics: {'loss': 0.672667920589447, 'acc': 0.6428571428571429, 'per_snr_acc': {0: 0.5, 10: 0.75}}
