2025-12-04 14:31:56,204 - rf_experiment - INFO - Starting experiment: radioml2018_iqgrid_hrm_dcll_small
2025-12-04 14:31:56,204 - rf_experiment - INFO - Run name: radioml2018_iqgrid_hrm_dcll_small_20251204_143156
2025-12-04 14:31:56,204 - rf_experiment - INFO - Config file: configs/radioml2018_iqgrid_hrm_dcll_small.yaml
2025-12-04 14:31:56,204 - rf_experiment - INFO - Saved resolved config to: results/radioml2018_iqgrid_hrm_dcll_small_20251204_143156/config.yaml
2025-12-04 14:31:56,204 - rf_experiment - INFO - Run directory: results/radioml2018_iqgrid_hrm_dcll_small_20251204_143156
2025-12-04 14:31:56,204 - rf_experiment - INFO - Using device: cpu
2025-12-04 14:31:56,204 - rf_experiment - INFO - Torch version: 2.9.0
2025-12-04 14:31:56,204 - rf_experiment - INFO - Dataset config: {'path': 'data/GOLD_XYZ_OSC.0001_1024.hdf5', 'name': 'radioml2018_structured', 'frames_per_combo': 256, 'mods_to_use': [3, 4], 'snrs_to_use': [0, 10], 'train_frac': 0.8, 'val_frac': 0.1, 'test_frac': 0.1, 'shuffle': True, 'num_workers': 0}
2025-12-04 14:31:56,204 - rf_experiment - INFO - Encoding config: {'type': 'iq_grid', 'params': {'grid_size': 16, 'subsample': 4}}
2025-12-04 14:31:56,204 - rf_experiment - INFO - Total logical dataset size: 1024 samples
2025-12-04 14:31:56,204 - rf_experiment - INFO - Num classes (from dataset): 2
2025-12-04 14:31:56,204 - rf_experiment - INFO - Splits: train=819, val=102, test=103
2025-12-04 14:31:56,205 - rf_experiment - INFO - Dataloader: batch_size=16, num_workers=0
2025-12-04 14:31:56,205 - rf_experiment - INFO - Building model: {'type': 'hrm_rf', 'params': {'input_channels': 1, 'grid_size': 16, 'low_dim': 128, 'high_dim': 128, 'num_cycles': 4, 'num_classes': 2, 'dropout': 0.1, 'agg': 'mean'}}
2025-12-04 14:31:56,205 - rf_experiment - INFO - Building model with num_classes=2
2025-12-04 14:31:56,206 - rf_experiment - INFO - Building trainer: {'trainer': 'bptt', 'loss': 'cross_entropy', 'optimizer': 'adam', 'lr': 0.001, 'batch_size': 16, 'epochs': 3, 'max_time_steps': 256, 'grad_clip': 1.0, 'device': 'cpu'}
2025-12-04 14:31:56,708 - rf_experiment - INFO - Starting training loop...
2025-12-04 14:31:56,708 - rf_experiment - INFO - [epoch 1/3] training...
2025-12-04 14:32:07,307 - rf_experiment - INFO - [epoch 1] train_loss=0.6955, train_acc=0.4921
2025-12-04 14:32:07,577 - rf_experiment - INFO - [epoch 1] val_loss=0.6948, val_acc=0.4804
2025-12-04 14:32:07,577 - rf_experiment - INFO - [epoch 2/3] training...
2025-12-04 14:32:18,673 - rf_experiment - INFO - [epoch 2] train_loss=0.6831, train_acc=0.5482
2025-12-04 14:32:18,957 - rf_experiment - INFO - [epoch 2] val_loss=0.7102, val_acc=0.4804
2025-12-04 14:32:18,957 - rf_experiment - INFO - [epoch 3/3] training...
2025-12-04 14:32:31,488 - rf_experiment - INFO - [epoch 3] train_loss=0.6522, train_acc=0.6349
2025-12-04 14:32:31,780 - rf_experiment - INFO - [epoch 3] val_loss=0.6710, val_acc=0.5882
2025-12-04 14:32:31,780 - rf_experiment - INFO - Evaluating on test set...
2025-12-04 14:32:32,076 - rf_experiment - INFO - Saved metrics to results/radioml2018_iqgrid_hrm_dcll_small_20251204_143156/metrics.json
2025-12-04 14:32:32,077 - rf_experiment - INFO - Finished experiment: radioml2018_iqgrid_hrm_dcll_small
2025-12-04 14:32:32,077 - rf_experiment - INFO - Best val metrics: {'loss': 0.6709756652514139, 'acc': 0.5882352941176471, 'per_snr_acc': {10: 0.5892857142857143, 0: 0.5869565217391305}}
2025-12-04 14:32:32,077 - rf_experiment - INFO - Test metrics: {'loss': 0.6588201401303115, 'acc': 0.5728155339805825, 'per_snr_acc': {0: 0.5531914893617021, 10: 0.5892857142857143}}
