2025-12-02 11:34:23,591 - rf_experiment - INFO - Starting experiment: radioml2018_iqgrid_conv2d_dcll_medium
2025-12-02 11:34:23,591 - rf_experiment - INFO - Run name: radioml2018_iqgrid_conv2d_dcll_medium_20251202_113423
2025-12-02 11:34:23,591 - rf_experiment - INFO - Config file: configs/radioml2018_iqgrid_conv2d_dcll_medium.yaml
2025-12-02 11:34:23,591 - rf_experiment - INFO - Saved resolved config to: results/radioml2018_iqgrid_conv2d_dcll_medium_20251202_113423/config.yaml
2025-12-02 11:34:23,591 - rf_experiment - INFO - Run directory: results/radioml2018_iqgrid_conv2d_dcll_medium_20251202_113423
2025-12-02 11:34:23,591 - rf_experiment - INFO - Using device: cpu
2025-12-02 11:34:23,591 - rf_experiment - INFO - Torch version: 2.9.0
2025-12-02 11:34:23,591 - rf_experiment - INFO - Dataset config: {'path': 'data/GOLD_XYZ_OSC.0001_1024.hdf5', 'name': 'radioml2018_structured', 'frames_per_combo': 64, 'mods_to_use': [3, 4, 12], 'snrs_to_use': [0, 4, 8], 'train_frac': 0.7, 'val_frac': 0.15, 'test_frac': 0.15, 'shuffle': True, 'num_workers': 0}
2025-12-02 11:34:23,591 - rf_experiment - INFO - Encoding config: {'type': 'iq_grid', 'params': {'grid_size': 16, 'subsample': 4}}
2025-12-02 11:34:23,592 - rf_experiment - INFO - Total logical dataset size: 576 samples
2025-12-02 11:34:23,592 - rf_experiment - INFO - Splits: train=403, val=86, test=87
2025-12-02 11:34:23,592 - rf_experiment - INFO - Dataloader: batch_size=16, num_workers=0
2025-12-02 11:34:23,592 - rf_experiment - INFO - Building model: {'type': 'conv2d_snn', 'params': {'input_channels': 1, 'conv_channels': [32, 64], 'kernel_sizes': [3, 3], 'grid_size': 16, 'lif_beta': 0.9, 'num_classes': 24, 'dropout': 0.1, 'pool': True}}
2025-12-02 11:34:23,593 - rf_experiment - INFO - Building trainer: {'trainer': 'dcll', 'loss': 'cross_entropy', 'optimizer': 'adam', 'lr': 0.001, 'batch_size': 16, 'epochs': 3, 'max_time_steps': 256, 'grad_clip': 1.0, 'device': 'cpu'}
2025-12-02 11:34:24,056 - rf_experiment - INFO - Starting training loop...
2025-12-02 11:34:24,056 - rf_experiment - INFO - [epoch 1/3] training...
2025-12-02 11:35:04,591 - rf_experiment - INFO - [epoch 1] train_loss=15.1411, train_acc=0.2730
2025-12-02 11:35:09,665 - rf_experiment - INFO - [epoch 1] val_loss=6.9328, val_acc=0.3372
2025-12-02 11:35:09,665 - rf_experiment - INFO - [epoch 2/3] training...
2025-12-02 11:35:50,786 - rf_experiment - INFO - [epoch 2] train_loss=3.8584, train_acc=0.2630
2025-12-02 11:35:55,634 - rf_experiment - INFO - [epoch 2] val_loss=3.4092, val_acc=0.1279
2025-12-02 11:35:55,634 - rf_experiment - INFO - [epoch 3/3] training...
2025-12-02 11:36:36,785 - rf_experiment - INFO - [epoch 3] train_loss=2.8884, train_acc=0.2705
2025-12-02 11:36:41,640 - rf_experiment - INFO - [epoch 3] val_loss=2.8010, val_acc=0.2791
2025-12-02 11:36:41,640 - rf_experiment - INFO - Evaluating on test set...
2025-12-02 11:36:46,461 - rf_experiment - INFO - Saved metrics to results/radioml2018_iqgrid_conv2d_dcll_medium_20251202_113423/metrics.json
2025-12-02 11:36:46,462 - rf_experiment - INFO - Finished experiment: radioml2018_iqgrid_conv2d_dcll_medium
2025-12-02 11:36:46,462 - rf_experiment - INFO - Best val metrics: {'loss': 6.932837020519168, 'acc': 0.3372093023255814, 'per_snr_acc': {8: 0.2727272727272727, 0: 0.37142857142857144, 4: 0.3448275862068966}}
2025-12-02 11:36:46,462 - rf_experiment - INFO - Test metrics: {'loss': 2.515848510566799, 'acc': 0.3448275862068966, 'per_snr_acc': {0: 0.38461538461538464, 4: 0.27586206896551724, 8: 0.375}}
