2025-12-02 13:57:22,877 - rf_experiment - INFO - Starting experiment: radioml2018_iqgrid_conv2d_dcll_small
2025-12-02 13:57:22,877 - rf_experiment - INFO - Run name: radioml2018_iqgrid_conv2d_dcll_small_20251202_135722
2025-12-02 13:57:22,877 - rf_experiment - INFO - Config file: configs/radioml2018_iqgrid_conv2d_dcll_small_2_tf_events.yaml
2025-12-02 13:57:22,878 - rf_experiment - INFO - Saved resolved config to: results/radioml2018_iqgrid_conv2d_dcll_small_20251202_135722/config.yaml
2025-12-02 13:57:22,878 - rf_experiment - INFO - Run directory: results/radioml2018_iqgrid_conv2d_dcll_small_20251202_135722
2025-12-02 13:57:22,878 - rf_experiment - INFO - Using device: cpu
2025-12-02 13:57:22,878 - rf_experiment - INFO - Torch version: 2.9.0
2025-12-02 13:57:22,878 - rf_experiment - INFO - Dataset config: {'path': 'data/GOLD_XYZ_OSC.0001_1024.hdf5', 'name': 'radioml2018_structured', 'frames_per_combo': 2048, 'mods_to_use': [3, 4], 'snrs_to_use': [-4, 0, 4, 8, 12], 'train_frac': 0.8, 'val_frac': 0.1, 'test_frac': 0.1, 'shuffle': True, 'num_workers': 0}
2025-12-02 13:57:22,878 - rf_experiment - INFO - Encoding config: {'type': 'tf_events', 'params': {'grid_size': 16, 'subsample': 1}}
2025-12-02 13:57:22,878 - rf_experiment - INFO - Total logical dataset size: 20480 samples
2025-12-02 13:57:22,878 - rf_experiment - INFO - Num classes (from dataset): 2
2025-12-02 13:57:22,878 - rf_experiment - INFO - Splits: train=16384, val=2048, test=2048
2025-12-02 13:57:22,878 - rf_experiment - INFO - Dataloader: batch_size=16, num_workers=0
2025-12-02 13:57:22,879 - rf_experiment - INFO - Building model: {'type': 'conv2d_snn', 'params': {'input_channels': 1, 'conv_channels': [32, 64], 'kernel_sizes': [3, 3], 'grid_size': 16, 'lif_beta': 0.9, 'dropout': 0.1, 'pool': True, 'num_classes': 2}}
2025-12-02 13:57:22,879 - rf_experiment - INFO - Building trainer: {'trainer': 'dcll', 'loss': 'cross_entropy', 'optimizer': 'adam', 'lr': 0.001, 'batch_size': 16, 'epochs': 3, 'max_time_steps': 256, 'grad_clip': 1.0, 'device': 'cpu'}
2025-12-02 13:57:23,268 - rf_experiment - INFO - Starting training loop...
2025-12-02 13:57:23,268 - rf_experiment - INFO - [epoch 1/3] training...
2025-12-02 14:00:08,036 - rf_experiment - INFO - [epoch 1] train_loss=0.5842, train_acc=0.6747
2025-12-02 14:00:17,865 - rf_experiment - INFO - [epoch 1] val_loss=0.3855, val_acc=0.8281
2025-12-02 14:00:17,865 - rf_experiment - INFO - [epoch 2/3] training...
2025-12-02 14:03:03,796 - rf_experiment - INFO - [epoch 2] train_loss=0.3797, train_acc=0.8253
2025-12-02 14:03:13,505 - rf_experiment - INFO - [epoch 2] val_loss=0.3848, val_acc=0.8232
2025-12-02 14:03:13,505 - rf_experiment - INFO - [epoch 3/3] training...
2025-12-02 14:06:06,818 - rf_experiment - INFO - [epoch 3] train_loss=0.3306, train_acc=0.8463
2025-12-02 14:06:17,258 - rf_experiment - INFO - [epoch 3] val_loss=0.2773, val_acc=0.8760
2025-12-02 14:06:17,258 - rf_experiment - INFO - Evaluating on test set...
2025-12-02 14:06:27,555 - rf_experiment - INFO - Saved metrics to results/radioml2018_iqgrid_conv2d_dcll_small_20251202_135722/metrics.json
2025-12-02 14:06:27,557 - rf_experiment - INFO - Finished experiment: radioml2018_iqgrid_conv2d_dcll_small
2025-12-02 14:06:27,557 - rf_experiment - INFO - Best val metrics: {'loss': 0.27728000341448933, 'acc': 0.8759765625, 'per_snr_acc': {-4: 0.6697892271662763, 12: 0.9523809523809523, 0: 0.8673469387755102, 8: 0.9527363184079602, 4: 0.9462616822429907}}
2025-12-02 14:06:27,557 - rf_experiment - INFO - Test metrics: {'loss': 0.2756961003469769, 'acc': 0.87255859375, 'per_snr_acc': {0: 0.8425925925925926, 12: 0.9696969696969697, -4: 0.6635514018691588, 4: 0.9340659340659341, 8: 0.9696202531645569}}
