2025-12-04 16:06:04,054 - rf_experiment - INFO - Starting experiment: radioml2018_iqgrid_hrm_dcll_small_1
2025-12-04 16:06:04,054 - rf_experiment - INFO - Run name: radioml2018_iqgrid_hrm_dcll_small_1_20251204_160604
2025-12-04 16:06:04,054 - rf_experiment - INFO - Config file: configs/radioml2018_iqgrid_hrm_dcll_small_1.yaml
2025-12-04 16:06:04,054 - rf_experiment - INFO - Saved resolved config to: results/radioml2018_iqgrid_hrm_dcll_small_1_20251204_160604/config.yaml
2025-12-04 16:06:04,054 - rf_experiment - INFO - Run directory: results/radioml2018_iqgrid_hrm_dcll_small_1_20251204_160604
2025-12-04 16:06:04,054 - rf_experiment - INFO - Using device: cpu
2025-12-04 16:06:04,054 - rf_experiment - INFO - Torch version: 2.9.0
2025-12-04 16:06:04,054 - rf_experiment - INFO - Dataset config: {'path': 'data/GOLD_XYZ_OSC.0001_1024.hdf5', 'name': 'radioml2018_structured', 'frames_per_combo': 512, 'mods_to_use': [3, 4], 'snrs_to_use': [0, 10], 'train_frac': 0.8, 'val_frac': 0.1, 'test_frac': 0.1, 'shuffle': True, 'num_workers': 0}
2025-12-04 16:06:04,054 - rf_experiment - INFO - Encoding config: {'type': 'iq_grid', 'params': {'grid_size': 16, 'subsample': 4}}
2025-12-04 16:06:04,054 - rf_experiment - INFO - Total logical dataset size: 2048 samples
2025-12-04 16:06:04,054 - rf_experiment - INFO - Num classes (from dataset): 2
2025-12-04 16:06:04,054 - rf_experiment - INFO - Splits: train=1638, val=204, test=206
2025-12-04 16:06:04,054 - rf_experiment - INFO - Dataloader: batch_size=16, num_workers=0
2025-12-04 16:06:04,055 - rf_experiment - INFO - Building model: {'type': 'hrm_rf', 'params': {'input_channels': 1, 'grid_size': 16, 'low_dim': 128, 'high_dim': 128, 'num_cycles': 4, 'dropout': 0.1, 'agg': 'mean', 'num_classes': 2}}
2025-12-04 16:06:04,055 - rf_experiment - INFO - Building model with num_classes=2
2025-12-04 16:06:04,056 - rf_experiment - INFO - Building trainer: {'trainer': 'bptt', 'loss': 'cross_entropy', 'optimizer': 'adam', 'lr': 0.001, 'batch_size': 16, 'epochs': 10, 'max_time_steps': 256, 'grad_clip': 1.0, 'device': 'cpu'}
2025-12-04 16:06:04,546 - rf_experiment - INFO - Starting training loop...
2025-12-04 16:06:04,546 - rf_experiment - INFO - [epoch 1/10] training...
2025-12-04 16:06:25,010 - rf_experiment - INFO - [epoch 1] train_loss=0.6944, train_acc=0.5000
2025-12-04 16:06:25,514 - rf_experiment - INFO - [epoch 1] val_loss=0.6873, val_acc=0.5490
2025-12-04 16:06:25,514 - rf_experiment - INFO - [epoch 2/10] training...
2025-12-04 16:06:46,095 - rf_experiment - INFO - [epoch 2] train_loss=0.6660, train_acc=0.6215
2025-12-04 16:06:46,605 - rf_experiment - INFO - [epoch 2] val_loss=0.4823, val_acc=0.7990
2025-12-04 16:06:46,605 - rf_experiment - INFO - [epoch 3/10] training...
2025-12-04 16:07:07,720 - rf_experiment - INFO - [epoch 3] train_loss=0.4565, train_acc=0.7711
2025-12-04 16:07:08,240 - rf_experiment - INFO - [epoch 3] val_loss=0.3975, val_acc=0.8235
2025-12-04 16:07:08,240 - rf_experiment - INFO - [epoch 4/10] training...
2025-12-04 16:07:29,063 - rf_experiment - INFO - [epoch 4] train_loss=0.4226, train_acc=0.7930
2025-12-04 16:07:29,578 - rf_experiment - INFO - [epoch 4] val_loss=0.3832, val_acc=0.8039
2025-12-04 16:07:29,578 - rf_experiment - INFO - [epoch 5/10] training...
2025-12-04 16:07:50,802 - rf_experiment - INFO - [epoch 5] train_loss=0.3676, train_acc=0.8352
2025-12-04 16:07:51,327 - rf_experiment - INFO - [epoch 5] val_loss=0.2788, val_acc=0.8824
2025-12-04 16:07:51,327 - rf_experiment - INFO - [epoch 6/10] training...
2025-12-04 16:08:12,832 - rf_experiment - INFO - [epoch 6] train_loss=0.3410, train_acc=0.8431
2025-12-04 16:08:13,352 - rf_experiment - INFO - [epoch 6] val_loss=0.3239, val_acc=0.8627
2025-12-04 16:08:13,352 - rf_experiment - INFO - [epoch 7/10] training...
2025-12-04 16:08:34,643 - rf_experiment - INFO - [epoch 7] train_loss=0.3298, train_acc=0.8492
2025-12-04 16:08:35,161 - rf_experiment - INFO - [epoch 7] val_loss=0.3594, val_acc=0.8186
2025-12-04 16:08:35,161 - rf_experiment - INFO - [epoch 8/10] training...
2025-12-04 16:08:56,256 - rf_experiment - INFO - [epoch 8] train_loss=0.2958, train_acc=0.8718
2025-12-04 16:08:56,775 - rf_experiment - INFO - [epoch 8] val_loss=0.3245, val_acc=0.8627
2025-12-04 16:08:56,775 - rf_experiment - INFO - [epoch 9/10] training...
2025-12-04 16:09:17,828 - rf_experiment - INFO - [epoch 9] train_loss=0.3124, train_acc=0.8675
2025-12-04 16:09:18,348 - rf_experiment - INFO - [epoch 9] val_loss=0.3492, val_acc=0.8578
2025-12-04 16:09:18,348 - rf_experiment - INFO - [epoch 10/10] training...
2025-12-04 16:09:39,233 - rf_experiment - INFO - [epoch 10] train_loss=0.2547, train_acc=0.8907
2025-12-04 16:09:39,747 - rf_experiment - INFO - [epoch 10] val_loss=0.5377, val_acc=0.7451
2025-12-04 16:09:39,747 - rf_experiment - INFO - Evaluating on test set...
2025-12-04 16:09:40,266 - rf_experiment - INFO - Saved metrics to results/radioml2018_iqgrid_hrm_dcll_small_1_20251204_160604/metrics.json
2025-12-04 16:09:40,267 - rf_experiment - INFO - Finished experiment: radioml2018_iqgrid_hrm_dcll_small_1
2025-12-04 16:09:40,267 - rf_experiment - INFO - Best val metrics: {'loss': 0.27878306192510266, 'acc': 0.8823529411764706, 'per_snr_acc': {0: 0.7682926829268293, 10: 0.9590163934426229}}
2025-12-04 16:09:40,268 - rf_experiment - INFO - Test metrics: {'loss': 0.5229530716405332, 'acc': 0.7475728155339806, 'per_snr_acc': {10: 0.954954954954955, 0: 0.5052631578947369}}
