2025-12-02 14:40:13,307 - rf_experiment - INFO - Starting experiment: radioml2018_iqgrid_conv2d_dcll_small
2025-12-02 14:40:13,307 - rf_experiment - INFO - Run name: radioml2018_iqgrid_conv2d_dcll_small_20251202_144013
2025-12-02 14:40:13,307 - rf_experiment - INFO - Config file: configs/radioml2018_iqgrid_lsm_dcll_small_2_tf_events.yaml
2025-12-02 14:40:13,307 - rf_experiment - INFO - Saved resolved config to: results/radioml2018_iqgrid_conv2d_dcll_small_20251202_144013/config.yaml
2025-12-02 14:40:13,307 - rf_experiment - INFO - Run directory: results/radioml2018_iqgrid_conv2d_dcll_small_20251202_144013
2025-12-02 14:40:13,307 - rf_experiment - INFO - Using device: cpu
2025-12-02 14:40:13,307 - rf_experiment - INFO - Torch version: 2.9.0
2025-12-02 14:40:13,307 - rf_experiment - INFO - Dataset config: {'path': 'data/GOLD_XYZ_OSC.0001_1024.hdf5', 'name': 'radioml2018_structured', 'frames_per_combo': 2048, 'mods_to_use': [1, 2, 3, 4, 5, 6], 'snrs_to_use': [-4, 0, 4, 8, 12], 'train_frac': 0.8, 'val_frac': 0.1, 'test_frac': 0.1, 'shuffle': True, 'num_workers': 0}
2025-12-02 14:40:13,307 - rf_experiment - INFO - Encoding config: {'type': 'tf_events', 'params': {'grid_size': 16, 'subsample': 1}}
2025-12-02 14:40:13,308 - rf_experiment - INFO - Total logical dataset size: 61440 samples
2025-12-02 14:40:13,308 - rf_experiment - INFO - Num classes (from dataset): 6
2025-12-02 14:40:13,308 - rf_experiment - INFO - Splits: train=49152, val=6144, test=6144
2025-12-02 14:40:13,309 - rf_experiment - INFO - Dataloader: batch_size=16, num_workers=0
2025-12-02 14:40:13,309 - rf_experiment - INFO - Building model: {'type': 'lsm', 'params': {'reservoir_size': 512, 'leak': 0.9, 'spectral_radius': 0.9, 'input_scaling': 1.0, 'sparsity': 0.1, 'train_reservoir': False, 'readout_agg': 'mean', 'num_classes': 6}}
2025-12-02 14:40:13,309 - rf_experiment - INFO - Building model with num_classes=6
2025-12-02 14:40:13,309 - rf_experiment - INFO - Building trainer: {'trainer': 'dcll', 'loss': 'cross_entropy', 'optimizer': 'adam', 'lr': 0.001, 'batch_size': 16, 'epochs': 3, 'max_time_steps': 256, 'grad_clip': 1.0, 'device': 'cpu'}
2025-12-02 14:40:13,749 - rf_experiment - INFO - Starting training loop...
2025-12-02 14:40:13,749 - rf_experiment - INFO - [epoch 1/3] training...
2025-12-02 14:40:48,680 - rf_experiment - INFO - [epoch 1] train_loss=1.3503, train_acc=0.3778
2025-12-02 14:40:52,657 - rf_experiment - INFO - [epoch 1] val_loss=1.2456, val_acc=0.4082
2025-12-02 14:40:52,657 - rf_experiment - INFO - [epoch 2/3] training...
2025-12-02 14:41:25,170 - rf_experiment - INFO - [epoch 2] train_loss=1.2071, train_acc=0.4276
2025-12-02 14:41:29,047 - rf_experiment - INFO - [epoch 2] val_loss=1.1958, val_acc=0.4214
2025-12-02 14:41:29,047 - rf_experiment - INFO - [epoch 3/3] training...
2025-12-02 14:42:01,799 - rf_experiment - INFO - [epoch 3] train_loss=1.1677, train_acc=0.4441
2025-12-02 14:42:05,683 - rf_experiment - INFO - [epoch 3] val_loss=1.1660, val_acc=0.4305
2025-12-02 14:42:05,683 - rf_experiment - INFO - Evaluating on test set...
2025-12-02 14:42:09,564 - rf_experiment - INFO - Saved metrics to results/radioml2018_iqgrid_conv2d_dcll_small_20251202_144013/metrics.json
2025-12-02 14:42:09,565 - rf_experiment - INFO - Finished experiment: radioml2018_iqgrid_conv2d_dcll_small
2025-12-02 14:42:09,565 - rf_experiment - INFO - Best val metrics: {'loss': 1.1660461236412327, 'acc': 0.4305013020833333, 'per_snr_acc': {12: 0.4967373572593801, 4: 0.4306808859721083, 8: 0.47166799680766164, -4: 0.33305578684429643, 0: 0.41767068273092367}}
2025-12-02 14:42:09,565 - rf_experiment - INFO - Test metrics: {'loss': 1.166403169122835, 'acc': 0.43115234375, 'per_snr_acc': {12: 0.518796992481203, -4: 0.3066115702479339, 0: 0.4094488188976378, 4: 0.4737261146496815, 8: 0.4475639966969447}}
