2025-12-04 17:17:05,885 - rf_experiment - INFO - Starting experiment: radioml2018_full_hrm_bptt
2025-12-04 17:17:05,885 - rf_experiment - INFO - Run name: radioml2018_full_hrm_bptt_20251204_171705
2025-12-04 17:17:05,885 - rf_experiment - INFO - Config file: configs/radioml2018_full_hrm_bptt.yaml
2025-12-04 17:17:05,885 - rf_experiment - INFO - Saved resolved config to: results/radioml2018_full_hrm_bptt_20251204_171705/config.yaml
2025-12-04 17:17:05,885 - rf_experiment - INFO - Run directory: results/radioml2018_full_hrm_bptt_20251204_171705
2025-12-04 17:17:05,885 - rf_experiment - INFO - Using device: cpu
2025-12-04 17:17:05,885 - rf_experiment - INFO - Torch version: 2.9.0
2025-12-04 17:17:05,885 - rf_experiment - INFO - Dataset config: {'path': 'data/GOLD_XYZ_OSC.0001_1024.hdf5', 'name': 'radioml2018_structured', 'frames_per_combo': 1024, 'mods_to_use': None, 'snrs_to_use': None, 'train_frac': 0.8, 'val_frac': 0.1, 'test_frac': 0.1, 'shuffle': True, 'num_workers': 0}
2025-12-04 17:17:05,885 - rf_experiment - INFO - Encoding config: {'type': 'iq_grid', 'params': {'grid_size': 16, 'subsample': 4}}
2025-12-04 17:17:05,890 - rf_experiment - INFO - Total logical dataset size: 638976 samples
2025-12-04 17:17:05,891 - rf_experiment - INFO - Num classes (from dataset): 24
2025-12-04 17:17:05,891 - rf_experiment - INFO - Splits: train=511180, val=63897, test=63899
2025-12-04 17:17:05,899 - rf_experiment - INFO - Dataloader: batch_size=64, num_workers=0
2025-12-04 17:17:05,899 - rf_experiment - INFO - Building model: {'type': 'hrm_rf', 'params': {'input_channels': 1, 'grid_size': 16, 'low_dim': 128, 'high_dim': 128, 'num_cycles': 4, 'num_classes': 24, 'dropout': 0.1, 'agg': 'mean'}}
2025-12-04 17:17:05,899 - rf_experiment - INFO - Building model with num_classes=24
2025-12-04 17:17:05,900 - rf_experiment - INFO - Building trainer: {'trainer': 'bptt', 'loss': 'cross_entropy', 'optimizer': 'adam', 'lr': 0.001, 'batch_size': 64, 'epochs': 20, 'max_time_steps': 256, 'grad_clip': 1.0, 'device': 'cpu'}
2025-12-04 17:17:06,330 - rf_experiment - INFO - Starting training loop...
2025-12-04 17:17:06,330 - rf_experiment - INFO - [epoch 1/20] training...
2025-12-04 18:08:10,473 - rf_experiment - INFO - [epoch 1] train_loss=2.1226, train_acc=0.2809
2025-12-04 18:12:04,034 - rf_experiment - INFO - [epoch 1] val_loss=1.8943, val_acc=0.3433
2025-12-04 18:12:04,035 - rf_experiment - INFO - [epoch 2/20] training...
2025-12-04 19:03:13,286 - rf_experiment - INFO - [epoch 2] train_loss=1.8555, train_acc=0.3597
2025-12-04 19:06:34,667 - rf_experiment - INFO - [epoch 2] val_loss=1.8054, val_acc=0.3754
2025-12-04 19:06:34,669 - rf_experiment - INFO - [epoch 3/20] training...
2025-12-04 19:54:37,894 - rf_experiment - INFO - [epoch 3] train_loss=1.7286, train_acc=0.3973
2025-12-04 19:57:26,771 - rf_experiment - INFO - [epoch 3] val_loss=1.6957, val_acc=0.4116
2025-12-04 19:57:26,771 - rf_experiment - INFO - [epoch 4/20] training...
2025-12-04 20:42:24,084 - rf_experiment - INFO - [epoch 4] train_loss=1.6673, train_acc=0.4199
2025-12-04 20:45:34,612 - rf_experiment - INFO - [epoch 4] val_loss=1.6640, val_acc=0.4235
2025-12-04 20:45:34,613 - rf_experiment - INFO - [epoch 5/20] training...
2025-12-04 21:28:34,128 - rf_experiment - INFO - [epoch 5] train_loss=1.6318, train_acc=0.4332
2025-12-04 21:30:58,998 - rf_experiment - INFO - [epoch 5] val_loss=1.6263, val_acc=0.4356
2025-12-04 21:30:58,999 - rf_experiment - INFO - [epoch 6/20] training...
2025-12-04 22:15:00,816 - rf_experiment - INFO - [epoch 6] train_loss=1.6000, train_acc=0.4453
2025-12-04 22:18:15,469 - rf_experiment - INFO - [epoch 6] val_loss=1.6488, val_acc=0.4329
2025-12-04 22:18:15,470 - rf_experiment - INFO - [epoch 7/20] training...
2025-12-04 23:01:28,021 - rf_experiment - INFO - [epoch 7] train_loss=1.5729, train_acc=0.4563
2025-12-04 23:04:28,068 - rf_experiment - INFO - [epoch 7] val_loss=1.6018, val_acc=0.4476
2025-12-04 23:04:28,069 - rf_experiment - INFO - [epoch 8/20] training...
2025-12-04 23:47:07,144 - rf_experiment - INFO - [epoch 8] train_loss=1.5478, train_acc=0.4659
2025-12-04 23:49:26,610 - rf_experiment - INFO - [epoch 8] val_loss=1.5813, val_acc=0.4549
2025-12-04 23:49:26,611 - rf_experiment - INFO - [epoch 9/20] training...
2025-12-05 00:31:35,242 - rf_experiment - INFO - [epoch 9] train_loss=1.5255, train_acc=0.4745
2025-12-05 00:34:20,628 - rf_experiment - INFO - [epoch 9] val_loss=1.5721, val_acc=0.4609
2025-12-05 00:34:20,629 - rf_experiment - INFO - [epoch 10/20] training...
2025-12-05 01:16:12,900 - rf_experiment - INFO - [epoch 10] train_loss=1.5082, train_acc=0.4809
2025-12-05 01:19:19,442 - rf_experiment - INFO - [epoch 10] val_loss=1.5626, val_acc=0.4627
2025-12-05 01:19:19,443 - rf_experiment - INFO - [epoch 11/20] training...
2025-12-05 02:01:25,117 - rf_experiment - INFO - [epoch 11] train_loss=1.4960, train_acc=0.4860
2025-12-05 02:04:35,261 - rf_experiment - INFO - [epoch 11] val_loss=1.5556, val_acc=0.4683
2025-12-05 02:04:35,261 - rf_experiment - INFO - [epoch 12/20] training...
2025-12-05 02:46:42,585 - rf_experiment - INFO - [epoch 12] train_loss=1.4855, train_acc=0.4890
2025-12-05 02:49:33,893 - rf_experiment - INFO - [epoch 12] val_loss=1.5766, val_acc=0.4608
2025-12-05 02:49:33,894 - rf_experiment - INFO - [epoch 13/20] training...
2025-12-05 03:31:35,397 - rf_experiment - INFO - [epoch 13] train_loss=1.4758, train_acc=0.4926
2025-12-05 03:33:50,246 - rf_experiment - INFO - [epoch 13] val_loss=1.5642, val_acc=0.4666
2025-12-05 03:33:50,247 - rf_experiment - INFO - [epoch 14/20] training...
2025-12-05 04:15:42,387 - rf_experiment - INFO - [epoch 14] train_loss=1.4672, train_acc=0.4964
2025-12-05 04:18:23,873 - rf_experiment - INFO - [epoch 14] val_loss=1.5816, val_acc=0.4641
2025-12-05 04:18:23,874 - rf_experiment - INFO - [epoch 15/20] training...
2025-12-05 05:00:17,232 - rf_experiment - INFO - [epoch 15] train_loss=1.4758, train_acc=0.4943
2025-12-05 05:03:37,668 - rf_experiment - INFO - [epoch 15] val_loss=1.5701, val_acc=0.4664
2025-12-05 05:03:37,668 - rf_experiment - INFO - [epoch 16/20] training...
2025-12-05 05:45:40,057 - rf_experiment - INFO - [epoch 16] train_loss=1.4605, train_acc=0.4990
2025-12-05 05:48:11,388 - rf_experiment - INFO - [epoch 16] val_loss=1.5705, val_acc=0.4648
2025-12-05 05:48:11,389 - rf_experiment - INFO - [epoch 17/20] training...
2025-12-05 06:30:10,155 - rf_experiment - INFO - [epoch 17] train_loss=1.4541, train_acc=0.5005
2025-12-05 06:33:09,891 - rf_experiment - INFO - [epoch 17] val_loss=1.5846, val_acc=0.4674
2025-12-05 06:33:09,891 - rf_experiment - INFO - [epoch 18/20] training...
2025-12-05 07:15:08,543 - rf_experiment - INFO - [epoch 18] train_loss=1.4476, train_acc=0.5037
2025-12-05 07:17:35,110 - rf_experiment - INFO - [epoch 18] val_loss=1.5789, val_acc=0.4672
2025-12-05 07:17:35,112 - rf_experiment - INFO - [epoch 19/20] training...
2025-12-05 07:59:26,974 - rf_experiment - INFO - [epoch 19] train_loss=1.4428, train_acc=0.5050
2025-12-05 08:02:54,403 - rf_experiment - INFO - [epoch 19] val_loss=1.5935, val_acc=0.4652
2025-12-05 08:02:54,403 - rf_experiment - INFO - [epoch 20/20] training...
2025-12-05 08:46:50,305 - rf_experiment - INFO - [epoch 20] train_loss=1.4475, train_acc=0.5039
2025-12-05 08:49:21,264 - rf_experiment - INFO - [epoch 20] val_loss=1.5902, val_acc=0.4639
2025-12-05 08:49:21,266 - rf_experiment - INFO - Evaluating on test set...
2025-12-05 08:51:48,047 - rf_experiment - INFO - Saved metrics to results/radioml2018_full_hrm_bptt_20251204_171705/metrics.json
2025-12-05 08:51:48,056 - rf_experiment - INFO - Finished experiment: radioml2018_full_hrm_bptt
2025-12-05 08:51:48,056 - rf_experiment - INFO - Best val metrics: {'loss': 1.5556357358321637, 'acc': 0.4682535956304678, 'per_snr_acc': {22: 0.7886701486540779, 18: 0.7771784232365145, -14: 0.0502209722780233, -18: 0.04995836802664446, -4: 0.19352226720647772, 8: 0.6915544675642595, -20: 0.04606060606060606, 16: 0.7888975762314308, -10: 0.0728395061728395, 0: 0.3344262295081967, 6: 0.596702854845195, -12: 0.06296441141963238, 30: 0.7904290429042904, -16: 0.048619695096827356, -8: 0.09238451935081149, 2: 0.4409862570735651, -2: 0.2742787484762292, 20: 0.7832393231265109, -6: 0.13990066225165562, 14: 0.7636958299264105, 24: 0.779126213592233, 26: 0.7718446601941747, 10: 0.742998352553542, 28: 0.783839212469237, 12: 0.7626633986928104, 4: 0.5343137254901961}}
2025-12-05 08:51:48,056 - rf_experiment - INFO - Test metrics: {'loss': 1.5905550830877153, 'acc': 0.46304324011330383, 'per_snr_acc': {12: 0.7599517490952955, -20: 0.042774086378737544, 14: 0.7630705394190871, 8: 0.669255928045789, 16: 0.7796402289452167, 22: 0.7711624139327663, -8: 0.08899006622516556, -18: 0.0387409200968523, -16: 0.0444620881302104, -4: 0.2073268921095008, 2: 0.4565483476132191, 10: 0.71658615136876, -2: 0.2728405315614618, 6: 0.5881883479648843, 30: 0.7840032480714576, 26: 0.7822647793505412, 18: 0.7689795918367347, 24: 0.7858267716535433, -14: 0.04449064449064449, 28: 0.7781818181818182, 4: 0.5328920148944973, -10: 0.065748031496063, -6: 0.1417483660130719, 0: 0.33854793421580426, 20: 0.778702163061564, -12: 0.04040816326530612}}
