2025-12-02 13:42:27,368 - rf_experiment - INFO - Starting experiment: radioml2018_iqgrid_conv2d_dcll_small
2025-12-02 13:42:27,368 - rf_experiment - INFO - Run name: radioml2018_iqgrid_conv2d_dcll_small_20251202_134227
2025-12-02 13:42:27,368 - rf_experiment - INFO - Config file: configs/radioml2018_iqgrid_conv2d_dcll_small_2_tf_events.yaml
2025-12-02 13:42:27,368 - rf_experiment - INFO - Saved resolved config to: results/radioml2018_iqgrid_conv2d_dcll_small_20251202_134227/config.yaml
2025-12-02 13:42:27,368 - rf_experiment - INFO - Run directory: results/radioml2018_iqgrid_conv2d_dcll_small_20251202_134227
2025-12-02 13:42:27,368 - rf_experiment - INFO - Using device: cpu
2025-12-02 13:42:27,368 - rf_experiment - INFO - Torch version: 2.9.0
2025-12-02 13:42:27,368 - rf_experiment - INFO - Dataset config: {'path': 'data/GOLD_XYZ_OSC.0001_1024.hdf5', 'name': 'radioml2018_structured', 'frames_per_combo': 2048, 'mods_to_use': [3, 4, 12, 19], 'snrs_to_use': [-4, 0, 4, 8, 12], 'train_frac': 0.8, 'val_frac': 0.1, 'test_frac': 0.1, 'shuffle': True, 'num_workers': 0}
2025-12-02 13:42:27,368 - rf_experiment - INFO - Encoding config: {'type': 'tf_events', 'params': {'grid_size': 8, 'subsample': 4}}
2025-12-02 13:42:27,369 - rf_experiment - INFO - Total logical dataset size: 40960 samples
2025-12-02 13:42:27,369 - rf_experiment - INFO - Splits: train=32768, val=4096, test=4096
2025-12-02 13:42:27,370 - rf_experiment - INFO - Dataloader: batch_size=16, num_workers=0
2025-12-02 13:42:27,370 - rf_experiment - INFO - Building model: {'type': 'conv2d_snn', 'params': {'input_channels': 1, 'conv_channels': [32, 64], 'kernel_sizes': [3, 3], 'grid_size': 16, 'lif_beta': 0.9, 'num_classes': 24, 'dropout': 0.1, 'pool': True}}
2025-12-02 13:42:27,371 - rf_experiment - INFO - Building trainer: {'trainer': 'dcll', 'loss': 'cross_entropy', 'optimizer': 'adam', 'lr': 0.001, 'batch_size': 16, 'epochs': 3, 'max_time_steps': 256, 'grad_clip': 1.0, 'device': 'cpu'}
2025-12-02 13:42:27,854 - rf_experiment - INFO - Starting training loop...
2025-12-02 13:42:27,854 - rf_experiment - INFO - [epoch 1/3] training...
2025-12-02 13:43:21,853 - rf_experiment - INFO - [epoch 1] train_loss=0.9113, train_acc=0.5108
2025-12-02 13:43:24,765 - rf_experiment - INFO - [epoch 1] val_loss=0.8167, val_acc=0.5569
2025-12-02 13:43:24,765 - rf_experiment - INFO - [epoch 2/3] training...
2025-12-02 13:44:22,462 - rf_experiment - INFO - [epoch 2] train_loss=0.8239, train_acc=0.5579
2025-12-02 13:44:25,418 - rf_experiment - INFO - [epoch 2] val_loss=0.8009, val_acc=0.5623
2025-12-02 13:44:25,418 - rf_experiment - INFO - [epoch 3/3] training...
2025-12-02 13:45:23,147 - rf_experiment - INFO - [epoch 3] train_loss=0.8122, train_acc=0.5623
2025-12-02 13:45:26,076 - rf_experiment - INFO - [epoch 3] val_loss=0.7900, val_acc=0.5703
2025-12-02 13:45:26,076 - rf_experiment - INFO - Evaluating on test set...
2025-12-02 13:45:28,887 - rf_experiment - INFO - Saved metrics to results/radioml2018_iqgrid_conv2d_dcll_small_20251202_134227/metrics.json
2025-12-02 13:45:28,888 - rf_experiment - INFO - Finished experiment: radioml2018_iqgrid_conv2d_dcll_small
2025-12-02 13:45:28,888 - rf_experiment - INFO - Best val metrics: {'loss': 0.7899574041366577, 'acc': 0.5703125, 'per_snr_acc': {0: 0.5552884615384616, -4: 0.4938423645320197, 4: 0.5839506172839506, 12: 0.6102941176470589, 8: 0.6077481840193705}}
2025-12-02 13:45:28,888 - rf_experiment - INFO - Test metrics: {'loss': 0.8009329161141068, 'acc': 0.572265625, 'per_snr_acc': {12: 0.6343825665859564, 4: 0.617906683480454, -4: 0.44945188794153473, 8: 0.6186961869618696, 0: 0.5432977461447213}}
