2025-12-04 16:43:30,597 - rf_experiment - INFO - Starting experiment: radioml2018_iqgrid_hrm_bptt_small_1
2025-12-04 16:43:30,597 - rf_experiment - INFO - Run name: radioml2018_iqgrid_hrm_bptt_small_1_20251204_164330
2025-12-04 16:43:30,597 - rf_experiment - INFO - Config file: configs/radioml2018_iqgrid_hrm_dcll_small_2.yaml
2025-12-04 16:43:30,597 - rf_experiment - INFO - Saved resolved config to: results/radioml2018_iqgrid_hrm_bptt_small_1_20251204_164330/config.yaml
2025-12-04 16:43:30,597 - rf_experiment - INFO - Run directory: results/radioml2018_iqgrid_hrm_bptt_small_1_20251204_164330
2025-12-04 16:43:30,597 - rf_experiment - INFO - Using device: cpu
2025-12-04 16:43:30,597 - rf_experiment - INFO - Torch version: 2.9.0
2025-12-04 16:43:30,597 - rf_experiment - INFO - Dataset config: {'path': 'data/GOLD_XYZ_OSC.0001_1024.hdf5', 'name': 'radioml2018_structured', 'frames_per_combo': 1024, 'mods_to_use': [3, 4], 'snrs_to_use': None, 'train_frac': 0.8, 'val_frac': 0.1, 'test_frac': 0.1, 'shuffle': True, 'num_workers': 0}
2025-12-04 16:43:30,597 - rf_experiment - INFO - Encoding config: {'type': 'iq_grid', 'params': {'grid_size': 16, 'subsample': 4}}
2025-12-04 16:43:30,598 - rf_experiment - INFO - Total logical dataset size: 53248 samples
2025-12-04 16:43:30,598 - rf_experiment - INFO - Num classes (from dataset): 2
2025-12-04 16:43:30,598 - rf_experiment - INFO - Splits: train=42598, val=5324, test=5326
2025-12-04 16:43:30,599 - rf_experiment - INFO - Dataloader: batch_size=32, num_workers=0
2025-12-04 16:43:30,599 - rf_experiment - INFO - Building model: {'type': 'hrm_rf', 'params': {'input_channels': 1, 'grid_size': 16, 'low_dim': 64, 'high_dim': 64, 'num_cycles': 2, 'dropout': 0.1, 'agg': 'mean', 'num_classes': 2}}
2025-12-04 16:43:30,599 - rf_experiment - INFO - Building model with num_classes=2
2025-12-04 16:43:30,600 - rf_experiment - INFO - Building trainer: {'trainer': 'dcll', 'loss': 'cross_entropy', 'optimizer': 'adam', 'lr': 0.001, 'batch_size': 32, 'epochs': 20, 'max_time_steps': 256, 'grad_clip': 1.0, 'device': 'cpu'}
2025-12-04 16:43:31,018 - rf_experiment - INFO - Starting training loop...
2025-12-04 16:43:31,018 - rf_experiment - INFO - [epoch 1/20] training...
2025-12-04 16:43:34,471 - rf_experiment - INFO - [epoch 1/20] batch 50/1332 loss=0.6973
2025-12-04 16:43:37,826 - rf_experiment - INFO - [epoch 1/20] batch 100/1332 loss=0.6886
2025-12-04 16:43:41,186 - rf_experiment - INFO - [epoch 1/20] batch 150/1332 loss=0.8063
2025-12-04 16:43:44,551 - rf_experiment - INFO - [epoch 1/20] batch 200/1332 loss=0.4754
2025-12-04 16:43:47,888 - rf_experiment - INFO - [epoch 1/20] batch 250/1332 loss=0.4233
2025-12-04 16:43:51,594 - rf_experiment - INFO - [epoch 1/20] batch 300/1332 loss=0.3227
2025-12-04 16:43:55,071 - rf_experiment - INFO - [epoch 1/20] batch 350/1332 loss=0.4993
2025-12-04 16:43:58,699 - rf_experiment - INFO - [epoch 1/20] batch 400/1332 loss=0.3500
2025-12-04 16:44:02,220 - rf_experiment - INFO - [epoch 1/20] batch 450/1332 loss=0.3305
2025-12-04 16:44:05,785 - rf_experiment - INFO - [epoch 1/20] batch 500/1332 loss=0.4199
2025-12-04 16:44:09,181 - rf_experiment - INFO - [epoch 1/20] batch 550/1332 loss=0.3637
2025-12-04 16:44:12,535 - rf_experiment - INFO - [epoch 1/20] batch 600/1332 loss=0.5345
2025-12-04 16:44:15,974 - rf_experiment - INFO - [epoch 1/20] batch 650/1332 loss=0.3874
2025-12-04 16:44:19,446 - rf_experiment - INFO - [epoch 1/20] batch 700/1332 loss=0.5162
2025-12-04 16:44:22,889 - rf_experiment - INFO - [epoch 1/20] batch 750/1332 loss=0.4568
2025-12-04 16:44:26,351 - rf_experiment - INFO - [epoch 1/20] batch 800/1332 loss=0.5016
2025-12-04 16:44:29,809 - rf_experiment - INFO - [epoch 1/20] batch 850/1332 loss=0.2901
2025-12-04 16:44:33,240 - rf_experiment - INFO - [epoch 1/20] batch 900/1332 loss=0.4237
2025-12-04 16:44:36,973 - rf_experiment - INFO - [epoch 1/20] batch 950/1332 loss=0.3138
2025-12-04 16:44:40,375 - rf_experiment - INFO - [epoch 1/20] batch 1000/1332 loss=0.3855
2025-12-04 16:44:43,785 - rf_experiment - INFO - [epoch 1/20] batch 1050/1332 loss=0.3984
2025-12-04 16:44:47,140 - rf_experiment - INFO - [epoch 1/20] batch 1100/1332 loss=0.4770
2025-12-04 16:44:50,628 - rf_experiment - INFO - [epoch 1/20] batch 1150/1332 loss=0.3975
2025-12-04 16:44:54,015 - rf_experiment - INFO - [epoch 1/20] batch 1200/1332 loss=0.3921
2025-12-04 16:44:57,396 - rf_experiment - INFO - [epoch 1/20] batch 1250/1332 loss=0.3470
2025-12-04 16:45:00,766 - rf_experiment - INFO - [epoch 1/20] batch 1300/1332 loss=0.4965
2025-12-04 16:45:02,891 - rf_experiment - INFO - [epoch 1] train_loss=0.4570, train_acc=0.7442
2025-12-04 16:45:02,893 - rf_experiment - INFO - [epoch 1] train_loss=0.4570, train_acc=0.7442
2025-12-04 16:45:06,981 - rf_experiment - INFO - [epoch 1] val_loss=0.3905, val_acc=0.7722
2025-12-04 16:45:06,981 - rf_experiment - INFO - [epoch 2/20] training...
2025-12-04 16:45:10,258 - rf_experiment - INFO - [epoch 2/20] batch 50/1332 loss=0.3695
2025-12-04 16:45:13,544 - rf_experiment - INFO - [epoch 2/20] batch 100/1332 loss=0.2556
2025-12-04 16:45:16,803 - rf_experiment - INFO - [epoch 2/20] batch 150/1332 loss=0.2885
2025-12-04 16:45:20,066 - rf_experiment - INFO - [epoch 2/20] batch 200/1332 loss=0.4044
2025-12-04 16:45:23,362 - rf_experiment - INFO - [epoch 2/20] batch 250/1332 loss=0.2462
2025-12-04 16:45:26,666 - rf_experiment - INFO - [epoch 2/20] batch 300/1332 loss=0.2994
2025-12-04 16:45:29,970 - rf_experiment - INFO - [epoch 2/20] batch 350/1332 loss=0.4228
2025-12-04 16:45:33,252 - rf_experiment - INFO - [epoch 2/20] batch 400/1332 loss=0.4972
2025-12-04 16:45:36,519 - rf_experiment - INFO - [epoch 2/20] batch 450/1332 loss=0.3139
2025-12-04 16:45:39,818 - rf_experiment - INFO - [epoch 2/20] batch 500/1332 loss=0.3148
2025-12-04 16:45:43,295 - rf_experiment - INFO - [epoch 2/20] batch 550/1332 loss=0.3004
2025-12-04 16:45:46,848 - rf_experiment - INFO - [epoch 2/20] batch 600/1332 loss=0.2814
2025-12-04 16:45:50,377 - rf_experiment - INFO - [epoch 2/20] batch 650/1332 loss=0.4139
2025-12-04 16:45:53,900 - rf_experiment - INFO - [epoch 2/20] batch 700/1332 loss=0.3240
2025-12-04 16:45:57,370 - rf_experiment - INFO - [epoch 2/20] batch 750/1332 loss=0.3481
2025-12-04 16:46:00,808 - rf_experiment - INFO - [epoch 2/20] batch 800/1332 loss=0.3263
2025-12-04 16:46:04,194 - rf_experiment - INFO - [epoch 2/20] batch 850/1332 loss=0.4880
2025-12-04 16:46:07,585 - rf_experiment - INFO - [epoch 2/20] batch 900/1332 loss=0.3136
2025-12-04 16:46:10,977 - rf_experiment - INFO - [epoch 2/20] batch 950/1332 loss=0.3786
2025-12-04 16:46:14,399 - rf_experiment - INFO - [epoch 2/20] batch 1000/1332 loss=0.3440
2025-12-04 16:46:17,783 - rf_experiment - INFO - [epoch 2/20] batch 1050/1332 loss=0.4380
2025-12-04 16:46:21,171 - rf_experiment - INFO - [epoch 2/20] batch 1100/1332 loss=0.2457
2025-12-04 16:46:24,536 - rf_experiment - INFO - [epoch 2/20] batch 1150/1332 loss=0.3019
2025-12-04 16:46:27,935 - rf_experiment - INFO - [epoch 2/20] batch 1200/1332 loss=0.2875
2025-12-04 16:46:31,308 - rf_experiment - INFO - [epoch 2/20] batch 1250/1332 loss=0.4127
2025-12-04 16:46:34,672 - rf_experiment - INFO - [epoch 2/20] batch 1300/1332 loss=0.2695
2025-12-04 16:46:36,823 - rf_experiment - INFO - [epoch 2] train_loss=0.3492, train_acc=0.7771
2025-12-04 16:46:36,825 - rf_experiment - INFO - [epoch 2] train_loss=0.3492, train_acc=0.7771
2025-12-04 16:46:40,978 - rf_experiment - INFO - [epoch 2] val_loss=0.3520, val_acc=0.7769
2025-12-04 16:46:40,978 - rf_experiment - INFO - [epoch 3/20] training...
2025-12-04 16:46:44,276 - rf_experiment - INFO - [epoch 3/20] batch 50/1332 loss=0.3725
2025-12-04 16:46:47,627 - rf_experiment - INFO - [epoch 3/20] batch 100/1332 loss=0.3633
2025-12-04 16:46:51,166 - rf_experiment - INFO - [epoch 3/20] batch 150/1332 loss=0.4533
2025-12-04 16:46:54,551 - rf_experiment - INFO - [epoch 3/20] batch 200/1332 loss=0.2950
2025-12-04 16:46:57,954 - rf_experiment - INFO - [epoch 3/20] batch 250/1332 loss=0.2979
2025-12-04 16:47:01,350 - rf_experiment - INFO - [epoch 3/20] batch 300/1332 loss=0.4005
2025-12-04 16:47:04,719 - rf_experiment - INFO - [epoch 3/20] batch 350/1332 loss=0.3288
2025-12-04 16:47:08,146 - rf_experiment - INFO - [epoch 3/20] batch 400/1332 loss=0.3410
2025-12-04 16:47:11,596 - rf_experiment - INFO - [epoch 3/20] batch 450/1332 loss=0.3710
2025-12-04 16:47:15,108 - rf_experiment - INFO - [epoch 3/20] batch 500/1332 loss=0.3390
2025-12-04 16:47:18,450 - rf_experiment - INFO - [epoch 3/20] batch 550/1332 loss=0.2316
2025-12-04 16:47:21,787 - rf_experiment - INFO - [epoch 3/20] batch 600/1332 loss=0.3280
2025-12-04 16:47:25,116 - rf_experiment - INFO - [epoch 3/20] batch 650/1332 loss=0.4737
2025-12-04 16:47:28,436 - rf_experiment - INFO - [epoch 3/20] batch 700/1332 loss=0.2567
2025-12-04 16:47:31,821 - rf_experiment - INFO - [epoch 3/20] batch 750/1332 loss=0.5633
2025-12-04 16:47:35,133 - rf_experiment - INFO - [epoch 3/20] batch 800/1332 loss=0.2152
2025-12-04 16:47:38,432 - rf_experiment - INFO - [epoch 3/20] batch 850/1332 loss=0.2022
2025-12-04 16:47:42,112 - rf_experiment - INFO - [epoch 3/20] batch 900/1332 loss=0.2884
2025-12-04 16:47:45,535 - rf_experiment - INFO - [epoch 3/20] batch 950/1332 loss=0.2121
2025-12-04 16:47:49,194 - rf_experiment - INFO - [epoch 3/20] batch 1000/1332 loss=0.3679
2025-12-04 16:47:52,939 - rf_experiment - INFO - [epoch 3/20] batch 1050/1332 loss=0.3051
2025-12-04 16:47:56,361 - rf_experiment - INFO - [epoch 3/20] batch 1100/1332 loss=0.2039
2025-12-04 16:48:00,061 - rf_experiment - INFO - [epoch 3/20] batch 1150/1332 loss=0.3763
2025-12-04 16:48:03,416 - rf_experiment - INFO - [epoch 3/20] batch 1200/1332 loss=0.3230
2025-12-04 16:48:06,708 - rf_experiment - INFO - [epoch 3/20] batch 1250/1332 loss=0.3686
2025-12-04 16:48:10,022 - rf_experiment - INFO - [epoch 3/20] batch 1300/1332 loss=0.3490
2025-12-04 16:48:12,119 - rf_experiment - INFO - [epoch 3] train_loss=0.3147, train_acc=0.8004
2025-12-04 16:48:12,122 - rf_experiment - INFO - [epoch 3] train_loss=0.3147, train_acc=0.8004
2025-12-04 16:48:16,192 - rf_experiment - INFO - [epoch 3] val_loss=0.2784, val_acc=0.8146
2025-12-04 16:48:16,192 - rf_experiment - INFO - [epoch 4/20] training...
2025-12-04 16:48:19,507 - rf_experiment - INFO - [epoch 4/20] batch 50/1332 loss=0.1829
2025-12-04 16:48:22,808 - rf_experiment - INFO - [epoch 4/20] batch 100/1332 loss=0.3063
2025-12-04 16:48:26,115 - rf_experiment - INFO - [epoch 4/20] batch 150/1332 loss=0.2413
2025-12-04 16:48:29,438 - rf_experiment - INFO - [epoch 4/20] batch 200/1332 loss=0.2407
2025-12-04 16:48:32,766 - rf_experiment - INFO - [epoch 4/20] batch 250/1332 loss=0.3072
2025-12-04 16:48:36,019 - rf_experiment - INFO - [epoch 4/20] batch 300/1332 loss=0.2771
2025-12-04 16:48:39,325 - rf_experiment - INFO - [epoch 4/20] batch 350/1332 loss=0.3685
2025-12-04 16:48:42,702 - rf_experiment - INFO - [epoch 4/20] batch 400/1332 loss=0.2383
2025-12-04 16:48:46,101 - rf_experiment - INFO - [epoch 4/20] batch 450/1332 loss=0.2710
2025-12-04 16:48:49,501 - rf_experiment - INFO - [epoch 4/20] batch 500/1332 loss=0.4619
2025-12-04 16:48:53,226 - rf_experiment - INFO - [epoch 4/20] batch 550/1332 loss=0.4218
2025-12-04 16:48:56,630 - rf_experiment - INFO - [epoch 4/20] batch 600/1332 loss=0.2092
2025-12-04 16:49:00,068 - rf_experiment - INFO - [epoch 4/20] batch 650/1332 loss=0.4088
2025-12-04 16:49:03,416 - rf_experiment - INFO - [epoch 4/20] batch 700/1332 loss=0.2906
2025-12-04 16:49:06,761 - rf_experiment - INFO - [epoch 4/20] batch 750/1332 loss=0.4049
2025-12-04 16:49:10,133 - rf_experiment - INFO - [epoch 4/20] batch 800/1332 loss=0.3826
2025-12-04 16:49:13,554 - rf_experiment - INFO - [epoch 4/20] batch 850/1332 loss=0.3550
2025-12-04 16:49:16,943 - rf_experiment - INFO - [epoch 4/20] batch 900/1332 loss=0.3643
2025-12-04 16:49:20,292 - rf_experiment - INFO - [epoch 4/20] batch 950/1332 loss=0.3994
2025-12-04 16:49:23,627 - rf_experiment - INFO - [epoch 4/20] batch 1000/1332 loss=0.2572
2025-12-04 16:49:26,921 - rf_experiment - INFO - [epoch 4/20] batch 1050/1332 loss=0.2256
2025-12-04 16:49:30,311 - rf_experiment - INFO - [epoch 4/20] batch 1100/1332 loss=0.2569
2025-12-04 16:49:33,776 - rf_experiment - INFO - [epoch 4/20] batch 1150/1332 loss=0.4006
2025-12-04 16:49:37,137 - rf_experiment - INFO - [epoch 4/20] batch 1200/1332 loss=0.2408
2025-12-04 16:49:40,570 - rf_experiment - INFO - [epoch 4/20] batch 1250/1332 loss=0.2331
2025-12-04 16:49:43,973 - rf_experiment - INFO - [epoch 4/20] batch 1300/1332 loss=0.2292
2025-12-04 16:49:46,129 - rf_experiment - INFO - [epoch 4] train_loss=0.2840, train_acc=0.8212
2025-12-04 16:49:46,131 - rf_experiment - INFO - [epoch 4] train_loss=0.2840, train_acc=0.8212
2025-12-04 16:49:50,633 - rf_experiment - INFO - [epoch 4] val_loss=0.2838, val_acc=0.8279
2025-12-04 16:49:50,633 - rf_experiment - INFO - [epoch 5/20] training...
2025-12-04 16:49:54,077 - rf_experiment - INFO - [epoch 5/20] batch 50/1332 loss=0.2170
2025-12-04 16:49:57,460 - rf_experiment - INFO - [epoch 5/20] batch 100/1332 loss=0.2783
2025-12-04 16:50:00,827 - rf_experiment - INFO - [epoch 5/20] batch 150/1332 loss=0.2042
2025-12-04 16:50:04,296 - rf_experiment - INFO - [epoch 5/20] batch 200/1332 loss=0.2647
2025-12-04 16:50:07,697 - rf_experiment - INFO - [epoch 5/20] batch 250/1332 loss=0.2219
2025-12-04 16:50:11,120 - rf_experiment - INFO - [epoch 5/20] batch 300/1332 loss=0.2835
2025-12-04 16:50:14,963 - rf_experiment - INFO - [epoch 5/20] batch 350/1332 loss=0.2753
2025-12-04 16:50:18,514 - rf_experiment - INFO - [epoch 5/20] batch 400/1332 loss=0.2113
2025-12-04 16:50:21,878 - rf_experiment - INFO - [epoch 5/20] batch 450/1332 loss=0.2553
2025-12-04 16:50:25,230 - rf_experiment - INFO - [epoch 5/20] batch 500/1332 loss=0.2159
2025-12-04 16:50:28,565 - rf_experiment - INFO - [epoch 5/20] batch 550/1332 loss=0.2237
2025-12-04 16:50:31,877 - rf_experiment - INFO - [epoch 5/20] batch 600/1332 loss=0.2064
2025-12-04 16:50:35,226 - rf_experiment - INFO - [epoch 5/20] batch 650/1332 loss=0.2972
2025-12-04 16:50:38,610 - rf_experiment - INFO - [epoch 5/20] batch 700/1332 loss=0.3306
2025-12-04 16:50:41,950 - rf_experiment - INFO - [epoch 5/20] batch 750/1332 loss=0.4481
2025-12-04 16:50:45,297 - rf_experiment - INFO - [epoch 5/20] batch 800/1332 loss=0.2862
2025-12-04 16:50:48,659 - rf_experiment - INFO - [epoch 5/20] batch 850/1332 loss=0.3211
2025-12-04 16:50:52,689 - rf_experiment - INFO - [epoch 5/20] batch 900/1332 loss=0.3202
2025-12-04 16:50:56,259 - rf_experiment - INFO - [epoch 5/20] batch 950/1332 loss=0.2342
2025-12-04 16:50:59,732 - rf_experiment - INFO - [epoch 5/20] batch 1000/1332 loss=0.2588
2025-12-04 16:51:03,134 - rf_experiment - INFO - [epoch 5/20] batch 1050/1332 loss=0.2552
2025-12-04 16:51:06,577 - rf_experiment - INFO - [epoch 5/20] batch 1100/1332 loss=0.2543
2025-12-04 16:51:10,016 - rf_experiment - INFO - [epoch 5/20] batch 1150/1332 loss=0.4497
2025-12-04 16:51:13,481 - rf_experiment - INFO - [epoch 5/20] batch 1200/1332 loss=0.3716
2025-12-04 16:51:17,050 - rf_experiment - INFO - [epoch 5/20] batch 1250/1332 loss=0.2842
2025-12-04 16:51:20,463 - rf_experiment - INFO - [epoch 5/20] batch 1300/1332 loss=0.2790
2025-12-04 16:51:22,637 - rf_experiment - INFO - [epoch 5] train_loss=0.2783, train_acc=0.8295
2025-12-04 16:51:22,639 - rf_experiment - INFO - [epoch 5] train_loss=0.2783, train_acc=0.8295
2025-12-04 16:51:26,876 - rf_experiment - INFO - [epoch 5] val_loss=0.2777, val_acc=0.8167
2025-12-04 16:51:26,877 - rf_experiment - INFO - [epoch 6/20] training...
2025-12-04 16:51:30,404 - rf_experiment - INFO - [epoch 6/20] batch 50/1332 loss=0.3485
2025-12-04 16:51:33,692 - rf_experiment - INFO - [epoch 6/20] batch 100/1332 loss=0.2033
2025-12-04 16:51:36,978 - rf_experiment - INFO - [epoch 6/20] batch 150/1332 loss=0.1929
2025-12-04 16:51:40,277 - rf_experiment - INFO - [epoch 6/20] batch 200/1332 loss=0.2566
2025-12-04 16:51:43,567 - rf_experiment - INFO - [epoch 6/20] batch 250/1332 loss=0.2853
2025-12-04 16:51:46,870 - rf_experiment - INFO - [epoch 6/20] batch 300/1332 loss=0.1528
2025-12-04 16:51:50,397 - rf_experiment - INFO - [epoch 6/20] batch 350/1332 loss=0.3182
2025-12-04 16:51:53,928 - rf_experiment - INFO - [epoch 6/20] batch 400/1332 loss=0.2218
2025-12-04 16:51:57,596 - rf_experiment - INFO - [epoch 6/20] batch 450/1332 loss=0.3375
2025-12-04 16:52:01,111 - rf_experiment - INFO - [epoch 6/20] batch 500/1332 loss=0.2767
2025-12-04 16:52:04,597 - rf_experiment - INFO - [epoch 6/20] batch 550/1332 loss=0.2458
2025-12-04 16:52:07,983 - rf_experiment - INFO - [epoch 6/20] batch 600/1332 loss=0.3118
2025-12-04 16:52:11,329 - rf_experiment - INFO - [epoch 6/20] batch 650/1332 loss=0.1910
2025-12-04 16:52:14,791 - rf_experiment - INFO - [epoch 6/20] batch 700/1332 loss=0.1717
2025-12-04 16:52:18,113 - rf_experiment - INFO - [epoch 6/20] batch 750/1332 loss=0.1762
2025-12-04 16:52:21,467 - rf_experiment - INFO - [epoch 6/20] batch 800/1332 loss=0.2083
2025-12-04 16:52:24,759 - rf_experiment - INFO - [epoch 6/20] batch 850/1332 loss=0.2562
2025-12-04 16:52:28,090 - rf_experiment - INFO - [epoch 6/20] batch 900/1332 loss=0.1535
2025-12-04 16:52:31,386 - rf_experiment - INFO - [epoch 6/20] batch 950/1332 loss=0.3441
2025-12-04 16:52:34,798 - rf_experiment - INFO - [epoch 6/20] batch 1000/1332 loss=0.2186
2025-12-04 16:52:38,160 - rf_experiment - INFO - [epoch 6/20] batch 1050/1332 loss=0.1792
2025-12-04 16:52:41,559 - rf_experiment - INFO - [epoch 6/20] batch 1100/1332 loss=0.3918
2025-12-04 16:52:44,918 - rf_experiment - INFO - [epoch 6/20] batch 1150/1332 loss=0.2232
2025-12-04 16:52:48,284 - rf_experiment - INFO - [epoch 6/20] batch 1200/1332 loss=0.2806
2025-12-04 16:52:51,783 - rf_experiment - INFO - [epoch 6/20] batch 1250/1332 loss=0.2068
2025-12-04 16:52:55,165 - rf_experiment - INFO - [epoch 6/20] batch 1300/1332 loss=0.2145
2025-12-04 16:52:57,317 - rf_experiment - INFO - [epoch 6] train_loss=0.2727, train_acc=0.8338
2025-12-04 16:52:57,319 - rf_experiment - INFO - [epoch 6] train_loss=0.2727, train_acc=0.8338
2025-12-04 16:53:01,475 - rf_experiment - INFO - [epoch 6] val_loss=0.2799, val_acc=0.8172
2025-12-04 16:53:01,476 - rf_experiment - INFO - [epoch 7/20] training...
2025-12-04 16:53:04,785 - rf_experiment - INFO - [epoch 7/20] batch 50/1332 loss=0.2738
2025-12-04 16:53:08,090 - rf_experiment - INFO - [epoch 7/20] batch 100/1332 loss=0.2164
2025-12-04 16:53:11,424 - rf_experiment - INFO - [epoch 7/20] batch 150/1332 loss=0.2607
2025-12-04 16:53:14,761 - rf_experiment - INFO - [epoch 7/20] batch 200/1332 loss=0.3498
2025-12-04 16:53:18,082 - rf_experiment - INFO - [epoch 7/20] batch 250/1332 loss=0.1924
2025-12-04 16:53:21,414 - rf_experiment - INFO - [epoch 7/20] batch 300/1332 loss=0.2101
2025-12-04 16:53:24,726 - rf_experiment - INFO - [epoch 7/20] batch 350/1332 loss=0.1981
2025-12-04 16:53:28,035 - rf_experiment - INFO - [epoch 7/20] batch 400/1332 loss=0.1765
2025-12-04 16:53:31,373 - rf_experiment - INFO - [epoch 7/20] batch 450/1332 loss=0.4210
2025-12-04 16:53:34,723 - rf_experiment - INFO - [epoch 7/20] batch 500/1332 loss=0.2668
2025-12-04 16:53:38,038 - rf_experiment - INFO - [epoch 7/20] batch 550/1332 loss=0.2781
2025-12-04 16:53:41,355 - rf_experiment - INFO - [epoch 7/20] batch 600/1332 loss=0.3031
2025-12-04 16:53:44,723 - rf_experiment - INFO - [epoch 7/20] batch 650/1332 loss=0.2669
2025-12-04 16:53:48,109 - rf_experiment - INFO - [epoch 7/20] batch 700/1332 loss=0.3677
2025-12-04 16:53:51,627 - rf_experiment - INFO - [epoch 7/20] batch 750/1332 loss=0.2203
2025-12-04 16:53:54,987 - rf_experiment - INFO - [epoch 7/20] batch 800/1332 loss=0.3009
2025-12-04 16:53:58,306 - rf_experiment - INFO - [epoch 7/20] batch 850/1332 loss=0.3018
2025-12-04 16:54:01,626 - rf_experiment - INFO - [epoch 7/20] batch 900/1332 loss=0.2105
2025-12-04 16:54:04,958 - rf_experiment - INFO - [epoch 7/20] batch 950/1332 loss=0.2288
2025-12-04 16:54:08,269 - rf_experiment - INFO - [epoch 7/20] batch 1000/1332 loss=0.2438
2025-12-04 16:54:11,572 - rf_experiment - INFO - [epoch 7/20] batch 1050/1332 loss=0.3179
2025-12-04 16:54:14,896 - rf_experiment - INFO - [epoch 7/20] batch 1100/1332 loss=0.2589
2025-12-04 16:54:18,212 - rf_experiment - INFO - [epoch 7/20] batch 1150/1332 loss=0.3716
2025-12-04 16:54:21,579 - rf_experiment - INFO - [epoch 7/20] batch 1200/1332 loss=0.3652
2025-12-04 16:54:25,060 - rf_experiment - INFO - [epoch 7/20] batch 1250/1332 loss=0.2809
2025-12-04 16:54:28,517 - rf_experiment - INFO - [epoch 7/20] batch 1300/1332 loss=0.2083
2025-12-04 16:54:30,703 - rf_experiment - INFO - [epoch 7] train_loss=0.2684, train_acc=0.8424
2025-12-04 16:54:30,706 - rf_experiment - INFO - [epoch 7] train_loss=0.2684, train_acc=0.8424
2025-12-04 16:54:34,887 - rf_experiment - INFO - [epoch 7] val_loss=0.2737, val_acc=0.8214
2025-12-04 16:54:34,887 - rf_experiment - INFO - [epoch 8/20] training...
2025-12-04 16:54:38,350 - rf_experiment - INFO - [epoch 8/20] batch 50/1332 loss=0.3699
2025-12-04 16:54:41,860 - rf_experiment - INFO - [epoch 8/20] batch 100/1332 loss=0.2304
2025-12-04 16:54:45,358 - rf_experiment - INFO - [epoch 8/20] batch 150/1332 loss=0.2334
2025-12-04 16:54:48,792 - rf_experiment - INFO - [epoch 8/20] batch 200/1332 loss=0.2220
2025-12-04 16:54:52,380 - rf_experiment - INFO - [epoch 8/20] batch 250/1332 loss=0.2453
2025-12-04 16:54:55,949 - rf_experiment - INFO - [epoch 8/20] batch 300/1332 loss=0.2999
2025-12-04 16:54:59,462 - rf_experiment - INFO - [epoch 8/20] batch 350/1332 loss=0.4798
2025-12-04 16:55:02,904 - rf_experiment - INFO - [epoch 8/20] batch 400/1332 loss=0.2268
2025-12-04 16:55:06,275 - rf_experiment - INFO - [epoch 8/20] batch 450/1332 loss=0.3225
2025-12-04 16:55:09,637 - rf_experiment - INFO - [epoch 8/20] batch 500/1332 loss=0.2272
2025-12-04 16:55:13,002 - rf_experiment - INFO - [epoch 8/20] batch 550/1332 loss=0.1504
2025-12-04 16:55:16,338 - rf_experiment - INFO - [epoch 8/20] batch 600/1332 loss=0.2067
2025-12-04 16:55:19,676 - rf_experiment - INFO - [epoch 8/20] batch 650/1332 loss=0.2606
2025-12-04 16:55:23,097 - rf_experiment - INFO - [epoch 8/20] batch 700/1332 loss=0.2744
2025-12-04 16:55:26,531 - rf_experiment - INFO - [epoch 8/20] batch 750/1332 loss=0.1224
2025-12-04 16:55:29,893 - rf_experiment - INFO - [epoch 8/20] batch 800/1332 loss=0.2469
2025-12-04 16:55:33,311 - rf_experiment - INFO - [epoch 8/20] batch 850/1332 loss=0.4179
2025-12-04 16:55:36,714 - rf_experiment - INFO - [epoch 8/20] batch 900/1332 loss=0.1959
2025-12-04 16:55:40,112 - rf_experiment - INFO - [epoch 8/20] batch 950/1332 loss=0.2352
2025-12-04 16:55:43,545 - rf_experiment - INFO - [epoch 8/20] batch 1000/1332 loss=0.2996
2025-12-04 16:55:46,934 - rf_experiment - INFO - [epoch 8/20] batch 1050/1332 loss=0.3329
2025-12-04 16:55:50,500 - rf_experiment - INFO - [epoch 8/20] batch 1100/1332 loss=0.2265
2025-12-04 16:55:53,933 - rf_experiment - INFO - [epoch 8/20] batch 1150/1332 loss=0.3001
2025-12-04 16:55:57,299 - rf_experiment - INFO - [epoch 8/20] batch 1200/1332 loss=0.2853
2025-12-04 16:56:00,669 - rf_experiment - INFO - [epoch 8/20] batch 1250/1332 loss=0.1252
2025-12-04 16:56:03,992 - rf_experiment - INFO - [epoch 8/20] batch 1300/1332 loss=0.3697
2025-12-04 16:56:06,102 - rf_experiment - INFO - [epoch 8] train_loss=0.2620, train_acc=0.8456
2025-12-04 16:56:06,105 - rf_experiment - INFO - [epoch 8] train_loss=0.2620, train_acc=0.8456
2025-12-04 16:56:10,262 - rf_experiment - INFO - [epoch 8] val_loss=0.2765, val_acc=0.8272
2025-12-04 16:56:10,262 - rf_experiment - INFO - [epoch 9/20] training...
2025-12-04 16:56:13,745 - rf_experiment - INFO - [epoch 9/20] batch 50/1332 loss=0.2215
2025-12-04 16:56:17,226 - rf_experiment - INFO - [epoch 9/20] batch 100/1332 loss=0.2897
2025-12-04 16:56:20,735 - rf_experiment - INFO - [epoch 9/20] batch 150/1332 loss=0.2463
2025-12-04 16:56:24,236 - rf_experiment - INFO - [epoch 9/20] batch 200/1332 loss=0.2155
2025-12-04 16:56:27,801 - rf_experiment - INFO - [epoch 9/20] batch 250/1332 loss=0.4581
2025-12-04 16:56:31,240 - rf_experiment - INFO - [epoch 9/20] batch 300/1332 loss=0.2145
2025-12-04 16:56:34,506 - rf_experiment - INFO - [epoch 9/20] batch 350/1332 loss=0.0843
2025-12-04 16:56:37,956 - rf_experiment - INFO - [epoch 9/20] batch 400/1332 loss=0.2637
2025-12-04 16:56:41,355 - rf_experiment - INFO - [epoch 9/20] batch 450/1332 loss=0.2137
2025-12-04 16:56:44,601 - rf_experiment - INFO - [epoch 9/20] batch 500/1332 loss=0.2111
2025-12-04 16:56:47,792 - rf_experiment - INFO - [epoch 9/20] batch 550/1332 loss=0.3255
2025-12-04 16:56:51,296 - rf_experiment - INFO - [epoch 9/20] batch 600/1332 loss=0.2407
2025-12-04 16:56:54,569 - rf_experiment - INFO - [epoch 9/20] batch 650/1332 loss=0.2346
2025-12-04 16:56:57,765 - rf_experiment - INFO - [epoch 9/20] batch 700/1332 loss=0.3349
2025-12-04 16:57:01,175 - rf_experiment - INFO - [epoch 9/20] batch 750/1332 loss=0.2418
2025-12-04 16:57:04,433 - rf_experiment - INFO - [epoch 9/20] batch 800/1332 loss=0.2496
2025-12-04 16:57:07,742 - rf_experiment - INFO - [epoch 9/20] batch 850/1332 loss=0.2315
2025-12-04 16:57:10,919 - rf_experiment - INFO - [epoch 9/20] batch 900/1332 loss=0.2387
2025-12-04 16:57:14,093 - rf_experiment - INFO - [epoch 9/20] batch 950/1332 loss=0.2027
2025-12-04 16:57:17,274 - rf_experiment - INFO - [epoch 9/20] batch 1000/1332 loss=0.2427
2025-12-04 16:57:20,436 - rf_experiment - INFO - [epoch 9/20] batch 1050/1332 loss=0.1239
2025-12-04 16:57:23,639 - rf_experiment - INFO - [epoch 9/20] batch 1100/1332 loss=0.3230
2025-12-04 16:57:26,799 - rf_experiment - INFO - [epoch 9/20] batch 1150/1332 loss=0.3432
2025-12-04 16:57:29,946 - rf_experiment - INFO - [epoch 9/20] batch 1200/1332 loss=0.1820
2025-12-04 16:57:33,120 - rf_experiment - INFO - [epoch 9/20] batch 1250/1332 loss=0.3593
2025-12-04 16:57:36,293 - rf_experiment - INFO - [epoch 9/20] batch 1300/1332 loss=0.2451
2025-12-04 16:57:38,307 - rf_experiment - INFO - [epoch 9] train_loss=0.2567, train_acc=0.8521
2025-12-04 16:57:38,310 - rf_experiment - INFO - [epoch 9] train_loss=0.2567, train_acc=0.8521
2025-12-04 16:57:42,178 - rf_experiment - INFO - [epoch 9] val_loss=0.2771, val_acc=0.8272
2025-12-04 16:57:42,179 - rf_experiment - INFO - [epoch 10/20] training...
2025-12-04 16:57:45,379 - rf_experiment - INFO - [epoch 10/20] batch 50/1332 loss=0.2534
2025-12-04 16:57:48,599 - rf_experiment - INFO - [epoch 10/20] batch 100/1332 loss=0.2422
2025-12-04 16:57:52,016 - rf_experiment - INFO - [epoch 10/20] batch 150/1332 loss=0.2915
2025-12-04 16:57:55,292 - rf_experiment - INFO - [epoch 10/20] batch 200/1332 loss=0.1950
2025-12-04 16:57:58,505 - rf_experiment - INFO - [epoch 10/20] batch 250/1332 loss=0.2845
2025-12-04 16:58:01,705 - rf_experiment - INFO - [epoch 10/20] batch 300/1332 loss=0.2730
2025-12-04 16:58:04,890 - rf_experiment - INFO - [epoch 10/20] batch 350/1332 loss=0.2682
2025-12-04 16:58:08,109 - rf_experiment - INFO - [epoch 10/20] batch 400/1332 loss=0.2450
2025-12-04 16:58:11,271 - rf_experiment - INFO - [epoch 10/20] batch 450/1332 loss=0.2678
2025-12-04 16:58:14,458 - rf_experiment - INFO - [epoch 10/20] batch 500/1332 loss=0.2966
2025-12-04 16:58:17,667 - rf_experiment - INFO - [epoch 10/20] batch 550/1332 loss=0.1804
2025-12-04 16:58:20,865 - rf_experiment - INFO - [epoch 10/20] batch 600/1332 loss=0.1420
2025-12-04 16:58:24,100 - rf_experiment - INFO - [epoch 10/20] batch 650/1332 loss=0.1699
2025-12-04 16:58:27,540 - rf_experiment - INFO - [epoch 10/20] batch 700/1332 loss=0.2015
2025-12-04 16:58:31,052 - rf_experiment - INFO - [epoch 10/20] batch 750/1332 loss=0.1874
2025-12-04 16:58:35,017 - rf_experiment - INFO - [epoch 10/20] batch 800/1332 loss=0.2375
2025-12-04 16:58:38,507 - rf_experiment - INFO - [epoch 10/20] batch 850/1332 loss=0.2657
2025-12-04 16:58:41,943 - rf_experiment - INFO - [epoch 10/20] batch 900/1332 loss=0.3428
2025-12-04 16:58:45,377 - rf_experiment - INFO - [epoch 10/20] batch 950/1332 loss=0.2542
2025-12-04 16:58:48,718 - rf_experiment - INFO - [epoch 10/20] batch 1000/1332 loss=0.2776
2025-12-04 16:58:52,514 - rf_experiment - INFO - [epoch 10/20] batch 1050/1332 loss=0.2895
2025-12-04 16:58:56,062 - rf_experiment - INFO - [epoch 10/20] batch 1100/1332 loss=0.3107
2025-12-04 16:58:59,434 - rf_experiment - INFO - [epoch 10/20] batch 1150/1332 loss=0.3308
2025-12-04 16:59:02,814 - rf_experiment - INFO - [epoch 10/20] batch 1200/1332 loss=0.3259
2025-12-04 16:59:06,175 - rf_experiment - INFO - [epoch 10/20] batch 1250/1332 loss=0.4050
2025-12-04 16:59:09,520 - rf_experiment - INFO - [epoch 10/20] batch 1300/1332 loss=0.1605
2025-12-04 16:59:11,631 - rf_experiment - INFO - [epoch 10] train_loss=0.2490, train_acc=0.8591
2025-12-04 16:59:11,633 - rf_experiment - INFO - [epoch 10] train_loss=0.2490, train_acc=0.8591
2025-12-04 16:59:15,769 - rf_experiment - INFO - [epoch 10] val_loss=0.2769, val_acc=0.8266
2025-12-04 16:59:15,769 - rf_experiment - INFO - [epoch 11/20] training...
2025-12-04 16:59:19,136 - rf_experiment - INFO - [epoch 11/20] batch 50/1332 loss=0.2916
2025-12-04 16:59:22,518 - rf_experiment - INFO - [epoch 11/20] batch 100/1332 loss=0.1415
2025-12-04 16:59:25,885 - rf_experiment - INFO - [epoch 11/20] batch 150/1332 loss=0.1659
2025-12-04 16:59:29,123 - rf_experiment - INFO - [epoch 11/20] batch 200/1332 loss=0.3908
2025-12-04 16:59:32,400 - rf_experiment - INFO - [epoch 11/20] batch 250/1332 loss=0.2431
2025-12-04 16:59:35,680 - rf_experiment - INFO - [epoch 11/20] batch 300/1332 loss=0.1945
2025-12-04 16:59:38,938 - rf_experiment - INFO - [epoch 11/20] batch 350/1332 loss=0.3765
2025-12-04 16:59:42,227 - rf_experiment - INFO - [epoch 11/20] batch 400/1332 loss=0.1195
2025-12-04 16:59:45,373 - rf_experiment - INFO - [epoch 11/20] batch 450/1332 loss=0.1245
2025-12-04 16:59:48,730 - rf_experiment - INFO - [epoch 11/20] batch 500/1332 loss=0.2760
2025-12-04 16:59:52,270 - rf_experiment - INFO - [epoch 11/20] batch 550/1332 loss=0.2901
2025-12-04 16:59:55,544 - rf_experiment - INFO - [epoch 11/20] batch 600/1332 loss=0.1733
2025-12-04 16:59:58,823 - rf_experiment - INFO - [epoch 11/20] batch 650/1332 loss=0.2176
2025-12-04 17:00:02,082 - rf_experiment - INFO - [epoch 11/20] batch 700/1332 loss=0.2978
2025-12-04 17:00:05,300 - rf_experiment - INFO - [epoch 11/20] batch 750/1332 loss=0.2847
2025-12-04 17:00:08,614 - rf_experiment - INFO - [epoch 11/20] batch 800/1332 loss=0.1895
2025-12-04 17:00:11,885 - rf_experiment - INFO - [epoch 11/20] batch 850/1332 loss=0.2265
2025-12-04 17:00:15,206 - rf_experiment - INFO - [epoch 11/20] batch 900/1332 loss=0.3037
2025-12-04 17:00:18,433 - rf_experiment - INFO - [epoch 11/20] batch 950/1332 loss=0.1579
2025-12-04 17:00:21,728 - rf_experiment - INFO - [epoch 11/20] batch 1000/1332 loss=0.1618
2025-12-04 17:00:25,088 - rf_experiment - INFO - [epoch 11/20] batch 1050/1332 loss=0.2342
2025-12-04 17:00:28,434 - rf_experiment - INFO - [epoch 11/20] batch 1100/1332 loss=0.1958
2025-12-04 17:00:31,666 - rf_experiment - INFO - [epoch 11/20] batch 1150/1332 loss=0.2724
2025-12-04 17:00:34,987 - rf_experiment - INFO - [epoch 11/20] batch 1200/1332 loss=0.2572
2025-12-04 17:00:38,300 - rf_experiment - INFO - [epoch 11/20] batch 1250/1332 loss=0.3107
2025-12-04 17:00:41,619 - rf_experiment - INFO - [epoch 11/20] batch 1300/1332 loss=0.1232
2025-12-04 17:00:43,770 - rf_experiment - INFO - [epoch 11] train_loss=0.2399, train_acc=0.8687
2025-12-04 17:00:43,773 - rf_experiment - INFO - [epoch 11] train_loss=0.2399, train_acc=0.8687
2025-12-04 17:00:47,993 - rf_experiment - INFO - [epoch 11] val_loss=0.2879, val_acc=0.8298
2025-12-04 17:00:47,994 - rf_experiment - INFO - [epoch 12/20] training...
2025-12-04 17:00:51,341 - rf_experiment - INFO - [epoch 12/20] batch 50/1332 loss=0.2650
2025-12-04 17:00:54,647 - rf_experiment - INFO - [epoch 12/20] batch 100/1332 loss=0.2479
2025-12-04 17:00:57,947 - rf_experiment - INFO - [epoch 12/20] batch 150/1332 loss=0.2419
2025-12-04 17:01:01,213 - rf_experiment - INFO - [epoch 12/20] batch 200/1332 loss=0.2088
2025-12-04 17:01:04,395 - rf_experiment - INFO - [epoch 12/20] batch 250/1332 loss=0.2512
2025-12-04 17:01:07,534 - rf_experiment - INFO - [epoch 12/20] batch 300/1332 loss=0.1451
2025-12-04 17:01:10,687 - rf_experiment - INFO - [epoch 12/20] batch 350/1332 loss=0.2197
2025-12-04 17:01:13,906 - rf_experiment - INFO - [epoch 12/20] batch 400/1332 loss=0.1512
2025-12-04 17:01:17,169 - rf_experiment - INFO - [epoch 12/20] batch 450/1332 loss=0.1939
2025-12-04 17:01:20,507 - rf_experiment - INFO - [epoch 12/20] batch 500/1332 loss=0.2160
2025-12-04 17:01:23,800 - rf_experiment - INFO - [epoch 12/20] batch 550/1332 loss=0.1839
2025-12-04 17:01:27,124 - rf_experiment - INFO - [epoch 12/20] batch 600/1332 loss=0.1531
2025-12-04 17:01:30,543 - rf_experiment - INFO - [epoch 12/20] batch 650/1332 loss=0.3017
2025-12-04 17:01:34,177 - rf_experiment - INFO - [epoch 12/20] batch 700/1332 loss=0.2807
2025-12-04 17:01:37,503 - rf_experiment - INFO - [epoch 12/20] batch 750/1332 loss=0.1371
2025-12-04 17:01:40,704 - rf_experiment - INFO - [epoch 12/20] batch 800/1332 loss=0.3012
2025-12-04 17:01:43,921 - rf_experiment - INFO - [epoch 12/20] batch 850/1332 loss=0.2310
2025-12-04 17:01:47,126 - rf_experiment - INFO - [epoch 12/20] batch 900/1332 loss=0.1782
2025-12-04 17:01:50,764 - rf_experiment - INFO - [epoch 12/20] batch 950/1332 loss=0.2899
2025-12-04 17:01:54,286 - rf_experiment - INFO - [epoch 12/20] batch 1000/1332 loss=0.2944
2025-12-04 17:01:57,615 - rf_experiment - INFO - [epoch 12/20] batch 1050/1332 loss=0.2335
2025-12-04 17:02:00,955 - rf_experiment - INFO - [epoch 12/20] batch 1100/1332 loss=0.3056
2025-12-04 17:02:04,302 - rf_experiment - INFO - [epoch 12/20] batch 1150/1332 loss=0.1042
2025-12-04 17:02:07,635 - rf_experiment - INFO - [epoch 12/20] batch 1200/1332 loss=0.1834
2025-12-04 17:02:11,148 - rf_experiment - INFO - [epoch 12/20] batch 1250/1332 loss=0.3498
2025-12-04 17:02:14,513 - rf_experiment - INFO - [epoch 12/20] batch 1300/1332 loss=0.1317
2025-12-04 17:02:16,612 - rf_experiment - INFO - [epoch 12] train_loss=0.2304, train_acc=0.8766
2025-12-04 17:02:16,613 - rf_experiment - INFO - [epoch 12] train_loss=0.2304, train_acc=0.8766
2025-12-04 17:02:20,740 - rf_experiment - INFO - [epoch 12] val_loss=0.2943, val_acc=0.8255
2025-12-04 17:02:20,740 - rf_experiment - INFO - [epoch 13/20] training...
2025-12-04 17:02:24,137 - rf_experiment - INFO - [epoch 13/20] batch 50/1332 loss=0.1471
2025-12-04 17:02:27,493 - rf_experiment - INFO - [epoch 13/20] batch 100/1332 loss=0.1804
2025-12-04 17:02:30,740 - rf_experiment - INFO - [epoch 13/20] batch 150/1332 loss=0.1624
2025-12-04 17:02:33,983 - rf_experiment - INFO - [epoch 13/20] batch 200/1332 loss=0.2351
2025-12-04 17:02:37,298 - rf_experiment - INFO - [epoch 13/20] batch 250/1332 loss=0.1030
2025-12-04 17:02:40,722 - rf_experiment - INFO - [epoch 13/20] batch 300/1332 loss=0.3596
2025-12-04 17:02:44,203 - rf_experiment - INFO - [epoch 13/20] batch 350/1332 loss=0.1654
2025-12-04 17:02:47,595 - rf_experiment - INFO - [epoch 13/20] batch 400/1332 loss=0.2052
2025-12-04 17:02:50,937 - rf_experiment - INFO - [epoch 13/20] batch 450/1332 loss=0.1844
2025-12-04 17:02:54,194 - rf_experiment - INFO - [epoch 13/20] batch 500/1332 loss=0.1549
2025-12-04 17:02:57,478 - rf_experiment - INFO - [epoch 13/20] batch 550/1332 loss=0.2308
2025-12-04 17:03:00,736 - rf_experiment - INFO - [epoch 13/20] batch 600/1332 loss=0.1144
2025-12-04 17:03:03,909 - rf_experiment - INFO - [epoch 13/20] batch 650/1332 loss=0.2000
2025-12-04 17:03:07,061 - rf_experiment - INFO - [epoch 13/20] batch 700/1332 loss=0.3686
2025-12-04 17:03:10,220 - rf_experiment - INFO - [epoch 13/20] batch 750/1332 loss=0.2474
2025-12-04 17:03:13,368 - rf_experiment - INFO - [epoch 13/20] batch 800/1332 loss=0.2422
2025-12-04 17:03:16,540 - rf_experiment - INFO - [epoch 13/20] batch 850/1332 loss=0.2157
2025-12-04 17:03:19,696 - rf_experiment - INFO - [epoch 13/20] batch 900/1332 loss=0.2464
2025-12-04 17:03:22,868 - rf_experiment - INFO - [epoch 13/20] batch 950/1332 loss=0.2198
2025-12-04 17:03:26,099 - rf_experiment - INFO - [epoch 13/20] batch 1000/1332 loss=0.2354
2025-12-04 17:03:29,260 - rf_experiment - INFO - [epoch 13/20] batch 1050/1332 loss=0.1693
2025-12-04 17:03:32,470 - rf_experiment - INFO - [epoch 13/20] batch 1100/1332 loss=0.0806
2025-12-04 17:03:35,637 - rf_experiment - INFO - [epoch 13/20] batch 1150/1332 loss=0.3449
2025-12-04 17:03:38,791 - rf_experiment - INFO - [epoch 13/20] batch 1200/1332 loss=0.2548
2025-12-04 17:03:42,054 - rf_experiment - INFO - [epoch 13/20] batch 1250/1332 loss=0.2699
2025-12-04 17:03:45,321 - rf_experiment - INFO - [epoch 13/20] batch 1300/1332 loss=0.3546
2025-12-04 17:03:47,397 - rf_experiment - INFO - [epoch 13] train_loss=0.2215, train_acc=0.8856
2025-12-04 17:03:47,399 - rf_experiment - INFO - [epoch 13] train_loss=0.2215, train_acc=0.8856
2025-12-04 17:03:51,598 - rf_experiment - INFO - [epoch 13] val_loss=0.3337, val_acc=0.8214
2025-12-04 17:03:51,598 - rf_experiment - INFO - [epoch 14/20] training...
2025-12-04 17:03:54,931 - rf_experiment - INFO - [epoch 14/20] batch 50/1332 loss=0.3164
2025-12-04 17:03:58,268 - rf_experiment - INFO - [epoch 14/20] batch 100/1332 loss=0.1137
2025-12-04 17:04:01,591 - rf_experiment - INFO - [epoch 14/20] batch 150/1332 loss=0.2302
2025-12-04 17:04:04,886 - rf_experiment - INFO - [epoch 14/20] batch 200/1332 loss=0.2113
2025-12-04 17:04:08,150 - rf_experiment - INFO - [epoch 14/20] batch 250/1332 loss=0.3405
2025-12-04 17:04:11,447 - rf_experiment - INFO - [epoch 14/20] batch 300/1332 loss=0.1968
2025-12-04 17:04:14,770 - rf_experiment - INFO - [epoch 14/20] batch 350/1332 loss=0.1953
2025-12-04 17:04:18,046 - rf_experiment - INFO - [epoch 14/20] batch 400/1332 loss=0.2848
2025-12-04 17:04:21,341 - rf_experiment - INFO - [epoch 14/20] batch 450/1332 loss=0.1776
2025-12-04 17:04:24,731 - rf_experiment - INFO - [epoch 14/20] batch 500/1332 loss=0.3774
2025-12-04 17:04:28,105 - rf_experiment - INFO - [epoch 14/20] batch 550/1332 loss=0.1325
2025-12-04 17:04:31,420 - rf_experiment - INFO - [epoch 14/20] batch 600/1332 loss=0.2585
2025-12-04 17:04:34,754 - rf_experiment - INFO - [epoch 14/20] batch 650/1332 loss=0.3059
2025-12-04 17:04:38,112 - rf_experiment - INFO - [epoch 14/20] batch 700/1332 loss=0.1597
2025-12-04 17:04:41,304 - rf_experiment - INFO - [epoch 14/20] batch 750/1332 loss=0.2455
2025-12-04 17:04:44,516 - rf_experiment - INFO - [epoch 14/20] batch 800/1332 loss=0.2119
2025-12-04 17:04:47,706 - rf_experiment - INFO - [epoch 14/20] batch 850/1332 loss=0.2695
2025-12-04 17:04:51,183 - rf_experiment - INFO - [epoch 14/20] batch 900/1332 loss=0.2493
2025-12-04 17:04:54,589 - rf_experiment - INFO - [epoch 14/20] batch 950/1332 loss=0.0970
2025-12-04 17:04:57,812 - rf_experiment - INFO - [epoch 14/20] batch 1000/1332 loss=0.1653
2025-12-04 17:05:01,059 - rf_experiment - INFO - [epoch 14/20] batch 1050/1332 loss=0.2524
2025-12-04 17:05:04,263 - rf_experiment - INFO - [epoch 14/20] batch 1100/1332 loss=0.2634
2025-12-04 17:05:07,579 - rf_experiment - INFO - [epoch 14/20] batch 1150/1332 loss=0.2298
2025-12-04 17:05:10,989 - rf_experiment - INFO - [epoch 14/20] batch 1200/1332 loss=0.2083
2025-12-04 17:05:14,245 - rf_experiment - INFO - [epoch 14/20] batch 1250/1332 loss=0.1323
2025-12-04 17:05:17,448 - rf_experiment - INFO - [epoch 14/20] batch 1300/1332 loss=0.2137
2025-12-04 17:05:19,486 - rf_experiment - INFO - [epoch 14] train_loss=0.2086, train_acc=0.8954
2025-12-04 17:05:19,488 - rf_experiment - INFO - [epoch 14] train_loss=0.2086, train_acc=0.8954
2025-12-04 17:05:23,410 - rf_experiment - INFO - [epoch 14] val_loss=0.3099, val_acc=0.8201
2025-12-04 17:05:23,410 - rf_experiment - INFO - [epoch 15/20] training...
2025-12-04 17:05:26,617 - rf_experiment - INFO - [epoch 15/20] batch 50/1332 loss=0.2052
2025-12-04 17:05:29,908 - rf_experiment - INFO - [epoch 15/20] batch 100/1332 loss=0.1597
2025-12-04 17:05:33,156 - rf_experiment - INFO - [epoch 15/20] batch 150/1332 loss=0.1269
2025-12-04 17:05:36,511 - rf_experiment - INFO - [epoch 15/20] batch 200/1332 loss=0.1840
2025-12-04 17:05:39,784 - rf_experiment - INFO - [epoch 15/20] batch 250/1332 loss=0.2077
2025-12-04 17:05:43,023 - rf_experiment - INFO - [epoch 15/20] batch 300/1332 loss=0.2210
2025-12-04 17:05:46,233 - rf_experiment - INFO - [epoch 15/20] batch 350/1332 loss=0.2194
2025-12-04 17:05:49,456 - rf_experiment - INFO - [epoch 15/20] batch 400/1332 loss=0.2589
2025-12-04 17:05:52,830 - rf_experiment - INFO - [epoch 15/20] batch 450/1332 loss=0.1903
2025-12-04 17:05:56,006 - rf_experiment - INFO - [epoch 15/20] batch 500/1332 loss=0.1603
2025-12-04 17:05:59,240 - rf_experiment - INFO - [epoch 15/20] batch 550/1332 loss=0.1601
2025-12-04 17:06:02,486 - rf_experiment - INFO - [epoch 15/20] batch 600/1332 loss=0.2985
2025-12-04 17:06:05,763 - rf_experiment - INFO - [epoch 15/20] batch 650/1332 loss=0.3171
2025-12-04 17:06:09,116 - rf_experiment - INFO - [epoch 15/20] batch 700/1332 loss=0.2308
2025-12-04 17:06:13,115 - rf_experiment - INFO - [epoch 15/20] batch 750/1332 loss=0.2451
2025-12-04 17:06:16,430 - rf_experiment - INFO - [epoch 15/20] batch 800/1332 loss=0.1290
2025-12-04 17:06:19,749 - rf_experiment - INFO - [epoch 15/20] batch 850/1332 loss=0.1912
2025-12-04 17:06:22,982 - rf_experiment - INFO - [epoch 15/20] batch 900/1332 loss=0.0597
2025-12-04 17:06:26,243 - rf_experiment - INFO - [epoch 15/20] batch 950/1332 loss=0.1231
2025-12-04 17:06:29,513 - rf_experiment - INFO - [epoch 15/20] batch 1000/1332 loss=0.1578
2025-12-04 17:06:32,725 - rf_experiment - INFO - [epoch 15/20] batch 1050/1332 loss=0.1890
2025-12-04 17:06:35,889 - rf_experiment - INFO - [epoch 15/20] batch 1100/1332 loss=0.0966
2025-12-04 17:06:39,139 - rf_experiment - INFO - [epoch 15/20] batch 1150/1332 loss=0.1957
2025-12-04 17:06:42,318 - rf_experiment - INFO - [epoch 15/20] batch 1200/1332 loss=0.3583
2025-12-04 17:06:45,449 - rf_experiment - INFO - [epoch 15/20] batch 1250/1332 loss=0.2212
2025-12-04 17:06:48,588 - rf_experiment - INFO - [epoch 15/20] batch 1300/1332 loss=0.3321
2025-12-04 17:06:50,889 - rf_experiment - INFO - [epoch 15] train_loss=0.1962, train_acc=0.9031
2025-12-04 17:06:50,891 - rf_experiment - INFO - [epoch 15] train_loss=0.1962, train_acc=0.9031
2025-12-04 17:06:54,944 - rf_experiment - INFO - [epoch 15] val_loss=0.3836, val_acc=0.8202
2025-12-04 17:06:54,944 - rf_experiment - INFO - [epoch 16/20] training...
2025-12-04 17:06:58,226 - rf_experiment - INFO - [epoch 16/20] batch 50/1332 loss=0.1794
2025-12-04 17:07:01,590 - rf_experiment - INFO - [epoch 16/20] batch 100/1332 loss=0.1548
2025-12-04 17:07:04,884 - rf_experiment - INFO - [epoch 16/20] batch 150/1332 loss=0.2257
2025-12-04 17:07:08,153 - rf_experiment - INFO - [epoch 16/20] batch 200/1332 loss=0.1762
2025-12-04 17:07:11,491 - rf_experiment - INFO - [epoch 16/20] batch 250/1332 loss=0.1408
2025-12-04 17:07:14,784 - rf_experiment - INFO - [epoch 16/20] batch 300/1332 loss=0.1863
2025-12-04 17:07:18,039 - rf_experiment - INFO - [epoch 16/20] batch 350/1332 loss=0.0973
2025-12-04 17:07:21,260 - rf_experiment - INFO - [epoch 16/20] batch 400/1332 loss=0.1417
2025-12-04 17:07:24,480 - rf_experiment - INFO - [epoch 16/20] batch 450/1332 loss=0.1452
2025-12-04 17:07:27,669 - rf_experiment - INFO - [epoch 16/20] batch 500/1332 loss=0.1573
2025-12-04 17:07:30,812 - rf_experiment - INFO - [epoch 16/20] batch 550/1332 loss=0.2382
2025-12-04 17:07:33,966 - rf_experiment - INFO - [epoch 16/20] batch 600/1332 loss=0.1505
2025-12-04 17:07:37,138 - rf_experiment - INFO - [epoch 16/20] batch 650/1332 loss=0.0880
2025-12-04 17:07:40,431 - rf_experiment - INFO - [epoch 16/20] batch 700/1332 loss=0.0871
2025-12-04 17:07:43,753 - rf_experiment - INFO - [epoch 16/20] batch 750/1332 loss=0.1812
2025-12-04 17:07:47,011 - rf_experiment - INFO - [epoch 16/20] batch 800/1332 loss=0.1536
2025-12-04 17:07:50,370 - rf_experiment - INFO - [epoch 16/20] batch 850/1332 loss=0.1906
2025-12-04 17:07:53,608 - rf_experiment - INFO - [epoch 16/20] batch 900/1332 loss=0.3073
2025-12-04 17:07:56,903 - rf_experiment - INFO - [epoch 16/20] batch 950/1332 loss=0.2344
2025-12-04 17:08:00,219 - rf_experiment - INFO - [epoch 16/20] batch 1000/1332 loss=0.1609
2025-12-04 17:08:03,493 - rf_experiment - INFO - [epoch 16/20] batch 1050/1332 loss=0.0809
2025-12-04 17:08:06,754 - rf_experiment - INFO - [epoch 16/20] batch 1100/1332 loss=0.3945
2025-12-04 17:08:10,175 - rf_experiment - INFO - [epoch 16/20] batch 1150/1332 loss=0.1577
2025-12-04 17:08:13,549 - rf_experiment - INFO - [epoch 16/20] batch 1200/1332 loss=0.1473
2025-12-04 17:08:16,875 - rf_experiment - INFO - [epoch 16/20] batch 1250/1332 loss=0.0685
2025-12-04 17:08:20,133 - rf_experiment - INFO - [epoch 16/20] batch 1300/1332 loss=0.0990
2025-12-04 17:08:22,235 - rf_experiment - INFO - [epoch 16] train_loss=0.1808, train_acc=0.9145
2025-12-04 17:08:22,237 - rf_experiment - INFO - [epoch 16] train_loss=0.1808, train_acc=0.9145
2025-12-04 17:08:26,700 - rf_experiment - INFO - [epoch 16] val_loss=0.4321, val_acc=0.8169
2025-12-04 17:08:26,700 - rf_experiment - INFO - [epoch 17/20] training...
2025-12-04 17:08:30,079 - rf_experiment - INFO - [epoch 17/20] batch 50/1332 loss=0.0699
2025-12-04 17:08:33,385 - rf_experiment - INFO - [epoch 17/20] batch 100/1332 loss=0.2132
2025-12-04 17:08:36,630 - rf_experiment - INFO - [epoch 17/20] batch 150/1332 loss=0.1115
2025-12-04 17:08:39,893 - rf_experiment - INFO - [epoch 17/20] batch 200/1332 loss=0.2049
2025-12-04 17:08:43,169 - rf_experiment - INFO - [epoch 17/20] batch 250/1332 loss=0.0574
2025-12-04 17:08:46,464 - rf_experiment - INFO - [epoch 17/20] batch 300/1332 loss=0.1167
2025-12-04 17:08:49,921 - rf_experiment - INFO - [epoch 17/20] batch 350/1332 loss=0.1316
2025-12-04 17:08:53,363 - rf_experiment - INFO - [epoch 17/20] batch 400/1332 loss=0.1619
2025-12-04 17:08:56,727 - rf_experiment - INFO - [epoch 17/20] batch 450/1332 loss=0.1314
2025-12-04 17:08:59,931 - rf_experiment - INFO - [epoch 17/20] batch 500/1332 loss=0.1153
2025-12-04 17:09:03,213 - rf_experiment - INFO - [epoch 17/20] batch 550/1332 loss=0.1742
2025-12-04 17:09:06,398 - rf_experiment - INFO - [epoch 17/20] batch 600/1332 loss=0.3160
2025-12-04 17:09:09,637 - rf_experiment - INFO - [epoch 17/20] batch 650/1332 loss=0.1503
2025-12-04 17:09:12,865 - rf_experiment - INFO - [epoch 17/20] batch 700/1332 loss=0.2131
2025-12-04 17:09:16,107 - rf_experiment - INFO - [epoch 17/20] batch 750/1332 loss=0.0427
2025-12-04 17:09:19,274 - rf_experiment - INFO - [epoch 17/20] batch 800/1332 loss=0.1264
2025-12-04 17:09:22,525 - rf_experiment - INFO - [epoch 17/20] batch 850/1332 loss=0.2014
2025-12-04 17:09:25,751 - rf_experiment - INFO - [epoch 17/20] batch 900/1332 loss=0.0561
2025-12-04 17:09:28,942 - rf_experiment - INFO - [epoch 17/20] batch 950/1332 loss=0.1153
2025-12-04 17:09:32,393 - rf_experiment - INFO - [epoch 17/20] batch 1000/1332 loss=0.3236
2025-12-04 17:09:35,668 - rf_experiment - INFO - [epoch 17/20] batch 1050/1332 loss=0.0959
2025-12-04 17:09:38,981 - rf_experiment - INFO - [epoch 17/20] batch 1100/1332 loss=0.1543
2025-12-04 17:09:42,230 - rf_experiment - INFO - [epoch 17/20] batch 1150/1332 loss=0.1211
2025-12-04 17:09:45,490 - rf_experiment - INFO - [epoch 17/20] batch 1200/1332 loss=0.0676
2025-12-04 17:09:48,697 - rf_experiment - INFO - [epoch 17/20] batch 1250/1332 loss=0.1082
2025-12-04 17:09:52,153 - rf_experiment - INFO - [epoch 17/20] batch 1300/1332 loss=0.2192
2025-12-04 17:09:54,244 - rf_experiment - INFO - [epoch 17] train_loss=0.1670, train_acc=0.9232
2025-12-04 17:09:54,247 - rf_experiment - INFO - [epoch 17] train_loss=0.1670, train_acc=0.9232
2025-12-04 17:09:58,597 - rf_experiment - INFO - [epoch 17] val_loss=0.4958, val_acc=0.8144
2025-12-04 17:09:58,597 - rf_experiment - INFO - [epoch 18/20] training...
2025-12-04 17:10:01,849 - rf_experiment - INFO - [epoch 18/20] batch 50/1332 loss=0.0420
2025-12-04 17:10:05,134 - rf_experiment - INFO - [epoch 18/20] batch 100/1332 loss=0.1534
2025-12-04 17:10:08,527 - rf_experiment - INFO - [epoch 18/20] batch 150/1332 loss=0.2267
2025-12-04 17:10:11,892 - rf_experiment - INFO - [epoch 18/20] batch 200/1332 loss=0.0761
2025-12-04 17:10:15,137 - rf_experiment - INFO - [epoch 18/20] batch 250/1332 loss=0.0991
2025-12-04 17:10:18,375 - rf_experiment - INFO - [epoch 18/20] batch 300/1332 loss=0.1943
2025-12-04 17:10:21,696 - rf_experiment - INFO - [epoch 18/20] batch 350/1332 loss=0.0677
2025-12-04 17:10:25,103 - rf_experiment - INFO - [epoch 18/20] batch 400/1332 loss=0.2098
2025-12-04 17:10:28,358 - rf_experiment - INFO - [epoch 18/20] batch 450/1332 loss=0.1911
2025-12-04 17:10:31,781 - rf_experiment - INFO - [epoch 18/20] batch 500/1332 loss=0.1456
2025-12-04 17:10:35,021 - rf_experiment - INFO - [epoch 18/20] batch 550/1332 loss=0.1727
2025-12-04 17:10:38,283 - rf_experiment - INFO - [epoch 18/20] batch 600/1332 loss=0.1166
2025-12-04 17:10:41,510 - rf_experiment - INFO - [epoch 18/20] batch 650/1332 loss=0.2749
2025-12-04 17:10:44,822 - rf_experiment - INFO - [epoch 18/20] batch 700/1332 loss=0.1472
2025-12-04 17:10:48,047 - rf_experiment - INFO - [epoch 18/20] batch 750/1332 loss=0.0470
2025-12-04 17:10:51,475 - rf_experiment - INFO - [epoch 18/20] batch 800/1332 loss=0.3356
2025-12-04 17:10:54,713 - rf_experiment - INFO - [epoch 18/20] batch 850/1332 loss=0.1169
2025-12-04 17:10:57,948 - rf_experiment - INFO - [epoch 18/20] batch 900/1332 loss=0.0431
2025-12-04 17:11:01,218 - rf_experiment - INFO - [epoch 18/20] batch 950/1332 loss=0.0748
2025-12-04 17:11:04,495 - rf_experiment - INFO - [epoch 18/20] batch 1000/1332 loss=0.0644
2025-12-04 17:11:07,790 - rf_experiment - INFO - [epoch 18/20] batch 1050/1332 loss=0.2356
2025-12-04 17:11:11,148 - rf_experiment - INFO - [epoch 18/20] batch 1100/1332 loss=0.2613
2025-12-04 17:11:14,381 - rf_experiment - INFO - [epoch 18/20] batch 1150/1332 loss=0.1171
2025-12-04 17:11:17,654 - rf_experiment - INFO - [epoch 18/20] batch 1200/1332 loss=0.1739
2025-12-04 17:11:20,866 - rf_experiment - INFO - [epoch 18/20] batch 1250/1332 loss=0.3331
2025-12-04 17:11:24,320 - rf_experiment - INFO - [epoch 18/20] batch 1300/1332 loss=0.0812
2025-12-04 17:11:26,410 - rf_experiment - INFO - [epoch 18] train_loss=0.1501, train_acc=0.9336
2025-12-04 17:11:26,411 - rf_experiment - INFO - [epoch 18] train_loss=0.1501, train_acc=0.9336
2025-12-04 17:11:30,648 - rf_experiment - INFO - [epoch 18] val_loss=0.5067, val_acc=0.8212
2025-12-04 17:11:30,648 - rf_experiment - INFO - [epoch 19/20] training...
2025-12-04 17:11:33,829 - rf_experiment - INFO - [epoch 19/20] batch 50/1332 loss=0.0734
2025-12-04 17:11:37,085 - rf_experiment - INFO - [epoch 19/20] batch 100/1332 loss=0.0792
2025-12-04 17:11:40,329 - rf_experiment - INFO - [epoch 19/20] batch 150/1332 loss=0.1791
2025-12-04 17:11:43,720 - rf_experiment - INFO - [epoch 19/20] batch 200/1332 loss=0.0769
2025-12-04 17:11:46,943 - rf_experiment - INFO - [epoch 19/20] batch 250/1332 loss=0.2242
2025-12-04 17:11:50,308 - rf_experiment - INFO - [epoch 19/20] batch 300/1332 loss=0.2255
2025-12-04 17:11:53,576 - rf_experiment - INFO - [epoch 19/20] batch 350/1332 loss=0.1148
2025-12-04 17:11:56,984 - rf_experiment - INFO - [epoch 19/20] batch 400/1332 loss=0.1422
2025-12-04 17:12:00,384 - rf_experiment - INFO - [epoch 19/20] batch 450/1332 loss=0.0880
2025-12-04 17:12:03,630 - rf_experiment - INFO - [epoch 19/20] batch 500/1332 loss=0.0202
2025-12-04 17:12:06,912 - rf_experiment - INFO - [epoch 19/20] batch 550/1332 loss=0.0679
2025-12-04 17:12:10,119 - rf_experiment - INFO - [epoch 19/20] batch 600/1332 loss=0.1734
2025-12-04 17:12:13,357 - rf_experiment - INFO - [epoch 19/20] batch 650/1332 loss=0.0615
2025-12-04 17:12:16,568 - rf_experiment - INFO - [epoch 19/20] batch 700/1332 loss=0.1318
2025-12-04 17:12:19,809 - rf_experiment - INFO - [epoch 19/20] batch 750/1332 loss=0.3299
2025-12-04 17:12:22,994 - rf_experiment - INFO - [epoch 19/20] batch 800/1332 loss=0.1495
2025-12-04 17:12:26,169 - rf_experiment - INFO - [epoch 19/20] batch 850/1332 loss=0.2089
2025-12-04 17:12:29,643 - rf_experiment - INFO - [epoch 19/20] batch 900/1332 loss=0.3394
2025-12-04 17:12:32,866 - rf_experiment - INFO - [epoch 19/20] batch 950/1332 loss=0.2286
2025-12-04 17:12:36,112 - rf_experiment - INFO - [epoch 19/20] batch 1000/1332 loss=0.0730
2025-12-04 17:12:39,312 - rf_experiment - INFO - [epoch 19/20] batch 1050/1332 loss=0.2078
2025-12-04 17:12:42,553 - rf_experiment - INFO - [epoch 19/20] batch 1100/1332 loss=0.0608
2025-12-04 17:12:45,790 - rf_experiment - INFO - [epoch 19/20] batch 1150/1332 loss=0.0517
2025-12-04 17:12:48,956 - rf_experiment - INFO - [epoch 19/20] batch 1200/1332 loss=0.0802
2025-12-04 17:12:52,300 - rf_experiment - INFO - [epoch 19/20] batch 1250/1332 loss=0.0885
2025-12-04 17:12:55,572 - rf_experiment - INFO - [epoch 19/20] batch 1300/1332 loss=0.0931
2025-12-04 17:12:57,615 - rf_experiment - INFO - [epoch 19] train_loss=0.1341, train_acc=0.9421
2025-12-04 17:12:57,616 - rf_experiment - INFO - [epoch 19] train_loss=0.1341, train_acc=0.9421
2025-12-04 17:13:01,598 - rf_experiment - INFO - [epoch 19] val_loss=0.5143, val_acc=0.8184
2025-12-04 17:13:01,598 - rf_experiment - INFO - [epoch 20/20] training...
2025-12-04 17:13:04,746 - rf_experiment - INFO - [epoch 20/20] batch 50/1332 loss=0.0959
2025-12-04 17:13:07,897 - rf_experiment - INFO - [epoch 20/20] batch 100/1332 loss=0.0913
2025-12-04 17:13:11,050 - rf_experiment - INFO - [epoch 20/20] batch 150/1332 loss=0.0373
2025-12-04 17:13:14,181 - rf_experiment - INFO - [epoch 20/20] batch 200/1332 loss=0.2019
2025-12-04 17:13:17,336 - rf_experiment - INFO - [epoch 20/20] batch 250/1332 loss=0.1461
2025-12-04 17:13:20,509 - rf_experiment - INFO - [epoch 20/20] batch 300/1332 loss=0.0461
2025-12-04 17:13:23,651 - rf_experiment - INFO - [epoch 20/20] batch 350/1332 loss=0.1245
2025-12-04 17:13:26,972 - rf_experiment - INFO - [epoch 20/20] batch 400/1332 loss=0.0106
2025-12-04 17:13:30,274 - rf_experiment - INFO - [epoch 20/20] batch 450/1332 loss=0.0836
2025-12-04 17:13:33,495 - rf_experiment - INFO - [epoch 20/20] batch 500/1332 loss=0.1046
2025-12-04 17:13:36,627 - rf_experiment - INFO - [epoch 20/20] batch 550/1332 loss=0.1221
2025-12-04 17:13:39,771 - rf_experiment - INFO - [epoch 20/20] batch 600/1332 loss=0.0750
2025-12-04 17:13:43,102 - rf_experiment - INFO - [epoch 20/20] batch 650/1332 loss=0.1391
2025-12-04 17:13:46,290 - rf_experiment - INFO - [epoch 20/20] batch 700/1332 loss=0.2223
2025-12-04 17:13:49,602 - rf_experiment - INFO - [epoch 20/20] batch 750/1332 loss=0.0620
2025-12-04 17:13:52,887 - rf_experiment - INFO - [epoch 20/20] batch 800/1332 loss=0.1642
2025-12-04 17:13:56,047 - rf_experiment - INFO - [epoch 20/20] batch 850/1332 loss=0.1066
2025-12-04 17:13:59,264 - rf_experiment - INFO - [epoch 20/20] batch 900/1332 loss=0.1522
2025-12-04 17:14:02,489 - rf_experiment - INFO - [epoch 20/20] batch 950/1332 loss=0.2257
2025-12-04 17:14:05,667 - rf_experiment - INFO - [epoch 20/20] batch 1000/1332 loss=0.0418
2025-12-04 17:14:08,821 - rf_experiment - INFO - [epoch 20/20] batch 1050/1332 loss=0.0233
2025-12-04 17:14:12,004 - rf_experiment - INFO - [epoch 20/20] batch 1100/1332 loss=0.0433
2025-12-04 17:14:15,147 - rf_experiment - INFO - [epoch 20/20] batch 1150/1332 loss=0.1298
2025-12-04 17:14:18,289 - rf_experiment - INFO - [epoch 20/20] batch 1200/1332 loss=0.0807
2025-12-04 17:14:21,482 - rf_experiment - INFO - [epoch 20/20] batch 1250/1332 loss=0.0877
2025-12-04 17:14:24,639 - rf_experiment - INFO - [epoch 20/20] batch 1300/1332 loss=0.0472
2025-12-04 17:14:26,669 - rf_experiment - INFO - [epoch 20] train_loss=0.1159, train_acc=0.9524
2025-12-04 17:14:26,670 - rf_experiment - INFO - [epoch 20] train_loss=0.1159, train_acc=0.9524
2025-12-04 17:14:30,562 - rf_experiment - INFO - [epoch 20] val_loss=0.6003, val_acc=0.8202
2025-12-04 17:14:30,562 - rf_experiment - INFO - Evaluating on test set...
2025-12-04 17:14:34,468 - rf_experiment - INFO - Saved metrics to results/radioml2018_iqgrid_hrm_bptt_small_1_20251204_164330/metrics.json
2025-12-04 17:14:34,469 - rf_experiment - INFO - Finished experiment: radioml2018_iqgrid_hrm_bptt_small_1
2025-12-04 17:14:34,469 - rf_experiment - INFO - Best val metrics: {'loss': 0.28793293316054397, 'acc': 0.8298271975957926, 'per_snr_acc': {-12: 0.4416243654822335, 8: 1.0, 22: 1.0, 10: 1.0, -4: 0.6406926406926406, 2: 1.0, -20: 0.4473684210526316, 18: 1.0, -14: 0.507177033492823, 20: 1.0, -16: 0.5606060606060606, -10: 0.47674418604651164, 0: 0.9339622641509434, -8: 0.5116279069767442, 24: 1.0, 14: 1.0, 30: 1.0, 4: 1.0, 6: 1.0, 16: 1.0, 28: 1.0, 26: 1.0, -2: 0.8144329896907216, -18: 0.5280373831775701, -6: 0.6326530612244898, 12: 1.0}}
2025-12-04 17:14:34,469 - rf_experiment - INFO - Test metrics: {'loss': 0.6089646922794446, 'acc': 0.8214419827262486, 'per_snr_acc': {12: 1.0, -16: 0.5130890052356021, -8: 0.48717948717948717, -4: 0.6264367816091954, 18: 1.0, 20: 1.0, -2: 0.7853881278538812, 16: 1.0, -20: 0.5260115606936416, 6: 1.0, -12: 0.4803921568627451, 10: 1.0, 4: 1.0, -10: 0.5136363636363637, -14: 0.52, -6: 0.4652173913043478, 24: 1.0, 26: 1.0, 22: 1.0, 14: 1.0, 8: 1.0, -18: 0.4433497536945813, 0: 0.9095238095238095, 28: 1.0, 2: 1.0, 30: 1.0}}
