2025-12-04 14:33:38,561 - rf_experiment - INFO - Starting experiment: radioml2018_iqgrid_hrm_dcll_small
2025-12-04 14:33:38,561 - rf_experiment - INFO - Run name: radioml2018_iqgrid_hrm_dcll_small_20251204_143338
2025-12-04 14:33:38,561 - rf_experiment - INFO - Config file: configs/radioml2018_iqgrid_hrm_dcll_small.yaml
2025-12-04 14:33:38,561 - rf_experiment - INFO - Saved resolved config to: results/radioml2018_iqgrid_hrm_dcll_small_20251204_143338/config.yaml
2025-12-04 14:33:38,561 - rf_experiment - INFO - Run directory: results/radioml2018_iqgrid_hrm_dcll_small_20251204_143338
2025-12-04 14:33:38,561 - rf_experiment - INFO - Using device: cpu
2025-12-04 14:33:38,561 - rf_experiment - INFO - Torch version: 2.9.0
2025-12-04 14:33:38,561 - rf_experiment - INFO - Dataset config: {'path': 'data/GOLD_XYZ_OSC.0001_1024.hdf5', 'name': 'radioml2018_structured', 'frames_per_combo': 256, 'mods_to_use': [3, 4], 'snrs_to_use': [0, 10], 'train_frac': 0.8, 'val_frac': 0.1, 'test_frac': 0.1, 'shuffle': True, 'num_workers': 0}
2025-12-04 14:33:38,561 - rf_experiment - INFO - Encoding config: {'type': 'iq_grid', 'params': {'grid_size': 16, 'subsample': 4}}
2025-12-04 14:33:38,561 - rf_experiment - INFO - Total logical dataset size: 1024 samples
2025-12-04 14:33:38,562 - rf_experiment - INFO - Num classes (from dataset): 2
2025-12-04 14:33:38,562 - rf_experiment - INFO - Splits: train=819, val=102, test=103
2025-12-04 14:33:38,562 - rf_experiment - INFO - Dataloader: batch_size=16, num_workers=0
2025-12-04 14:33:38,562 - rf_experiment - INFO - Building model: {'type': 'hrm_rf', 'params': {'input_channels': 1, 'grid_size': 16, 'low_dim': 128, 'high_dim': 128, 'num_cycles': 4, 'dropout': 0.1, 'agg': 'mean', 'num_classes': 2}}
2025-12-04 14:33:38,562 - rf_experiment - INFO - Building model with num_classes=2
2025-12-04 14:33:38,563 - rf_experiment - INFO - Building trainer: {'trainer': 'bptt', 'loss': 'cross_entropy', 'optimizer': 'adam', 'lr': 0.001, 'batch_size': 16, 'epochs': 3, 'max_time_steps': 256, 'grad_clip': 1.0, 'device': 'cpu'}
2025-12-04 14:33:39,060 - rf_experiment - INFO - Starting training loop...
2025-12-04 14:33:39,060 - rf_experiment - INFO - [epoch 1/3] training...
2025-12-04 14:33:49,822 - rf_experiment - INFO - [epoch 1] train_loss=0.6978, train_acc=0.4884
2025-12-04 14:33:50,368 - rf_experiment - INFO - [epoch 1] val_loss=0.6914, val_acc=0.5098
2025-12-04 14:33:50,368 - rf_experiment - INFO - [epoch 2/3] training...
2025-12-04 14:34:01,078 - rf_experiment - INFO - [epoch 2] train_loss=0.6851, train_acc=0.5958
2025-12-04 14:34:01,362 - rf_experiment - INFO - [epoch 2] val_loss=0.6872, val_acc=0.5294
2025-12-04 14:34:01,362 - rf_experiment - INFO - [epoch 3/3] training...
2025-12-04 14:34:11,878 - rf_experiment - INFO - [epoch 3] train_loss=0.6624, train_acc=0.6545
2025-12-04 14:34:12,172 - rf_experiment - INFO - [epoch 3] val_loss=0.6994, val_acc=0.5196
2025-12-04 14:34:12,172 - rf_experiment - INFO - Evaluating on test set...
2025-12-04 14:34:12,468 - rf_experiment - INFO - Saved metrics to results/radioml2018_iqgrid_hrm_dcll_small_20251204_143338/metrics.json
2025-12-04 14:34:12,469 - rf_experiment - INFO - Finished experiment: radioml2018_iqgrid_hrm_dcll_small
2025-12-04 14:34:12,469 - rf_experiment - INFO - Best val metrics: {'loss': 0.6872267898391274, 'acc': 0.5294117647058824, 'per_snr_acc': {10: 0.6607142857142857, 0: 0.3695652173913043}}
2025-12-04 14:34:12,469 - rf_experiment - INFO - Test metrics: {'loss': 0.6951512196688976, 'acc': 0.5145631067961165, 'per_snr_acc': {0: 0.574468085106383, 10: 0.4642857142857143}}
