2026-01-07 12:27:44,612 - rf_experiment - INFO - Starting experiment: project_runs_1_2_conv2d_rate_bptt
2026-01-07 12:27:44,612 - rf_experiment - INFO - Run name: project_runs_1_2_conv2d_rate_bptt_20260107_122744
2026-01-07 12:27:44,612 - rf_experiment - INFO - Config file: configs/project_runs_1_2_conv2d_rate_bptt.yaml
2026-01-07 12:27:44,612 - rf_experiment - INFO - Saved resolved config to: results/project_runs_1_2_conv2d_rate_bptt_20260107_122744/config.yaml
2026-01-07 12:27:44,612 - rf_experiment - INFO - Run directory: results/project_runs_1_2_conv2d_rate_bptt_20260107_122744
2026-01-07 12:27:44,631 - rf_experiment - INFO - Using device: mps
2026-01-07 12:27:44,632 - rf_experiment - INFO - Using device: mps
2026-01-07 12:27:44,632 - rf_experiment - INFO - Torch version: 2.9.0
2026-01-07 12:27:44,632 - rf_experiment - INFO - Dataset config: {'path': 'data/GOLD_XYZ_OSC.0001_1024.hdf5', 'name': 'radioml2018_structured', 'frames_per_combo': 512, 'mods_to_use': [0, 1, 2, 3, 4, 5], 'snrs_to_use': [-20, -10, 0, 10, 20, 30], 'train_frac': 0.8, 'val_frac': 0.1, 'test_frac': 0.1, 'shuffle': True, 'num_workers': 0}
2026-01-07 12:27:44,632 - rf_experiment - INFO - Encoding config: {'type': 'rate_code', 'params': {'subsample': 4, 'max_rate': 0.2, 'stochastic': True, 'threshold': None, 'use_sign': True, 'rng_seed': 0}}
2026-01-07 12:27:44,633 - rf_experiment - INFO - Total logical dataset size: 18432 samples
2026-01-07 12:27:44,633 - rf_experiment - INFO - Num classes (from dataset): 6
2026-01-07 12:27:44,633 - rf_experiment - INFO - Splits: train=14745, val=1843, test=1844
2026-01-07 12:27:44,634 - rf_experiment - INFO - Full dataset labels: {0: 3072, 1: 3072, 2: 3072, 3: 3072, 4: 3072, 5: 3072}
2026-01-07 12:27:44,634 - rf_experiment - INFO - Full dataset SNRs: {-20: 3072, -10: 3072, 0: 3072, 10: 3072, 20: 3072, 30: 3072}
2026-01-07 12:27:44,634 - rf_experiment - INFO - Dataloader: batch_size=64, num_workers=0
2026-01-07 12:27:44,634 - rf_experiment - INFO - Building model: {'type': 'conv2d_snn', 'params': {'input_channels': 1, 'conv_channels': [64, 128], 'kernel_sizes': [3, 3], 'grid_size': 16, 'lif_beta': 0.9, 'dropout': 0.0, 'pool': True, 'num_classes': 6}}
2026-01-07 12:27:44,634 - rf_experiment - INFO - Building model with num_classes=6
2026-01-07 12:27:44,687 - rf_experiment - INFO - Building trainer: {'trainer': 'bptt', 'loss': 'cross_entropy', 'optimizer': 'adam', 'lr': 0.0003, 'lr_scheduler': {'type': 'step', 'step_size': 5, 'gamma': 0.5}, 'batch_size': 64, 'epochs': 50, 'max_time_steps': 256, 'grad_clip': 1.0, 'device': 'mps', 'early_stopping_patience': 5, 'early_stopping_min_delta': 0.005}
2026-01-07 12:27:45,288 - rf_experiment - INFO - Starting training loop...
2026-01-07 12:27:45,288 - rf_experiment - INFO - [epoch 1/50] training...
