2026-01-08 00:36:57,569 - rf_experiment - INFO - Starting experiment: project_runs_1_conv2d_.iqgrid_bptt
2026-01-08 00:36:57,569 - rf_experiment - INFO - Run name: project_runs_1_conv2d_.iqgrid_bptt_20260108_003657
2026-01-08 00:36:57,569 - rf_experiment - INFO - Config file: configs/project_runs_1_lsm_iqgrid_bptt.yaml
2026-01-08 00:36:57,569 - rf_experiment - INFO - Saved resolved config to: results/project_runs_1_conv2d_.iqgrid_bptt_20260108_003657/config.yaml
2026-01-08 00:36:57,569 - rf_experiment - INFO - Run directory: results/project_runs_1_conv2d_.iqgrid_bptt_20260108_003657
2026-01-08 00:36:57,584 - rf_experiment - INFO - Using device: mps
2026-01-08 00:36:57,584 - rf_experiment - INFO - Using device: mps
2026-01-08 00:36:57,584 - rf_experiment - INFO - Torch version: 2.9.0
2026-01-08 00:36:57,585 - rf_experiment - INFO - Dataset config: {'path': 'data/GOLD_XYZ_OSC.0001_1024.hdf5', 'name': 'radioml2018_structured', 'frames_per_combo': 512, 'mods_to_use': [0, 1, 2, 3, 4, 5], 'snrs_to_use': [-20, -10, 0, 10, 20, 30], 'train_frac': 0.8, 'val_frac': 0.1, 'test_frac': 0.1, 'shuffle': True, 'num_workers': 0}
2026-01-08 00:36:57,585 - rf_experiment - INFO - Encoding config: {'type': 'iq_grid', 'params': {'grid_size': 16, 'subsample': 4}}
2026-01-08 00:36:57,585 - rf_experiment - INFO - Total logical dataset size: 18432 samples
2026-01-08 00:36:57,585 - rf_experiment - INFO - Num classes (from dataset): 6
2026-01-08 00:36:57,585 - rf_experiment - INFO - Splits: train=14745, val=1843, test=1844
2026-01-08 00:36:57,588 - rf_experiment - INFO - Full dataset labels: {0: 3072, 1: 3072, 2: 3072, 3: 3072, 4: 3072, 5: 3072}
2026-01-08 00:36:57,588 - rf_experiment - INFO - Full dataset SNRs: {-20: 3072, -10: 3072, 0: 3072, 10: 3072, 20: 3072, 30: 3072}
2026-01-08 00:36:57,588 - rf_experiment - INFO - Dataloader: batch_size=64, num_workers=0
2026-01-08 00:36:57,588 - rf_experiment - INFO - Building model: {'type': 'lsm', 'params': {'input_channels': 1, 'conv_channels': [64, 128], 'kernel_sizes': [3, 3], 'grid_size': 16, 'lif_beta': 0.9, 'dropout': 0.0, 'pool': True, 'num_classes': 6}}
2026-01-08 00:36:57,589 - rf_experiment - INFO - Building model with num_classes=6
2026-01-08 00:36:57,601 - rf_experiment - INFO - Building trainer: {'trainer': 'bptt', 'loss': 'cross_entropy', 'optimizer': 'adam', 'lr': 0.0003, 'lr_scheduler': {'type': 'step', 'step_size': 5, 'gamma': 0.5}, 'batch_size': 64, 'epochs': 50, 'max_time_steps': 256, 'grad_clip': 1.0, 'device': 'mps', 'early_stopping_patience': 5, 'early_stopping_min_delta': 0.005}
2026-01-08 00:36:58,051 - rf_experiment - INFO - Starting training loop...
2026-01-08 00:36:58,051 - rf_experiment - INFO - [epoch 1/50] training...
2026-01-08 00:37:00,633 - rf_experiment - INFO - Epoch 1 [50/231] loss=1.7412[epoch 1] lr=0.000300
2026-01-08 00:37:02,182 - rf_experiment - INFO - Epoch 1 [100/231] loss=1.7348[epoch 1] lr=0.000300
2026-01-08 00:37:03,640 - rf_experiment - INFO - Epoch 1 [150/231] loss=1.6898[epoch 1] lr=0.000300
2026-01-08 00:37:05,125 - rf_experiment - INFO - Epoch 1 [200/231] loss=1.7315[epoch 1] lr=0.000300
2026-01-08 00:37:06,097 - rf_experiment - INFO - [epoch 1] train_loss=1.7385, train_acc=0.2328
2026-01-08 00:37:07,013 - rf_experiment - INFO - [epoch 1] val_loss=1.6987, val_acc=0.2621
2026-01-08 00:37:07,013 - rf_experiment - INFO - [epoch 1] new best val_acc=0.2621
2026-01-08 00:37:07,013 - rf_experiment - INFO - [epoch 2/50] training...
2026-01-08 00:37:08,555 - rf_experiment - INFO - Epoch 2 [50/231] loss=1.6692[epoch 2] lr=0.000300
2026-01-08 00:37:10,140 - rf_experiment - INFO - Epoch 2 [100/231] loss=1.7009[epoch 2] lr=0.000300
2026-01-08 00:37:11,638 - rf_experiment - INFO - Epoch 2 [150/231] loss=1.7203[epoch 2] lr=0.000300
2026-01-08 00:37:13,177 - rf_experiment - INFO - Epoch 2 [200/231] loss=1.6572[epoch 2] lr=0.000300
2026-01-08 00:37:14,145 - rf_experiment - INFO - [epoch 2] train_loss=1.6841, train_acc=0.2806
2026-01-08 00:37:15,039 - rf_experiment - INFO - [epoch 2] val_loss=1.6655, val_acc=0.2816
2026-01-08 00:37:15,039 - rf_experiment - INFO - [epoch 2] new best val_acc=0.2816
2026-01-08 00:37:15,039 - rf_experiment - INFO - [epoch 3/50] training...
2026-01-08 00:37:16,560 - rf_experiment - INFO - Epoch 3 [50/231] loss=1.6844[epoch 3] lr=0.000300
2026-01-08 00:37:18,077 - rf_experiment - INFO - Epoch 3 [100/231] loss=1.7292[epoch 3] lr=0.000300
2026-01-08 00:37:19,593 - rf_experiment - INFO - Epoch 3 [150/231] loss=1.6597[epoch 3] lr=0.000300
2026-01-08 00:37:21,111 - rf_experiment - INFO - Epoch 3 [200/231] loss=1.6060[epoch 3] lr=0.000300
2026-01-08 00:37:22,036 - rf_experiment - INFO - [epoch 3] train_loss=1.6553, train_acc=0.3045
2026-01-08 00:37:22,915 - rf_experiment - INFO - [epoch 3] val_loss=1.6440, val_acc=0.2859
2026-01-08 00:37:22,915 - rf_experiment - INFO - [epoch 3] no improvement in val_acc (streak=1)
2026-01-08 00:37:22,915 - rf_experiment - INFO - [epoch 4/50] training...
2026-01-08 00:37:24,443 - rf_experiment - INFO - Epoch 4 [50/231] loss=1.6464[epoch 4] lr=0.000300
2026-01-08 00:37:25,915 - rf_experiment - INFO - Epoch 4 [100/231] loss=1.6200[epoch 4] lr=0.000300
2026-01-08 00:37:27,411 - rf_experiment - INFO - Epoch 4 [150/231] loss=1.6473[epoch 4] lr=0.000300
2026-01-08 00:37:28,915 - rf_experiment - INFO - Epoch 4 [200/231] loss=1.5967[epoch 4] lr=0.000300
2026-01-08 00:37:29,823 - rf_experiment - INFO - [epoch 4] train_loss=1.6339, train_acc=0.3180
2026-01-08 00:37:30,701 - rf_experiment - INFO - [epoch 4] val_loss=1.6261, val_acc=0.2957
2026-01-08 00:37:30,701 - rf_experiment - INFO - [epoch 4] new best val_acc=0.2957
2026-01-08 00:37:30,701 - rf_experiment - INFO - [epoch 5/50] training...
2026-01-08 00:37:32,178 - rf_experiment - INFO - Epoch 5 [50/231] loss=1.6324[epoch 5] lr=0.000300
2026-01-08 00:37:33,655 - rf_experiment - INFO - Epoch 5 [100/231] loss=1.6594[epoch 5] lr=0.000300
2026-01-08 00:37:35,150 - rf_experiment - INFO - Epoch 5 [150/231] loss=1.6413[epoch 5] lr=0.000300
2026-01-08 00:37:36,662 - rf_experiment - INFO - Epoch 5 [200/231] loss=1.6140[epoch 5] lr=0.000300
2026-01-08 00:37:37,580 - rf_experiment - INFO - [epoch 5] train_loss=1.6166, train_acc=0.3296
2026-01-08 00:37:38,450 - rf_experiment - INFO - [epoch 5] val_loss=1.6122, val_acc=0.2957
2026-01-08 00:37:38,450 - rf_experiment - INFO - [epoch 5] no improvement in val_acc (streak=1)
2026-01-08 00:37:38,450 - rf_experiment - INFO - [epoch 6/50] training...
2026-01-08 00:37:39,933 - rf_experiment - INFO - Epoch 6 [50/231] loss=1.6746[epoch 6] lr=0.000150
2026-01-08 00:37:41,434 - rf_experiment - INFO - Epoch 6 [100/231] loss=1.6092[epoch 6] lr=0.000150
2026-01-08 00:37:42,908 - rf_experiment - INFO - Epoch 6 [150/231] loss=1.6006[epoch 6] lr=0.000150
2026-01-08 00:37:44,405 - rf_experiment - INFO - Epoch 6 [200/231] loss=1.5620[epoch 6] lr=0.000150
2026-01-08 00:37:45,321 - rf_experiment - INFO - [epoch 6] train_loss=1.6045, train_acc=0.3372
2026-01-08 00:37:46,188 - rf_experiment - INFO - [epoch 6] val_loss=1.6058, val_acc=0.3022
2026-01-08 00:37:46,188 - rf_experiment - INFO - [epoch 6] new best val_acc=0.3022
2026-01-08 00:37:46,188 - rf_experiment - INFO - [epoch 7/50] training...
2026-01-08 00:37:47,692 - rf_experiment - INFO - Epoch 7 [50/231] loss=1.5289[epoch 7] lr=0.000150
2026-01-08 00:37:49,197 - rf_experiment - INFO - Epoch 7 [100/231] loss=1.5790[epoch 7] lr=0.000150
2026-01-08 00:37:50,674 - rf_experiment - INFO - Epoch 7 [150/231] loss=1.5973[epoch 7] lr=0.000150
2026-01-08 00:37:52,135 - rf_experiment - INFO - Epoch 7 [200/231] loss=1.5644[epoch 7] lr=0.000150
2026-01-08 00:37:53,056 - rf_experiment - INFO - [epoch 7] train_loss=1.5976, train_acc=0.3377
2026-01-08 00:37:53,921 - rf_experiment - INFO - [epoch 7] val_loss=1.5998, val_acc=0.3044
2026-01-08 00:37:53,921 - rf_experiment - INFO - [epoch 7] no improvement in val_acc (streak=1)
2026-01-08 00:37:53,921 - rf_experiment - INFO - [epoch 8/50] training...
2026-01-08 00:37:55,390 - rf_experiment - INFO - Epoch 8 [50/231] loss=1.6209[epoch 8] lr=0.000150
2026-01-08 00:37:56,870 - rf_experiment - INFO - Epoch 8 [100/231] loss=1.7073[epoch 8] lr=0.000150
2026-01-08 00:37:58,352 - rf_experiment - INFO - Epoch 8 [150/231] loss=1.6197[epoch 8] lr=0.000150
2026-01-08 00:37:59,825 - rf_experiment - INFO - Epoch 8 [200/231] loss=1.5909[epoch 8] lr=0.000150
2026-01-08 00:38:00,732 - rf_experiment - INFO - [epoch 8] train_loss=1.5913, train_acc=0.3422
2026-01-08 00:38:01,588 - rf_experiment - INFO - [epoch 8] val_loss=1.5944, val_acc=0.3082
2026-01-08 00:38:01,588 - rf_experiment - INFO - [epoch 8] new best val_acc=0.3082
2026-01-08 00:38:01,588 - rf_experiment - INFO - [epoch 9/50] training...
2026-01-08 00:38:03,067 - rf_experiment - INFO - Epoch 9 [50/231] loss=1.6339[epoch 9] lr=0.000150
2026-01-08 00:38:04,546 - rf_experiment - INFO - Epoch 9 [100/231] loss=1.6414[epoch 9] lr=0.000150
2026-01-08 00:38:06,020 - rf_experiment - INFO - Epoch 9 [150/231] loss=1.6314[epoch 9] lr=0.000150
2026-01-08 00:38:07,494 - rf_experiment - INFO - Epoch 9 [200/231] loss=1.5671[epoch 9] lr=0.000150
2026-01-08 00:38:08,409 - rf_experiment - INFO - [epoch 9] train_loss=1.5853, train_acc=0.3461
2026-01-08 00:38:09,338 - rf_experiment - INFO - [epoch 9] val_loss=1.5895, val_acc=0.3158
2026-01-08 00:38:09,338 - rf_experiment - INFO - [epoch 9] new best val_acc=0.3158
2026-01-08 00:38:09,338 - rf_experiment - INFO - [epoch 10/50] training...
2026-01-08 00:38:10,826 - rf_experiment - INFO - Epoch 10 [50/231] loss=1.6449[epoch 10] lr=0.000150
2026-01-08 00:38:12,298 - rf_experiment - INFO - Epoch 10 [100/231] loss=1.6001[epoch 10] lr=0.000150
2026-01-08 00:38:13,797 - rf_experiment - INFO - Epoch 10 [150/231] loss=1.6464[epoch 10] lr=0.000150
2026-01-08 00:38:15,283 - rf_experiment - INFO - Epoch 10 [200/231] loss=1.6263[epoch 10] lr=0.000150
2026-01-08 00:38:16,177 - rf_experiment - INFO - [epoch 10] train_loss=1.5795, train_acc=0.3472
2026-01-08 00:38:17,034 - rf_experiment - INFO - [epoch 10] val_loss=1.5844, val_acc=0.3163
2026-01-08 00:38:17,034 - rf_experiment - INFO - [epoch 10] no improvement in val_acc (streak=1)
2026-01-08 00:38:17,034 - rf_experiment - INFO - [epoch 11/50] training...
2026-01-08 00:38:18,542 - rf_experiment - INFO - Epoch 11 [50/231] loss=1.5997[epoch 11] lr=0.000075
2026-01-08 00:38:20,018 - rf_experiment - INFO - Epoch 11 [100/231] loss=1.5499[epoch 11] lr=0.000075
2026-01-08 00:38:21,501 - rf_experiment - INFO - Epoch 11 [150/231] loss=1.6119[epoch 11] lr=0.000075
2026-01-08 00:38:23,011 - rf_experiment - INFO - Epoch 11 [200/231] loss=1.5879[epoch 11] lr=0.000075
2026-01-08 00:38:23,915 - rf_experiment - INFO - [epoch 11] train_loss=1.5751, train_acc=0.3491
2026-01-08 00:38:24,803 - rf_experiment - INFO - [epoch 11] val_loss=1.5822, val_acc=0.3223
2026-01-08 00:38:24,803 - rf_experiment - INFO - [epoch 11] new best val_acc=0.3223
2026-01-08 00:38:24,804 - rf_experiment - INFO - [epoch 12/50] training...
2026-01-08 00:38:26,359 - rf_experiment - INFO - Epoch 12 [50/231] loss=1.5114[epoch 12] lr=0.000075
2026-01-08 00:38:27,894 - rf_experiment - INFO - Epoch 12 [100/231] loss=1.5359[epoch 12] lr=0.000075
2026-01-08 00:38:29,411 - rf_experiment - INFO - Epoch 12 [150/231] loss=1.6423[epoch 12] lr=0.000075
2026-01-08 00:38:30,916 - rf_experiment - INFO - Epoch 12 [200/231] loss=1.4793[epoch 12] lr=0.000075
2026-01-08 00:38:31,816 - rf_experiment - INFO - [epoch 12] train_loss=1.5725, train_acc=0.3520
2026-01-08 00:38:32,677 - rf_experiment - INFO - [epoch 12] val_loss=1.5797, val_acc=0.3239
2026-01-08 00:38:32,677 - rf_experiment - INFO - [epoch 12] no improvement in val_acc (streak=1)
2026-01-08 00:38:32,677 - rf_experiment - INFO - [epoch 13/50] training...
2026-01-08 00:38:34,159 - rf_experiment - INFO - Epoch 13 [50/231] loss=1.5853[epoch 13] lr=0.000075
2026-01-08 00:38:35,662 - rf_experiment - INFO - Epoch 13 [100/231] loss=1.5206[epoch 13] lr=0.000075
2026-01-08 00:38:37,161 - rf_experiment - INFO - Epoch 13 [150/231] loss=1.5578[epoch 13] lr=0.000075
2026-01-08 00:38:38,674 - rf_experiment - INFO - Epoch 13 [200/231] loss=1.5038[epoch 13] lr=0.000075
2026-01-08 00:38:39,608 - rf_experiment - INFO - [epoch 13] train_loss=1.5699, train_acc=0.3540
2026-01-08 00:38:40,488 - rf_experiment - INFO - [epoch 13] val_loss=1.5777, val_acc=0.3239
2026-01-08 00:38:40,488 - rf_experiment - INFO - [epoch 13] no improvement in val_acc (streak=2)
2026-01-08 00:38:40,488 - rf_experiment - INFO - [epoch 14/50] training...
2026-01-08 00:38:42,000 - rf_experiment - INFO - Epoch 14 [50/231] loss=1.5310[epoch 14] lr=0.000075
2026-01-08 00:38:43,491 - rf_experiment - INFO - Epoch 14 [100/231] loss=1.5182[epoch 14] lr=0.000075
2026-01-08 00:38:44,981 - rf_experiment - INFO - Epoch 14 [150/231] loss=1.6383[epoch 14] lr=0.000075
2026-01-08 00:38:46,486 - rf_experiment - INFO - Epoch 14 [200/231] loss=1.5319[epoch 14] lr=0.000075
2026-01-08 00:38:47,407 - rf_experiment - INFO - [epoch 14] train_loss=1.5674, train_acc=0.3557
2026-01-08 00:38:48,273 - rf_experiment - INFO - [epoch 14] val_loss=1.5755, val_acc=0.3228
2026-01-08 00:38:48,273 - rf_experiment - INFO - [epoch 14] no improvement in val_acc (streak=3)
2026-01-08 00:38:48,273 - rf_experiment - INFO - [epoch 15/50] training...
2026-01-08 00:38:49,782 - rf_experiment - INFO - Epoch 15 [50/231] loss=1.6297[epoch 15] lr=0.000075
2026-01-08 00:38:51,287 - rf_experiment - INFO - Epoch 15 [100/231] loss=1.4964[epoch 15] lr=0.000075
2026-01-08 00:38:52,793 - rf_experiment - INFO - Epoch 15 [150/231] loss=1.5525[epoch 15] lr=0.000075
2026-01-08 00:38:54,318 - rf_experiment - INFO - Epoch 15 [200/231] loss=1.5925[epoch 15] lr=0.000075
2026-01-08 00:38:55,246 - rf_experiment - INFO - [epoch 15] train_loss=1.5649, train_acc=0.3569
2026-01-08 00:38:56,112 - rf_experiment - INFO - [epoch 15] val_loss=1.5734, val_acc=0.3266
2026-01-08 00:38:56,112 - rf_experiment - INFO - [epoch 15] no improvement in val_acc (streak=4)
2026-01-08 00:38:56,112 - rf_experiment - INFO - [epoch 16/50] training...
2026-01-08 00:38:57,620 - rf_experiment - INFO - Epoch 16 [50/231] loss=1.6302[epoch 16] lr=0.000037
2026-01-08 00:38:59,104 - rf_experiment - INFO - Epoch 16 [100/231] loss=1.6330[epoch 16] lr=0.000037
2026-01-08 00:39:00,631 - rf_experiment - INFO - Epoch 16 [150/231] loss=1.5220[epoch 16] lr=0.000037
2026-01-08 00:39:02,131 - rf_experiment - INFO - Epoch 16 [200/231] loss=1.5042[epoch 16] lr=0.000037
2026-01-08 00:39:03,050 - rf_experiment - INFO - [epoch 16] train_loss=1.5629, train_acc=0.3590
2026-01-08 00:39:03,916 - rf_experiment - INFO - [epoch 16] val_loss=1.5724, val_acc=0.3261
2026-01-08 00:39:03,916 - rf_experiment - INFO - [epoch 16] no improvement in val_acc (streak=5)
2026-01-08 00:39:03,916 - rf_experiment - INFO - [epoch 16] early stopping triggered (patience=5)
2026-01-08 00:39:03,923 - rf_experiment - INFO - Saved best model checkpoint to results/project_runs_1_conv2d_.iqgrid_bptt_20260108_003657/best_model.pt
2026-01-08 00:39:03,923 - rf_experiment - INFO - Evaluating on test set with best-val checkpoint...
2026-01-08 00:39:04,816 - rf_experiment - INFO - Saved predictions to results/project_runs_1_conv2d_.iqgrid_bptt_20260108_003657/test_predictions_test_final.npz
2026-01-08 00:39:05,717 - rf_experiment - INFO - Saved predictions to results/project_runs_1_conv2d_.iqgrid_bptt_20260108_003657/test_predictions_test_dropout_30.npz
2026-01-08 00:39:05,717 - rf_experiment - INFO - Test metrics with 30% time-step dropout: {'loss': 1.6232084038459298, 'acc': 0.31019522776572667, 'latency_ms_per_sample': 0.20459374774514077, 'energy_j_per_sample': 0.030689062161771117, 'per_snr_acc': {0: 0.255663430420712, 10: 0.41904761904761906, -20: 0.14098360655737704, -10: 0.15178571428571427, 20: 0.4868421052631579, 30: 0.43272727272727274}, 'per_snr_loss': {0: 1.705284186551486, 10: 1.4789958634073772, -20: 1.8332637419466113, -10: 1.8154912768375306, 20: 1.4384378508517617, 30: 1.4325241951508956}}
2026-01-08 00:39:06,603 - rf_experiment - INFO - Saved predictions to results/project_runs_1_conv2d_.iqgrid_bptt_20260108_003657/test_predictions_test_shuffled_time.npz
2026-01-08 00:39:06,603 - rf_experiment - INFO - Test metrics with shuffled time dimension: {'loss': 1.5917482231289084, 'acc': 0.3302603036876356, 'latency_ms_per_sample': 0.2030476095930647, 'energy_j_per_sample': 0.030457141438959705, 'per_snr_acc': {0: 0.26537216828478966, 10: 0.473015873015873, -20: 0.12131147540983607, -10: 0.17559523809523808, 20: 0.4769736842105263, 30: 0.49818181818181817}, 'per_snr_loss': {0: 1.7103226481903717, 10: 1.3918825879929557, -20: 1.8429021526555547, -10: 1.8270327399174373, 20: 1.3620028754598217, 30: 1.3753964218226347}}
2026-01-08 00:39:06,788 - rf_experiment - INFO - Saved confusion matrix to results/project_runs_1_conv2d_.iqgrid_bptt_20260108_003657/confusion_matrix.png
2026-01-08 00:39:06,788 - rf_experiment - INFO - Saved metrics to results/project_runs_1_conv2d_.iqgrid_bptt_20260108_003657/metrics.json
2026-01-08 00:39:06,788 - rf_experiment - INFO - Finished experiment: project_runs_1_conv2d_.iqgrid_bptt
2026-01-08 00:39:06,788 - rf_experiment - INFO - Best val metrics: {'loss': 1.5821692538662444, 'acc': 0.32230059685295714, 'latency_ms_per_sample': 0.20652376160801783, 'energy_j_per_sample': 0.030978564241202673, 'per_snr_acc': {20: 0.4084967320261438, 10: 0.45394736842105265, -20: 0.16352201257861634, 30: 0.4811320754716981, -10: 0.14685314685314685, 0: 0.27009646302250806}, 'per_snr_loss': {20: 1.394100959199706, 10: 1.3965688286055076, -20: 1.8308966545938696, 30: 1.3660131529817041, -10: 1.8267586706401584, 0: 1.6904045354898336}, 'epoch': 11}
2026-01-08 00:39:06,788 - rf_experiment - INFO - Test metrics: {'loss': 1.588412646874947, 'acc': 0.31778741865509763, 'latency_ms_per_sample': 0.2065920767196557, 'energy_j_per_sample': 0.030988811507948355, 'per_snr_acc': {0: 0.23300970873786409, 10: 0.4126984126984127, -20: 0.11475409836065574, -10: 0.18452380952380953, 20: 0.5197368421052632, 30: 0.4690909090909091}, 'per_snr_loss': {0: 1.7161894517809055, 10: 1.4050924726894924, -20: 1.8503114352460768, -10: 1.7995711728220893, 20: 1.3575639590424926, 30: 1.3615487457405437}}
2026-01-08 00:39:06,789 - rf_experiment - INFO - Finished experiment: project_runs_1_conv2d_.iqgrid_bptt
2026-01-08 00:39:06,789 - rf_experiment - INFO - Best val metrics: {'loss': 1.5821692538662444, 'acc': 0.32230059685295714, 'latency_ms_per_sample': 0.20652376160801783, 'energy_j_per_sample': 0.030978564241202673, 'per_snr_acc': {20: 0.4084967320261438, 10: 0.45394736842105265, -20: 0.16352201257861634, 30: 0.4811320754716981, -10: 0.14685314685314685, 0: 0.27009646302250806}, 'per_snr_loss': {20: 1.394100959199706, 10: 1.3965688286055076, -20: 1.8308966545938696, 30: 1.3660131529817041, -10: 1.8267586706401584, 0: 1.6904045354898336}, 'epoch': 11}
2026-01-08 00:39:06,789 - rf_experiment - INFO - Test metrics: {'loss': 1.588412646874947, 'acc': 0.31778741865509763, 'latency_ms_per_sample': 0.2065920767196557, 'energy_j_per_sample': 0.030988811507948355, 'per_snr_acc': {0: 0.23300970873786409, 10: 0.4126984126984127, -20: 0.11475409836065574, -10: 0.18452380952380953, 20: 0.5197368421052632, 30: 0.4690909090909091}, 'per_snr_loss': {0: 1.7161894517809055, 10: 1.4050924726894924, -20: 1.8503114352460768, -10: 1.7995711728220893, 20: 1.3575639590424926, 30: 1.3615487457405437}}
