2025-12-04 14:47:01,922 - rf_experiment - INFO - Starting experiment: radioml2018_iqgrid_hrm_dcll_small
2025-12-04 14:47:01,923 - rf_experiment - INFO - Run name: radioml2018_iqgrid_hrm_dcll_small_20251204_144701
2025-12-04 14:47:01,923 - rf_experiment - INFO - Config file: configs/radioml2018_iqgrid_hrm_dcll_small.yaml
2025-12-04 14:47:01,923 - rf_experiment - INFO - Saved resolved config to: results/radioml2018_iqgrid_hrm_dcll_small_20251204_144701/config.yaml
2025-12-04 14:47:01,923 - rf_experiment - INFO - Run directory: results/radioml2018_iqgrid_hrm_dcll_small_20251204_144701
2025-12-04 14:47:01,923 - rf_experiment - INFO - Using device: cpu
2025-12-04 14:47:01,923 - rf_experiment - INFO - Torch version: 2.9.0
2025-12-04 14:47:01,923 - rf_experiment - INFO - Dataset config: {'path': 'data/GOLD_XYZ_OSC.0001_1024.hdf5', 'name': 'radioml2018_structured', 'frames_per_combo': 1024, 'mods_to_use': None, 'snrs_to_use': [0, 10], 'train_frac': 0.8, 'val_frac': 0.1, 'test_frac': 0.1, 'shuffle': True, 'num_workers': 0}
2025-12-04 14:47:01,923 - rf_experiment - INFO - Encoding config: {'type': 'iq_grid', 'params': {'grid_size': 16, 'subsample': 4}}
2025-12-04 14:47:01,923 - rf_experiment - INFO - Total logical dataset size: 49152 samples
2025-12-04 14:47:01,923 - rf_experiment - INFO - Num classes (from dataset): 24
2025-12-04 14:47:01,923 - rf_experiment - INFO - Splits: train=39321, val=4915, test=4916
2025-12-04 14:47:01,924 - rf_experiment - INFO - Dataloader: batch_size=16, num_workers=0
2025-12-04 14:47:01,925 - rf_experiment - INFO - Building model: {'type': 'hrm_rf', 'params': {'input_channels': 1, 'grid_size': 16, 'low_dim': 128, 'high_dim': 128, 'num_cycles': 4, 'dropout': 0.1, 'agg': 'mean', 'num_classes': 24}}
2025-12-04 14:47:01,925 - rf_experiment - INFO - Building model with num_classes=24
2025-12-04 14:47:01,926 - rf_experiment - INFO - Building trainer: {'trainer': 'bptt', 'loss': 'cross_entropy', 'optimizer': 'adam', 'lr': 0.001, 'batch_size': 16, 'epochs': 10, 'max_time_steps': 256, 'grad_clip': 1.0, 'device': 'cpu'}
2025-12-04 14:47:02,462 - rf_experiment - INFO - Starting training loop...
2025-12-04 14:47:02,462 - rf_experiment - INFO - [epoch 1/10] training...
2025-12-04 14:55:11,983 - rf_experiment - INFO - [epoch 1] train_loss=2.4583, train_acc=0.1698
2025-12-04 14:55:25,841 - rf_experiment - INFO - [epoch 1] val_loss=2.2229, val_acc=0.2214
2025-12-04 14:55:25,842 - rf_experiment - INFO - [epoch 2/10] training...
2025-12-04 15:03:54,438 - rf_experiment - INFO - [epoch 2] train_loss=2.0066, train_acc=0.2738
2025-12-04 15:04:08,089 - rf_experiment - INFO - [epoch 2] val_loss=1.9469, val_acc=0.2871
2025-12-04 15:04:08,089 - rf_experiment - INFO - [epoch 3/10] training...
2025-12-04 15:12:25,133 - rf_experiment - INFO - [epoch 3] train_loss=1.7794, train_acc=0.3374
2025-12-04 15:12:38,690 - rf_experiment - INFO - [epoch 3] val_loss=1.7715, val_acc=0.3563
2025-12-04 15:12:38,690 - rf_experiment - INFO - [epoch 4/10] training...
2025-12-04 15:21:54,377 - rf_experiment - INFO - [epoch 4] train_loss=1.6754, train_acc=0.3662
2025-12-04 15:22:08,395 - rf_experiment - INFO - [epoch 4] val_loss=1.6661, val_acc=0.3679
2025-12-04 15:22:08,395 - rf_experiment - INFO - [epoch 5/10] training...
2025-12-04 15:30:59,830 - rf_experiment - INFO - [epoch 5] train_loss=1.6301, train_acc=0.3786
2025-12-04 15:31:13,887 - rf_experiment - INFO - [epoch 5] val_loss=1.6878, val_acc=0.3542
2025-12-04 15:31:13,888 - rf_experiment - INFO - [epoch 6/10] training...
2025-12-04 15:40:02,204 - rf_experiment - INFO - [epoch 6] train_loss=1.5535, train_acc=0.4013
2025-12-04 15:40:16,262 - rf_experiment - INFO - [epoch 6] val_loss=1.5690, val_acc=0.3947
2025-12-04 15:40:16,262 - rf_experiment - INFO - [epoch 7/10] training...
2025-12-04 15:49:17,571 - rf_experiment - INFO - [epoch 7] train_loss=1.5042, train_acc=0.4218
2025-12-04 15:49:31,369 - rf_experiment - INFO - [epoch 7] val_loss=1.5532, val_acc=0.4033
2025-12-04 15:49:31,370 - rf_experiment - INFO - [epoch 8/10] training...
2025-12-04 15:58:23,297 - rf_experiment - INFO - [epoch 8] train_loss=1.4726, train_acc=0.4313
2025-12-04 15:58:36,647 - rf_experiment - INFO - [epoch 8] val_loss=1.5877, val_acc=0.3906
2025-12-04 15:58:36,647 - rf_experiment - INFO - [epoch 9/10] training...
2025-12-04 16:07:32,342 - rf_experiment - INFO - [epoch 9] train_loss=1.4346, train_acc=0.4491
2025-12-04 16:07:46,105 - rf_experiment - INFO - [epoch 9] val_loss=1.6010, val_acc=0.3941
2025-12-04 16:07:46,106 - rf_experiment - INFO - [epoch 10/10] training...
2025-12-04 16:16:31,564 - rf_experiment - INFO - [epoch 10] train_loss=1.3924, train_acc=0.4645
2025-12-04 16:16:45,076 - rf_experiment - INFO - [epoch 10] val_loss=1.6594, val_acc=0.3874
2025-12-04 16:16:45,077 - rf_experiment - INFO - Evaluating on test set...
2025-12-04 16:16:58,764 - rf_experiment - INFO - Saved metrics to results/radioml2018_iqgrid_hrm_dcll_small_20251204_144701/metrics.json
2025-12-04 16:16:58,769 - rf_experiment - INFO - Finished experiment: radioml2018_iqgrid_hrm_dcll_small
2025-12-04 16:16:58,769 - rf_experiment - INFO - Best val metrics: {'loss': 1.553174983678975, 'acc': 0.4032553407934893, 'per_snr_acc': {0: 0.26601387188902487, 10: 0.5397727272727273}}
2025-12-04 16:16:58,769 - rf_experiment - INFO - Test metrics: {'loss': 1.6820124911524785, 'acc': 0.3919853539462978, 'per_snr_acc': {0: 0.2523326572008114, 10: 0.5324357405140759}}
