2026-01-06 14:07:19,218 - rf_experiment - INFO - Starting experiment: project_runs_1_conv2d_.iqgrid_bptt
2026-01-06 14:07:19,219 - rf_experiment - INFO - Run name: project_runs_1_conv2d_.iqgrid_bptt_20260106_140719
2026-01-06 14:07:19,219 - rf_experiment - INFO - Config file: configs/project_runs_1_conv2d_iqgrid_bptt.yaml
2026-01-06 14:07:19,219 - rf_experiment - INFO - Saved resolved config to: results/project_runs_1_conv2d_.iqgrid_bptt_20260106_140719/config.yaml
2026-01-06 14:07:19,219 - rf_experiment - INFO - Run directory: results/project_runs_1_conv2d_.iqgrid_bptt_20260106_140719
2026-01-06 14:07:19,233 - rf_experiment - INFO - Using device: mps
2026-01-06 14:07:19,233 - rf_experiment - INFO - Using device: mps
2026-01-06 14:07:19,233 - rf_experiment - INFO - Torch version: 2.9.0
2026-01-06 14:07:19,233 - rf_experiment - INFO - Dataset config: {'path': 'data/GOLD_XYZ_OSC.0001_1024.hdf5', 'name': 'radioml2018_structured', 'frames_per_combo': 512, 'mods_to_use': [1, 2], 'snrs_to_use': [0, 10, 20, 30], 'train_frac': 0.8, 'val_frac': 0.1, 'test_frac': 0.1, 'shuffle': True, 'num_workers': 0}
2026-01-06 14:07:19,233 - rf_experiment - INFO - Encoding config: {'type': 'iq_grid', 'params': {'grid_size': 16, 'subsample': 4}}
2026-01-06 14:07:19,233 - rf_experiment - INFO - Total logical dataset size: 4096 samples
2026-01-06 14:07:19,233 - rf_experiment - INFO - Num classes (from dataset): 2
2026-01-06 14:07:19,233 - rf_experiment - INFO - Splits: train=3276, val=409, test=411
2026-01-06 14:07:19,234 - rf_experiment - INFO - Full dataset labels: {0: 2048, 1: 2048}
2026-01-06 14:07:19,234 - rf_experiment - INFO - Full dataset SNRs: {0: 1024, 10: 1024, 20: 1024, 30: 1024}
2026-01-06 14:07:19,234 - rf_experiment - INFO - Dataloader: batch_size=64, num_workers=0
2026-01-06 14:07:19,234 - rf_experiment - INFO - Building model: {'type': 'conv2d_snn', 'params': {'input_channels': 1, 'conv_channels': [32, 64], 'kernel_sizes': [3, 3], 'grid_size': 16, 'lif_beta': 0.9, 'dropout': 0.0, 'pool': True, 'num_classes': 2}}
2026-01-06 14:07:19,234 - rf_experiment - INFO - Building model with num_classes=2
2026-01-06 14:07:19,243 - rf_experiment - INFO - Building trainer: {'trainer': 'bptt', 'loss': 'cross_entropy', 'optimizer': 'adam', 'lr': 0.0003, 'batch_size': 64, 'epochs': 5, 'max_time_steps': 256, 'grad_clip': 1.0, 'device': 'mps', 'early_stopping_patience': 5, 'early_stopping_min_delta': 0.01}
2026-01-06 14:07:19,678 - rf_experiment - INFO - Starting training loop...
2026-01-06 14:07:19,678 - rf_experiment - INFO - [epoch 1/5] training...
2026-01-06 14:07:47,090 - rf_experiment - INFO - Epoch 1 [50/52] loss=1.2802[epoch 1] lr=0.000300
2026-01-06 14:07:47,942 - rf_experiment - INFO - [epoch 1] train_loss=1.0269, train_acc=0.5159
2026-01-06 14:07:49,006 - rf_experiment - INFO - [epoch 1] val_loss=1.1540, val_acc=0.5550
2026-01-06 14:07:49,007 - rf_experiment - INFO - [epoch 1] new best val_acc=0.5550
2026-01-06 14:07:49,007 - rf_experiment - INFO - [epoch 2/5] training...
2026-01-06 14:08:16,961 - rf_experiment - INFO - Epoch 2 [50/52] loss=0.7427[epoch 2] lr=0.000300
2026-01-06 14:08:17,771 - rf_experiment - INFO - [epoch 2] train_loss=1.0303, train_acc=0.5330
2026-01-06 14:08:18,762 - rf_experiment - INFO - [epoch 2] val_loss=0.7946, val_acc=0.5183
2026-01-06 14:08:18,762 - rf_experiment - INFO - [epoch 2] no improvement in val_acc (streak=1)
2026-01-06 14:08:18,762 - rf_experiment - INFO - [epoch 3/5] training...
2026-01-06 14:08:46,986 - rf_experiment - INFO - Epoch 3 [50/52] loss=0.7468[epoch 3] lr=0.000300
2026-01-06 14:08:47,820 - rf_experiment - INFO - [epoch 3] train_loss=0.7344, train_acc=0.5809
2026-01-06 14:08:48,941 - rf_experiment - INFO - [epoch 3] val_loss=1.0949, val_acc=0.5257
2026-01-06 14:08:48,941 - rf_experiment - INFO - [epoch 3] no improvement in val_acc (streak=2)
2026-01-06 14:08:48,941 - rf_experiment - INFO - [epoch 4/5] training...
2026-01-06 14:09:17,270 - rf_experiment - INFO - Epoch 4 [50/52] loss=0.6771[epoch 4] lr=0.000300
2026-01-06 14:09:18,077 - rf_experiment - INFO - [epoch 4] train_loss=0.7868, train_acc=0.5693
2026-01-06 14:09:19,073 - rf_experiment - INFO - [epoch 4] val_loss=0.8169, val_acc=0.5526
2026-01-06 14:09:19,073 - rf_experiment - INFO - [epoch 4] no improvement in val_acc (streak=3)
2026-01-06 14:09:19,073 - rf_experiment - INFO - [epoch 5/5] training...
2026-01-06 14:09:47,025 - rf_experiment - INFO - Epoch 5 [50/52] loss=1.1528[epoch 5] lr=0.000300
2026-01-06 14:09:47,827 - rf_experiment - INFO - [epoch 5] train_loss=0.9581, train_acc=0.5443
2026-01-06 14:09:48,879 - rf_experiment - INFO - [epoch 5] val_loss=1.1898, val_acc=0.5232
2026-01-06 14:09:48,879 - rf_experiment - INFO - [epoch 5] no improvement in val_acc (streak=4)
2026-01-06 14:09:48,879 - rf_experiment - INFO - Evaluating on test set with best-val checkpoint...
