2026-01-06 20:41:12,789 - rf_experiment - INFO - Starting experiment: project_runs_1_conv2d_.iqgrid_bptt
2026-01-06 20:41:12,789 - rf_experiment - INFO - Run name: project_runs_1_conv2d_.iqgrid_bptt_20260106_204112
2026-01-06 20:41:12,789 - rf_experiment - INFO - Config file: configs/project_runs_1_conv2d_iqgrid_bptt.yaml
2026-01-06 20:41:12,789 - rf_experiment - INFO - Saved resolved config to: results/project_runs_1_conv2d_.iqgrid_bptt_20260106_204112/config.yaml
2026-01-06 20:41:12,789 - rf_experiment - INFO - Run directory: results/project_runs_1_conv2d_.iqgrid_bptt_20260106_204112
2026-01-06 20:41:12,805 - rf_experiment - INFO - Using device: mps
2026-01-06 20:41:12,805 - rf_experiment - INFO - Using device: mps
2026-01-06 20:41:12,805 - rf_experiment - INFO - Torch version: 2.9.0
2026-01-06 20:41:12,805 - rf_experiment - INFO - Dataset config: {'path': 'data/GOLD_XYZ_OSC.0001_1024.hdf5', 'name': 'radioml2018_structured', 'frames_per_combo': 512, 'mods_to_use': [0, 1, 2, 3, 4, 5], 'snrs_to_use': [-20, -10, 0, 10, 20, 30], 'train_frac': 0.8, 'val_frac': 0.1, 'test_frac': 0.1, 'shuffle': True, 'num_workers': 0}
2026-01-06 20:41:12,805 - rf_experiment - INFO - Encoding config: {'type': 'iq_grid', 'params': {'grid_size': 16, 'subsample': 4}}
2026-01-06 20:41:12,805 - rf_experiment - INFO - Total logical dataset size: 18432 samples
2026-01-06 20:41:12,805 - rf_experiment - INFO - Num classes (from dataset): 6
2026-01-06 20:41:12,805 - rf_experiment - INFO - Splits: train=14745, val=1843, test=1844
2026-01-06 20:41:12,809 - rf_experiment - INFO - Full dataset labels: {0: 3072, 1: 3072, 2: 3072, 3: 3072, 4: 3072, 5: 3072}
2026-01-06 20:41:12,809 - rf_experiment - INFO - Full dataset SNRs: {-20: 3072, -10: 3072, 0: 3072, 10: 3072, 20: 3072, 30: 3072}
2026-01-06 20:41:12,809 - rf_experiment - INFO - Dataloader: batch_size=64, num_workers=0
2026-01-06 20:41:12,809 - rf_experiment - INFO - Building model: {'type': 'conv2d_snn', 'params': {'input_channels': 1, 'conv_channels': [64, 128], 'kernel_sizes': [3, 3], 'grid_size': 16, 'lif_beta': 0.9, 'dropout': 0.0, 'pool': True, 'num_classes': 6}}
2026-01-06 20:41:12,809 - rf_experiment - INFO - Building model with num_classes=6
2026-01-06 20:41:12,831 - rf_experiment - INFO - Building trainer: {'trainer': 'bptt', 'loss': 'cross_entropy', 'optimizer': 'adam', 'lr': 0.0003, 'lr_scheduler': {'type': 'step', 'step_size': 5, 'gamma': 0.5}, 'batch_size': 64, 'epochs': 50, 'max_time_steps': 256, 'grad_clip': 1.0, 'device': 'mps', 'early_stopping_patience': 8, 'early_stopping_min_delta': 0.005}
2026-01-06 20:41:13,356 - rf_experiment - INFO - Starting training loop...
2026-01-06 20:41:13,357 - rf_experiment - INFO - [epoch 1/50] training...
2026-01-06 20:41:47,816 - rf_experiment - INFO - Epoch 1 [50/231] loss=3.1515[epoch 1] lr=0.000300
2026-01-06 20:42:21,096 - rf_experiment - INFO - Epoch 1 [100/231] loss=1.9176[epoch 1] lr=0.000300
2026-01-06 20:42:54,314 - rf_experiment - INFO - Epoch 1 [150/231] loss=1.8502[epoch 1] lr=0.000300
2026-01-06 20:43:27,490 - rf_experiment - INFO - Epoch 1 [200/231] loss=1.7171[epoch 1] lr=0.000300
2026-01-06 20:43:47,887 - rf_experiment - INFO - [epoch 1] train_loss=3.4093, train_acc=0.2362
2026-01-06 20:43:53,485 - rf_experiment - INFO - [epoch 1] val_loss=1.8721, val_acc=0.3332
2026-01-06 20:43:53,485 - rf_experiment - INFO - [epoch 1] new best val_acc=0.3332
2026-01-06 20:43:53,485 - rf_experiment - INFO - [epoch 2/50] training...
2026-01-06 20:44:26,356 - rf_experiment - INFO - Epoch 2 [50/231] loss=1.5865[epoch 2] lr=0.000300
2026-01-06 20:44:59,055 - rf_experiment - INFO - Epoch 2 [100/231] loss=1.8312[epoch 2] lr=0.000300
2026-01-06 20:45:31,763 - rf_experiment - INFO - Epoch 2 [150/231] loss=1.7585[epoch 2] lr=0.000300
2026-01-06 20:46:04,586 - rf_experiment - INFO - Epoch 2 [200/231] loss=1.4595[epoch 2] lr=0.000300
2026-01-06 20:46:24,574 - rf_experiment - INFO - [epoch 2] train_loss=1.7246, train_acc=0.3196
2026-01-06 20:46:29,582 - rf_experiment - INFO - [epoch 2] val_loss=1.7429, val_acc=0.3451
2026-01-06 20:46:29,582 - rf_experiment - INFO - [epoch 2] new best val_acc=0.3451
2026-01-06 20:46:29,582 - rf_experiment - INFO - [epoch 3/50] training...
2026-01-06 20:47:02,386 - rf_experiment - INFO - Epoch 3 [50/231] loss=1.4402[epoch 3] lr=0.000300
2026-01-06 20:47:35,124 - rf_experiment - INFO - Epoch 3 [100/231] loss=1.2410[epoch 3] lr=0.000300
2026-01-06 20:48:07,919 - rf_experiment - INFO - Epoch 3 [150/231] loss=1.5085[epoch 3] lr=0.000300
2026-01-06 20:48:40,640 - rf_experiment - INFO - Epoch 3 [200/231] loss=1.2234[epoch 3] lr=0.000300
2026-01-06 20:49:00,670 - rf_experiment - INFO - [epoch 3] train_loss=1.5475, train_acc=0.3777
2026-01-06 20:49:05,758 - rf_experiment - INFO - [epoch 3] val_loss=1.5606, val_acc=0.3261
2026-01-06 20:49:05,759 - rf_experiment - INFO - [epoch 3] no improvement in val_acc (streak=1)
2026-01-06 20:49:05,759 - rf_experiment - INFO - [epoch 4/50] training...
2026-01-06 20:49:38,510 - rf_experiment - INFO - Epoch 4 [50/231] loss=1.3484[epoch 4] lr=0.000300
2026-01-06 20:50:11,283 - rf_experiment - INFO - Epoch 4 [100/231] loss=1.6234[epoch 4] lr=0.000300
2026-01-06 20:50:44,105 - rf_experiment - INFO - Epoch 4 [150/231] loss=1.2223[epoch 4] lr=0.000300
2026-01-06 20:51:16,925 - rf_experiment - INFO - Epoch 4 [200/231] loss=1.2334[epoch 4] lr=0.000300
2026-01-06 20:51:36,996 - rf_experiment - INFO - [epoch 4] train_loss=1.4209, train_acc=0.4149
2026-01-06 20:51:42,121 - rf_experiment - INFO - [epoch 4] val_loss=1.3902, val_acc=0.4308
2026-01-06 20:51:42,121 - rf_experiment - INFO - [epoch 4] new best val_acc=0.4308
2026-01-06 20:51:42,121 - rf_experiment - INFO - [epoch 5/50] training...
2026-01-06 20:52:15,322 - rf_experiment - INFO - Epoch 5 [50/231] loss=1.4432[epoch 5] lr=0.000300
2026-01-06 20:52:48,744 - rf_experiment - INFO - Epoch 5 [100/231] loss=1.5592[epoch 5] lr=0.000300
2026-01-06 20:53:21,941 - rf_experiment - INFO - Epoch 5 [150/231] loss=1.3061[epoch 5] lr=0.000300
2026-01-06 20:53:54,987 - rf_experiment - INFO - Epoch 5 [200/231] loss=1.3506[epoch 5] lr=0.000300
2026-01-06 20:54:15,207 - rf_experiment - INFO - [epoch 5] train_loss=1.3579, train_acc=0.4398
2026-01-06 20:54:20,509 - rf_experiment - INFO - [epoch 5] val_loss=1.4237, val_acc=0.3668
2026-01-06 20:54:20,509 - rf_experiment - INFO - [epoch 5] no improvement in val_acc (streak=1)
2026-01-06 20:54:20,509 - rf_experiment - INFO - [epoch 6/50] training...
2026-01-06 20:54:53,635 - rf_experiment - INFO - Epoch 6 [50/231] loss=1.2409[epoch 6] lr=0.000150
2026-01-06 20:55:26,909 - rf_experiment - INFO - Epoch 6 [100/231] loss=1.1743[epoch 6] lr=0.000150
2026-01-06 20:56:00,171 - rf_experiment - INFO - Epoch 6 [150/231] loss=1.4759[epoch 6] lr=0.000150
2026-01-06 20:56:33,409 - rf_experiment - INFO - Epoch 6 [200/231] loss=1.4114[epoch 6] lr=0.000150
2026-01-06 20:56:53,658 - rf_experiment - INFO - [epoch 6] train_loss=1.2650, train_acc=0.4726
2026-01-06 20:56:58,982 - rf_experiment - INFO - [epoch 6] val_loss=1.3318, val_acc=0.4910
2026-01-06 20:56:58,983 - rf_experiment - INFO - [epoch 6] new best val_acc=0.4910
2026-01-06 20:56:58,983 - rf_experiment - INFO - [epoch 7/50] training...
2026-01-06 20:57:32,292 - rf_experiment - INFO - Epoch 7 [50/231] loss=1.2270[epoch 7] lr=0.000150
2026-01-06 20:58:05,462 - rf_experiment - INFO - Epoch 7 [100/231] loss=1.1557[epoch 7] lr=0.000150
2026-01-06 20:58:38,664 - rf_experiment - INFO - Epoch 7 [150/231] loss=1.1375[epoch 7] lr=0.000150
2026-01-06 20:59:11,673 - rf_experiment - INFO - Epoch 7 [200/231] loss=1.0767[epoch 7] lr=0.000150
2026-01-06 20:59:31,994 - rf_experiment - INFO - [epoch 7] train_loss=1.2362, train_acc=0.4840
2026-01-06 20:59:37,280 - rf_experiment - INFO - [epoch 7] val_loss=1.2732, val_acc=0.4845
2026-01-06 20:59:37,280 - rf_experiment - INFO - [epoch 7] no improvement in val_acc (streak=1)
2026-01-06 20:59:37,280 - rf_experiment - INFO - [epoch 8/50] training...
2026-01-06 21:00:10,430 - rf_experiment - INFO - Epoch 8 [50/231] loss=1.1590[epoch 8] lr=0.000150
2026-01-06 21:00:43,550 - rf_experiment - INFO - Epoch 8 [100/231] loss=1.1684[epoch 8] lr=0.000150
2026-01-06 21:01:16,793 - rf_experiment - INFO - Epoch 8 [150/231] loss=1.2582[epoch 8] lr=0.000150
2026-01-06 21:01:50,031 - rf_experiment - INFO - Epoch 8 [200/231] loss=1.1622[epoch 8] lr=0.000150
2026-01-06 21:02:10,255 - rf_experiment - INFO - [epoch 8] train_loss=1.2159, train_acc=0.4920
2026-01-06 21:02:15,630 - rf_experiment - INFO - [epoch 8] val_loss=1.3012, val_acc=0.4135
2026-01-06 21:02:15,630 - rf_experiment - INFO - [epoch 8] no improvement in val_acc (streak=2)
2026-01-06 21:02:15,630 - rf_experiment - INFO - [epoch 9/50] training...
2026-01-06 21:02:48,703 - rf_experiment - INFO - Epoch 9 [50/231] loss=0.9562[epoch 9] lr=0.000150
2026-01-06 21:03:21,657 - rf_experiment - INFO - Epoch 9 [100/231] loss=1.2651[epoch 9] lr=0.000150
2026-01-06 21:03:54,712 - rf_experiment - INFO - Epoch 9 [150/231] loss=1.2311[epoch 9] lr=0.000150
2026-01-06 21:04:27,990 - rf_experiment - INFO - Epoch 9 [200/231] loss=1.2492[epoch 9] lr=0.000150
2026-01-06 21:04:48,094 - rf_experiment - INFO - [epoch 9] train_loss=1.2023, train_acc=0.4967
2026-01-06 21:04:53,552 - rf_experiment - INFO - [epoch 9] val_loss=1.2603, val_acc=0.4579
2026-01-06 21:04:53,553 - rf_experiment - INFO - [epoch 9] no improvement in val_acc (streak=3)
2026-01-06 21:04:53,553 - rf_experiment - INFO - [epoch 10/50] training...
2026-01-06 21:05:26,598 - rf_experiment - INFO - Epoch 10 [50/231] loss=1.0173[epoch 10] lr=0.000150
2026-01-06 21:05:59,661 - rf_experiment - INFO - Epoch 10 [100/231] loss=1.2274[epoch 10] lr=0.000150
2026-01-06 21:06:32,646 - rf_experiment - INFO - Epoch 10 [150/231] loss=1.3190[epoch 10] lr=0.000150
2026-01-06 21:07:05,698 - rf_experiment - INFO - Epoch 10 [200/231] loss=1.4679[epoch 10] lr=0.000150
2026-01-06 21:07:26,004 - rf_experiment - INFO - [epoch 10] train_loss=1.1807, train_acc=0.5110
2026-01-06 21:07:31,198 - rf_experiment - INFO - [epoch 10] val_loss=1.1660, val_acc=0.5052
2026-01-06 21:07:31,198 - rf_experiment - INFO - [epoch 10] new best val_acc=0.5052
2026-01-06 21:07:31,198 - rf_experiment - INFO - [epoch 11/50] training...
2026-01-06 21:08:04,167 - rf_experiment - INFO - Epoch 11 [50/231] loss=1.0921[epoch 11] lr=0.000075
2026-01-06 21:08:37,312 - rf_experiment - INFO - Epoch 11 [100/231] loss=1.1890[epoch 11] lr=0.000075
2026-01-06 21:09:10,444 - rf_experiment - INFO - Epoch 11 [150/231] loss=0.9693[epoch 11] lr=0.000075
2026-01-06 21:09:43,536 - rf_experiment - INFO - Epoch 11 [200/231] loss=1.2108[epoch 11] lr=0.000075
2026-01-06 21:10:03,838 - rf_experiment - INFO - [epoch 11] train_loss=1.1361, train_acc=0.5252
2026-01-06 21:10:09,329 - rf_experiment - INFO - [epoch 11] val_loss=1.1257, val_acc=0.5328
2026-01-06 21:10:09,329 - rf_experiment - INFO - [epoch 11] new best val_acc=0.5328
2026-01-06 21:10:09,329 - rf_experiment - INFO - [epoch 12/50] training...
2026-01-06 21:10:42,716 - rf_experiment - INFO - Epoch 12 [50/231] loss=1.2317[epoch 12] lr=0.000075
2026-01-06 21:11:16,089 - rf_experiment - INFO - Epoch 12 [100/231] loss=1.3115[epoch 12] lr=0.000075
2026-01-06 21:11:49,396 - rf_experiment - INFO - Epoch 12 [150/231] loss=1.0060[epoch 12] lr=0.000075
2026-01-06 21:12:22,601 - rf_experiment - INFO - Epoch 12 [200/231] loss=1.1530[epoch 12] lr=0.000075
2026-01-06 21:12:43,015 - rf_experiment - INFO - [epoch 12] train_loss=1.1331, train_acc=0.5353
2026-01-06 21:12:48,300 - rf_experiment - INFO - [epoch 12] val_loss=1.1206, val_acc=0.5345
2026-01-06 21:12:48,300 - rf_experiment - INFO - [epoch 12] no improvement in val_acc (streak=1)
2026-01-06 21:12:48,300 - rf_experiment - INFO - [epoch 13/50] training...
2026-01-06 21:13:21,475 - rf_experiment - INFO - Epoch 13 [50/231] loss=1.0288[epoch 13] lr=0.000075
2026-01-06 21:13:54,766 - rf_experiment - INFO - Epoch 13 [100/231] loss=1.1952[epoch 13] lr=0.000075
2026-01-06 21:14:27,874 - rf_experiment - INFO - Epoch 13 [150/231] loss=1.1391[epoch 13] lr=0.000075
2026-01-06 21:15:01,093 - rf_experiment - INFO - Epoch 13 [200/231] loss=1.1751[epoch 13] lr=0.000075
2026-01-06 21:15:21,400 - rf_experiment - INFO - [epoch 13] train_loss=1.1230, train_acc=0.5297
2026-01-06 21:15:26,890 - rf_experiment - INFO - [epoch 13] val_loss=1.1063, val_acc=0.5410
2026-01-06 21:15:26,890 - rf_experiment - INFO - [epoch 13] new best val_acc=0.5410
2026-01-06 21:15:26,890 - rf_experiment - INFO - [epoch 14/50] training...
2026-01-06 21:16:00,199 - rf_experiment - INFO - Epoch 14 [50/231] loss=1.0771[epoch 14] lr=0.000075
2026-01-06 21:16:33,475 - rf_experiment - INFO - Epoch 14 [100/231] loss=1.1854[epoch 14] lr=0.000075
2026-01-06 21:17:06,614 - rf_experiment - INFO - Epoch 14 [150/231] loss=1.1925[epoch 14] lr=0.000075
2026-01-06 21:17:39,644 - rf_experiment - INFO - Epoch 14 [200/231] loss=1.1881[epoch 14] lr=0.000075
2026-01-06 21:17:59,958 - rf_experiment - INFO - [epoch 14] train_loss=1.1173, train_acc=0.5388
2026-01-06 21:18:05,556 - rf_experiment - INFO - [epoch 14] val_loss=1.1216, val_acc=0.5480
2026-01-06 21:18:05,556 - rf_experiment - INFO - [epoch 14] new best val_acc=0.5480
2026-01-06 21:18:05,556 - rf_experiment - INFO - [epoch 15/50] training...
2026-01-06 21:18:39,112 - rf_experiment - INFO - Epoch 15 [50/231] loss=1.0942[epoch 15] lr=0.000075
2026-01-06 21:19:12,494 - rf_experiment - INFO - Epoch 15 [100/231] loss=1.2412[epoch 15] lr=0.000075
2026-01-06 21:19:45,636 - rf_experiment - INFO - Epoch 15 [150/231] loss=1.1213[epoch 15] lr=0.000075
2026-01-06 21:20:18,821 - rf_experiment - INFO - Epoch 15 [200/231] loss=1.2967[epoch 15] lr=0.000075
2026-01-06 21:20:39,266 - rf_experiment - INFO - [epoch 15] train_loss=1.1175, train_acc=0.5372
2026-01-06 21:20:44,546 - rf_experiment - INFO - [epoch 15] val_loss=1.1514, val_acc=0.5339
2026-01-06 21:20:44,546 - rf_experiment - INFO - [epoch 15] no improvement in val_acc (streak=1)
2026-01-06 21:20:44,546 - rf_experiment - INFO - [epoch 16/50] training...
2026-01-06 21:21:17,743 - rf_experiment - INFO - Epoch 16 [50/231] loss=1.0999[epoch 16] lr=0.000037
2026-01-06 21:21:50,964 - rf_experiment - INFO - Epoch 16 [100/231] loss=0.9211[epoch 16] lr=0.000037
2026-01-06 21:22:24,284 - rf_experiment - INFO - Epoch 16 [150/231] loss=1.2206[epoch 16] lr=0.000037
2026-01-06 21:22:57,388 - rf_experiment - INFO - Epoch 16 [200/231] loss=1.2115[epoch 16] lr=0.000037
2026-01-06 21:23:17,597 - rf_experiment - INFO - [epoch 16] train_loss=1.0947, train_acc=0.5462
2026-01-06 21:23:22,675 - rf_experiment - INFO - [epoch 16] val_loss=1.0823, val_acc=0.5469
2026-01-06 21:23:22,675 - rf_experiment - INFO - [epoch 16] no improvement in val_acc (streak=2)
2026-01-06 21:23:22,675 - rf_experiment - INFO - [epoch 17/50] training...
2026-01-06 21:23:55,568 - rf_experiment - INFO - Epoch 17 [50/231] loss=1.0684[epoch 17] lr=0.000037
2026-01-06 21:24:28,368 - rf_experiment - INFO - Epoch 17 [100/231] loss=1.1697[epoch 17] lr=0.000037
2026-01-06 21:25:00,982 - rf_experiment - INFO - Epoch 17 [150/231] loss=1.1560[epoch 17] lr=0.000037
2026-01-06 21:25:33,671 - rf_experiment - INFO - Epoch 17 [200/231] loss=1.0516[epoch 17] lr=0.000037
2026-01-06 21:25:53,527 - rf_experiment - INFO - [epoch 17] train_loss=1.0879, train_acc=0.5499
2026-01-06 21:25:58,805 - rf_experiment - INFO - [epoch 17] val_loss=1.0865, val_acc=0.5458
2026-01-06 21:25:58,805 - rf_experiment - INFO - [epoch 17] no improvement in val_acc (streak=3)
2026-01-06 21:25:58,805 - rf_experiment - INFO - [epoch 18/50] training...
2026-01-06 21:26:31,622 - rf_experiment - INFO - Epoch 18 [50/231] loss=1.2444[epoch 18] lr=0.000037
2026-01-06 21:27:04,435 - rf_experiment - INFO - Epoch 18 [100/231] loss=1.0408[epoch 18] lr=0.000037
2026-01-06 21:27:37,253 - rf_experiment - INFO - Epoch 18 [150/231] loss=1.1890[epoch 18] lr=0.000037
2026-01-06 21:28:10,001 - rf_experiment - INFO - Epoch 18 [200/231] loss=1.2377[epoch 18] lr=0.000037
2026-01-06 21:28:30,093 - rf_experiment - INFO - [epoch 18] train_loss=1.0881, train_acc=0.5508
2026-01-06 21:28:35,290 - rf_experiment - INFO - [epoch 18] val_loss=1.0892, val_acc=0.5236
2026-01-06 21:28:35,290 - rf_experiment - INFO - [epoch 18] no improvement in val_acc (streak=4)
2026-01-06 21:28:35,290 - rf_experiment - INFO - [epoch 19/50] training...
2026-01-06 21:29:08,040 - rf_experiment - INFO - Epoch 19 [50/231] loss=1.0234[epoch 19] lr=0.000037
2026-01-06 21:29:40,917 - rf_experiment - INFO - Epoch 19 [100/231] loss=1.1702[epoch 19] lr=0.000037
2026-01-06 21:30:13,669 - rf_experiment - INFO - Epoch 19 [150/231] loss=1.1501[epoch 19] lr=0.000037
2026-01-06 21:30:46,522 - rf_experiment - INFO - Epoch 19 [200/231] loss=0.9515[epoch 19] lr=0.000037
2026-01-06 21:31:06,702 - rf_experiment - INFO - [epoch 19] train_loss=1.0815, train_acc=0.5527
2026-01-06 21:31:11,873 - rf_experiment - INFO - [epoch 19] val_loss=1.0981, val_acc=0.5285
2026-01-06 21:31:11,873 - rf_experiment - INFO - [epoch 19] no improvement in val_acc (streak=5)
2026-01-06 21:31:11,873 - rf_experiment - INFO - [epoch 20/50] training...
2026-01-06 21:31:44,578 - rf_experiment - INFO - Epoch 20 [50/231] loss=1.2913[epoch 20] lr=0.000037
2026-01-06 21:32:17,490 - rf_experiment - INFO - Epoch 20 [100/231] loss=1.1196[epoch 20] lr=0.000037
2026-01-06 21:32:50,135 - rf_experiment - INFO - Epoch 20 [150/231] loss=1.1024[epoch 20] lr=0.000037
2026-01-06 21:33:22,917 - rf_experiment - INFO - Epoch 20 [200/231] loss=0.8165[epoch 20] lr=0.000037
2026-01-06 21:33:42,816 - rf_experiment - INFO - [epoch 20] train_loss=1.0875, train_acc=0.5504
2026-01-06 21:33:48,118 - rf_experiment - INFO - [epoch 20] val_loss=1.0858, val_acc=0.5507
2026-01-06 21:33:48,118 - rf_experiment - INFO - [epoch 20] no improvement in val_acc (streak=6)
2026-01-06 21:33:48,118 - rf_experiment - INFO - [epoch 21/50] training...
2026-01-06 21:34:20,671 - rf_experiment - INFO - Epoch 21 [50/231] loss=1.0537[epoch 21] lr=0.000019
2026-01-06 21:34:53,518 - rf_experiment - INFO - Epoch 21 [100/231] loss=1.1179[epoch 21] lr=0.000019
2026-01-06 21:35:26,043 - rf_experiment - INFO - Epoch 21 [150/231] loss=1.2735[epoch 21] lr=0.000019
2026-01-06 21:35:58,980 - rf_experiment - INFO - Epoch 21 [200/231] loss=1.0401[epoch 21] lr=0.000019
2026-01-06 21:36:19,044 - rf_experiment - INFO - [epoch 21] train_loss=1.0714, train_acc=0.5591
2026-01-06 21:36:24,471 - rf_experiment - INFO - [epoch 21] val_loss=1.0889, val_acc=0.5383
2026-01-06 21:36:24,471 - rf_experiment - INFO - [epoch 21] no improvement in val_acc (streak=7)
2026-01-06 21:36:24,471 - rf_experiment - INFO - [epoch 22/50] training...
2026-01-06 21:36:57,087 - rf_experiment - INFO - Epoch 22 [50/231] loss=0.9329[epoch 22] lr=0.000019
2026-01-06 21:37:29,845 - rf_experiment - INFO - Epoch 22 [100/231] loss=1.0002[epoch 22] lr=0.000019
2026-01-06 21:38:02,779 - rf_experiment - INFO - Epoch 22 [150/231] loss=1.0538[epoch 22] lr=0.000019
2026-01-06 21:38:35,576 - rf_experiment - INFO - Epoch 22 [200/231] loss=1.2097[epoch 22] lr=0.000019
2026-01-06 21:38:55,687 - rf_experiment - INFO - [epoch 22] train_loss=1.0731, train_acc=0.5569
2026-01-06 21:39:01,309 - rf_experiment - INFO - [epoch 22] val_loss=1.0715, val_acc=0.5583
2026-01-06 21:39:01,310 - rf_experiment - INFO - [epoch 22] new best val_acc=0.5583
2026-01-06 21:39:01,310 - rf_experiment - INFO - [epoch 23/50] training...
2026-01-06 21:39:34,082 - rf_experiment - INFO - Epoch 23 [50/231] loss=1.0468[epoch 23] lr=0.000019
2026-01-06 21:40:06,983 - rf_experiment - INFO - Epoch 23 [100/231] loss=0.8510[epoch 23] lr=0.000019
2026-01-06 21:40:39,858 - rf_experiment - INFO - Epoch 23 [150/231] loss=1.0758[epoch 23] lr=0.000019
2026-01-06 21:41:12,857 - rf_experiment - INFO - Epoch 23 [200/231] loss=1.0244[epoch 23] lr=0.000019
2026-01-06 21:41:32,964 - rf_experiment - INFO - [epoch 23] train_loss=1.0674, train_acc=0.5635
2026-01-06 21:41:38,393 - rf_experiment - INFO - [epoch 23] val_loss=1.0687, val_acc=0.5659
2026-01-06 21:41:38,394 - rf_experiment - INFO - [epoch 23] new best val_acc=0.5659
2026-01-06 21:41:38,394 - rf_experiment - INFO - [epoch 24/50] training...
2026-01-06 21:42:11,413 - rf_experiment - INFO - Epoch 24 [50/231] loss=1.2824[epoch 24] lr=0.000019
2026-01-06 21:42:44,524 - rf_experiment - INFO - Epoch 24 [100/231] loss=1.2133[epoch 24] lr=0.000019
2026-01-06 21:43:17,519 - rf_experiment - INFO - Epoch 24 [150/231] loss=1.2629[epoch 24] lr=0.000019
2026-01-06 21:43:50,626 - rf_experiment - INFO - Epoch 24 [200/231] loss=0.9914[epoch 24] lr=0.000019
2026-01-06 21:44:10,673 - rf_experiment - INFO - [epoch 24] train_loss=1.0673, train_acc=0.5601
2026-01-06 21:44:15,732 - rf_experiment - INFO - [epoch 24] val_loss=1.0741, val_acc=0.5524
2026-01-06 21:44:15,732 - rf_experiment - INFO - [epoch 24] no improvement in val_acc (streak=1)
2026-01-06 21:44:15,732 - rf_experiment - INFO - [epoch 25/50] training...
2026-01-06 21:44:48,190 - rf_experiment - INFO - Epoch 25 [50/231] loss=1.2530[epoch 25] lr=0.000019
2026-01-06 21:45:20,964 - rf_experiment - INFO - Epoch 25 [100/231] loss=0.9801[epoch 25] lr=0.000019
2026-01-06 21:45:53,601 - rf_experiment - INFO - Epoch 25 [150/231] loss=1.0442[epoch 25] lr=0.000019
2026-01-06 21:46:26,193 - rf_experiment - INFO - Epoch 25 [200/231] loss=0.9068[epoch 25] lr=0.000019
2026-01-06 21:46:46,324 - rf_experiment - INFO - [epoch 25] train_loss=1.0676, train_acc=0.5601
2026-01-06 21:46:51,766 - rf_experiment - INFO - [epoch 25] val_loss=1.0675, val_acc=0.5600
2026-01-06 21:46:51,766 - rf_experiment - INFO - [epoch 25] no improvement in val_acc (streak=2)
2026-01-06 21:46:51,766 - rf_experiment - INFO - [epoch 26/50] training...
2026-01-06 21:47:24,522 - rf_experiment - INFO - Epoch 26 [50/231] loss=0.9280[epoch 26] lr=0.000009
2026-01-06 21:47:57,059 - rf_experiment - INFO - Epoch 26 [100/231] loss=0.8492[epoch 26] lr=0.000009
2026-01-06 21:48:30,457 - rf_experiment - INFO - Epoch 26 [150/231] loss=0.9610[epoch 26] lr=0.000009
2026-01-06 21:49:03,602 - rf_experiment - INFO - Epoch 26 [200/231] loss=0.9579[epoch 26] lr=0.000009
2026-01-06 21:49:23,822 - rf_experiment - INFO - [epoch 26] train_loss=1.0587, train_acc=0.5620
2026-01-06 21:49:29,142 - rf_experiment - INFO - [epoch 26] val_loss=1.0675, val_acc=0.5600
2026-01-06 21:49:29,142 - rf_experiment - INFO - [epoch 26] no improvement in val_acc (streak=3)
2026-01-06 21:49:29,142 - rf_experiment - INFO - [epoch 27/50] training...
2026-01-06 21:50:02,431 - rf_experiment - INFO - Epoch 27 [50/231] loss=0.9188[epoch 27] lr=0.000009
2026-01-06 21:50:35,672 - rf_experiment - INFO - Epoch 27 [100/231] loss=1.0699[epoch 27] lr=0.000009
2026-01-06 21:51:08,887 - rf_experiment - INFO - Epoch 27 [150/231] loss=1.0622[epoch 27] lr=0.000009
2026-01-06 21:51:41,982 - rf_experiment - INFO - Epoch 27 [200/231] loss=1.0824[epoch 27] lr=0.000009
2026-01-06 21:52:02,415 - rf_experiment - INFO - [epoch 27] train_loss=1.0569, train_acc=0.5634
2026-01-06 21:52:07,686 - rf_experiment - INFO - [epoch 27] val_loss=1.0681, val_acc=0.5627
2026-01-06 21:52:07,686 - rf_experiment - INFO - [epoch 27] no improvement in val_acc (streak=4)
2026-01-06 21:52:07,686 - rf_experiment - INFO - [epoch 28/50] training...
2026-01-06 21:52:40,686 - rf_experiment - INFO - Epoch 28 [50/231] loss=0.9588[epoch 28] lr=0.000009
2026-01-06 21:53:14,342 - rf_experiment - INFO - Epoch 28 [100/231] loss=1.1497[epoch 28] lr=0.000009
2026-01-06 21:53:47,785 - rf_experiment - INFO - Epoch 28 [150/231] loss=1.0732[epoch 28] lr=0.000009
2026-01-06 21:54:21,034 - rf_experiment - INFO - Epoch 28 [200/231] loss=1.1049[epoch 28] lr=0.000009
2026-01-06 21:54:41,295 - rf_experiment - INFO - [epoch 28] train_loss=1.0599, train_acc=0.5636
2026-01-06 21:54:46,440 - rf_experiment - INFO - [epoch 28] val_loss=1.0674, val_acc=0.5665
2026-01-06 21:54:46,440 - rf_experiment - INFO - [epoch 28] no improvement in val_acc (streak=5)
2026-01-06 21:54:46,440 - rf_experiment - INFO - [epoch 29/50] training...
2026-01-06 21:55:19,643 - rf_experiment - INFO - Epoch 29 [50/231] loss=1.1245[epoch 29] lr=0.000009
2026-01-06 21:55:52,804 - rf_experiment - INFO - Epoch 29 [100/231] loss=0.9185[epoch 29] lr=0.000009
2026-01-06 21:56:26,160 - rf_experiment - INFO - Epoch 29 [150/231] loss=1.0282[epoch 29] lr=0.000009
2026-01-06 21:56:59,467 - rf_experiment - INFO - Epoch 29 [200/231] loss=0.8886[epoch 29] lr=0.000009
2026-01-06 21:57:19,781 - rf_experiment - INFO - [epoch 29] train_loss=1.0560, train_acc=0.5647
2026-01-06 21:57:25,207 - rf_experiment - INFO - [epoch 29] val_loss=1.0616, val_acc=0.5529
2026-01-06 21:57:25,207 - rf_experiment - INFO - [epoch 29] no improvement in val_acc (streak=6)
2026-01-06 21:57:25,207 - rf_experiment - INFO - [epoch 30/50] training...
2026-01-06 21:57:58,520 - rf_experiment - INFO - Epoch 30 [50/231] loss=1.0482[epoch 30] lr=0.000009
2026-01-06 21:58:31,625 - rf_experiment - INFO - Epoch 30 [100/231] loss=1.0836[epoch 30] lr=0.000009
2026-01-06 21:59:04,809 - rf_experiment - INFO - Epoch 30 [150/231] loss=1.2396[epoch 30] lr=0.000009
2026-01-06 21:59:37,916 - rf_experiment - INFO - Epoch 30 [200/231] loss=1.0543[epoch 30] lr=0.000009
2026-01-06 21:59:58,305 - rf_experiment - INFO - [epoch 30] train_loss=1.0572, train_acc=0.5655
2026-01-06 22:00:03,916 - rf_experiment - INFO - [epoch 30] val_loss=1.0641, val_acc=0.5621
2026-01-06 22:00:03,916 - rf_experiment - INFO - [epoch 30] no improvement in val_acc (streak=7)
2026-01-06 22:00:03,916 - rf_experiment - INFO - [epoch 31/50] training...
2026-01-06 22:00:36,944 - rf_experiment - INFO - Epoch 31 [50/231] loss=1.1732[epoch 31] lr=0.000005
2026-01-06 22:01:10,089 - rf_experiment - INFO - Epoch 31 [100/231] loss=1.1072[epoch 31] lr=0.000005
2026-01-06 22:01:43,256 - rf_experiment - INFO - Epoch 31 [150/231] loss=1.0208[epoch 31] lr=0.000005
2026-01-06 22:02:16,429 - rf_experiment - INFO - Epoch 31 [200/231] loss=1.1536[epoch 31] lr=0.000005
2026-01-06 22:02:36,754 - rf_experiment - INFO - [epoch 31] train_loss=1.0555, train_acc=0.5653
2026-01-06 22:02:41,842 - rf_experiment - INFO - [epoch 31] val_loss=1.0540, val_acc=0.5648
2026-01-06 22:02:41,842 - rf_experiment - INFO - [epoch 31] no improvement in val_acc (streak=8)
2026-01-06 22:02:41,842 - rf_experiment - INFO - [epoch 31] early stopping triggered (patience=8)
2026-01-06 22:02:41,842 - rf_experiment - INFO - Evaluating on test set with best-val checkpoint...
2026-01-06 22:02:47,083 - rf_experiment - INFO - Saved test predictions to results/project_runs_1_conv2d_.iqgrid_bptt_20260106_204112/test_predictions_test_final.npz
2026-01-06 22:02:47,313 - rf_experiment - INFO - Saved confusion matrix to results/project_runs_1_conv2d_.iqgrid_bptt_20260106_204112/confusion_matrix.png
2026-01-06 22:02:47,314 - rf_experiment - INFO - Saved metrics to results/project_runs_1_conv2d_.iqgrid_bptt_20260106_204112/metrics.json
2026-01-06 22:02:47,314 - rf_experiment - INFO - Finished experiment: project_runs_1_conv2d_.iqgrid_bptt
2026-01-06 22:02:47,314 - rf_experiment - INFO - Best val metrics: {'loss': 1.068741743032918, 'acc': 0.5659251220835594, 'latency_ms_per_sample': 2.624757121869414, 'energy_j_per_sample': 0.3937135682804121, 'per_snr_acc': {20: 0.8300653594771242, 10: 0.8848684210526315, -20: 0.16981132075471697, 30: 0.8710691823899371, -10: 0.17132867132867133, 0: 0.45016077170418006}, 'per_snr_loss': {20: 0.46331769456779526, 10: 0.3974129148853918, -20: 1.9664551833140775, 30: 0.3994532963766207, -10: 1.956205145045594, 0: 1.270960516700599}, 'epoch': 23}
2026-01-06 22:02:47,314 - rf_experiment - INFO - Test metrics: {'loss': 1.0791154890412105, 'acc': 0.559652928416486, 'latency_ms_per_sample': 2.482010914495623, 'energy_j_per_sample': 0.37230163717434345, 'per_snr_acc': {0: 0.47896440129449835, 10: 0.8666666666666667, -20: 0.18360655737704917, -10: 0.15476190476190477, 20: 0.8782894736842105, 30: 0.8581818181818182}, 'per_snr_loss': {0: 1.2856334307047155, 10: 0.4326383162252901, -20: 1.9198736694992566, -10: 1.9225776647882802, 20: 0.38475042073083676, 30: 0.3921290383890102}}
2026-01-06 22:02:47,314 - rf_experiment - INFO - Finished experiment: project_runs_1_conv2d_.iqgrid_bptt
2026-01-06 22:02:47,314 - rf_experiment - INFO - Best val metrics: {'loss': 1.068741743032918, 'acc': 0.5659251220835594, 'latency_ms_per_sample': 2.624757121869414, 'energy_j_per_sample': 0.3937135682804121, 'per_snr_acc': {20: 0.8300653594771242, 10: 0.8848684210526315, -20: 0.16981132075471697, 30: 0.8710691823899371, -10: 0.17132867132867133, 0: 0.45016077170418006}, 'per_snr_loss': {20: 0.46331769456779526, 10: 0.3974129148853918, -20: 1.9664551833140775, 30: 0.3994532963766207, -10: 1.956205145045594, 0: 1.270960516700599}, 'epoch': 23}
2026-01-06 22:02:47,314 - rf_experiment - INFO - Test metrics: {'loss': 1.0791154890412105, 'acc': 0.559652928416486, 'latency_ms_per_sample': 2.482010914495623, 'energy_j_per_sample': 0.37230163717434345, 'per_snr_acc': {0: 0.47896440129449835, 10: 0.8666666666666667, -20: 0.18360655737704917, -10: 0.15476190476190477, 20: 0.8782894736842105, 30: 0.8581818181818182}, 'per_snr_loss': {0: 1.2856334307047155, 10: 0.4326383162252901, -20: 1.9198736694992566, -10: 1.9225776647882802, 20: 0.38475042073083676, 30: 0.3921290383890102}}
