2026-01-06 13:44:22,790 - rf_experiment - INFO - Starting experiment: project_runs_1_conv2d_.iqgrid_bptt
2026-01-06 13:44:22,790 - rf_experiment - INFO - Run name: project_runs_1_conv2d_.iqgrid_bptt_20260106_134422
2026-01-06 13:44:22,790 - rf_experiment - INFO - Config file: configs/project_runs_1_conv2d_iqgrid_bptt.yaml
2026-01-06 13:44:22,790 - rf_experiment - INFO - Saved resolved config to: results/project_runs_1_conv2d_.iqgrid_bptt_20260106_134422/config.yaml
2026-01-06 13:44:22,790 - rf_experiment - INFO - Run directory: results/project_runs_1_conv2d_.iqgrid_bptt_20260106_134422
2026-01-06 13:44:22,825 - rf_experiment - INFO - Using device: mps
2026-01-06 13:44:22,825 - rf_experiment - INFO - Using device: mps
2026-01-06 13:44:22,825 - rf_experiment - INFO - Torch version: 2.9.0
2026-01-06 13:44:22,825 - rf_experiment - INFO - Dataset config: {'path': 'data/GOLD_XYZ_OSC.0001_1024.hdf5', 'name': 'radioml2018_structured', 'frames_per_combo': 512, 'mods_to_use': [1, 2], 'snrs_to_use': [0, 10, 20, 30], 'train_frac': 0.8, 'val_frac': 0.1, 'test_frac': 0.1, 'shuffle': True, 'num_workers': 0}
2026-01-06 13:44:22,825 - rf_experiment - INFO - Encoding config: {'type': 'iq_grid', 'params': {'grid_size': 16, 'subsample': 4}}
2026-01-06 13:44:22,826 - rf_experiment - INFO - Total logical dataset size: 4096 samples
2026-01-06 13:44:22,826 - rf_experiment - INFO - Num classes (from dataset): 2
2026-01-06 13:44:22,826 - rf_experiment - INFO - Splits: train=3276, val=409, test=411
2026-01-06 13:44:22,829 - rf_experiment - INFO - Full dataset labels: {0: 2048, 1: 2048}
2026-01-06 13:44:22,829 - rf_experiment - INFO - Full dataset SNRs: {0: 1024, 10: 1024, 20: 1024, 30: 1024}
2026-01-06 13:44:22,829 - rf_experiment - INFO - Dataloader: batch_size=64, num_workers=0
2026-01-06 13:44:22,829 - rf_experiment - INFO - Building model: {'type': 'conv2d_snn', 'params': {'input_channels': 1, 'conv_channels': [32, 64], 'kernel_sizes': [3, 3], 'grid_size': 16, 'lif_beta': 0.9, 'dropout': 0.0, 'pool': True, 'num_classes': 2}}
2026-01-06 13:44:22,829 - rf_experiment - INFO - Building model with num_classes=2
2026-01-06 13:44:22,850 - rf_experiment - INFO - Building trainer: {'trainer': 'bptt', 'loss': 'cross_entropy', 'optimizer': 'adam', 'lr': 0.0003, 'batch_size': 64, 'epochs': 40, 'max_time_steps': 256, 'grad_clip': 1.0, 'device': 'mps', 'early_stopping_patience': 5, 'early_stopping_min_delta': 0.0005}
2026-01-06 13:44:23,313 - rf_experiment - INFO - Starting training loop...
2026-01-06 13:44:23,313 - rf_experiment - INFO - [epoch 1/40] training...
2026-01-06 13:44:51,753 - rf_experiment - INFO - Epoch 1 [50/52] loss=0.9597[epoch 1] lr=0.000300
2026-01-06 13:44:52,575 - rf_experiment - INFO - [epoch 1] train_loss=1.3331, train_acc=0.4963
2026-01-06 13:44:53,563 - rf_experiment - INFO - [epoch 1] val_loss=1.2895, val_acc=0.5183
2026-01-06 13:44:53,563 - rf_experiment - INFO - [epoch 1] new best val_acc=0.5183
2026-01-06 13:44:53,563 - rf_experiment - INFO - [epoch 2/40] training...
2026-01-06 13:45:21,410 - rf_experiment - INFO - Epoch 2 [50/52] loss=0.8473[epoch 2] lr=0.000300
2026-01-06 13:45:22,208 - rf_experiment - INFO - [epoch 2] train_loss=0.9978, train_acc=0.4960
2026-01-06 13:45:23,129 - rf_experiment - INFO - [epoch 2] val_loss=1.5928, val_acc=0.5183
2026-01-06 13:45:23,129 - rf_experiment - INFO - [epoch 2] no improvement in val_acc (streak=1)
2026-01-06 13:45:23,129 - rf_experiment - INFO - [epoch 3/40] training...
2026-01-06 13:45:50,799 - rf_experiment - INFO - Epoch 3 [50/52] loss=0.7891[epoch 3] lr=0.000300
2026-01-06 13:45:51,612 - rf_experiment - INFO - [epoch 3] train_loss=1.0668, train_acc=0.4988
2026-01-06 13:45:52,572 - rf_experiment - INFO - [epoch 3] val_loss=0.6984, val_acc=0.5575
2026-01-06 13:45:52,572 - rf_experiment - INFO - [epoch 3] new best val_acc=0.5575
2026-01-06 13:45:52,572 - rf_experiment - INFO - [epoch 4/40] training...
2026-01-06 13:46:20,487 - rf_experiment - INFO - Epoch 4 [50/52] loss=0.8226[epoch 4] lr=0.000300
2026-01-06 13:46:21,273 - rf_experiment - INFO - [epoch 4] train_loss=0.7852, train_acc=0.5183
2026-01-06 13:46:22,232 - rf_experiment - INFO - [epoch 4] val_loss=0.7118, val_acc=0.5403
2026-01-06 13:46:22,232 - rf_experiment - INFO - [epoch 4] no improvement in val_acc (streak=1)
2026-01-06 13:46:22,232 - rf_experiment - INFO - [epoch 5/40] training...
2026-01-06 13:46:49,817 - rf_experiment - INFO - Epoch 5 [50/52] loss=0.7132[epoch 5] lr=0.000300
2026-01-06 13:46:50,598 - rf_experiment - INFO - [epoch 5] train_loss=0.9629, train_acc=0.5186
2026-01-06 13:46:51,522 - rf_experiment - INFO - [epoch 5] val_loss=1.2411, val_acc=0.4817
2026-01-06 13:46:51,522 - rf_experiment - INFO - [epoch 5] no improvement in val_acc (streak=2)
2026-01-06 13:46:51,522 - rf_experiment - INFO - [epoch 6/40] training...
2026-01-06 13:47:19,158 - rf_experiment - INFO - Epoch 6 [50/52] loss=1.1497[epoch 6] lr=0.000300
2026-01-06 13:47:19,946 - rf_experiment - INFO - [epoch 6] train_loss=0.9656, train_acc=0.5330
2026-01-06 13:47:20,849 - rf_experiment - INFO - [epoch 6] val_loss=1.0451, val_acc=0.5183
2026-01-06 13:47:20,849 - rf_experiment - INFO - [epoch 6] no improvement in val_acc (streak=3)
2026-01-06 13:47:20,849 - rf_experiment - INFO - [epoch 7/40] training...
2026-01-06 13:47:48,490 - rf_experiment - INFO - Epoch 7 [50/52] loss=0.6884[epoch 7] lr=0.000300
2026-01-06 13:47:49,274 - rf_experiment - INFO - [epoch 7] train_loss=0.9127, train_acc=0.5223
2026-01-06 13:47:50,229 - rf_experiment - INFO - [epoch 7] val_loss=0.7454, val_acc=0.5306
2026-01-06 13:47:50,229 - rf_experiment - INFO - [epoch 7] no improvement in val_acc (streak=4)
2026-01-06 13:47:50,229 - rf_experiment - INFO - [epoch 8/40] training...
2026-01-06 13:48:17,765 - rf_experiment - INFO - Epoch 8 [50/52] loss=0.7029[epoch 8] lr=0.000300
2026-01-06 13:48:18,551 - rf_experiment - INFO - [epoch 8] train_loss=0.7645, train_acc=0.5507
2026-01-06 13:48:19,462 - rf_experiment - INFO - [epoch 8] val_loss=1.0094, val_acc=0.4817
2026-01-06 13:48:19,462 - rf_experiment - INFO - [epoch 8] no improvement in val_acc (streak=5)
2026-01-06 13:48:19,462 - rf_experiment - INFO - [epoch 9/40] training...
2026-01-06 13:48:46,962 - rf_experiment - INFO - Epoch 9 [50/52] loss=1.6973[epoch 9] lr=0.000300
2026-01-06 13:48:47,752 - rf_experiment - INFO - [epoch 9] train_loss=0.8474, train_acc=0.5516
2026-01-06 13:48:48,782 - rf_experiment - INFO - [epoch 9] val_loss=0.7479, val_acc=0.5599
2026-01-06 13:48:48,783 - rf_experiment - INFO - [epoch 9] new best val_acc=0.5599
2026-01-06 13:48:48,783 - rf_experiment - INFO - [epoch 10/40] training...
2026-01-06 13:49:16,426 - rf_experiment - INFO - Epoch 10 [50/52] loss=0.6682[epoch 10] lr=0.000300
2026-01-06 13:49:17,216 - rf_experiment - INFO - [epoch 10] train_loss=0.9303, train_acc=0.5406
2026-01-06 13:49:18,119 - rf_experiment - INFO - [epoch 10] val_loss=0.7964, val_acc=0.4939
2026-01-06 13:49:18,119 - rf_experiment - INFO - [epoch 10] no improvement in val_acc (streak=1)
2026-01-06 13:49:18,119 - rf_experiment - INFO - [epoch 11/40] training...
2026-01-06 13:49:45,645 - rf_experiment - INFO - Epoch 11 [50/52] loss=0.7720[epoch 11] lr=0.000300
2026-01-06 13:49:46,429 - rf_experiment - INFO - [epoch 11] train_loss=0.7156, train_acc=0.5736
2026-01-06 13:49:47,324 - rf_experiment - INFO - [epoch 11] val_loss=0.6792, val_acc=0.6308
2026-01-06 13:49:47,325 - rf_experiment - INFO - [epoch 11] new best val_acc=0.6308
2026-01-06 13:49:47,325 - rf_experiment - INFO - [epoch 12/40] training...
2026-01-06 13:50:15,035 - rf_experiment - INFO - Epoch 12 [50/52] loss=1.0851[epoch 12] lr=0.000300
2026-01-06 13:50:15,832 - rf_experiment - INFO - [epoch 12] train_loss=0.7137, train_acc=0.5824
2026-01-06 13:50:16,750 - rf_experiment - INFO - [epoch 12] val_loss=0.7072, val_acc=0.5355
2026-01-06 13:50:16,750 - rf_experiment - INFO - [epoch 12] no improvement in val_acc (streak=1)
2026-01-06 13:50:16,750 - rf_experiment - INFO - [epoch 13/40] training...
2026-01-06 13:50:44,478 - rf_experiment - INFO - Epoch 13 [50/52] loss=0.9524[epoch 13] lr=0.000300
2026-01-06 13:50:45,286 - rf_experiment - INFO - [epoch 13] train_loss=0.8324, train_acc=0.5620
2026-01-06 13:50:46,263 - rf_experiment - INFO - [epoch 13] val_loss=1.0921, val_acc=0.5208
2026-01-06 13:50:46,263 - rf_experiment - INFO - [epoch 13] no improvement in val_acc (streak=2)
2026-01-06 13:50:46,263 - rf_experiment - INFO - [epoch 14/40] training...
2026-01-06 13:51:14,139 - rf_experiment - INFO - Epoch 14 [50/52] loss=0.6132[epoch 14] lr=0.000300
2026-01-06 13:51:14,939 - rf_experiment - INFO - [epoch 14] train_loss=0.8115, train_acc=0.6120
2026-01-06 13:51:15,853 - rf_experiment - INFO - [epoch 14] val_loss=0.6857, val_acc=0.5746
2026-01-06 13:51:15,853 - rf_experiment - INFO - [epoch 14] no improvement in val_acc (streak=3)
2026-01-06 13:51:15,853 - rf_experiment - INFO - [epoch 15/40] training...
2026-01-06 13:51:43,649 - rf_experiment - INFO - Epoch 15 [50/52] loss=1.1833[epoch 15] lr=0.000300
2026-01-06 13:51:44,443 - rf_experiment - INFO - [epoch 15] train_loss=0.6964, train_acc=0.5968
2026-01-06 13:51:45,415 - rf_experiment - INFO - [epoch 15] val_loss=0.6458, val_acc=0.6039
2026-01-06 13:51:45,415 - rf_experiment - INFO - [epoch 15] no improvement in val_acc (streak=4)
2026-01-06 13:51:45,415 - rf_experiment - INFO - [epoch 16/40] training...
2026-01-06 13:52:13,233 - rf_experiment - INFO - Epoch 16 [50/52] loss=0.6635[epoch 16] lr=0.000300
2026-01-06 13:52:14,037 - rf_experiment - INFO - [epoch 16] train_loss=0.6647, train_acc=0.6245
2026-01-06 13:52:14,963 - rf_experiment - INFO - [epoch 16] val_loss=0.8374, val_acc=0.5428
2026-01-06 13:52:14,963 - rf_experiment - INFO - [epoch 16] no improvement in val_acc (streak=5)
2026-01-06 13:52:14,963 - rf_experiment - INFO - [epoch 17/40] training...
2026-01-06 13:52:42,622 - rf_experiment - INFO - Epoch 17 [50/52] loss=0.6290[epoch 17] lr=0.000300
2026-01-06 13:52:43,410 - rf_experiment - INFO - [epoch 17] train_loss=0.6979, train_acc=0.6215
2026-01-06 13:52:44,305 - rf_experiment - INFO - [epoch 17] val_loss=0.6103, val_acc=0.6822
2026-01-06 13:52:44,305 - rf_experiment - INFO - [epoch 17] new best val_acc=0.6822
2026-01-06 13:52:44,305 - rf_experiment - INFO - [epoch 18/40] training...
2026-01-06 13:53:12,250 - rf_experiment - INFO - Epoch 18 [50/52] loss=0.8114[epoch 18] lr=0.000300
2026-01-06 13:53:13,037 - rf_experiment - INFO - [epoch 18] train_loss=0.6332, train_acc=0.6444
2026-01-06 13:53:13,971 - rf_experiment - INFO - [epoch 18] val_loss=0.6297, val_acc=0.6504
2026-01-06 13:53:13,971 - rf_experiment - INFO - [epoch 18] no improvement in val_acc (streak=1)
2026-01-06 13:53:13,971 - rf_experiment - INFO - [epoch 19/40] training...
2026-01-06 13:53:41,948 - rf_experiment - INFO - Epoch 19 [50/52] loss=0.6549[epoch 19] lr=0.000300
2026-01-06 13:53:42,767 - rf_experiment - INFO - [epoch 19] train_loss=0.6678, train_acc=0.6248
2026-01-06 13:53:43,763 - rf_experiment - INFO - [epoch 19] val_loss=0.6126, val_acc=0.6699
2026-01-06 13:53:43,763 - rf_experiment - INFO - [epoch 19] no improvement in val_acc (streak=2)
2026-01-06 13:53:43,763 - rf_experiment - INFO - [epoch 20/40] training...
2026-01-06 13:54:12,031 - rf_experiment - INFO - Epoch 20 [50/52] loss=0.6656[epoch 20] lr=0.000300
2026-01-06 13:54:12,860 - rf_experiment - INFO - [epoch 20] train_loss=0.6566, train_acc=0.6340
2026-01-06 13:54:13,870 - rf_experiment - INFO - [epoch 20] val_loss=0.7100, val_acc=0.5746
2026-01-06 13:54:13,870 - rf_experiment - INFO - [epoch 20] no improvement in val_acc (streak=3)
2026-01-06 13:54:13,870 - rf_experiment - INFO - [epoch 21/40] training...
2026-01-06 13:54:41,932 - rf_experiment - INFO - Epoch 21 [50/52] loss=1.0854[epoch 21] lr=0.000300
2026-01-06 13:54:42,753 - rf_experiment - INFO - [epoch 21] train_loss=0.6986, train_acc=0.6352
2026-01-06 13:54:43,777 - rf_experiment - INFO - [epoch 21] val_loss=0.7623, val_acc=0.5770
2026-01-06 13:54:43,777 - rf_experiment - INFO - [epoch 21] no improvement in val_acc (streak=4)
2026-01-06 13:54:43,777 - rf_experiment - INFO - [epoch 22/40] training...
2026-01-06 13:55:12,308 - rf_experiment - INFO - Epoch 22 [50/52] loss=0.5924[epoch 22] lr=0.000300
2026-01-06 13:55:13,115 - rf_experiment - INFO - [epoch 22] train_loss=0.6738, train_acc=0.6273
2026-01-06 13:55:14,077 - rf_experiment - INFO - [epoch 22] val_loss=0.5970, val_acc=0.6870
2026-01-06 13:55:14,077 - rf_experiment - INFO - [epoch 22] new best val_acc=0.6870
2026-01-06 13:55:14,077 - rf_experiment - INFO - [epoch 23/40] training...
2026-01-06 13:55:42,062 - rf_experiment - INFO - Epoch 23 [50/52] loss=1.2704[epoch 23] lr=0.000300
2026-01-06 13:55:42,872 - rf_experiment - INFO - [epoch 23] train_loss=0.7214, train_acc=0.6239
2026-01-06 13:55:43,794 - rf_experiment - INFO - [epoch 23] val_loss=0.7425, val_acc=0.5966
2026-01-06 13:55:43,794 - rf_experiment - INFO - [epoch 23] no improvement in val_acc (streak=1)
2026-01-06 13:55:43,794 - rf_experiment - INFO - [epoch 24/40] training...
2026-01-06 13:56:11,690 - rf_experiment - INFO - Epoch 24 [50/52] loss=0.6115[epoch 24] lr=0.000300
2026-01-06 13:56:12,496 - rf_experiment - INFO - [epoch 24] train_loss=0.6507, train_acc=0.6349
2026-01-06 13:56:13,472 - rf_experiment - INFO - [epoch 24] val_loss=0.9249, val_acc=0.4914
2026-01-06 13:56:13,472 - rf_experiment - INFO - [epoch 24] no improvement in val_acc (streak=2)
2026-01-06 13:56:13,472 - rf_experiment - INFO - [epoch 25/40] training...
2026-01-06 13:56:41,652 - rf_experiment - INFO - Epoch 25 [50/52] loss=0.6850[epoch 25] lr=0.000300
2026-01-06 13:56:42,462 - rf_experiment - INFO - [epoch 25] train_loss=0.6336, train_acc=0.6468
2026-01-06 13:56:43,516 - rf_experiment - INFO - [epoch 25] val_loss=0.8686, val_acc=0.5208
2026-01-06 13:56:43,516 - rf_experiment - INFO - [epoch 25] no improvement in val_acc (streak=3)
2026-01-06 13:56:43,516 - rf_experiment - INFO - [epoch 26/40] training...
2026-01-06 13:57:11,842 - rf_experiment - INFO - Epoch 26 [50/52] loss=0.6404[epoch 26] lr=0.000300
2026-01-06 13:57:12,655 - rf_experiment - INFO - [epoch 26] train_loss=0.6810, train_acc=0.6456
2026-01-06 13:57:13,650 - rf_experiment - INFO - [epoch 26] val_loss=0.6724, val_acc=0.6846
2026-01-06 13:57:13,650 - rf_experiment - INFO - [epoch 26] no improvement in val_acc (streak=4)
2026-01-06 13:57:13,650 - rf_experiment - INFO - [epoch 27/40] training...
2026-01-06 13:57:41,444 - rf_experiment - INFO - Epoch 27 [50/52] loss=0.4917[epoch 27] lr=0.000300
2026-01-06 13:57:42,255 - rf_experiment - INFO - [epoch 27] train_loss=0.5905, train_acc=0.6847
2026-01-06 13:57:43,269 - rf_experiment - INFO - [epoch 27] val_loss=0.8411, val_acc=0.6015
2026-01-06 13:57:43,269 - rf_experiment - INFO - [epoch 27] no improvement in val_acc (streak=5)
2026-01-06 13:57:43,269 - rf_experiment - INFO - [epoch 28/40] training...
2026-01-06 13:58:11,645 - rf_experiment - INFO - Epoch 28 [50/52] loss=0.5592[epoch 28] lr=0.000300
2026-01-06 13:58:12,467 - rf_experiment - INFO - [epoch 28] train_loss=0.6949, train_acc=0.6474
2026-01-06 13:58:13,450 - rf_experiment - INFO - [epoch 28] val_loss=0.6029, val_acc=0.6968
2026-01-06 13:58:13,451 - rf_experiment - INFO - [epoch 28] new best val_acc=0.6968
2026-01-06 13:58:13,451 - rf_experiment - INFO - [epoch 29/40] training...
2026-01-06 13:58:41,769 - rf_experiment - INFO - Epoch 29 [50/52] loss=0.6339[epoch 29] lr=0.000300
2026-01-06 13:58:42,586 - rf_experiment - INFO - [epoch 29] train_loss=0.6833, train_acc=0.6557
2026-01-06 13:58:43,568 - rf_experiment - INFO - [epoch 29] val_loss=0.5808, val_acc=0.6870
2026-01-06 13:58:43,568 - rf_experiment - INFO - [epoch 29] no improvement in val_acc (streak=1)
2026-01-06 13:58:43,568 - rf_experiment - INFO - [epoch 30/40] training...
2026-01-06 13:59:11,702 - rf_experiment - INFO - Epoch 30 [50/52] loss=0.4897[epoch 30] lr=0.000300
2026-01-06 13:59:12,517 - rf_experiment - INFO - [epoch 30] train_loss=0.6156, train_acc=0.6880
2026-01-06 13:59:13,514 - rf_experiment - INFO - [epoch 30] val_loss=0.6616, val_acc=0.6333
2026-01-06 13:59:13,514 - rf_experiment - INFO - [epoch 30] no improvement in val_acc (streak=2)
2026-01-06 13:59:13,514 - rf_experiment - INFO - [epoch 31/40] training...
2026-01-06 13:59:41,655 - rf_experiment - INFO - Epoch 31 [50/52] loss=0.4638[epoch 31] lr=0.000300
2026-01-06 13:59:42,472 - rf_experiment - INFO - [epoch 31] train_loss=0.6090, train_acc=0.6844
2026-01-06 13:59:43,505 - rf_experiment - INFO - [epoch 31] val_loss=0.6486, val_acc=0.6797
2026-01-06 13:59:43,505 - rf_experiment - INFO - [epoch 31] no improvement in val_acc (streak=3)
2026-01-06 13:59:43,505 - rf_experiment - INFO - [epoch 32/40] training...
2026-01-06 14:00:11,604 - rf_experiment - INFO - Epoch 32 [50/52] loss=0.6590[epoch 32] lr=0.000300
2026-01-06 14:00:12,424 - rf_experiment - INFO - [epoch 32] train_loss=0.6190, train_acc=0.6795
2026-01-06 14:00:13,422 - rf_experiment - INFO - [epoch 32] val_loss=0.6066, val_acc=0.6919
2026-01-06 14:00:13,422 - rf_experiment - INFO - [epoch 32] no improvement in val_acc (streak=4)
2026-01-06 14:00:13,422 - rf_experiment - INFO - [epoch 33/40] training...
2026-01-06 14:00:41,485 - rf_experiment - INFO - Epoch 33 [50/52] loss=0.5320[epoch 33] lr=0.000300
2026-01-06 14:00:42,276 - rf_experiment - INFO - [epoch 33] train_loss=0.6286, train_acc=0.6740
2026-01-06 14:00:43,232 - rf_experiment - INFO - [epoch 33] val_loss=0.5577, val_acc=0.6968
2026-01-06 14:00:43,232 - rf_experiment - INFO - [epoch 33] no improvement in val_acc (streak=5)
2026-01-06 14:00:43,232 - rf_experiment - INFO - [epoch 34/40] training...
2026-01-06 14:01:10,850 - rf_experiment - INFO - Epoch 34 [50/52] loss=0.4971[epoch 34] lr=0.000300
2026-01-06 14:01:11,643 - rf_experiment - INFO - [epoch 34] train_loss=0.5709, train_acc=0.6954
2026-01-06 14:01:12,558 - rf_experiment - INFO - [epoch 34] val_loss=0.5800, val_acc=0.7188
2026-01-06 14:01:12,559 - rf_experiment - INFO - [epoch 34] new best val_acc=0.7188
2026-01-06 14:01:12,559 - rf_experiment - INFO - [epoch 35/40] training...
2026-01-06 14:01:40,526 - rf_experiment - INFO - Epoch 35 [50/52] loss=0.8472[epoch 35] lr=0.000300
2026-01-06 14:01:41,375 - rf_experiment - INFO - [epoch 35] train_loss=0.6429, train_acc=0.6694
2026-01-06 14:01:42,339 - rf_experiment - INFO - [epoch 35] val_loss=0.7901, val_acc=0.6284
2026-01-06 14:01:42,339 - rf_experiment - INFO - [epoch 35] no improvement in val_acc (streak=1)
2026-01-06 14:01:42,339 - rf_experiment - INFO - [epoch 36/40] training...
2026-01-06 14:02:10,234 - rf_experiment - INFO - Epoch 36 [50/52] loss=0.7128[epoch 36] lr=0.000300
2026-01-06 14:02:11,041 - rf_experiment - INFO - [epoch 36] train_loss=0.6946, train_acc=0.6444
2026-01-06 14:02:11,973 - rf_experiment - INFO - [epoch 36] val_loss=0.5746, val_acc=0.7017
2026-01-06 14:02:11,973 - rf_experiment - INFO - [epoch 36] no improvement in val_acc (streak=2)
2026-01-06 14:02:11,973 - rf_experiment - INFO - [epoch 37/40] training...
2026-01-06 14:02:39,994 - rf_experiment - INFO - Epoch 37 [50/52] loss=0.5698[epoch 37] lr=0.000300
2026-01-06 14:02:40,796 - rf_experiment - INFO - [epoch 37] train_loss=0.5714, train_acc=0.7134
2026-01-06 14:02:41,752 - rf_experiment - INFO - [epoch 37] val_loss=0.7096, val_acc=0.6284
2026-01-06 14:02:41,753 - rf_experiment - INFO - [epoch 37] no improvement in val_acc (streak=3)
2026-01-06 14:02:41,753 - rf_experiment - INFO - [epoch 38/40] training...
2026-01-06 14:03:09,576 - rf_experiment - INFO - Epoch 38 [50/52] loss=0.8106[epoch 38] lr=0.000300
2026-01-06 14:03:10,354 - rf_experiment - INFO - [epoch 38] train_loss=0.6987, train_acc=0.6441
2026-01-06 14:03:11,324 - rf_experiment - INFO - [epoch 38] val_loss=0.6003, val_acc=0.7042
2026-01-06 14:03:11,324 - rf_experiment - INFO - [epoch 38] no improvement in val_acc (streak=4)
2026-01-06 14:03:11,324 - rf_experiment - INFO - [epoch 39/40] training...
2026-01-06 14:03:39,227 - rf_experiment - INFO - Epoch 39 [50/52] loss=0.6316[epoch 39] lr=0.000300
2026-01-06 14:03:40,013 - rf_experiment - INFO - [epoch 39] train_loss=0.6063, train_acc=0.6868
2026-01-06 14:03:41,012 - rf_experiment - INFO - [epoch 39] val_loss=0.6510, val_acc=0.6724
2026-01-06 14:03:41,012 - rf_experiment - INFO - [epoch 39] no improvement in val_acc (streak=5)
2026-01-06 14:03:41,012 - rf_experiment - INFO - [epoch 40/40] training...
2026-01-06 14:04:08,862 - rf_experiment - INFO - Epoch 40 [50/52] loss=0.5363[epoch 40] lr=0.000300
2026-01-06 14:04:09,670 - rf_experiment - INFO - [epoch 40] train_loss=0.5915, train_acc=0.6947
2026-01-06 14:04:10,643 - rf_experiment - INFO - [epoch 40] val_loss=0.6614, val_acc=0.6895
2026-01-06 14:04:10,643 - rf_experiment - INFO - [epoch 40] no improvement in val_acc (streak=6)
2026-01-06 14:04:10,643 - rf_experiment - INFO - Evaluating on test set with best-val checkpoint...
2026-01-06 14:04:11,827 - rf_experiment - INFO - Saved confusion matrix to results/project_runs_1_conv2d_.iqgrid_bptt_20260106_134422/confusion_matrix.png
2026-01-06 14:04:11,827 - rf_experiment - INFO - Saved metrics to results/project_runs_1_conv2d_.iqgrid_bptt_20260106_134422/metrics.json
2026-01-06 14:04:11,827 - rf_experiment - INFO - Finished experiment: project_runs_1_conv2d_.iqgrid_bptt
2026-01-06 14:04:11,827 - rf_experiment - INFO - Best val metrics: {'loss': 0.5799988830293594, 'acc': 0.7188264058679706, 'per_snr_acc': {20: 0.845360824742268, 0: 0.4948453608247423, 30: 0.7663551401869159, 10: 0.7592592592592593}, 'epoch': 34}
2026-01-06 14:04:11,827 - rf_experiment - INFO - Test metrics: {'loss': 0.5820455925308005, 'acc': 0.708029197080292, 'per_snr_acc': {30: 0.7685185185185185, 10: 0.7575757575757576, 0: 0.5841584158415841, 20: 0.7184466019417476}}
2026-01-06 14:04:11,827 - rf_experiment - INFO - Finished experiment: project_runs_1_conv2d_.iqgrid_bptt
2026-01-06 14:04:11,827 - rf_experiment - INFO - Best val metrics: {'loss': 0.5799988830293594, 'acc': 0.7188264058679706, 'per_snr_acc': {20: 0.845360824742268, 0: 0.4948453608247423, 30: 0.7663551401869159, 10: 0.7592592592592593}, 'epoch': 34}
2026-01-06 14:04:11,827 - rf_experiment - INFO - Test metrics: {'loss': 0.5820455925308005, 'acc': 0.708029197080292, 'per_snr_acc': {30: 0.7685185185185185, 10: 0.7575757575757576, 0: 0.5841584158415841, 20: 0.7184466019417476}}
