2025-12-02 13:23:04,694 - rf_experiment - INFO - Starting experiment: radioml2018_iqgrid_conv2d_dcll_small
2025-12-02 13:23:04,694 - rf_experiment - INFO - Run name: radioml2018_iqgrid_conv2d_dcll_small_20251202_132304
2025-12-02 13:23:04,694 - rf_experiment - INFO - Config file: configs/radioml2018_iqgrid_conv2d_dcll_small_2_tf_events.yaml
2025-12-02 13:23:04,694 - rf_experiment - INFO - Saved resolved config to: results/radioml2018_iqgrid_conv2d_dcll_small_20251202_132304/config.yaml
2025-12-02 13:23:04,695 - rf_experiment - INFO - Run directory: results/radioml2018_iqgrid_conv2d_dcll_small_20251202_132304
2025-12-02 13:23:04,695 - rf_experiment - INFO - Using device: cpu
2025-12-02 13:23:04,695 - rf_experiment - INFO - Torch version: 2.9.0
2025-12-02 13:23:04,695 - rf_experiment - INFO - Dataset config: {'path': 'data/GOLD_XYZ_OSC.0001_1024.hdf5', 'name': 'radioml2018_structured', 'frames_per_combo': 128, 'mods_to_use': [3, 4], 'snrs_to_use': [-4, 0, 4, 8, 12], 'train_frac': 0.8, 'val_frac': 0.1, 'test_frac': 0.1, 'shuffle': True, 'num_workers': 0}
2025-12-02 13:23:04,695 - rf_experiment - INFO - Encoding config: {'type': 'tf_events', 'params': {'grid_size': 8, 'subsample': 4}}
2025-12-02 13:23:04,695 - rf_experiment - INFO - Total logical dataset size: 1280 samples
2025-12-02 13:23:04,695 - rf_experiment - INFO - Splits: train=1024, val=128, test=128
2025-12-02 13:23:04,695 - rf_experiment - INFO - Dataloader: batch_size=16, num_workers=0
2025-12-02 13:23:04,695 - rf_experiment - INFO - Building model: {'type': 'conv2d_snn', 'params': {'input_channels': 1, 'conv_channels': [32, 64], 'kernel_sizes': [3, 3], 'grid_size': 16, 'lif_beta': 0.9, 'num_classes': 24, 'dropout': 0.1, 'pool': True}}
2025-12-02 13:23:04,696 - rf_experiment - INFO - Building trainer: {'trainer': 'dcll', 'loss': 'cross_entropy', 'optimizer': 'adam', 'lr': 0.001, 'batch_size': 16, 'epochs': 3, 'max_time_steps': 256, 'grad_clip': 1.0, 'device': 'cpu'}
2025-12-02 13:23:05,165 - rf_experiment - INFO - Starting training loop...
2025-12-02 13:23:05,165 - rf_experiment - INFO - [epoch 1/3] training...
2025-12-02 13:23:06,645 - rf_experiment - INFO - [epoch 1] train_loss=1.0491, train_acc=0.4639
2025-12-02 13:23:06,723 - rf_experiment - INFO - [epoch 1] val_loss=0.6928, val_acc=0.5156
2025-12-02 13:23:06,723 - rf_experiment - INFO - [epoch 2/3] training...
2025-12-02 13:23:08,189 - rf_experiment - INFO - [epoch 2] train_loss=0.7096, train_acc=0.5029
2025-12-02 13:23:08,263 - rf_experiment - INFO - [epoch 2] val_loss=0.6915, val_acc=0.5391
2025-12-02 13:23:08,263 - rf_experiment - INFO - [epoch 3/3] training...
2025-12-02 13:23:09,734 - rf_experiment - INFO - [epoch 3] train_loss=0.7113, train_acc=0.4961
2025-12-02 13:23:09,812 - rf_experiment - INFO - [epoch 3] val_loss=0.6993, val_acc=0.5234
2025-12-02 13:23:09,812 - rf_experiment - INFO - Evaluating on test set...
2025-12-02 13:23:09,886 - rf_experiment - INFO - Saved metrics to results/radioml2018_iqgrid_conv2d_dcll_small_20251202_132304/metrics.json
2025-12-02 13:23:09,886 - rf_experiment - INFO - Finished experiment: radioml2018_iqgrid_conv2d_dcll_small
2025-12-02 13:23:09,886 - rf_experiment - INFO - Best val metrics: {'loss': 0.6915492489933968, 'acc': 0.5390625, 'per_snr_acc': {0: 0.6521739130434783, 4: 0.6153846153846154, -4: 0.4090909090909091, 12: 0.5925925925925926, 8: 0.43333333333333335}}
2025-12-02 13:23:09,886 - rf_experiment - INFO - Test metrics: {'loss': 0.7073372453451157, 'acc': 0.4765625, 'per_snr_acc': {12: 0.5833333333333334, 4: 0.391304347826087, -4: 0.5806451612903226, 0: 0.52, 8: 0.28}}
