2025-12-04 16:14:30,075 - rf_experiment - INFO - Starting experiment: radioml2018_iqgrid_hrm_dcll_small_1
2025-12-04 16:14:30,075 - rf_experiment - INFO - Run name: radioml2018_iqgrid_hrm_dcll_small_1_20251204_161430
2025-12-04 16:14:30,075 - rf_experiment - INFO - Config file: configs/radioml2018_iqgrid_hrm_dcll_small_1.yaml
2025-12-04 16:14:30,075 - rf_experiment - INFO - Saved resolved config to: results/radioml2018_iqgrid_hrm_dcll_small_1_20251204_161430/config.yaml
2025-12-04 16:14:30,075 - rf_experiment - INFO - Run directory: results/radioml2018_iqgrid_hrm_dcll_small_1_20251204_161430
2025-12-04 16:14:30,075 - rf_experiment - INFO - Using device: cpu
2025-12-04 16:14:30,075 - rf_experiment - INFO - Torch version: 2.9.0
2025-12-04 16:14:30,075 - rf_experiment - INFO - Dataset config: {'path': 'data/GOLD_XYZ_OSC.0001_1024.hdf5', 'name': 'radioml2018_structured', 'frames_per_combo': 512, 'mods_to_use': [3, 4], 'snrs_to_use': [0, 10], 'train_frac': 0.8, 'val_frac': 0.1, 'test_frac': 0.1, 'shuffle': True, 'num_workers': 0}
2025-12-04 16:14:30,075 - rf_experiment - INFO - Encoding config: {'type': 'iq_grid', 'params': {'grid_size': 16, 'subsample': 4}}
2025-12-04 16:14:30,075 - rf_experiment - INFO - Total logical dataset size: 2048 samples
2025-12-04 16:14:30,075 - rf_experiment - INFO - Num classes (from dataset): 2
2025-12-04 16:14:30,075 - rf_experiment - INFO - Splits: train=1638, val=204, test=206
2025-12-04 16:14:30,075 - rf_experiment - INFO - Dataloader: batch_size=16, num_workers=0
2025-12-04 16:14:30,076 - rf_experiment - INFO - Building model: {'type': 'hrm_rf', 'params': {'input_channels': 1, 'grid_size': 16, 'low_dim': 128, 'high_dim': 128, 'num_cycles': 4, 'dropout': 0.1, 'agg': 'mean', 'num_classes': 2}}
2025-12-04 16:14:30,076 - rf_experiment - INFO - Building model with num_classes=2
2025-12-04 16:14:30,077 - rf_experiment - INFO - Building trainer: {'trainer': 'bptt', 'loss': 'cross_entropy', 'optimizer': 'adam', 'lr': 0.001, 'batch_size': 16, 'epochs': 10, 'max_time_steps': 256, 'grad_clip': 1.0, 'device': 'cpu'}
2025-12-04 16:14:30,579 - rf_experiment - INFO - Starting training loop...
2025-12-04 16:14:30,579 - rf_experiment - INFO - [epoch 1/10] training...
2025-12-04 16:14:50,912 - rf_experiment - INFO - [epoch 1] train_loss=0.6940, train_acc=0.5104
2025-12-04 16:14:51,438 - rf_experiment - INFO - [epoch 1] val_loss=0.7420, val_acc=0.5441
2025-12-04 16:14:51,438 - rf_experiment - INFO - [epoch 2/10] training...
2025-12-04 16:15:11,821 - rf_experiment - INFO - [epoch 2] train_loss=0.6045, train_acc=0.6685
2025-12-04 16:15:12,340 - rf_experiment - INFO - [epoch 2] val_loss=0.3416, val_acc=0.8578
2025-12-04 16:15:12,340 - rf_experiment - INFO - [epoch 3/10] training...
2025-12-04 16:15:33,755 - rf_experiment - INFO - [epoch 3] train_loss=0.4478, train_acc=0.7637
2025-12-04 16:15:34,305 - rf_experiment - INFO - [epoch 3] val_loss=0.3324, val_acc=0.8480
2025-12-04 16:15:34,305 - rf_experiment - INFO - [epoch 4/10] training...
2025-12-04 16:15:55,191 - rf_experiment - INFO - [epoch 4] train_loss=0.4119, train_acc=0.7949
2025-12-04 16:15:55,749 - rf_experiment - INFO - [epoch 4] val_loss=0.2961, val_acc=0.8725
2025-12-04 16:15:55,749 - rf_experiment - INFO - [epoch 5/10] training...
2025-12-04 16:16:16,177 - rf_experiment - INFO - [epoch 5] train_loss=0.3747, train_acc=0.8248
2025-12-04 16:16:16,692 - rf_experiment - INFO - [epoch 5] val_loss=0.3507, val_acc=0.8284
2025-12-04 16:16:16,692 - rf_experiment - INFO - [epoch 6/10] training...
2025-12-04 16:16:36,986 - rf_experiment - INFO - [epoch 6] train_loss=0.3421, train_acc=0.8364
2025-12-04 16:16:37,506 - rf_experiment - INFO - [epoch 6] val_loss=0.3443, val_acc=0.8431
2025-12-04 16:16:37,506 - rf_experiment - INFO - [epoch 7/10] training...
2025-12-04 16:16:58,002 - rf_experiment - INFO - [epoch 7] train_loss=0.3341, train_acc=0.8431
2025-12-04 16:16:58,532 - rf_experiment - INFO - [epoch 7] val_loss=0.3111, val_acc=0.8529
2025-12-04 16:16:58,532 - rf_experiment - INFO - [epoch 8/10] training...
2025-12-04 16:17:15,810 - rf_experiment - INFO - [epoch 8] train_loss=0.3273, train_acc=0.8645
2025-12-04 16:17:16,307 - rf_experiment - INFO - [epoch 8] val_loss=0.4963, val_acc=0.7255
2025-12-04 16:17:16,307 - rf_experiment - INFO - [epoch 9/10] training...
2025-12-04 16:17:33,651 - rf_experiment - INFO - [epoch 9] train_loss=0.3008, train_acc=0.8748
2025-12-04 16:17:34,149 - rf_experiment - INFO - [epoch 9] val_loss=0.3284, val_acc=0.8480
2025-12-04 16:17:34,149 - rf_experiment - INFO - [epoch 10/10] training...
2025-12-04 16:17:51,659 - rf_experiment - INFO - [epoch 10] train_loss=0.2425, train_acc=0.9023
2025-12-04 16:17:52,175 - rf_experiment - INFO - [epoch 10] val_loss=0.4549, val_acc=0.7794
2025-12-04 16:17:52,175 - rf_experiment - INFO - Evaluating on test set...
2025-12-04 16:17:52,692 - rf_experiment - INFO - Saved metrics to results/radioml2018_iqgrid_hrm_dcll_small_1_20251204_161430/metrics.json
2025-12-04 16:17:52,694 - rf_experiment - INFO - Finished experiment: radioml2018_iqgrid_hrm_dcll_small_1
2025-12-04 16:17:52,694 - rf_experiment - INFO - Best val metrics: {'loss': 0.2960524062315623, 'acc': 0.8725490196078431, 'per_snr_acc': {0: 0.7560975609756098, 10: 0.9508196721311475}}
2025-12-04 16:17:52,694 - rf_experiment - INFO - Test metrics: {'loss': 0.5159757004200833, 'acc': 0.7815533980582524, 'per_snr_acc': {10: 0.972972972972973, 0: 0.5578947368421052}}
