2025-12-05 09:11:05,191 - rf_experiment - INFO - Starting experiment: radioml2018_small_hrm_bptt_1
2025-12-05 09:11:05,192 - rf_experiment - INFO - Run name: radioml2018_small_hrm_bptt_1_20251205_091105
2025-12-05 09:11:05,192 - rf_experiment - INFO - Config file: configs/radioml2018_small_hrm_bptt_1.yaml
2025-12-05 09:11:05,192 - rf_experiment - INFO - Saved resolved config to: results/radioml2018_small_hrm_bptt_1_20251205_091105/config.yaml
2025-12-05 09:11:05,192 - rf_experiment - INFO - Run directory: results/radioml2018_small_hrm_bptt_1_20251205_091105
2025-12-05 09:11:05,192 - rf_experiment - INFO - Using device: cpu
2025-12-05 09:11:05,192 - rf_experiment - INFO - Torch version: 2.9.0
2025-12-05 09:11:05,192 - rf_experiment - INFO - Dataset config: {'path': 'data/GOLD_XYZ_OSC.0001_1024.hdf5', 'name': 'radioml2018_structured', 'frames_per_combo': 64, 'mods_to_use': [3, 4], 'snrs_to_use': [30], 'train_frac': 0.8, 'val_frac': 0.1, 'test_frac': 0.1, 'shuffle': True, 'num_workers': 0}
2025-12-05 09:11:05,192 - rf_experiment - INFO - Encoding config: {'type': 'iq_grid', 'params': {'grid_size': 16, 'subsample': 4}}
2025-12-05 09:11:05,192 - rf_experiment - INFO - Total logical dataset size: 128 samples
2025-12-05 09:11:05,192 - rf_experiment - INFO - Num classes (from dataset): 2
2025-12-05 09:11:05,192 - rf_experiment - INFO - Splits: train=102, val=12, test=14
2025-12-05 09:11:05,192 - rf_experiment - INFO - Dataloader: batch_size=64, num_workers=0
2025-12-05 09:11:05,192 - rf_experiment - INFO - Building model: {'type': 'hrm_rf', 'params': {'input_channels': 1, 'grid_size': 16, 'low_dim': 256, 'high_dim': 256, 'num_cycles': 8, 'num_classes': 2, 'dropout': 0.1, 'agg': 'mean'}}
2025-12-05 09:11:05,192 - rf_experiment - INFO - Building model with num_classes=2
2025-12-05 09:11:05,194 - rf_experiment - INFO - Building trainer: {'trainer': 'bptt', 'loss': 'cross_entropy', 'optimizer': 'adam', 'lr': 0.001, 'batch_size': 64, 'epochs': 5, 'max_time_steps': 256, 'grad_clip': 1.0, 'device': 'cpu'}
2025-12-05 09:11:05,645 - rf_experiment - INFO - Starting training loop...
2025-12-05 09:11:05,645 - rf_experiment - INFO - [epoch 1/5] training...
2025-12-05 09:11:08,015 - rf_experiment - INFO - [epoch 1] train_loss=0.6991, train_acc=0.5392
2025-12-05 09:11:08,641 - rf_experiment - INFO - [epoch 1] val_loss=0.6979, val_acc=0.5000
2025-12-05 09:11:08,641 - rf_experiment - INFO - [epoch 2/5] training...
2025-12-05 09:11:10,844 - rf_experiment - INFO - [epoch 2] train_loss=0.6843, train_acc=0.5196
2025-12-05 09:11:11,775 - rf_experiment - INFO - [epoch 2] val_loss=0.6946, val_acc=0.5000
2025-12-05 09:11:11,777 - rf_experiment - INFO - [epoch 3/5] training...
2025-12-05 09:11:14,251 - rf_experiment - INFO - [epoch 3] train_loss=0.6807, train_acc=0.6471
2025-12-05 09:11:15,018 - rf_experiment - INFO - [epoch 3] val_loss=0.6944, val_acc=0.5000
2025-12-05 09:11:15,018 - rf_experiment - INFO - [epoch 4/5] training...
2025-12-05 09:11:17,458 - rf_experiment - INFO - [epoch 4] train_loss=0.6744, train_acc=0.5686
2025-12-05 09:11:18,435 - rf_experiment - INFO - [epoch 4] val_loss=0.6918, val_acc=0.4167
2025-12-05 09:11:18,435 - rf_experiment - INFO - [epoch 5/5] training...
2025-12-05 09:11:21,065 - rf_experiment - INFO - [epoch 5] train_loss=0.6633, train_acc=0.8922
2025-12-05 09:11:22,095 - rf_experiment - INFO - [epoch 5] val_loss=0.6850, val_acc=0.5833
2025-12-05 09:11:22,096 - rf_experiment - INFO - Evaluating on test set...
2025-12-05 09:11:23,049 - rf_experiment - INFO - Saved metrics to results/radioml2018_small_hrm_bptt_1_20251205_091105/metrics.json
2025-12-05 09:11:23,054 - rf_experiment - INFO - Finished experiment: radioml2018_small_hrm_bptt_1
2025-12-05 09:11:23,054 - rf_experiment - INFO - Best val metrics: {'loss': 0.6850250363349915, 'acc': 0.5833333333333334, 'per_snr_acc': {30: 0.5833333333333334}}
2025-12-05 09:11:23,054 - rf_experiment - INFO - Test metrics: {'loss': 0.7109178900718689, 'acc': 0.42857142857142855, 'per_snr_acc': {30: 0.42857142857142855}}
