2025-12-02 13:25:17,951 - rf_experiment - INFO - Starting experiment: radioml2018_iqgrid_conv2d_dcll_small
2025-12-02 13:25:17,951 - rf_experiment - INFO - Run name: radioml2018_iqgrid_conv2d_dcll_small_20251202_132517
2025-12-02 13:25:17,951 - rf_experiment - INFO - Config file: configs/radioml2018_iqgrid_conv2d_dcll_small_2_tf_events.yaml
2025-12-02 13:25:17,951 - rf_experiment - INFO - Saved resolved config to: results/radioml2018_iqgrid_conv2d_dcll_small_20251202_132517/config.yaml
2025-12-02 13:25:17,951 - rf_experiment - INFO - Run directory: results/radioml2018_iqgrid_conv2d_dcll_small_20251202_132517
2025-12-02 13:25:17,951 - rf_experiment - INFO - Using device: cpu
2025-12-02 13:25:17,951 - rf_experiment - INFO - Torch version: 2.9.0
2025-12-02 13:25:17,951 - rf_experiment - INFO - Dataset config: {'path': 'data/GOLD_XYZ_OSC.0001_1024.hdf5', 'name': 'radioml2018_structured', 'frames_per_combo': 1024, 'mods_to_use': [3, 4, 12, 19], 'snrs_to_use': [-4, 0, 4, 8, 12], 'train_frac': 0.8, 'val_frac': 0.1, 'test_frac': 0.1, 'shuffle': True, 'num_workers': 0}
2025-12-02 13:25:17,951 - rf_experiment - INFO - Encoding config: {'type': 'tf_events', 'params': {'grid_size': 8, 'subsample': 4}}
2025-12-02 13:25:17,952 - rf_experiment - INFO - Total logical dataset size: 20480 samples
2025-12-02 13:25:17,952 - rf_experiment - INFO - Splits: train=16384, val=2048, test=2048
2025-12-02 13:25:17,952 - rf_experiment - INFO - Dataloader: batch_size=16, num_workers=0
2025-12-02 13:25:17,952 - rf_experiment - INFO - Building model: {'type': 'conv2d_snn', 'params': {'input_channels': 1, 'conv_channels': [32, 64], 'kernel_sizes': [3, 3], 'grid_size': 16, 'lif_beta': 0.9, 'num_classes': 24, 'dropout': 0.1, 'pool': True}}
2025-12-02 13:25:17,953 - rf_experiment - INFO - Building trainer: {'trainer': 'dcll', 'loss': 'cross_entropy', 'optimizer': 'adam', 'lr': 0.001, 'batch_size': 16, 'epochs': 3, 'max_time_steps': 256, 'grad_clip': 1.0, 'device': 'cpu'}
2025-12-02 13:25:18,422 - rf_experiment - INFO - Starting training loop...
2025-12-02 13:25:18,423 - rf_experiment - INFO - [epoch 1/3] training...
2025-12-02 13:25:44,979 - rf_experiment - INFO - [epoch 1] train_loss=0.9938, train_acc=0.4775
2025-12-02 13:25:46,279 - rf_experiment - INFO - [epoch 1] val_loss=0.8763, val_acc=0.5190
2025-12-02 13:25:46,279 - rf_experiment - INFO - [epoch 2/3] training...
2025-12-02 13:26:12,830 - rf_experiment - INFO - [epoch 2] train_loss=0.8402, train_acc=0.5483
2025-12-02 13:26:14,158 - rf_experiment - INFO - [epoch 2] val_loss=0.8630, val_acc=0.5435
2025-12-02 13:26:14,158 - rf_experiment - INFO - [epoch 3/3] training...
2025-12-02 13:26:41,131 - rf_experiment - INFO - [epoch 3] train_loss=0.8199, train_acc=0.5561
2025-12-02 13:26:42,283 - rf_experiment - INFO - [epoch 3] val_loss=0.8255, val_acc=0.5635
2025-12-02 13:26:42,283 - rf_experiment - INFO - Evaluating on test set...
2025-12-02 13:26:43,524 - rf_experiment - INFO - Saved metrics to results/radioml2018_iqgrid_conv2d_dcll_small_20251202_132517/metrics.json
2025-12-02 13:26:43,524 - rf_experiment - INFO - Finished experiment: radioml2018_iqgrid_conv2d_dcll_small
2025-12-02 13:26:43,524 - rf_experiment - INFO - Best val metrics: {'loss': 0.825529785361141, 'acc': 0.5634765625, 'per_snr_acc': {-4: 0.4805491990846682, 12: 0.6096385542168675, 0: 0.5217391304347826, 4: 0.6326034063260341, 8: 0.5761421319796954}}
2025-12-02 13:26:43,525 - rf_experiment - INFO - Test metrics: {'loss': 0.8326762202195823, 'acc': 0.55029296875, 'per_snr_acc': {8: 0.5813953488372093, 0: 0.5404761904761904, 12: 0.5888324873096447, -4: 0.4293193717277487, 4: 0.6018957345971564}}
