2026-01-05 14:24:30,342 - rf_experiment - INFO - Starting experiment: project_runs_2_1_conv2d_iqgrid_bptt
2026-01-05 14:24:30,342 - rf_experiment - INFO - Run name: project_runs_2_1_conv2d_iqgrid_bptt_20260105_142430
2026-01-05 14:24:30,342 - rf_experiment - INFO - Config file: configs/project_runs_2_1_conv2d_iqgrid_bptt.yaml
2026-01-05 14:24:30,342 - rf_experiment - INFO - Saved resolved config to: results/project_runs_2_1_conv2d_iqgrid_bptt_20260105_142430/config.yaml
2026-01-05 14:24:30,342 - rf_experiment - INFO - Run directory: results/project_runs_2_1_conv2d_iqgrid_bptt_20260105_142430
2026-01-05 14:24:30,354 - rf_experiment - INFO - Using device: mps
2026-01-05 14:24:30,354 - rf_experiment - INFO - Using device: mps
2026-01-05 14:24:30,354 - rf_experiment - INFO - Torch version: 2.9.0
2026-01-05 14:24:30,354 - rf_experiment - INFO - Dataset config: {'path': 'data/GOLD_XYZ_OSC.0001_1024.hdf5', 'name': 'radioml2018_structured', 'frames_per_combo': 512, 'mods_to_use': [1, 2, 3, 4, 5, 6], 'snrs_to_use': [0, 10, 20, 30], 'train_frac': 0.8, 'val_frac': 0.1, 'test_frac': 0.1, 'shuffle': True, 'num_workers': 0}
2026-01-05 14:24:30,354 - rf_experiment - INFO - Encoding config: {'type': 'iq_grid', 'params': {'grid_size': 16, 'subsample': 4}}
2026-01-05 14:24:30,355 - rf_experiment - INFO - Total logical dataset size: 12288 samples
2026-01-05 14:24:30,355 - rf_experiment - INFO - Num classes (from dataset): 6
2026-01-05 14:24:30,355 - rf_experiment - INFO - Splits: train=9830, val=1228, test=1230
2026-01-05 14:24:30,360 - rf_experiment - INFO - Full dataset labels: {0: 2048, 1: 2048, 2: 2048, 3: 2048, 4: 2048, 5: 2048}
2026-01-05 14:24:30,360 - rf_experiment - INFO - Full dataset SNRs: {0: 3072, 10: 3072, 20: 3072, 30: 3072}
2026-01-05 14:24:30,360 - rf_experiment - INFO - Dataloader: batch_size=64, num_workers=0
2026-01-05 14:24:30,360 - rf_experiment - INFO - Building model: {'type': 'conv2d_snn', 'params': {'input_channels': 1, 'conv_channels': [64, 128], 'kernel_sizes': [3, 3], 'grid_size': 16, 'lif_beta': 0.9, 'dropout': 0.0, 'pool': True, 'num_classes': 6}}
2026-01-05 14:24:30,360 - rf_experiment - INFO - Building model with num_classes=6
2026-01-05 14:24:30,377 - rf_experiment - INFO - Building trainer: {'trainer': 'bptt', 'loss': 'cross_entropy', 'optimizer': 'adam', 'lr': 0.0003, 'batch_size': 64, 'epochs': 40, 'max_time_steps': 256, 'grad_clip': 1.0, 'device': 'mps'}
2026-01-05 14:24:30,841 - rf_experiment - INFO - Starting training loop...
2026-01-05 14:24:30,841 - rf_experiment - INFO - [epoch 1/40] training...
2026-01-05 14:25:05,045 - rf_experiment - INFO - Epoch 1 [50/154] loss=4.3588[epoch 1] lr=0.000300
2026-01-05 14:25:38,226 - rf_experiment - INFO - Epoch 1 [100/154] loss=1.9159[epoch 1] lr=0.000300
2026-01-05 14:26:11,349 - rf_experiment - INFO - Epoch 1 [150/154] loss=1.4099[epoch 1] lr=0.000300
2026-01-05 14:26:13,855 - rf_experiment - INFO - [epoch 1] train_loss=4.2592, train_acc=0.2235
2026-01-05 14:26:17,279 - rf_experiment - INFO - [epoch 1] val_loss=2.0625, val_acc=0.3192
2026-01-05 14:26:17,279 - rf_experiment - INFO - [epoch 2/40] training...
2026-01-05 14:26:50,183 - rf_experiment - INFO - Epoch 2 [50/154] loss=1.7163[epoch 2] lr=0.000300
2026-01-05 14:27:23,216 - rf_experiment - INFO - Epoch 2 [100/154] loss=1.5404[epoch 2] lr=0.000300
2026-01-05 14:27:56,496 - rf_experiment - INFO - Epoch 2 [150/154] loss=1.6343[epoch 2] lr=0.000300
2026-01-05 14:27:58,981 - rf_experiment - INFO - [epoch 2] train_loss=1.5823, train_acc=0.3654
2026-01-05 14:28:02,864 - rf_experiment - INFO - [epoch 2] val_loss=1.5996, val_acc=0.4251
2026-01-05 14:28:02,865 - rf_experiment - INFO - [epoch 3/40] training...
2026-01-05 14:28:35,800 - rf_experiment - INFO - Epoch 3 [50/154] loss=1.0117[epoch 3] lr=0.000300
2026-01-05 14:29:09,040 - rf_experiment - INFO - Epoch 3 [100/154] loss=1.2948[epoch 3] lr=0.000300
2026-01-05 14:29:42,281 - rf_experiment - INFO - Epoch 3 [150/154] loss=1.2559[epoch 3] lr=0.000300
2026-01-05 14:29:44,732 - rf_experiment - INFO - [epoch 3] train_loss=1.2725, train_acc=0.4553
2026-01-05 14:29:48,715 - rf_experiment - INFO - [epoch 3] val_loss=1.1435, val_acc=0.4788
2026-01-05 14:29:48,716 - rf_experiment - INFO - [epoch 4/40] training...
2026-01-05 14:30:21,787 - rf_experiment - INFO - Epoch 4 [50/154] loss=1.1458[epoch 4] lr=0.000300
2026-01-05 14:30:54,817 - rf_experiment - INFO - Epoch 4 [100/154] loss=1.6590[epoch 4] lr=0.000300
2026-01-05 14:31:28,021 - rf_experiment - INFO - Epoch 4 [150/154] loss=1.0701[epoch 4] lr=0.000300
2026-01-05 14:31:30,487 - rf_experiment - INFO - [epoch 4] train_loss=1.1945, train_acc=0.4940
2026-01-05 14:31:34,034 - rf_experiment - INFO - [epoch 4] val_loss=0.9967, val_acc=0.5912
2026-01-05 14:31:34,034 - rf_experiment - INFO - [epoch 5/40] training...
2026-01-05 14:32:07,268 - rf_experiment - INFO - Epoch 5 [50/154] loss=0.8035[epoch 5] lr=0.000300
2026-01-05 14:32:40,367 - rf_experiment - INFO - Epoch 5 [100/154] loss=1.2422[epoch 5] lr=0.000300
2026-01-05 14:33:13,437 - rf_experiment - INFO - Epoch 5 [150/154] loss=1.0453[epoch 5] lr=0.000300
2026-01-05 14:33:15,906 - rf_experiment - INFO - [epoch 5] train_loss=1.1099, train_acc=0.5225
2026-01-05 14:33:19,531 - rf_experiment - INFO - [epoch 5] val_loss=1.0239, val_acc=0.5627
2026-01-05 14:33:19,532 - rf_experiment - INFO - [epoch 6/40] training...
2026-01-05 14:33:52,508 - rf_experiment - INFO - Epoch 6 [50/154] loss=0.9067[epoch 6] lr=0.000300
2026-01-05 14:34:25,596 - rf_experiment - INFO - Epoch 6 [100/154] loss=1.2029[epoch 6] lr=0.000300
2026-01-05 14:34:58,652 - rf_experiment - INFO - Epoch 6 [150/154] loss=1.0935[epoch 6] lr=0.000300
2026-01-05 14:35:01,122 - rf_experiment - INFO - [epoch 6] train_loss=1.0356, train_acc=0.5539
2026-01-05 14:35:04,574 - rf_experiment - INFO - [epoch 6] val_loss=0.9170, val_acc=0.5790
2026-01-05 14:35:04,574 - rf_experiment - INFO - [epoch 7/40] training...
2026-01-05 14:35:37,564 - rf_experiment - INFO - Epoch 7 [50/154] loss=0.8552[epoch 7] lr=0.000300
2026-01-05 14:36:10,694 - rf_experiment - INFO - Epoch 7 [100/154] loss=1.1682[epoch 7] lr=0.000300
2026-01-05 14:36:44,013 - rf_experiment - INFO - Epoch 7 [150/154] loss=0.8279[epoch 7] lr=0.000300
2026-01-05 14:36:46,486 - rf_experiment - INFO - [epoch 7] train_loss=0.9537, train_acc=0.5787
2026-01-05 14:36:50,214 - rf_experiment - INFO - [epoch 7] val_loss=0.9949, val_acc=0.6067
2026-01-05 14:36:50,215 - rf_experiment - INFO - [epoch 8/40] training...
2026-01-05 14:37:23,385 - rf_experiment - INFO - Epoch 8 [50/154] loss=0.8088[epoch 8] lr=0.000300
2026-01-05 14:37:56,421 - rf_experiment - INFO - Epoch 8 [100/154] loss=0.6690[epoch 8] lr=0.000300
2026-01-05 14:38:29,498 - rf_experiment - INFO - Epoch 8 [150/154] loss=0.8896[epoch 8] lr=0.000300
2026-01-05 14:38:31,958 - rf_experiment - INFO - [epoch 8] train_loss=0.9320, train_acc=0.5955
2026-01-05 14:38:35,623 - rf_experiment - INFO - [epoch 8] val_loss=0.9214, val_acc=0.5261
2026-01-05 14:38:35,623 - rf_experiment - INFO - [epoch 9/40] training...
2026-01-05 14:39:08,714 - rf_experiment - INFO - Epoch 9 [50/154] loss=0.9128[epoch 9] lr=0.000300
2026-01-05 14:39:41,757 - rf_experiment - INFO - Epoch 9 [100/154] loss=0.9585[epoch 9] lr=0.000300
2026-01-05 14:40:14,859 - rf_experiment - INFO - Epoch 9 [150/154] loss=0.7397[epoch 9] lr=0.000300
2026-01-05 14:40:17,310 - rf_experiment - INFO - [epoch 9] train_loss=0.8783, train_acc=0.6061
2026-01-05 14:40:20,858 - rf_experiment - INFO - [epoch 9] val_loss=0.9568, val_acc=0.6026
2026-01-05 14:40:20,858 - rf_experiment - INFO - [epoch 10/40] training...
2026-01-05 14:40:53,904 - rf_experiment - INFO - Epoch 10 [50/154] loss=0.8979[epoch 10] lr=0.000300
2026-01-05 14:41:26,857 - rf_experiment - INFO - Epoch 10 [100/154] loss=0.8547[epoch 10] lr=0.000300
2026-01-05 14:41:59,889 - rf_experiment - INFO - Epoch 10 [150/154] loss=0.8704[epoch 10] lr=0.000300
2026-01-05 14:42:02,335 - rf_experiment - INFO - [epoch 10] train_loss=0.8498, train_acc=0.6180
2026-01-05 14:42:06,441 - rf_experiment - INFO - [epoch 10] val_loss=0.9719, val_acc=0.5334
2026-01-05 14:42:06,442 - rf_experiment - INFO - [epoch 11/40] training...
2026-01-05 14:42:39,500 - rf_experiment - INFO - Epoch 11 [50/154] loss=1.0665[epoch 11] lr=0.000300
2026-01-05 14:43:12,775 - rf_experiment - INFO - Epoch 11 [100/154] loss=0.6694[epoch 11] lr=0.000300
2026-01-05 14:43:45,991 - rf_experiment - INFO - Epoch 11 [150/154] loss=0.7990[epoch 11] lr=0.000300
2026-01-05 14:43:48,498 - rf_experiment - INFO - [epoch 11] train_loss=0.8268, train_acc=0.6239
2026-01-05 14:43:52,245 - rf_experiment - INFO - [epoch 11] val_loss=0.7815, val_acc=0.6580
2026-01-05 14:43:52,246 - rf_experiment - INFO - [epoch 12/40] training...
2026-01-05 14:44:25,434 - rf_experiment - INFO - Epoch 12 [50/154] loss=0.9963[epoch 12] lr=0.000300
2026-01-05 14:44:58,545 - rf_experiment - INFO - Epoch 12 [100/154] loss=0.7150[epoch 12] lr=0.000300
2026-01-05 14:45:31,677 - rf_experiment - INFO - Epoch 12 [150/154] loss=0.7481[epoch 12] lr=0.000300
2026-01-05 14:45:34,134 - rf_experiment - INFO - [epoch 12] train_loss=0.7807, train_acc=0.6433
2026-01-05 14:45:37,751 - rf_experiment - INFO - [epoch 12] val_loss=0.9588, val_acc=0.5594
2026-01-05 14:45:37,751 - rf_experiment - INFO - [epoch 13/40] training...
2026-01-05 14:46:10,917 - rf_experiment - INFO - Epoch 13 [50/154] loss=0.8759[epoch 13] lr=0.000300
2026-01-05 14:46:44,008 - rf_experiment - INFO - Epoch 13 [100/154] loss=0.8111[epoch 13] lr=0.000300
2026-01-05 14:47:17,090 - rf_experiment - INFO - Epoch 13 [150/154] loss=0.7131[epoch 13] lr=0.000300
2026-01-05 14:47:19,539 - rf_experiment - INFO - [epoch 13] train_loss=0.8057, train_acc=0.6326
2026-01-05 14:47:23,077 - rf_experiment - INFO - [epoch 13] val_loss=0.7472, val_acc=0.6376
2026-01-05 14:47:23,077 - rf_experiment - INFO - [epoch 14/40] training...
2026-01-05 14:47:56,109 - rf_experiment - INFO - Epoch 14 [50/154] loss=0.7793[epoch 14] lr=0.000300
2026-01-05 14:48:29,314 - rf_experiment - INFO - Epoch 14 [100/154] loss=0.7000[epoch 14] lr=0.000300
2026-01-05 14:49:02,486 - rf_experiment - INFO - Epoch 14 [150/154] loss=0.7087[epoch 14] lr=0.000300
2026-01-05 14:49:04,953 - rf_experiment - INFO - [epoch 14] train_loss=0.7633, train_acc=0.6462
2026-01-05 14:49:08,532 - rf_experiment - INFO - [epoch 14] val_loss=0.7511, val_acc=0.6572
2026-01-05 14:49:08,532 - rf_experiment - INFO - [epoch 15/40] training...
2026-01-05 14:49:41,551 - rf_experiment - INFO - Epoch 15 [50/154] loss=0.8568[epoch 15] lr=0.000300
2026-01-05 14:50:14,659 - rf_experiment - INFO - Epoch 15 [100/154] loss=0.7962[epoch 15] lr=0.000300
2026-01-05 14:50:47,797 - rf_experiment - INFO - Epoch 15 [150/154] loss=0.4459[epoch 15] lr=0.000300
2026-01-05 14:50:50,383 - rf_experiment - INFO - [epoch 15] train_loss=0.7784, train_acc=0.6459
2026-01-05 14:50:54,154 - rf_experiment - INFO - [epoch 15] val_loss=0.6659, val_acc=0.6889
2026-01-05 14:50:54,154 - rf_experiment - INFO - [epoch 16/40] training...
2026-01-05 14:51:27,353 - rf_experiment - INFO - Epoch 16 [50/154] loss=0.7771[epoch 16] lr=0.000300
2026-01-05 14:52:01,177 - rf_experiment - INFO - Epoch 16 [100/154] loss=0.8346[epoch 16] lr=0.000300
2026-01-05 14:52:34,484 - rf_experiment - INFO - Epoch 16 [150/154] loss=0.8032[epoch 16] lr=0.000300
2026-01-05 14:52:36,934 - rf_experiment - INFO - [epoch 16] train_loss=0.7511, train_acc=0.6555
2026-01-05 14:52:40,604 - rf_experiment - INFO - [epoch 16] val_loss=0.7882, val_acc=0.6946
2026-01-05 14:52:40,604 - rf_experiment - INFO - [epoch 17/40] training...
2026-01-05 14:53:13,666 - rf_experiment - INFO - Epoch 17 [50/154] loss=0.6284[epoch 17] lr=0.000300
2026-01-05 14:53:46,820 - rf_experiment - INFO - Epoch 17 [100/154] loss=1.0185[epoch 17] lr=0.000300
2026-01-05 14:54:19,564 - rf_experiment - INFO - Epoch 17 [150/154] loss=0.7378[epoch 17] lr=0.000300
2026-01-05 14:54:22,018 - rf_experiment - INFO - [epoch 17] train_loss=0.7476, train_acc=0.6533
2026-01-05 14:54:25,589 - rf_experiment - INFO - [epoch 17] val_loss=0.7124, val_acc=0.6474
2026-01-05 14:54:25,589 - rf_experiment - INFO - [epoch 18/40] training...
2026-01-05 14:54:58,558 - rf_experiment - INFO - Epoch 18 [50/154] loss=0.5899[epoch 18] lr=0.000300
2026-01-05 14:55:31,390 - rf_experiment - INFO - Epoch 18 [100/154] loss=0.7664[epoch 18] lr=0.000300
2026-01-05 14:56:04,443 - rf_experiment - INFO - Epoch 18 [150/154] loss=0.7188[epoch 18] lr=0.000300
2026-01-05 14:56:06,904 - rf_experiment - INFO - [epoch 18] train_loss=0.7200, train_acc=0.6558
2026-01-05 14:56:10,761 - rf_experiment - INFO - [epoch 18] val_loss=0.7126, val_acc=0.6621
2026-01-05 14:56:10,762 - rf_experiment - INFO - [epoch 19/40] training...
2026-01-05 14:56:43,983 - rf_experiment - INFO - Epoch 19 [50/154] loss=0.7261[epoch 19] lr=0.000300
2026-01-05 14:57:17,050 - rf_experiment - INFO - Epoch 19 [100/154] loss=0.5151[epoch 19] lr=0.000300
2026-01-05 14:57:50,367 - rf_experiment - INFO - Epoch 19 [150/154] loss=0.5967[epoch 19] lr=0.000300
2026-01-05 14:57:52,839 - rf_experiment - INFO - [epoch 19] train_loss=0.7076, train_acc=0.6619
2026-01-05 14:57:56,556 - rf_experiment - INFO - [epoch 19] val_loss=0.7070, val_acc=0.6450
2026-01-05 14:57:56,556 - rf_experiment - INFO - [epoch 20/40] training...
2026-01-05 14:58:29,400 - rf_experiment - INFO - Epoch 20 [50/154] loss=0.7852[epoch 20] lr=0.000300
2026-01-05 14:59:02,469 - rf_experiment - INFO - Epoch 20 [100/154] loss=0.8077[epoch 20] lr=0.000300
2026-01-05 14:59:35,410 - rf_experiment - INFO - Epoch 20 [150/154] loss=0.5956[epoch 20] lr=0.000300
2026-01-05 14:59:37,852 - rf_experiment - INFO - [epoch 20] train_loss=0.6887, train_acc=0.6688
2026-01-05 14:59:41,452 - rf_experiment - INFO - [epoch 20] val_loss=0.7841, val_acc=0.6824
2026-01-05 14:59:41,452 - rf_experiment - INFO - [epoch 21/40] training...
2026-01-05 15:00:14,435 - rf_experiment - INFO - Epoch 21 [50/154] loss=0.7688[epoch 21] lr=0.000300
2026-01-05 15:00:47,630 - rf_experiment - INFO - Epoch 21 [100/154] loss=0.6543[epoch 21] lr=0.000300
2026-01-05 15:01:20,937 - rf_experiment - INFO - Epoch 21 [150/154] loss=0.6085[epoch 21] lr=0.000300
2026-01-05 15:01:23,400 - rf_experiment - INFO - [epoch 21] train_loss=0.7045, train_acc=0.6702
2026-01-05 15:01:27,141 - rf_experiment - INFO - [epoch 21] val_loss=0.6040, val_acc=0.7191
2026-01-05 15:01:27,141 - rf_experiment - INFO - [epoch 22/40] training...
2026-01-05 15:02:00,168 - rf_experiment - INFO - Epoch 22 [50/154] loss=1.0373[epoch 22] lr=0.000300
2026-01-05 15:02:33,100 - rf_experiment - INFO - Epoch 22 [100/154] loss=0.6640[epoch 22] lr=0.000300
2026-01-05 15:03:06,269 - rf_experiment - INFO - Epoch 22 [150/154] loss=0.5869[epoch 22] lr=0.000300
2026-01-05 15:03:08,737 - rf_experiment - INFO - [epoch 22] train_loss=0.6832, train_acc=0.6734
2026-01-05 15:03:12,518 - rf_experiment - INFO - [epoch 22] val_loss=0.6392, val_acc=0.6930
2026-01-05 15:03:12,518 - rf_experiment - INFO - [epoch 23/40] training...
2026-01-05 15:03:45,472 - rf_experiment - INFO - Epoch 23 [50/154] loss=0.6171[epoch 23] lr=0.000300
2026-01-05 15:04:18,651 - rf_experiment - INFO - Epoch 23 [100/154] loss=0.7924[epoch 23] lr=0.000300
2026-01-05 15:04:52,013 - rf_experiment - INFO - Epoch 23 [150/154] loss=0.6629[epoch 23] lr=0.000300
2026-01-05 15:04:54,473 - rf_experiment - INFO - [epoch 23] train_loss=0.6741, train_acc=0.6758
2026-01-05 15:04:58,185 - rf_experiment - INFO - [epoch 23] val_loss=0.6929, val_acc=0.6482
2026-01-05 15:04:58,185 - rf_experiment - INFO - [epoch 24/40] training...
2026-01-05 15:05:32,223 - rf_experiment - INFO - Epoch 24 [50/154] loss=0.7435[epoch 24] lr=0.000300
2026-01-05 15:06:05,311 - rf_experiment - INFO - Epoch 24 [100/154] loss=0.7422[epoch 24] lr=0.000300
2026-01-05 15:06:38,309 - rf_experiment - INFO - Epoch 24 [150/154] loss=0.6467[epoch 24] lr=0.000300
2026-01-05 15:06:40,768 - rf_experiment - INFO - [epoch 24] train_loss=0.7049, train_acc=0.6697
2026-01-05 15:06:44,427 - rf_experiment - INFO - [epoch 24] val_loss=0.6155, val_acc=0.6759
2026-01-05 15:06:44,427 - rf_experiment - INFO - [epoch 25/40] training...
2026-01-05 15:07:17,374 - rf_experiment - INFO - Epoch 25 [50/154] loss=0.6749[epoch 25] lr=0.000300
2026-01-05 15:07:50,500 - rf_experiment - INFO - Epoch 25 [100/154] loss=0.5322[epoch 25] lr=0.000300
2026-01-05 15:08:23,820 - rf_experiment - INFO - Epoch 25 [150/154] loss=0.5998[epoch 25] lr=0.000300
2026-01-05 15:08:26,379 - rf_experiment - INFO - [epoch 25] train_loss=0.6569, train_acc=0.6859
2026-01-05 15:08:30,087 - rf_experiment - INFO - [epoch 25] val_loss=0.6288, val_acc=0.6946
2026-01-05 15:08:30,087 - rf_experiment - INFO - [epoch 26/40] training...
2026-01-05 15:09:03,275 - rf_experiment - INFO - Epoch 26 [50/154] loss=0.5877[epoch 26] lr=0.000300
2026-01-05 15:09:36,562 - rf_experiment - INFO - Epoch 26 [100/154] loss=0.8233[epoch 26] lr=0.000300
2026-01-05 15:10:09,844 - rf_experiment - INFO - Epoch 26 [150/154] loss=0.6155[epoch 26] lr=0.000300
2026-01-05 15:10:12,333 - rf_experiment - INFO - [epoch 26] train_loss=0.6869, train_acc=0.6675
2026-01-05 15:10:15,861 - rf_experiment - INFO - [epoch 26] val_loss=0.5841, val_acc=0.7288
2026-01-05 15:10:15,861 - rf_experiment - INFO - [epoch 27/40] training...
2026-01-05 15:10:49,037 - rf_experiment - INFO - Epoch 27 [50/154] loss=0.7045[epoch 27] lr=0.000300
2026-01-05 15:11:22,405 - rf_experiment - INFO - Epoch 27 [100/154] loss=0.6395[epoch 27] lr=0.000300
2026-01-05 15:11:55,737 - rf_experiment - INFO - Epoch 27 [150/154] loss=0.6575[epoch 27] lr=0.000300
2026-01-05 15:11:58,256 - rf_experiment - INFO - [epoch 27] train_loss=0.6474, train_acc=0.6836
2026-01-05 15:12:02,005 - rf_experiment - INFO - [epoch 27] val_loss=0.6159, val_acc=0.6783
2026-01-05 15:12:02,005 - rf_experiment - INFO - [epoch 28/40] training...
2026-01-05 15:12:35,201 - rf_experiment - INFO - Epoch 28 [50/154] loss=0.6477[epoch 28] lr=0.000300
2026-01-05 15:13:08,546 - rf_experiment - INFO - Epoch 28 [100/154] loss=0.5925[epoch 28] lr=0.000300
2026-01-05 15:13:42,125 - rf_experiment - INFO - Epoch 28 [150/154] loss=0.6473[epoch 28] lr=0.000300
2026-01-05 15:13:44,628 - rf_experiment - INFO - [epoch 28] train_loss=0.6449, train_acc=0.6894
2026-01-05 15:13:48,423 - rf_experiment - INFO - [epoch 28] val_loss=0.5868, val_acc=0.7085
2026-01-05 15:13:48,424 - rf_experiment - INFO - [epoch 29/40] training...
2026-01-05 15:14:21,749 - rf_experiment - INFO - Epoch 29 [50/154] loss=0.6890[epoch 29] lr=0.000300
2026-01-05 15:14:54,981 - rf_experiment - INFO - Epoch 29 [100/154] loss=0.6207[epoch 29] lr=0.000300
2026-01-05 15:15:27,913 - rf_experiment - INFO - Epoch 29 [150/154] loss=0.6258[epoch 29] lr=0.000300
2026-01-05 15:15:30,328 - rf_experiment - INFO - [epoch 29] train_loss=0.6389, train_acc=0.6952
2026-01-05 15:15:33,851 - rf_experiment - INFO - [epoch 29] val_loss=0.6454, val_acc=0.6775
2026-01-05 15:15:33,851 - rf_experiment - INFO - [epoch 30/40] training...
2026-01-05 15:16:07,115 - rf_experiment - INFO - Epoch 30 [50/154] loss=0.6458[epoch 30] lr=0.000300
2026-01-05 15:16:40,381 - rf_experiment - INFO - Epoch 30 [100/154] loss=0.5555[epoch 30] lr=0.000300
2026-01-05 15:17:13,511 - rf_experiment - INFO - Epoch 30 [150/154] loss=0.5662[epoch 30] lr=0.000300
2026-01-05 15:17:15,963 - rf_experiment - INFO - [epoch 30] train_loss=0.6394, train_acc=0.6875
2026-01-05 15:17:19,549 - rf_experiment - INFO - [epoch 30] val_loss=0.6224, val_acc=0.6946
2026-01-05 15:17:19,549 - rf_experiment - INFO - [epoch 31/40] training...
2026-01-05 15:17:52,838 - rf_experiment - INFO - Epoch 31 [50/154] loss=0.5533[epoch 31] lr=0.000300
2026-01-05 15:18:26,180 - rf_experiment - INFO - Epoch 31 [100/154] loss=0.5979[epoch 31] lr=0.000300
2026-01-05 15:18:59,340 - rf_experiment - INFO - Epoch 31 [150/154] loss=0.5524[epoch 31] lr=0.000300
2026-01-05 15:19:01,809 - rf_experiment - INFO - [epoch 31] train_loss=0.6422, train_acc=0.6823
2026-01-05 15:19:05,527 - rf_experiment - INFO - [epoch 31] val_loss=0.6051, val_acc=0.7134
2026-01-05 15:19:05,527 - rf_experiment - INFO - [epoch 32/40] training...
2026-01-05 15:19:38,722 - rf_experiment - INFO - Epoch 32 [50/154] loss=0.6962[epoch 32] lr=0.000300
2026-01-05 15:20:11,759 - rf_experiment - INFO - Epoch 32 [100/154] loss=0.5502[epoch 32] lr=0.000300
2026-01-05 15:20:44,810 - rf_experiment - INFO - Epoch 32 [150/154] loss=0.6886[epoch 32] lr=0.000300
2026-01-05 15:20:47,281 - rf_experiment - INFO - [epoch 32] train_loss=0.6331, train_acc=0.6875
2026-01-05 15:20:51,041 - rf_experiment - INFO - [epoch 32] val_loss=0.6455, val_acc=0.6751
2026-01-05 15:20:51,041 - rf_experiment - INFO - [epoch 33/40] training...
2026-01-05 15:21:24,106 - rf_experiment - INFO - Epoch 33 [50/154] loss=0.5798[epoch 33] lr=0.000300
2026-01-05 15:21:57,080 - rf_experiment - INFO - Epoch 33 [100/154] loss=0.5366[epoch 33] lr=0.000300
2026-01-05 15:22:30,187 - rf_experiment - INFO - Epoch 33 [150/154] loss=0.6200[epoch 33] lr=0.000300
2026-01-05 15:22:32,652 - rf_experiment - INFO - [epoch 33] train_loss=0.6257, train_acc=0.6918
2026-01-05 15:22:36,264 - rf_experiment - INFO - [epoch 33] val_loss=0.5968, val_acc=0.6816
2026-01-05 15:22:36,264 - rf_experiment - INFO - [epoch 34/40] training...
2026-01-05 15:23:09,193 - rf_experiment - INFO - Epoch 34 [50/154] loss=0.6195[epoch 34] lr=0.000300
2026-01-05 15:23:42,336 - rf_experiment - INFO - Epoch 34 [100/154] loss=0.5592[epoch 34] lr=0.000300
2026-01-05 15:24:15,645 - rf_experiment - INFO - Epoch 34 [150/154] loss=0.5910[epoch 34] lr=0.000300
2026-01-05 15:24:18,096 - rf_experiment - INFO - [epoch 34] train_loss=0.6091, train_acc=0.6998
2026-01-05 15:24:21,650 - rf_experiment - INFO - [epoch 34] val_loss=0.6904, val_acc=0.6726
2026-01-05 15:24:21,650 - rf_experiment - INFO - [epoch 35/40] training...
2026-01-05 15:24:54,634 - rf_experiment - INFO - Epoch 35 [50/154] loss=0.5618[epoch 35] lr=0.000300
2026-01-05 15:25:27,629 - rf_experiment - INFO - Epoch 35 [100/154] loss=0.4756[epoch 35] lr=0.000300
2026-01-05 15:26:00,688 - rf_experiment - INFO - Epoch 35 [150/154] loss=0.6766[epoch 35] lr=0.000300
2026-01-05 15:26:03,159 - rf_experiment - INFO - [epoch 35] train_loss=0.6162, train_acc=0.6919
2026-01-05 15:26:06,784 - rf_experiment - INFO - [epoch 35] val_loss=0.6535, val_acc=0.7109
2026-01-05 15:26:06,785 - rf_experiment - INFO - [epoch 36/40] training...
2026-01-05 15:26:39,719 - rf_experiment - INFO - Epoch 36 [50/154] loss=0.5135[epoch 36] lr=0.000300
2026-01-05 15:27:12,727 - rf_experiment - INFO - Epoch 36 [100/154] loss=0.4609[epoch 36] lr=0.000300
2026-01-05 15:27:45,639 - rf_experiment - INFO - Epoch 36 [150/154] loss=0.5989[epoch 36] lr=0.000300
2026-01-05 15:27:48,134 - rf_experiment - INFO - [epoch 36] train_loss=0.6162, train_acc=0.6972
2026-01-05 15:27:51,808 - rf_experiment - INFO - [epoch 36] val_loss=0.5797, val_acc=0.7256
2026-01-05 15:27:51,808 - rf_experiment - INFO - [epoch 37/40] training...
2026-01-05 15:28:24,739 - rf_experiment - INFO - Epoch 37 [50/154] loss=0.4458[epoch 37] lr=0.000300
2026-01-05 15:28:57,990 - rf_experiment - INFO - Epoch 37 [100/154] loss=0.5488[epoch 37] lr=0.000300
2026-01-05 15:29:31,236 - rf_experiment - INFO - Epoch 37 [150/154] loss=0.6971[epoch 37] lr=0.000300
2026-01-05 15:29:33,706 - rf_experiment - INFO - [epoch 37] train_loss=0.6098, train_acc=0.7035
2026-01-05 15:29:37,417 - rf_experiment - INFO - [epoch 37] val_loss=0.5897, val_acc=0.6930
2026-01-05 15:29:37,417 - rf_experiment - INFO - [epoch 38/40] training...
2026-01-05 15:30:10,612 - rf_experiment - INFO - Epoch 38 [50/154] loss=0.5288[epoch 38] lr=0.000300
2026-01-05 15:30:43,764 - rf_experiment - INFO - Epoch 38 [100/154] loss=0.4151[epoch 38] lr=0.000300
2026-01-05 15:31:16,868 - rf_experiment - INFO - Epoch 38 [150/154] loss=0.4387[epoch 38] lr=0.000300
2026-01-05 15:31:19,263 - rf_experiment - INFO - [epoch 38] train_loss=0.6053, train_acc=0.6986
2026-01-05 15:31:22,895 - rf_experiment - INFO - [epoch 38] val_loss=0.5732, val_acc=0.7272
2026-01-05 15:31:22,895 - rf_experiment - INFO - [epoch 39/40] training...
2026-01-05 15:31:55,818 - rf_experiment - INFO - Epoch 39 [50/154] loss=0.6138[epoch 39] lr=0.000300
2026-01-05 15:32:28,977 - rf_experiment - INFO - Epoch 39 [100/154] loss=0.6176[epoch 39] lr=0.000300
2026-01-05 15:33:02,228 - rf_experiment - INFO - Epoch 39 [150/154] loss=0.6578[epoch 39] lr=0.000300
2026-01-05 15:33:04,707 - rf_experiment - INFO - [epoch 39] train_loss=0.6016, train_acc=0.7050
2026-01-05 15:33:08,149 - rf_experiment - INFO - [epoch 39] val_loss=0.7117, val_acc=0.6751
2026-01-05 15:33:08,149 - rf_experiment - INFO - [epoch 40/40] training...
2026-01-05 15:33:40,969 - rf_experiment - INFO - Epoch 40 [50/154] loss=0.5584[epoch 40] lr=0.000300
2026-01-05 15:34:14,145 - rf_experiment - INFO - Epoch 40 [100/154] loss=0.5262[epoch 40] lr=0.000300
2026-01-05 15:34:47,193 - rf_experiment - INFO - Epoch 40 [150/154] loss=0.6470[epoch 40] lr=0.000300
2026-01-05 15:34:49,617 - rf_experiment - INFO - [epoch 40] train_loss=0.5973, train_acc=0.7096
2026-01-05 15:34:53,230 - rf_experiment - INFO - [epoch 40] val_loss=0.6080, val_acc=0.6629
2026-01-05 15:34:53,230 - rf_experiment - INFO - Evaluating on test set with best-val checkpoint...
2026-01-05 15:34:56,778 - rf_experiment - INFO - Saved metrics to results/project_runs_2_1_conv2d_iqgrid_bptt_20260105_142430/metrics.json
2026-01-05 15:34:56,778 - rf_experiment - INFO - Finished experiment: project_runs_2_1_conv2d_iqgrid_bptt
2026-01-05 15:34:56,778 - rf_experiment - INFO - Best val metrics: {'loss': 0.5841432242906055, 'acc': 0.7288273615635179, 'per_snr_acc': {0: 0.5071942446043165, 30: 0.8496932515337423, 10: 0.7675840978593272, 20: 0.7609427609427609}, 'epoch': 26}
2026-01-05 15:34:56,778 - rf_experiment - INFO - Test metrics: {'loss': 0.628628286210502, 'acc': 0.7105691056910569, 'per_snr_acc': {0: 0.46546546546546547, 30: 0.7973421926910299, 10: 0.7653429602888087, 20: 0.8369905956112853}}
2026-01-05 15:34:56,779 - rf_experiment - INFO - Finished experiment: project_runs_2_1_conv2d_iqgrid_bptt
2026-01-05 15:34:56,779 - rf_experiment - INFO - Best val metrics: {'loss': 0.5841432242906055, 'acc': 0.7288273615635179, 'per_snr_acc': {0: 0.5071942446043165, 30: 0.8496932515337423, 10: 0.7675840978593272, 20: 0.7609427609427609}, 'epoch': 26}
2026-01-05 15:34:56,779 - rf_experiment - INFO - Test metrics: {'loss': 0.628628286210502, 'acc': 0.7105691056910569, 'per_snr_acc': {0: 0.46546546546546547, 30: 0.7973421926910299, 10: 0.7653429602888087, 20: 0.8369905956112853}}
