2025-12-02 13:21:49,517 - rf_experiment - INFO - Starting experiment: radioml2018_iqgrid_conv2d_dcll_small
2025-12-02 13:21:49,517 - rf_experiment - INFO - Run name: radioml2018_iqgrid_conv2d_dcll_small_20251202_132149
2025-12-02 13:21:49,517 - rf_experiment - INFO - Config file: configs/radioml2018_iqgrid_conv2d_dcll_small_2_tf_events.yaml
2025-12-02 13:21:49,517 - rf_experiment - INFO - Saved resolved config to: results/radioml2018_iqgrid_conv2d_dcll_small_20251202_132149/config.yaml
2025-12-02 13:21:49,517 - rf_experiment - INFO - Run directory: results/radioml2018_iqgrid_conv2d_dcll_small_20251202_132149
2025-12-02 13:21:49,517 - rf_experiment - INFO - Using device: cpu
2025-12-02 13:21:49,517 - rf_experiment - INFO - Torch version: 2.9.0
2025-12-02 13:21:49,517 - rf_experiment - INFO - Dataset config: {'path': 'data/GOLD_XYZ_OSC.0001_1024.hdf5', 'name': 'radioml2018_structured', 'frames_per_combo': 128, 'mods_to_use': [3, 4], 'snrs_to_use': [0, 10], 'train_frac': 0.8, 'val_frac': 0.1, 'test_frac': 0.1, 'shuffle': True, 'num_workers': 0}
2025-12-02 13:21:49,517 - rf_experiment - INFO - Encoding config: {'type': 'tf_events', 'params': {'grid_size': 8, 'subsample': 4}}
2025-12-02 13:21:49,517 - rf_experiment - INFO - Total logical dataset size: 512 samples
2025-12-02 13:21:49,517 - rf_experiment - INFO - Splits: train=409, val=51, test=52
2025-12-02 13:21:49,518 - rf_experiment - INFO - Dataloader: batch_size=16, num_workers=0
2025-12-02 13:21:49,518 - rf_experiment - INFO - Building model: {'type': 'conv2d_snn', 'params': {'input_channels': 1, 'conv_channels': [32, 64], 'kernel_sizes': [3, 3], 'grid_size': 16, 'lif_beta': 0.9, 'num_classes': 24, 'dropout': 0.1, 'pool': True}}
2025-12-02 13:21:49,519 - rf_experiment - INFO - Building trainer: {'trainer': 'dcll', 'loss': 'cross_entropy', 'optimizer': 'adam', 'lr': 0.001, 'batch_size': 16, 'epochs': 3, 'max_time_steps': 256, 'grad_clip': 1.0, 'device': 'cpu'}
2025-12-02 13:21:50,001 - rf_experiment - INFO - Starting training loop...
2025-12-02 13:21:50,001 - rf_experiment - INFO - [epoch 1/3] training...
2025-12-02 13:21:50,605 - rf_experiment - INFO - [epoch 1] train_loss=1.1470, train_acc=0.5086
2025-12-02 13:21:50,638 - rf_experiment - INFO - [epoch 1] val_loss=0.7261, val_acc=0.4314
2025-12-02 13:21:50,638 - rf_experiment - INFO - [epoch 2/3] training...
2025-12-02 13:21:51,225 - rf_experiment - INFO - [epoch 2] train_loss=0.6980, train_acc=0.5257
2025-12-02 13:21:51,257 - rf_experiment - INFO - [epoch 2] val_loss=0.7412, val_acc=0.4118
2025-12-02 13:21:51,257 - rf_experiment - INFO - [epoch 3/3] training...
2025-12-02 13:21:51,842 - rf_experiment - INFO - [epoch 3] train_loss=0.7352, train_acc=0.5037
2025-12-02 13:21:51,875 - rf_experiment - INFO - [epoch 3] val_loss=0.7024, val_acc=0.4902
2025-12-02 13:21:51,875 - rf_experiment - INFO - Evaluating on test set...
2025-12-02 13:21:51,906 - rf_experiment - INFO - Saved metrics to results/radioml2018_iqgrid_conv2d_dcll_small_20251202_132149/metrics.json
2025-12-02 13:21:51,907 - rf_experiment - INFO - Finished experiment: radioml2018_iqgrid_conv2d_dcll_small
2025-12-02 13:21:51,907 - rf_experiment - INFO - Best val metrics: {'loss': 0.702429426651375, 'acc': 0.49019607843137253, 'per_snr_acc': {0: 0.4230769230769231, 10: 0.56}}
2025-12-02 13:21:51,907 - rf_experiment - INFO - Test metrics: {'loss': 0.7020637209598835, 'acc': 0.46153846153846156, 'per_snr_acc': {0: 0.4166666666666667, 10: 0.5625}}
