2025-12-04 16:38:13,155 - rf_experiment - INFO - Starting experiment: radioml2018_iqgrid_hrm_bptt_small_1
2025-12-04 16:38:13,156 - rf_experiment - INFO - Run name: radioml2018_iqgrid_hrm_bptt_small_1_20251204_163813
2025-12-04 16:38:13,156 - rf_experiment - INFO - Config file: configs/radioml2018_iqgrid_hrm_bptt_small_1.yaml
2025-12-04 16:38:13,156 - rf_experiment - INFO - Saved resolved config to: results/radioml2018_iqgrid_hrm_bptt_small_1_20251204_163813/config.yaml
2025-12-04 16:38:13,156 - rf_experiment - INFO - Run directory: results/radioml2018_iqgrid_hrm_bptt_small_1_20251204_163813
2025-12-04 16:38:13,156 - rf_experiment - INFO - Using device: cpu
2025-12-04 16:38:13,156 - rf_experiment - INFO - Torch version: 2.9.0
2025-12-04 16:38:13,156 - rf_experiment - INFO - Dataset config: {'path': 'data/GOLD_XYZ_OSC.0001_1024.hdf5', 'name': 'radioml2018_structured', 'frames_per_combo': 1024, 'mods_to_use': [3, 4], 'snrs_to_use': [0, 10], 'train_frac': 0.8, 'val_frac': 0.1, 'test_frac': 0.1, 'shuffle': True, 'num_workers': 0}
2025-12-04 16:38:13,156 - rf_experiment - INFO - Encoding config: {'type': 'iq_grid', 'params': {'grid_size': 16, 'subsample': 4}}
2025-12-04 16:38:13,156 - rf_experiment - INFO - Total logical dataset size: 4096 samples
2025-12-04 16:38:13,156 - rf_experiment - INFO - Num classes (from dataset): 2
2025-12-04 16:38:13,156 - rf_experiment - INFO - Splits: train=3276, val=409, test=411
2025-12-04 16:38:13,156 - rf_experiment - INFO - Dataloader: batch_size=32, num_workers=0
2025-12-04 16:38:13,156 - rf_experiment - INFO - Building model: {'type': 'hrm_rf', 'params': {'input_channels': 1, 'grid_size': 16, 'low_dim': 64, 'high_dim': 64, 'num_cycles': 2, 'dropout': 0.1, 'agg': 'mean', 'num_classes': 2}}
2025-12-04 16:38:13,156 - rf_experiment - INFO - Building model with num_classes=2
2025-12-04 16:38:13,157 - rf_experiment - INFO - Building trainer: {'trainer': 'bptt', 'loss': 'cross_entropy', 'optimizer': 'adam', 'lr': 0.001, 'batch_size': 32, 'epochs': 20, 'max_time_steps': 256, 'grad_clip': 1.0, 'device': 'cpu'}
2025-12-04 16:38:13,571 - rf_experiment - INFO - Starting training loop...
2025-12-04 16:38:13,571 - rf_experiment - INFO - [epoch 1/20] training...
2025-12-04 16:38:20,104 - rf_experiment - INFO - [epoch 1] train_loss=0.6919, train_acc=0.5205
2025-12-04 16:38:20,409 - rf_experiment - INFO - [epoch 1] val_loss=0.6855, val_acc=0.6064
2025-12-04 16:38:20,409 - rf_experiment - INFO - [epoch 2/20] training...
2025-12-04 16:38:26,760 - rf_experiment - INFO - [epoch 2] train_loss=0.5837, train_acc=0.6737
2025-12-04 16:38:27,054 - rf_experiment - INFO - [epoch 2] val_loss=0.4618, val_acc=0.7579
2025-12-04 16:38:27,054 - rf_experiment - INFO - [epoch 3/20] training...
2025-12-04 16:38:33,380 - rf_experiment - INFO - [epoch 3] train_loss=0.4687, train_acc=0.7650
2025-12-04 16:38:33,680 - rf_experiment - INFO - [epoch 3] val_loss=0.4490, val_acc=0.7824
2025-12-04 16:38:33,680 - rf_experiment - INFO - [epoch 4/20] training...
2025-12-04 16:38:40,028 - rf_experiment - INFO - [epoch 4] train_loss=0.4165, train_acc=0.7863
2025-12-04 16:38:40,328 - rf_experiment - INFO - [epoch 4] val_loss=0.4120, val_acc=0.7824
2025-12-04 16:38:40,328 - rf_experiment - INFO - [epoch 5/20] training...
2025-12-04 16:38:46,762 - rf_experiment - INFO - [epoch 5] train_loss=0.3945, train_acc=0.8043
2025-12-04 16:38:47,058 - rf_experiment - INFO - [epoch 5] val_loss=0.4184, val_acc=0.7751
2025-12-04 16:38:47,058 - rf_experiment - INFO - [epoch 6/20] training...
2025-12-04 16:38:53,614 - rf_experiment - INFO - [epoch 6] train_loss=0.3756, train_acc=0.8132
2025-12-04 16:38:53,902 - rf_experiment - INFO - [epoch 6] val_loss=0.4070, val_acc=0.7897
2025-12-04 16:38:53,902 - rf_experiment - INFO - [epoch 7/20] training...
2025-12-04 16:39:00,169 - rf_experiment - INFO - [epoch 7] train_loss=0.3608, train_acc=0.8202
2025-12-04 16:39:00,467 - rf_experiment - INFO - [epoch 7] val_loss=0.4855, val_acc=0.7971
2025-12-04 16:39:00,467 - rf_experiment - INFO - [epoch 8/20] training...
2025-12-04 16:39:06,686 - rf_experiment - INFO - [epoch 8] train_loss=0.3607, train_acc=0.8245
2025-12-04 16:39:06,969 - rf_experiment - INFO - [epoch 8] val_loss=0.4329, val_acc=0.7873
2025-12-04 16:39:06,969 - rf_experiment - INFO - [epoch 9/20] training...
2025-12-04 16:39:13,294 - rf_experiment - INFO - [epoch 9] train_loss=0.3362, train_acc=0.8370
2025-12-04 16:39:13,589 - rf_experiment - INFO - [epoch 9] val_loss=0.4252, val_acc=0.7848
2025-12-04 16:39:13,589 - rf_experiment - INFO - [epoch 10/20] training...
2025-12-04 16:39:19,875 - rf_experiment - INFO - [epoch 10] train_loss=0.3202, train_acc=0.8434
2025-12-04 16:39:20,174 - rf_experiment - INFO - [epoch 10] val_loss=0.4200, val_acc=0.7775
2025-12-04 16:39:20,174 - rf_experiment - INFO - [epoch 11/20] training...
2025-12-04 16:39:26,422 - rf_experiment - INFO - [epoch 11] train_loss=0.2992, train_acc=0.8675
2025-12-04 16:39:26,710 - rf_experiment - INFO - [epoch 11] val_loss=0.4676, val_acc=0.7824
2025-12-04 16:39:26,710 - rf_experiment - INFO - [epoch 12/20] training...
2025-12-04 16:39:33,276 - rf_experiment - INFO - [epoch 12] train_loss=0.2807, train_acc=0.8745
2025-12-04 16:39:33,616 - rf_experiment - INFO - [epoch 12] val_loss=0.4581, val_acc=0.7702
2025-12-04 16:39:33,616 - rf_experiment - INFO - [epoch 13/20] training...
2025-12-04 16:39:40,152 - rf_experiment - INFO - [epoch 13] train_loss=0.2638, train_acc=0.8849
2025-12-04 16:39:40,440 - rf_experiment - INFO - [epoch 13] val_loss=0.4717, val_acc=0.7800
2025-12-04 16:39:40,440 - rf_experiment - INFO - [epoch 14/20] training...
2025-12-04 16:39:47,083 - rf_experiment - INFO - [epoch 14] train_loss=0.2501, train_acc=0.8919
2025-12-04 16:39:47,393 - rf_experiment - INFO - [epoch 14] val_loss=0.5571, val_acc=0.7506
2025-12-04 16:39:47,393 - rf_experiment - INFO - [epoch 15/20] training...
2025-12-04 16:39:54,082 - rf_experiment - INFO - [epoch 15] train_loss=0.2388, train_acc=0.9011
2025-12-04 16:39:54,381 - rf_experiment - INFO - [epoch 15] val_loss=0.5323, val_acc=0.7677
2025-12-04 16:39:54,381 - rf_experiment - INFO - [epoch 16/20] training...
2025-12-04 16:40:00,841 - rf_experiment - INFO - [epoch 16] train_loss=0.2252, train_acc=0.9072
2025-12-04 16:40:01,130 - rf_experiment - INFO - [epoch 16] val_loss=0.6089, val_acc=0.7751
2025-12-04 16:40:01,130 - rf_experiment - INFO - [epoch 17/20] training...
2025-12-04 16:40:07,423 - rf_experiment - INFO - [epoch 17] train_loss=0.2115, train_acc=0.9100
2025-12-04 16:40:07,717 - rf_experiment - INFO - [epoch 17] val_loss=0.5775, val_acc=0.7848
2025-12-04 16:40:07,717 - rf_experiment - INFO - [epoch 18/20] training...
2025-12-04 16:40:14,045 - rf_experiment - INFO - [epoch 18] train_loss=0.1913, train_acc=0.9231
2025-12-04 16:40:14,335 - rf_experiment - INFO - [epoch 18] val_loss=0.5864, val_acc=0.7800
2025-12-04 16:40:14,335 - rf_experiment - INFO - [epoch 19/20] training...
2025-12-04 16:40:20,696 - rf_experiment - INFO - [epoch 19] train_loss=0.1743, train_acc=0.9240
2025-12-04 16:40:20,986 - rf_experiment - INFO - [epoch 19] val_loss=0.5865, val_acc=0.7726
2025-12-04 16:40:20,986 - rf_experiment - INFO - [epoch 20/20] training...
2025-12-04 16:40:27,435 - rf_experiment - INFO - [epoch 20] train_loss=0.1552, train_acc=0.9371
2025-12-04 16:40:27,734 - rf_experiment - INFO - [epoch 20] val_loss=0.6264, val_acc=0.7897
2025-12-04 16:40:27,734 - rf_experiment - INFO - Evaluating on test set...
2025-12-04 16:40:28,023 - rf_experiment - INFO - Saved metrics to results/radioml2018_iqgrid_hrm_bptt_small_1_20251204_163813/metrics.json
2025-12-04 16:40:28,023 - rf_experiment - INFO - Finished experiment: radioml2018_iqgrid_hrm_bptt_small_1
2025-12-04 16:40:28,024 - rf_experiment - INFO - Best val metrics: {'loss': 0.4855316890481049, 'acc': 0.7970660146699267, 'per_snr_acc': {10: 1.0, 0: 0.5951219512195122}}
2025-12-04 16:40:28,024 - rf_experiment - INFO - Test metrics: {'loss': 0.5162252515481917, 'acc': 0.805352798053528, 'per_snr_acc': {10: 0.995260663507109, 0: 0.605}}
